=== RUN   TestGetAccountId
--- PASS: TestGetAccountId (0.83s)
=== RUN   TestExtractAccountIdFromValidArn
=== PAUSE TestExtractAccountIdFromValidArn
=== RUN   TestExtractAccountIdFromInvalidArn
=== PAUSE TestExtractAccountIdFromInvalidArn
=== RUN   TestGetUbuntu1404AmiReturnsSomeAmi
=== PAUSE TestGetUbuntu1404AmiReturnsSomeAmi
=== RUN   TestGetUbuntu1604AmiReturnsSomeAmi
=== PAUSE TestGetUbuntu1604AmiReturnsSomeAmi
=== RUN   TestGetCentos7AmiReturnsSomeAmi
=== PAUSE TestGetCentos7AmiReturnsSomeAmi
=== RUN   TestGetAmazonLinuxAmiReturnsSomeAmi
=== PAUSE TestGetAmazonLinuxAmiReturnsSomeAmi
=== RUN   TestGetEcsOptimizedAmazonLinuxAmiEReturnsSomeAmi
=== PAUSE TestGetEcsOptimizedAmazonLinuxAmiEReturnsSomeAmi
=== RUN   TestGetIamCurrentUserName
=== PAUSE TestGetIamCurrentUserName
=== RUN   TestGetIamCurrentUserArn
=== PAUSE TestGetIamCurrentUserArn
=== RUN   TestCreateImportAndDeleteEC2KeyPair
=== PAUSE TestCreateImportAndDeleteEC2KeyPair
=== RUN   TestGetRandomRegion
=== PAUSE TestGetRandomRegion
=== RUN   TestGetRandomRegionExcludesForbiddenRegions
=== PAUSE TestGetRandomRegionExcludesForbiddenRegions
=== RUN   TestGetAllAwsRegions
=== PAUSE TestGetAllAwsRegions
=== RUN   TestGetAvailabilityZones
=== PAUSE TestGetAvailabilityZones
=== RUN   TestCreateAndDestroyS3Bucket
=== PAUSE TestCreateAndDestroyS3Bucket
=== RUN   TestAssertS3BucketExistsNoFalseNegative
=== PAUSE TestAssertS3BucketExistsNoFalseNegative
=== RUN   TestAssertS3BucketExistsNoFalsePositive
=== PAUSE TestAssertS3BucketExistsNoFalsePositive
=== RUN   TestCreateAndDeleteSnsTopic
=== PAUSE TestCreateAndDeleteSnsTopic
=== RUN   TestSqsQueueMethods
=== PAUSE TestSqsQueueMethods
=== RUN   TestGetDefaultVpc
=== PAUSE TestGetDefaultVpc
=== RUN   TestGetFirstTwoOctets
=== PAUSE TestGetFirstTwoOctets
=== CONT  TestExtractAccountIdFromValidArn
=== CONT  TestGetRandomRegionExcludesForbiddenRegions
=== CONT  TestGetIamCurrentUserArn
=== CONT  TestCreateImportAndDeleteEC2KeyPair
--- PASS: TestExtractAccountIdFromValidArn (0.00s)
=== CONT  TestGetRandomRegion
=== CONT  TestGetAmazonLinuxAmiReturnsSomeAmi
TestGetRandomRegionExcludesForbiddenRegions 2018-06-02T14:26:47+02:00 region.go:57: Using region eu-west-2
TestCreateImportAndDeleteEC2KeyPair 2018-06-02T14:26:47+02:00 region.go:72: Looking up all AWS regions available in this account
TestGetRandomRegionExcludesForbiddenRegions 2018-06-02T14:26:47+02:00 region.go:57: Using region eu-west-2
TestGetRandomRegionExcludesForbiddenRegions 2018-06-02T14:26:47+02:00 region.go:57: Using region us-west-1
=== CONT  TestGetUbuntu1404AmiReturnsSomeAmi
TestGetRandomRegion 2018-06-02T14:26:47+02:00 region.go:72: Looking up all AWS regions available in this account
TestGetRandomRegionExcludesForbiddenRegions 2018-06-02T14:26:47+02:00 region.go:57: Using region us-east-1
TestGetRandomRegionExcludesForbiddenRegions 2018-06-02T14:26:47+02:00 region.go:57: Using region eu-west-2
=== CONT  TestGetCentos7AmiReturnsSomeAmi
TestGetRandomRegionExcludesForbiddenRegions 2018-06-02T14:26:47+02:00 region.go:57: Using region ap-south-1
TestGetRandomRegionExcludesForbiddenRegions 2018-06-02T14:26:47+02:00 region.go:57: Using region ap-northeast-1
TestGetRandomRegionExcludesForbiddenRegions 2018-06-02T14:26:47+02:00 region.go:57: Using region eu-central-1
TestGetRandomRegionExcludesForbiddenRegions 2018-06-02T14:26:47+02:00 region.go:57: Using region ap-northeast-1
=== CONT  TestGetEcsOptimizedAmazonLinuxAmiEReturnsSomeAmi
TestGetRandomRegionExcludesForbiddenRegions 2018-06-02T14:26:47+02:00 region.go:57: Using region ca-central-1
TestGetRandomRegionExcludesForbiddenRegions 2018-06-02T14:26:47+02:00 region.go:57: Using region us-west-1
TestGetRandomRegionExcludesForbiddenRegions 2018-06-02T14:26:47+02:00 region.go:57: Using region eu-central-1
TestGetRandomRegionExcludesForbiddenRegions 2018-06-02T14:26:47+02:00 region.go:57: Using region eu-central-1
TestGetRandomRegionExcludesForbiddenRegions 2018-06-02T14:26:47+02:00 region.go:57: Using region ap-southeast-1
TestGetRandomRegionExcludesForbiddenRegions 2018-06-02T14:26:47+02:00 region.go:57: Using region ca-central-1
TestGetRandomRegionExcludesForbiddenRegions 2018-06-02T14:26:47+02:00 region.go:57: Using region ap-south-1
TestGetRandomRegionExcludesForbiddenRegions 2018-06-02T14:26:47+02:00 region.go:57: Using region us-east-1
TestGetRandomRegionExcludesForbiddenRegions 2018-06-02T14:26:47+02:00 region.go:57: Using region ca-central-1
TestGetRandomRegionExcludesForbiddenRegions 2018-06-02T14:26:47+02:00 region.go:57: Using region eu-west-1
TestGetRandomRegionExcludesForbiddenRegions 2018-06-02T14:26:47+02:00 region.go:57: Using region us-east-1
TestGetRandomRegionExcludesForbiddenRegions 2018-06-02T14:26:47+02:00 region.go:57: Using region us-east-2
TestGetRandomRegionExcludesForbiddenRegions 2018-06-02T14:26:47+02:00 region.go:57: Using region eu-central-1
TestGetRandomRegionExcludesForbiddenRegions 2018-06-02T14:26:47+02:00 region.go:57: Using region eu-west-2
TestGetRandomRegionExcludesForbiddenRegions 2018-06-02T14:26:47+02:00 region.go:57: Using region us-east-2
TestGetRandomRegionExcludesForbiddenRegions 2018-06-02T14:26:47+02:00 region.go:57: Using region ap-southeast-1
TestGetRandomRegionExcludesForbiddenRegions 2018-06-02T14:26:47+02:00 region.go:57: Using region us-west-1
TestGetRandomRegionExcludesForbiddenRegions 2018-06-02T14:26:47+02:00 region.go:57: Using region ca-central-1
TestGetRandomRegionExcludesForbiddenRegions 2018-06-02T14:26:47+02:00 region.go:57: Using region eu-west-1
TestGetRandomRegionExcludesForbiddenRegions 2018-06-02T14:26:47+02:00 region.go:57: Using region ap-southeast-1
TestGetRandomRegionExcludesForbiddenRegions 2018-06-02T14:26:47+02:00 region.go:57: Using region us-east-2
TestGetRandomRegionExcludesForbiddenRegions 2018-06-02T14:26:47+02:00 region.go:57: Using region eu-west-2
TestGetRandomRegionExcludesForbiddenRegions 2018-06-02T14:26:47+02:00 region.go:57: Using region us-east-1
TestGetRandomRegionExcludesForbiddenRegions 2018-06-02T14:26:47+02:00 region.go:57: Using region eu-west-2
TestGetRandomRegionExcludesForbiddenRegions 2018-06-02T14:26:47+02:00 region.go:57: Using region us-west-1
TestGetRandomRegionExcludesForbiddenRegions 2018-06-02T14:26:47+02:00 region.go:57: Using region us-west-1
TestGetRandomRegionExcludesForbiddenRegions 2018-06-02T14:26:47+02:00 region.go:57: Using region us-east-1
TestGetRandomRegionExcludesForbiddenRegions 2018-06-02T14:26:47+02:00 region.go:57: Using region eu-central-1
TestGetRandomRegionExcludesForbiddenRegions 2018-06-02T14:26:47+02:00 region.go:57: Using region eu-west-1
TestGetRandomRegionExcludesForbiddenRegions 2018-06-02T14:26:47+02:00 region.go:57: Using region us-east-2
TestGetRandomRegionExcludesForbiddenRegions 2018-06-02T14:26:47+02:00 region.go:57: Using region us-east-2
TestGetRandomRegionExcludesForbiddenRegions 2018-06-02T14:26:47+02:00 region.go:57: Using region ap-south-1
TestGetRandomRegionExcludesForbiddenRegions 2018-06-02T14:26:47+02:00 region.go:57: Using region ap-southeast-1
TestGetRandomRegionExcludesForbiddenRegions 2018-06-02T14:26:47+02:00 region.go:57: Using region ap-southeast-1
TestGetRandomRegionExcludesForbiddenRegions 2018-06-02T14:26:47+02:00 region.go:57: Using region ap-southeast-1
TestGetRandomRegionExcludesForbiddenRegions 2018-06-02T14:26:47+02:00 region.go:57: Using region ap-south-1
TestGetRandomRegionExcludesForbiddenRegions 2018-06-02T14:26:47+02:00 region.go:57: Using region eu-west-2
TestGetRandomRegionExcludesForbiddenRegions 2018-06-02T14:26:47+02:00 region.go:57: Using region ap-southeast-1
TestGetRandomRegionExcludesForbiddenRegions 2018-06-02T14:26:47+02:00 region.go:57: Using region us-east-1
TestGetRandomRegionExcludesForbiddenRegions 2018-06-02T14:26:47+02:00 region.go:57: Using region eu-west-1
TestGetRandomRegionExcludesForbiddenRegions 2018-06-02T14:26:47+02:00 region.go:57: Using region ap-southeast-1
TestGetRandomRegionExcludesForbiddenRegions 2018-06-02T14:26:47+02:00 region.go:57: Using region ap-northeast-1
TestGetRandomRegionExcludesForbiddenRegions 2018-06-02T14:26:47+02:00 region.go:57: Using region ca-central-1
TestGetRandomRegionExcludesForbiddenRegions 2018-06-02T14:26:47+02:00 region.go:57: Using region eu-central-1
TestGetRandomRegionExcludesForbiddenRegions 2018-06-02T14:26:47+02:00 region.go:57: Using region ap-southeast-1
TestGetRandomRegionExcludesForbiddenRegions 2018-06-02T14:26:47+02:00 region.go:57: Using region eu-west-2
TestGetRandomRegionExcludesForbiddenRegions 2018-06-02T14:26:47+02:00 region.go:57: Using region ap-southeast-1
TestGetRandomRegionExcludesForbiddenRegions 2018-06-02T14:26:47+02:00 region.go:57: Using region eu-west-2
TestGetRandomRegionExcludesForbiddenRegions 2018-06-02T14:26:47+02:00 region.go:57: Using region ap-southeast-1
TestGetRandomRegionExcludesForbiddenRegions 2018-06-02T14:26:47+02:00 region.go:57: Using region us-west-1
TestGetRandomRegionExcludesForbiddenRegions 2018-06-02T14:26:47+02:00 region.go:57: Using region us-west-1
TestGetRandomRegionExcludesForbiddenRegions 2018-06-02T14:26:47+02:00 region.go:57: Using region us-east-2
TestGetRandomRegionExcludesForbiddenRegions 2018-06-02T14:26:47+02:00 region.go:57: Using region ca-central-1
TestGetRandomRegionExcludesForbiddenRegions 2018-06-02T14:26:47+02:00 region.go:57: Using region ap-northeast-1
TestGetRandomRegionExcludesForbiddenRegions 2018-06-02T14:26:47+02:00 region.go:57: Using region ap-northeast-1
TestGetRandomRegionExcludesForbiddenRegions 2018-06-02T14:26:47+02:00 region.go:57: Using region eu-central-1
TestGetRandomRegionExcludesForbiddenRegions 2018-06-02T14:26:47+02:00 region.go:57: Using region us-east-2
TestGetRandomRegionExcludesForbiddenRegions 2018-06-02T14:26:47+02:00 region.go:57: Using region eu-west-1
TestGetRandomRegionExcludesForbiddenRegions 2018-06-02T14:26:47+02:00 region.go:57: Using region us-east-2
TestGetRandomRegionExcludesForbiddenRegions 2018-06-02T14:26:47+02:00 region.go:57: Using region eu-central-1
TestGetRandomRegionExcludesForbiddenRegions 2018-06-02T14:26:47+02:00 region.go:57: Using region eu-west-1
TestGetRandomRegionExcludesForbiddenRegions 2018-06-02T14:26:47+02:00 region.go:57: Using region ap-south-1
TestGetRandomRegionExcludesForbiddenRegions 2018-06-02T14:26:47+02:00 region.go:57: Using region ap-south-1
TestGetRandomRegionExcludesForbiddenRegions 2018-06-02T14:26:47+02:00 region.go:57: Using region ca-central-1
TestGetRandomRegionExcludesForbiddenRegions 2018-06-02T14:26:47+02:00 region.go:57: Using region us-west-1
TestGetRandomRegionExcludesForbiddenRegions 2018-06-02T14:26:47+02:00 region.go:57: Using region us-east-1
TestGetRandomRegionExcludesForbiddenRegions 2018-06-02T14:26:47+02:00 region.go:57: Using region us-east-1
TestGetRandomRegionExcludesForbiddenRegions 2018-06-02T14:26:47+02:00 region.go:57: Using region ap-northeast-1
TestGetRandomRegionExcludesForbiddenRegions 2018-06-02T14:26:47+02:00 region.go:57: Using region eu-west-1
TestGetRandomRegionExcludesForbiddenRegions 2018-06-02T14:26:47+02:00 region.go:57: Using region us-east-2
TestGetRandomRegionExcludesForbiddenRegions 2018-06-02T14:26:47+02:00 region.go:57: Using region us-west-1
TestGetRandomRegionExcludesForbiddenRegions 2018-06-02T14:26:47+02:00 region.go:57: Using region ca-central-1
TestGetRandomRegionExcludesForbiddenRegions 2018-06-02T14:26:47+02:00 region.go:57: Using region ap-southeast-1
TestGetRandomRegionExcludesForbiddenRegions 2018-06-02T14:26:47+02:00 region.go:57: Using region ap-southeast-1
TestGetRandomRegionExcludesForbiddenRegions 2018-06-02T14:26:47+02:00 region.go:57: Using region us-east-1
TestGetRandomRegionExcludesForbiddenRegions 2018-06-02T14:26:47+02:00 region.go:57: Using region ap-northeast-1
TestGetRandomRegionExcludesForbiddenRegions 2018-06-02T14:26:47+02:00 region.go:57: Using region us-east-1
TestGetRandomRegionExcludesForbiddenRegions 2018-06-02T14:26:47+02:00 region.go:57: Using region eu-west-1
TestGetRandomRegionExcludesForbiddenRegions 2018-06-02T14:26:47+02:00 region.go:57: Using region eu-central-1
TestGetRandomRegionExcludesForbiddenRegions 2018-06-02T14:26:47+02:00 region.go:57: Using region eu-west-1
TestGetRandomRegionExcludesForbiddenRegions 2018-06-02T14:26:47+02:00 region.go:57: Using region us-east-1
TestGetRandomRegionExcludesForbiddenRegions 2018-06-02T14:26:47+02:00 region.go:57: Using region eu-central-1
TestGetRandomRegionExcludesForbiddenRegions 2018-06-02T14:26:47+02:00 region.go:57: Using region us-west-1
TestGetRandomRegionExcludesForbiddenRegions 2018-06-02T14:26:47+02:00 region.go:57: Using region eu-central-1
TestGetRandomRegionExcludesForbiddenRegions 2018-06-02T14:26:47+02:00 region.go:57: Using region us-west-1
TestGetRandomRegionExcludesForbiddenRegions 2018-06-02T14:26:47+02:00 region.go:57: Using region us-east-1
TestGetRandomRegionExcludesForbiddenRegions 2018-06-02T14:26:47+02:00 region.go:57: Using region us-west-1
TestGetRandomRegionExcludesForbiddenRegions 2018-06-02T14:26:47+02:00 region.go:57: Using region ap-northeast-1
TestGetRandomRegionExcludesForbiddenRegions 2018-06-02T14:26:47+02:00 region.go:57: Using region ap-southeast-1
TestGetRandomRegionExcludesForbiddenRegions 2018-06-02T14:26:47+02:00 region.go:57: Using region ap-southeast-1
TestGetRandomRegionExcludesForbiddenRegions 2018-06-02T14:26:47+02:00 region.go:57: Using region ap-south-1
TestGetRandomRegionExcludesForbiddenRegions 2018-06-02T14:26:47+02:00 region.go:57: Using region eu-central-1
TestGetRandomRegionExcludesForbiddenRegions 2018-06-02T14:26:47+02:00 region.go:57: Using region eu-west-2
TestGetRandomRegionExcludesForbiddenRegions 2018-06-02T14:26:47+02:00 region.go:57: Using region us-west-1
TestGetRandomRegionExcludesForbiddenRegions 2018-06-02T14:26:47+02:00 region.go:57: Using region ap-northeast-1
TestGetRandomRegionExcludesForbiddenRegions 2018-06-02T14:26:47+02:00 region.go:57: Using region ap-northeast-1
TestGetRandomRegionExcludesForbiddenRegions 2018-06-02T14:26:47+02:00 region.go:57: Using region ap-southeast-1
TestGetRandomRegionExcludesForbiddenRegions 2018-06-02T14:26:47+02:00 region.go:57: Using region ca-central-1
TestGetRandomRegionExcludesForbiddenRegions 2018-06-02T14:26:47+02:00 region.go:57: Using region ap-southeast-1
TestGetRandomRegionExcludesForbiddenRegions 2018-06-02T14:26:47+02:00 region.go:57: Using region eu-west-1
TestGetRandomRegionExcludesForbiddenRegions 2018-06-02T14:26:47+02:00 region.go:57: Using region eu-west-2
TestGetRandomRegionExcludesForbiddenRegions 2018-06-02T14:26:47+02:00 region.go:57: Using region eu-west-1
TestGetRandomRegionExcludesForbiddenRegions 2018-06-02T14:26:47+02:00 region.go:57: Using region ap-northeast-1
TestGetRandomRegionExcludesForbiddenRegions 2018-06-02T14:26:47+02:00 region.go:57: Using region ap-south-1
TestGetRandomRegionExcludesForbiddenRegions 2018-06-02T14:26:47+02:00 region.go:57: Using region us-east-1
TestGetRandomRegionExcludesForbiddenRegions 2018-06-02T14:26:47+02:00 region.go:57: Using region ap-southeast-1
TestGetRandomRegionExcludesForbiddenRegions 2018-06-02T14:26:47+02:00 region.go:57: Using region ap-south-1
TestGetRandomRegionExcludesForbiddenRegions 2018-06-02T14:26:47+02:00 region.go:57: Using region ca-central-1
TestGetRandomRegionExcludesForbiddenRegions 2018-06-02T14:26:47+02:00 region.go:57: Using region ap-south-1
TestGetRandomRegionExcludesForbiddenRegions 2018-06-02T14:26:47+02:00 region.go:57: Using region us-west-1
TestGetRandomRegionExcludesForbiddenRegions 2018-06-02T14:26:47+02:00 region.go:57: Using region ca-central-1
TestGetRandomRegionExcludesForbiddenRegions 2018-06-02T14:26:47+02:00 region.go:57: Using region ap-south-1
TestGetRandomRegionExcludesForbiddenRegions 2018-06-02T14:26:47+02:00 region.go:57: Using region ca-central-1
TestGetRandomRegionExcludesForbiddenRegions 2018-06-02T14:26:47+02:00 region.go:57: Using region us-east-2
TestGetRandomRegionExcludesForbiddenRegions 2018-06-02T14:26:47+02:00 region.go:57: Using region us-west-1
TestGetRandomRegionExcludesForbiddenRegions 2018-06-02T14:26:47+02:00 region.go:57: Using region ap-northeast-1
TestGetRandomRegionExcludesForbiddenRegions 2018-06-02T14:26:47+02:00 region.go:57: Using region ap-south-1
TestGetRandomRegionExcludesForbiddenRegions 2018-06-02T14:26:47+02:00 region.go:57: Using region ap-southeast-1
TestGetRandomRegionExcludesForbiddenRegions 2018-06-02T14:26:47+02:00 region.go:57: Using region us-west-1
TestGetRandomRegionExcludesForbiddenRegions 2018-06-02T14:26:47+02:00 region.go:57: Using region us-west-1
TestGetRandomRegionExcludesForbiddenRegions 2018-06-02T14:26:47+02:00 region.go:57: Using region us-east-1
TestGetRandomRegionExcludesForbiddenRegions 2018-06-02T14:26:47+02:00 region.go:57: Using region ca-central-1
TestGetRandomRegionExcludesForbiddenRegions 2018-06-02T14:26:47+02:00 region.go:57: Using region us-east-2
TestGetRandomRegionExcludesForbiddenRegions 2018-06-02T14:26:47+02:00 region.go:57: Using region us-east-1
TestGetRandomRegionExcludesForbiddenRegions 2018-06-02T14:26:47+02:00 region.go:57: Using region ap-southeast-1
TestGetRandomRegionExcludesForbiddenRegions 2018-06-02T14:26:47+02:00 region.go:57: Using region ca-central-1
TestGetRandomRegionExcludesForbiddenRegions 2018-06-02T14:26:47+02:00 region.go:57: Using region ap-south-1
TestGetRandomRegionExcludesForbiddenRegions 2018-06-02T14:26:47+02:00 region.go:57: Using region us-east-2
TestGetRandomRegionExcludesForbiddenRegions 2018-06-02T14:26:47+02:00 region.go:57: Using region us-east-2
TestGetRandomRegionExcludesForbiddenRegions 2018-06-02T14:26:47+02:00 region.go:57: Using region eu-west-1
TestGetRandomRegionExcludesForbiddenRegions 2018-06-02T14:26:47+02:00 region.go:57: Using region us-east-1
TestGetRandomRegionExcludesForbiddenRegions 2018-06-02T14:26:47+02:00 region.go:57: Using region eu-west-2
TestGetRandomRegionExcludesForbiddenRegions 2018-06-02T14:26:47+02:00 region.go:57: Using region us-west-1
TestGetRandomRegionExcludesForbiddenRegions 2018-06-02T14:26:47+02:00 region.go:57: Using region ca-central-1
TestGetRandomRegionExcludesForbiddenRegions 2018-06-02T14:26:47+02:00 region.go:57: Using region eu-west-2
TestGetRandomRegionExcludesForbiddenRegions 2018-06-02T14:26:47+02:00 region.go:57: Using region us-east-2
TestGetRandomRegionExcludesForbiddenRegions 2018-06-02T14:26:47+02:00 region.go:57: Using region ca-central-1
TestGetRandomRegionExcludesForbiddenRegions 2018-06-02T14:26:47+02:00 region.go:57: Using region ca-central-1
TestGetRandomRegionExcludesForbiddenRegions 2018-06-02T14:26:47+02:00 region.go:57: Using region us-east-2
TestGetRandomRegionExcludesForbiddenRegions 2018-06-02T14:26:47+02:00 region.go:57: Using region us-east-1
TestGetRandomRegionExcludesForbiddenRegions 2018-06-02T14:26:47+02:00 region.go:57: Using region us-east-2
TestGetRandomRegionExcludesForbiddenRegions 2018-06-02T14:26:47+02:00 region.go:57: Using region ap-northeast-1
TestGetRandomRegionExcludesForbiddenRegions 2018-06-02T14:26:47+02:00 region.go:57: Using region us-west-1
TestGetRandomRegionExcludesForbiddenRegions 2018-06-02T14:26:47+02:00 region.go:57: Using region us-west-1
TestGetRandomRegionExcludesForbiddenRegions 2018-06-02T14:26:47+02:00 region.go:57: Using region us-east-2
TestGetRandomRegionExcludesForbiddenRegions 2018-06-02T14:26:47+02:00 region.go:57: Using region ap-northeast-1
TestGetRandomRegionExcludesForbiddenRegions 2018-06-02T14:26:47+02:00 region.go:57: Using region ap-southeast-1
TestGetRandomRegionExcludesForbiddenRegions 2018-06-02T14:26:47+02:00 region.go:57: Using region ap-south-1
TestGetRandomRegionExcludesForbiddenRegions 2018-06-02T14:26:47+02:00 region.go:57: Using region eu-central-1
TestGetRandomRegionExcludesForbiddenRegions 2018-06-02T14:26:47+02:00 region.go:57: Using region eu-west-1
TestGetRandomRegionExcludesForbiddenRegions 2018-06-02T14:26:47+02:00 region.go:57: Using region ca-central-1
TestGetRandomRegionExcludesForbiddenRegions 2018-06-02T14:26:47+02:00 region.go:57: Using region ap-south-1
TestGetRandomRegionExcludesForbiddenRegions 2018-06-02T14:26:47+02:00 region.go:57: Using region eu-west-2
TestGetRandomRegionExcludesForbiddenRegions 2018-06-02T14:26:47+02:00 region.go:57: Using region eu-west-1
TestGetRandomRegionExcludesForbiddenRegions 2018-06-02T14:26:47+02:00 region.go:57: Using region us-west-1
TestGetRandomRegionExcludesForbiddenRegions 2018-06-02T14:26:47+02:00 region.go:57: Using region ap-northeast-1
TestGetRandomRegionExcludesForbiddenRegions 2018-06-02T14:26:47+02:00 region.go:57: Using region us-east-1
TestGetRandomRegionExcludesForbiddenRegions 2018-06-02T14:26:47+02:00 region.go:57: Using region eu-west-2
TestGetRandomRegionExcludesForbiddenRegions 2018-06-02T14:26:47+02:00 region.go:57: Using region us-west-1
TestGetRandomRegionExcludesForbiddenRegions 2018-06-02T14:26:47+02:00 region.go:57: Using region eu-west-2
TestGetRandomRegionExcludesForbiddenRegions 2018-06-02T14:26:47+02:00 region.go:57: Using region ca-central-1
TestGetRandomRegionExcludesForbiddenRegions 2018-06-02T14:26:47+02:00 region.go:57: Using region eu-west-2
TestGetRandomRegionExcludesForbiddenRegions 2018-06-02T14:26:47+02:00 region.go:57: Using region ap-northeast-1
TestGetRandomRegionExcludesForbiddenRegions 2018-06-02T14:26:47+02:00 region.go:57: Using region us-east-2
TestGetRandomRegionExcludesForbiddenRegions 2018-06-02T14:26:47+02:00 region.go:57: Using region ap-northeast-1
TestGetRandomRegionExcludesForbiddenRegions 2018-06-02T14:26:47+02:00 region.go:57: Using region us-west-1
TestGetRandomRegionExcludesForbiddenRegions 2018-06-02T14:26:47+02:00 region.go:57: Using region ap-northeast-1
TestGetRandomRegionExcludesForbiddenRegions 2018-06-02T14:26:47+02:00 region.go:57: Using region eu-central-1
TestGetRandomRegionExcludesForbiddenRegions 2018-06-02T14:26:47+02:00 region.go:57: Using region ca-central-1
TestGetRandomRegionExcludesForbiddenRegions 2018-06-02T14:26:47+02:00 region.go:57: Using region eu-west-1
TestGetRandomRegionExcludesForbiddenRegions 2018-06-02T14:26:47+02:00 region.go:57: Using region us-west-1
TestGetRandomRegionExcludesForbiddenRegions 2018-06-02T14:26:47+02:00 region.go:57: Using region eu-west-1
TestGetRandomRegionExcludesForbiddenRegions 2018-06-02T14:26:47+02:00 region.go:57: Using region ca-central-1
TestGetRandomRegionExcludesForbiddenRegions 2018-06-02T14:26:47+02:00 region.go:57: Using region eu-central-1
TestGetRandomRegionExcludesForbiddenRegions 2018-06-02T14:26:47+02:00 region.go:57: Using region ap-southeast-1
TestGetRandomRegionExcludesForbiddenRegions 2018-06-02T14:26:47+02:00 region.go:57: Using region eu-central-1
TestGetRandomRegionExcludesForbiddenRegions 2018-06-02T14:26:47+02:00 region.go:57: Using region ap-south-1
TestGetRandomRegionExcludesForbiddenRegions 2018-06-02T14:26:47+02:00 region.go:57: Using region us-east-1
TestGetRandomRegionExcludesForbiddenRegions 2018-06-02T14:26:47+02:00 region.go:57: Using region ap-northeast-1
TestGetRandomRegionExcludesForbiddenRegions 2018-06-02T14:26:47+02:00 region.go:57: Using region eu-west-1
TestGetRandomRegionExcludesForbiddenRegions 2018-06-02T14:26:47+02:00 region.go:57: Using region ap-northeast-1
TestGetRandomRegionExcludesForbiddenRegions 2018-06-02T14:26:47+02:00 region.go:57: Using region ap-southeast-1
TestGetRandomRegionExcludesForbiddenRegions 2018-06-02T14:26:47+02:00 region.go:57: Using region ca-central-1
TestGetRandomRegionExcludesForbiddenRegions 2018-06-02T14:26:47+02:00 region.go:57: Using region eu-west-1
TestGetRandomRegionExcludesForbiddenRegions 2018-06-02T14:26:47+02:00 region.go:57: Using region eu-central-1
TestGetRandomRegionExcludesForbiddenRegions 2018-06-02T14:26:47+02:00 region.go:57: Using region ap-southeast-1
TestGetRandomRegionExcludesForbiddenRegions 2018-06-02T14:26:47+02:00 region.go:57: Using region ap-southeast-1
TestGetRandomRegionExcludesForbiddenRegions 2018-06-02T14:26:47+02:00 region.go:57: Using region us-east-1
TestGetRandomRegionExcludesForbiddenRegions 2018-06-02T14:26:47+02:00 region.go:57: Using region eu-west-2
TestGetRandomRegionExcludesForbiddenRegions 2018-06-02T14:26:47+02:00 region.go:57: Using region eu-west-2
TestGetRandomRegionExcludesForbiddenRegions 2018-06-02T14:26:47+02:00 region.go:57: Using region us-east-2
TestGetRandomRegionExcludesForbiddenRegions 2018-06-02T14:26:47+02:00 region.go:57: Using region us-east-1
TestGetRandomRegionExcludesForbiddenRegions 2018-06-02T14:26:47+02:00 region.go:57: Using region eu-west-2
TestGetRandomRegionExcludesForbiddenRegions 2018-06-02T14:26:47+02:00 region.go:57: Using region ap-northeast-1
TestGetRandomRegionExcludesForbiddenRegions 2018-06-02T14:26:47+02:00 region.go:57: Using region us-east-2
TestGetRandomRegionExcludesForbiddenRegions 2018-06-02T14:26:47+02:00 region.go:57: Using region ca-central-1
TestGetRandomRegionExcludesForbiddenRegions 2018-06-02T14:26:47+02:00 region.go:57: Using region ca-central-1
TestGetRandomRegionExcludesForbiddenRegions 2018-06-02T14:26:47+02:00 region.go:57: Using region us-west-1
TestGetRandomRegionExcludesForbiddenRegions 2018-06-02T14:26:47+02:00 region.go:57: Using region us-east-2
TestGetRandomRegionExcludesForbiddenRegions 2018-06-02T14:26:47+02:00 region.go:57: Using region eu-west-1
TestGetRandomRegionExcludesForbiddenRegions 2018-06-02T14:26:47+02:00 region.go:57: Using region ap-northeast-1
TestGetRandomRegionExcludesForbiddenRegions 2018-06-02T14:26:47+02:00 region.go:57: Using region ca-central-1
TestGetRandomRegionExcludesForbiddenRegions 2018-06-02T14:26:47+02:00 region.go:57: Using region ap-south-1
TestGetRandomRegionExcludesForbiddenRegions 2018-06-02T14:26:47+02:00 region.go:57: Using region eu-west-1
TestGetRandomRegionExcludesForbiddenRegions 2018-06-02T14:26:47+02:00 region.go:57: Using region eu-west-2
TestGetRandomRegionExcludesForbiddenRegions 2018-06-02T14:26:47+02:00 region.go:57: Using region us-east-2
TestGetRandomRegionExcludesForbiddenRegions 2018-06-02T14:26:47+02:00 region.go:57: Using region us-west-1
TestGetRandomRegionExcludesForbiddenRegions 2018-06-02T14:26:47+02:00 region.go:57: Using region ap-northeast-1
TestGetRandomRegionExcludesForbiddenRegions 2018-06-02T14:26:47+02:00 region.go:57: Using region eu-west-2
TestGetRandomRegionExcludesForbiddenRegions 2018-06-02T14:26:47+02:00 region.go:57: Using region eu-west-1
TestGetRandomRegionExcludesForbiddenRegions 2018-06-02T14:26:47+02:00 region.go:57: Using region us-west-1
TestGetRandomRegionExcludesForbiddenRegions 2018-06-02T14:26:47+02:00 region.go:57: Using region ap-south-1
TestGetRandomRegionExcludesForbiddenRegions 2018-06-02T14:26:47+02:00 region.go:57: Using region eu-central-1
TestGetRandomRegionExcludesForbiddenRegions 2018-06-02T14:26:47+02:00 region.go:57: Using region eu-west-2
TestGetRandomRegionExcludesForbiddenRegions 2018-06-02T14:26:47+02:00 region.go:57: Using region ca-central-1
TestGetRandomRegionExcludesForbiddenRegions 2018-06-02T14:26:47+02:00 region.go:57: Using region eu-west-1
TestGetRandomRegionExcludesForbiddenRegions 2018-06-02T14:26:47+02:00 region.go:57: Using region us-west-1
TestGetRandomRegionExcludesForbiddenRegions 2018-06-02T14:26:47+02:00 region.go:57: Using region ap-south-1
TestGetRandomRegionExcludesForbiddenRegions 2018-06-02T14:26:47+02:00 region.go:57: Using region eu-west-1
TestGetRandomRegionExcludesForbiddenRegions 2018-06-02T14:26:47+02:00 region.go:57: Using region us-east-1
TestGetRandomRegionExcludesForbiddenRegions 2018-06-02T14:26:47+02:00 region.go:57: Using region us-west-1
TestGetRandomRegionExcludesForbiddenRegions 2018-06-02T14:26:47+02:00 region.go:57: Using region ap-southeast-1
TestGetRandomRegionExcludesForbiddenRegions 2018-06-02T14:26:47+02:00 region.go:57: Using region ap-northeast-1
TestGetRandomRegionExcludesForbiddenRegions 2018-06-02T14:26:47+02:00 region.go:57: Using region us-east-1
TestGetRandomRegionExcludesForbiddenRegions 2018-06-02T14:26:47+02:00 region.go:57: Using region eu-west-1
TestGetRandomRegionExcludesForbiddenRegions 2018-06-02T14:26:47+02:00 region.go:57: Using region ca-central-1
TestGetRandomRegionExcludesForbiddenRegions 2018-06-02T14:26:47+02:00 region.go:57: Using region ca-central-1
TestGetRandomRegionExcludesForbiddenRegions 2018-06-02T14:26:47+02:00 region.go:57: Using region eu-west-1
TestGetRandomRegionExcludesForbiddenRegions 2018-06-02T14:26:47+02:00 region.go:57: Using region ap-south-1
TestGetRandomRegionExcludesForbiddenRegions 2018-06-02T14:26:47+02:00 region.go:57: Using region eu-west-2
TestGetRandomRegionExcludesForbiddenRegions 2018-06-02T14:26:47+02:00 region.go:57: Using region eu-west-1
TestGetRandomRegionExcludesForbiddenRegions 2018-06-02T14:26:47+02:00 region.go:57: Using region eu-west-1
TestGetRandomRegionExcludesForbiddenRegions 2018-06-02T14:26:47+02:00 region.go:57: Using region ap-south-1
TestGetRandomRegionExcludesForbiddenRegions 2018-06-02T14:26:47+02:00 region.go:57: Using region us-west-1
TestGetRandomRegionExcludesForbiddenRegions 2018-06-02T14:26:47+02:00 region.go:57: Using region ap-southeast-1
TestGetRandomRegionExcludesForbiddenRegions 2018-06-02T14:26:47+02:00 region.go:57: Using region ap-south-1
TestGetRandomRegionExcludesForbiddenRegions 2018-06-02T14:26:47+02:00 region.go:57: Using region ap-southeast-1
TestGetRandomRegionExcludesForbiddenRegions 2018-06-02T14:26:47+02:00 region.go:57: Using region ap-southeast-1
TestGetRandomRegionExcludesForbiddenRegions 2018-06-02T14:26:47+02:00 region.go:57: Using region us-east-1
TestGetRandomRegionExcludesForbiddenRegions 2018-06-02T14:26:47+02:00 region.go:57: Using region ca-central-1
TestGetRandomRegionExcludesForbiddenRegions 2018-06-02T14:26:47+02:00 region.go:57: Using region ap-northeast-1
TestGetRandomRegionExcludesForbiddenRegions 2018-06-02T14:26:47+02:00 region.go:57: Using region us-east-1
TestGetRandomRegionExcludesForbiddenRegions 2018-06-02T14:26:47+02:00 region.go:57: Using region eu-central-1
TestGetRandomRegionExcludesForbiddenRegions 2018-06-02T14:26:47+02:00 region.go:57: Using region ap-south-1
TestGetRandomRegionExcludesForbiddenRegions 2018-06-02T14:26:47+02:00 region.go:57: Using region eu-west-1
TestGetRandomRegionExcludesForbiddenRegions 2018-06-02T14:26:47+02:00 region.go:57: Using region ap-southeast-1
TestGetRandomRegionExcludesForbiddenRegions 2018-06-02T14:26:47+02:00 region.go:57: Using region ap-southeast-1
TestGetRandomRegionExcludesForbiddenRegions 2018-06-02T14:26:47+02:00 region.go:57: Using region eu-west-1
TestGetRandomRegionExcludesForbiddenRegions 2018-06-02T14:26:47+02:00 region.go:57: Using region eu-west-1
TestGetRandomRegionExcludesForbiddenRegions 2018-06-02T14:26:47+02:00 region.go:57: Using region ap-south-1
TestGetRandomRegionExcludesForbiddenRegions 2018-06-02T14:26:47+02:00 region.go:57: Using region ap-northeast-1
TestGetRandomRegionExcludesForbiddenRegions 2018-06-02T14:26:47+02:00 region.go:57: Using region eu-west-2
TestGetRandomRegionExcludesForbiddenRegions 2018-06-02T14:26:47+02:00 region.go:57: Using region ap-northeast-1
TestGetRandomRegionExcludesForbiddenRegions 2018-06-02T14:26:47+02:00 region.go:57: Using region eu-west-2
TestGetRandomRegionExcludesForbiddenRegions 2018-06-02T14:26:47+02:00 region.go:57: Using region ap-northeast-1
TestGetRandomRegionExcludesForbiddenRegions 2018-06-02T14:26:47+02:00 region.go:57: Using region eu-west-1
TestGetRandomRegionExcludesForbiddenRegions 2018-06-02T14:26:47+02:00 region.go:57: Using region ap-northeast-1
TestGetRandomRegionExcludesForbiddenRegions 2018-06-02T14:26:47+02:00 region.go:57: Using region us-west-1
TestGetRandomRegionExcludesForbiddenRegions 2018-06-02T14:26:47+02:00 region.go:57: Using region us-west-1
TestGetRandomRegionExcludesForbiddenRegions 2018-06-02T14:26:47+02:00 region.go:57: Using region us-west-1
TestGetRandomRegionExcludesForbiddenRegions 2018-06-02T14:26:47+02:00 region.go:57: Using region ca-central-1
TestGetRandomRegionExcludesForbiddenRegions 2018-06-02T14:26:47+02:00 region.go:57: Using region ca-central-1
TestGetRandomRegionExcludesForbiddenRegions 2018-06-02T14:26:47+02:00 region.go:57: Using region eu-west-2
TestGetRandomRegionExcludesForbiddenRegions 2018-06-02T14:26:47+02:00 region.go:57: Using region us-east-1
TestGetRandomRegionExcludesForbiddenRegions 2018-06-02T14:26:47+02:00 region.go:57: Using region eu-central-1
TestGetRandomRegionExcludesForbiddenRegions 2018-06-02T14:26:47+02:00 region.go:57: Using region eu-central-1
TestGetRandomRegionExcludesForbiddenRegions 2018-06-02T14:26:47+02:00 region.go:57: Using region us-west-1
TestGetRandomRegionExcludesForbiddenRegions 2018-06-02T14:26:47+02:00 region.go:57: Using region us-east-2
TestGetRandomRegionExcludesForbiddenRegions 2018-06-02T14:26:47+02:00 region.go:57: Using region ca-central-1
TestGetRandomRegionExcludesForbiddenRegions 2018-06-02T14:26:47+02:00 region.go:57: Using region eu-west-2
TestGetRandomRegionExcludesForbiddenRegions 2018-06-02T14:26:47+02:00 region.go:57: Using region ap-northeast-1
TestGetRandomRegionExcludesForbiddenRegions 2018-06-02T14:26:47+02:00 region.go:57: Using region ca-central-1
TestGetRandomRegionExcludesForbiddenRegions 2018-06-02T14:26:47+02:00 region.go:57: Using region ap-northeast-1
TestGetRandomRegionExcludesForbiddenRegions 2018-06-02T14:26:47+02:00 region.go:57: Using region eu-west-1
TestGetRandomRegionExcludesForbiddenRegions 2018-06-02T14:26:47+02:00 region.go:57: Using region ap-south-1
TestGetRandomRegionExcludesForbiddenRegions 2018-06-02T14:26:47+02:00 region.go:57: Using region eu-west-2
TestGetRandomRegionExcludesForbiddenRegions 2018-06-02T14:26:47+02:00 region.go:57: Using region us-east-1
TestGetRandomRegionExcludesForbiddenRegions 2018-06-02T14:26:47+02:00 region.go:57: Using region ap-southeast-1
TestGetRandomRegionExcludesForbiddenRegions 2018-06-02T14:26:47+02:00 region.go:57: Using region eu-west-1
TestGetRandomRegionExcludesForbiddenRegions 2018-06-02T14:26:47+02:00 region.go:57: Using region us-west-1
TestGetRandomRegionExcludesForbiddenRegions 2018-06-02T14:26:47+02:00 region.go:57: Using region ap-northeast-1
TestGetRandomRegionExcludesForbiddenRegions 2018-06-02T14:26:47+02:00 region.go:57: Using region us-east-1
TestGetRandomRegionExcludesForbiddenRegions 2018-06-02T14:26:47+02:00 region.go:57: Using region ap-northeast-1
TestGetRandomRegionExcludesForbiddenRegions 2018-06-02T14:26:47+02:00 region.go:57: Using region eu-west-2
TestGetRandomRegionExcludesForbiddenRegions 2018-06-02T14:26:47+02:00 region.go:57: Using region ap-southeast-1
TestGetRandomRegionExcludesForbiddenRegions 2018-06-02T14:26:47+02:00 region.go:57: Using region us-east-1
TestGetRandomRegionExcludesForbiddenRegions 2018-06-02T14:26:47+02:00 region.go:57: Using region eu-west-1
TestGetRandomRegionExcludesForbiddenRegions 2018-06-02T14:26:47+02:00 region.go:57: Using region us-east-1
TestGetRandomRegionExcludesForbiddenRegions 2018-06-02T14:26:47+02:00 region.go:57: Using region us-west-1
TestGetRandomRegionExcludesForbiddenRegions 2018-06-02T14:26:47+02:00 region.go:57: Using region us-east-2
TestGetRandomRegionExcludesForbiddenRegions 2018-06-02T14:26:47+02:00 region.go:57: Using region ap-southeast-1
TestGetRandomRegionExcludesForbiddenRegions 2018-06-02T14:26:47+02:00 region.go:57: Using region eu-west-2
TestGetRandomRegionExcludesForbiddenRegions 2018-06-02T14:26:47+02:00 region.go:57: Using region ca-central-1
TestGetRandomRegionExcludesForbiddenRegions 2018-06-02T14:26:47+02:00 region.go:57: Using region eu-west-2
TestGetRandomRegionExcludesForbiddenRegions 2018-06-02T14:26:47+02:00 region.go:57: Using region ap-south-1
TestGetRandomRegionExcludesForbiddenRegions 2018-06-02T14:26:47+02:00 region.go:57: Using region eu-central-1
TestGetRandomRegionExcludesForbiddenRegions 2018-06-02T14:26:47+02:00 region.go:57: Using region ap-south-1
TestGetRandomRegionExcludesForbiddenRegions 2018-06-02T14:26:47+02:00 region.go:57: Using region eu-central-1
TestGetRandomRegionExcludesForbiddenRegions 2018-06-02T14:26:47+02:00 region.go:57: Using region eu-west-1
TestGetRandomRegionExcludesForbiddenRegions 2018-06-02T14:26:47+02:00 region.go:57: Using region eu-west-1
TestGetRandomRegionExcludesForbiddenRegions 2018-06-02T14:26:47+02:00 region.go:57: Using region us-east-2
TestGetRandomRegionExcludesForbiddenRegions 2018-06-02T14:26:47+02:00 region.go:57: Using region ap-south-1
TestGetRandomRegionExcludesForbiddenRegions 2018-06-02T14:26:47+02:00 region.go:57: Using region us-east-2
TestGetRandomRegionExcludesForbiddenRegions 2018-06-02T14:26:47+02:00 region.go:57: Using region ap-northeast-1
TestGetRandomRegionExcludesForbiddenRegions 2018-06-02T14:26:47+02:00 region.go:57: Using region ap-southeast-1
TestGetRandomRegionExcludesForbiddenRegions 2018-06-02T14:26:47+02:00 region.go:57: Using region ap-northeast-1
TestGetRandomRegionExcludesForbiddenRegions 2018-06-02T14:26:47+02:00 region.go:57: Using region eu-central-1
TestGetRandomRegionExcludesForbiddenRegions 2018-06-02T14:26:47+02:00 region.go:57: Using region us-east-2
TestGetRandomRegionExcludesForbiddenRegions 2018-06-02T14:26:47+02:00 region.go:57: Using region us-east-1
TestGetRandomRegionExcludesForbiddenRegions 2018-06-02T14:26:47+02:00 region.go:57: Using region ap-south-1
TestGetRandomRegionExcludesForbiddenRegions 2018-06-02T14:26:47+02:00 region.go:57: Using region ap-southeast-1
TestGetRandomRegionExcludesForbiddenRegions 2018-06-02T14:26:47+02:00 region.go:57: Using region ap-south-1
TestGetRandomRegionExcludesForbiddenRegions 2018-06-02T14:26:47+02:00 region.go:57: Using region us-east-1
TestGetRandomRegionExcludesForbiddenRegions 2018-06-02T14:26:47+02:00 region.go:57: Using region ap-south-1
TestGetRandomRegionExcludesForbiddenRegions 2018-06-02T14:26:47+02:00 region.go:57: Using region ca-central-1
TestGetRandomRegionExcludesForbiddenRegions 2018-06-02T14:26:47+02:00 region.go:57: Using region ap-southeast-1
TestGetRandomRegionExcludesForbiddenRegions 2018-06-02T14:26:47+02:00 region.go:57: Using region us-east-2
TestGetRandomRegionExcludesForbiddenRegions 2018-06-02T14:26:47+02:00 region.go:57: Using region eu-west-1
TestGetRandomRegionExcludesForbiddenRegions 2018-06-02T14:26:47+02:00 region.go:57: Using region us-west-1
TestGetRandomRegionExcludesForbiddenRegions 2018-06-02T14:26:47+02:00 region.go:57: Using region us-east-2
TestGetRandomRegionExcludesForbiddenRegions 2018-06-02T14:26:47+02:00 region.go:57: Using region ap-south-1
TestGetRandomRegionExcludesForbiddenRegions 2018-06-02T14:26:47+02:00 region.go:57: Using region ca-central-1
TestGetRandomRegionExcludesForbiddenRegions 2018-06-02T14:26:47+02:00 region.go:57: Using region ap-south-1
TestGetRandomRegionExcludesForbiddenRegions 2018-06-02T14:26:47+02:00 region.go:57: Using region eu-west-1
TestGetRandomRegionExcludesForbiddenRegions 2018-06-02T14:26:47+02:00 region.go:57: Using region ap-southeast-1
TestGetRandomRegionExcludesForbiddenRegions 2018-06-02T14:26:47+02:00 region.go:57: Using region us-west-1
TestGetRandomRegionExcludesForbiddenRegions 2018-06-02T14:26:47+02:00 region.go:57: Using region eu-west-2
TestGetRandomRegionExcludesForbiddenRegions 2018-06-02T14:26:47+02:00 region.go:57: Using region eu-west-2
TestGetRandomRegionExcludesForbiddenRegions 2018-06-02T14:26:47+02:00 region.go:57: Using region ap-northeast-1
TestGetRandomRegionExcludesForbiddenRegions 2018-06-02T14:26:47+02:00 region.go:57: Using region eu-west-1
TestGetRandomRegionExcludesForbiddenRegions 2018-06-02T14:26:47+02:00 region.go:57: Using region us-east-2
TestGetRandomRegionExcludesForbiddenRegions 2018-06-02T14:26:47+02:00 region.go:57: Using region eu-west-2
TestGetRandomRegionExcludesForbiddenRegions 2018-06-02T14:26:47+02:00 region.go:57: Using region ca-central-1
TestGetRandomRegionExcludesForbiddenRegions 2018-06-02T14:26:47+02:00 region.go:57: Using region us-west-1
TestGetRandomRegionExcludesForbiddenRegions 2018-06-02T14:26:47+02:00 region.go:57: Using region eu-central-1
TestGetRandomRegionExcludesForbiddenRegions 2018-06-02T14:26:47+02:00 region.go:57: Using region us-east-1
TestGetRandomRegionExcludesForbiddenRegions 2018-06-02T14:26:47+02:00 region.go:57: Using region ap-south-1
TestGetRandomRegionExcludesForbiddenRegions 2018-06-02T14:26:47+02:00 region.go:57: Using region us-east-1
TestGetRandomRegionExcludesForbiddenRegions 2018-06-02T14:26:47+02:00 region.go:57: Using region us-east-2
TestGetRandomRegionExcludesForbiddenRegions 2018-06-02T14:26:47+02:00 region.go:57: Using region ap-northeast-1
TestGetRandomRegionExcludesForbiddenRegions 2018-06-02T14:26:47+02:00 region.go:57: Using region ap-southeast-1
TestGetRandomRegionExcludesForbiddenRegions 2018-06-02T14:26:47+02:00 region.go:57: Using region us-east-2
TestGetRandomRegionExcludesForbiddenRegions 2018-06-02T14:26:47+02:00 region.go:57: Using region us-east-1
TestGetRandomRegionExcludesForbiddenRegions 2018-06-02T14:26:47+02:00 region.go:57: Using region ap-south-1
TestGetRandomRegionExcludesForbiddenRegions 2018-06-02T14:26:47+02:00 region.go:57: Using region ca-central-1
TestGetRandomRegionExcludesForbiddenRegions 2018-06-02T14:26:47+02:00 region.go:57: Using region eu-central-1
TestGetRandomRegionExcludesForbiddenRegions 2018-06-02T14:26:47+02:00 region.go:57: Using region us-west-1
TestGetRandomRegionExcludesForbiddenRegions 2018-06-02T14:26:47+02:00 region.go:57: Using region us-west-1
TestGetRandomRegionExcludesForbiddenRegions 2018-06-02T14:26:47+02:00 region.go:57: Using region us-east-1
TestGetRandomRegionExcludesForbiddenRegions 2018-06-02T14:26:47+02:00 region.go:57: Using region eu-west-1
TestGetRandomRegionExcludesForbiddenRegions 2018-06-02T14:26:47+02:00 region.go:57: Using region us-east-2
TestGetRandomRegionExcludesForbiddenRegions 2018-06-02T14:26:47+02:00 region.go:57: Using region us-east-2
TestGetRandomRegionExcludesForbiddenRegions 2018-06-02T14:26:47+02:00 region.go:57: Using region ap-south-1
TestGetRandomRegionExcludesForbiddenRegions 2018-06-02T14:26:47+02:00 region.go:57: Using region ap-northeast-1
TestGetRandomRegionExcludesForbiddenRegions 2018-06-02T14:26:47+02:00 region.go:57: Using region eu-central-1
TestGetRandomRegionExcludesForbiddenRegions 2018-06-02T14:26:47+02:00 region.go:57: Using region us-west-1
TestGetRandomRegionExcludesForbiddenRegions 2018-06-02T14:26:47+02:00 region.go:57: Using region eu-central-1
TestGetRandomRegionExcludesForbiddenRegions 2018-06-02T14:26:47+02:00 region.go:57: Using region us-west-1
TestGetRandomRegionExcludesForbiddenRegions 2018-06-02T14:26:47+02:00 region.go:57: Using region ap-southeast-1
TestGetRandomRegionExcludesForbiddenRegions 2018-06-02T14:26:47+02:00 region.go:57: Using region eu-central-1
TestGetRandomRegionExcludesForbiddenRegions 2018-06-02T14:26:47+02:00 region.go:57: Using region eu-central-1
TestGetRandomRegionExcludesForbiddenRegions 2018-06-02T14:26:47+02:00 region.go:57: Using region eu-west-2
TestGetRandomRegionExcludesForbiddenRegions 2018-06-02T14:26:47+02:00 region.go:57: Using region ap-south-1
TestGetRandomRegionExcludesForbiddenRegions 2018-06-02T14:26:47+02:00 region.go:57: Using region ap-northeast-1
TestGetRandomRegionExcludesForbiddenRegions 2018-06-02T14:26:47+02:00 region.go:57: Using region ap-northeast-1
TestGetRandomRegionExcludesForbiddenRegions 2018-06-02T14:26:47+02:00 region.go:57: Using region eu-west-2
TestGetRandomRegionExcludesForbiddenRegions 2018-06-02T14:26:47+02:00 region.go:57: Using region us-east-2
TestGetRandomRegionExcludesForbiddenRegions 2018-06-02T14:26:47+02:00 region.go:57: Using region eu-west-2
TestGetRandomRegionExcludesForbiddenRegions 2018-06-02T14:26:47+02:00 region.go:57: Using region eu-west-2
TestGetRandomRegionExcludesForbiddenRegions 2018-06-02T14:26:47+02:00 region.go:57: Using region us-east-1
TestGetRandomRegionExcludesForbiddenRegions 2018-06-02T14:26:47+02:00 region.go:57: Using region us-east-2
TestGetRandomRegionExcludesForbiddenRegions 2018-06-02T14:26:47+02:00 region.go:57: Using region eu-west-2
TestGetRandomRegionExcludesForbiddenRegions 2018-06-02T14:26:47+02:00 region.go:57: Using region eu-central-1
TestGetRandomRegionExcludesForbiddenRegions 2018-06-02T14:26:47+02:00 region.go:57: Using region ca-central-1
TestGetRandomRegionExcludesForbiddenRegions 2018-06-02T14:26:47+02:00 region.go:57: Using region ap-south-1
TestGetRandomRegionExcludesForbiddenRegions 2018-06-02T14:26:47+02:00 region.go:57: Using region us-east-1
TestGetRandomRegionExcludesForbiddenRegions 2018-06-02T14:26:47+02:00 region.go:57: Using region us-east-2
TestGetRandomRegionExcludesForbiddenRegions 2018-06-02T14:26:47+02:00 region.go:57: Using region us-east-1
TestGetRandomRegionExcludesForbiddenRegions 2018-06-02T14:26:47+02:00 region.go:57: Using region ap-south-1
TestGetRandomRegionExcludesForbiddenRegions 2018-06-02T14:26:47+02:00 region.go:57: Using region ap-south-1
TestGetRandomRegionExcludesForbiddenRegions 2018-06-02T14:26:47+02:00 region.go:57: Using region us-west-1
TestGetRandomRegionExcludesForbiddenRegions 2018-06-02T14:26:47+02:00 region.go:57: Using region us-east-2
TestGetRandomRegionExcludesForbiddenRegions 2018-06-02T14:26:47+02:00 region.go:57: Using region ap-south-1
TestGetRandomRegionExcludesForbiddenRegions 2018-06-02T14:26:47+02:00 region.go:57: Using region us-east-2
TestGetRandomRegionExcludesForbiddenRegions 2018-06-02T14:26:47+02:00 region.go:57: Using region ap-south-1
TestGetRandomRegionExcludesForbiddenRegions 2018-06-02T14:26:47+02:00 region.go:57: Using region ap-south-1
TestGetRandomRegionExcludesForbiddenRegions 2018-06-02T14:26:47+02:00 region.go:57: Using region ap-southeast-1
TestGetRandomRegionExcludesForbiddenRegions 2018-06-02T14:26:47+02:00 region.go:57: Using region us-east-1
TestGetRandomRegionExcludesForbiddenRegions 2018-06-02T14:26:47+02:00 region.go:57: Using region eu-west-2
TestGetRandomRegionExcludesForbiddenRegions 2018-06-02T14:26:47+02:00 region.go:57: Using region ap-south-1
TestGetRandomRegionExcludesForbiddenRegions 2018-06-02T14:26:47+02:00 region.go:57: Using region eu-west-1
TestGetRandomRegionExcludesForbiddenRegions 2018-06-02T14:26:47+02:00 region.go:57: Using region eu-central-1
TestGetRandomRegionExcludesForbiddenRegions 2018-06-02T14:26:47+02:00 region.go:57: Using region us-east-2
TestGetRandomRegionExcludesForbiddenRegions 2018-06-02T14:26:47+02:00 region.go:57: Using region eu-west-2
TestGetRandomRegionExcludesForbiddenRegions 2018-06-02T14:26:47+02:00 region.go:57: Using region ca-central-1
TestGetRandomRegionExcludesForbiddenRegions 2018-06-02T14:26:47+02:00 region.go:57: Using region us-east-1
TestGetRandomRegionExcludesForbiddenRegions 2018-06-02T14:26:47+02:00 region.go:57: Using region ap-southeast-1
TestGetRandomRegionExcludesForbiddenRegions 2018-06-02T14:26:47+02:00 region.go:57: Using region ap-northeast-1
TestGetRandomRegionExcludesForbiddenRegions 2018-06-02T14:26:47+02:00 region.go:57: Using region eu-west-1
TestGetRandomRegionExcludesForbiddenRegions 2018-06-02T14:26:47+02:00 region.go:57: Using region eu-west-2
TestGetRandomRegionExcludesForbiddenRegions 2018-06-02T14:26:47+02:00 region.go:57: Using region us-east-1
TestGetRandomRegionExcludesForbiddenRegions 2018-06-02T14:26:47+02:00 region.go:57: Using region eu-west-1
TestGetRandomRegionExcludesForbiddenRegions 2018-06-02T14:26:47+02:00 region.go:57: Using region us-east-2
TestGetRandomRegionExcludesForbiddenRegions 2018-06-02T14:26:47+02:00 region.go:57: Using region eu-west-1
TestGetRandomRegionExcludesForbiddenRegions 2018-06-02T14:26:47+02:00 region.go:57: Using region ap-southeast-1
TestGetRandomRegionExcludesForbiddenRegions 2018-06-02T14:26:47+02:00 region.go:57: Using region eu-west-2
TestGetRandomRegionExcludesForbiddenRegions 2018-06-02T14:26:47+02:00 region.go:57: Using region ca-central-1
TestGetRandomRegionExcludesForbiddenRegions 2018-06-02T14:26:47+02:00 region.go:57: Using region ap-southeast-1
TestGetRandomRegionExcludesForbiddenRegions 2018-06-02T14:26:47+02:00 region.go:57: Using region eu-west-1
TestGetRandomRegionExcludesForbiddenRegions 2018-06-02T14:26:47+02:00 region.go:57: Using region ap-northeast-1
TestGetRandomRegionExcludesForbiddenRegions 2018-06-02T14:26:47+02:00 region.go:57: Using region us-west-1
TestGetRandomRegionExcludesForbiddenRegions 2018-06-02T14:26:47+02:00 region.go:57: Using region us-west-1
TestGetRandomRegionExcludesForbiddenRegions 2018-06-02T14:26:47+02:00 region.go:57: Using region eu-central-1
TestGetRandomRegionExcludesForbiddenRegions 2018-06-02T14:26:47+02:00 region.go:57: Using region eu-west-1
TestGetRandomRegionExcludesForbiddenRegions 2018-06-02T14:26:47+02:00 region.go:57: Using region us-west-1
TestGetRandomRegionExcludesForbiddenRegions 2018-06-02T14:26:47+02:00 region.go:57: Using region ap-south-1
TestGetRandomRegionExcludesForbiddenRegions 2018-06-02T14:26:47+02:00 region.go:57: Using region us-west-1
TestGetRandomRegionExcludesForbiddenRegions 2018-06-02T14:26:47+02:00 region.go:57: Using region eu-west-1
TestGetRandomRegionExcludesForbiddenRegions 2018-06-02T14:26:47+02:00 region.go:57: Using region ap-south-1
TestGetRandomRegionExcludesForbiddenRegions 2018-06-02T14:26:47+02:00 region.go:57: Using region us-east-2
TestGetRandomRegionExcludesForbiddenRegions 2018-06-02T14:26:47+02:00 region.go:57: Using region ca-central-1
TestGetRandomRegionExcludesForbiddenRegions 2018-06-02T14:26:47+02:00 region.go:57: Using region ap-southeast-1
TestGetRandomRegionExcludesForbiddenRegions 2018-06-02T14:26:47+02:00 region.go:57: Using region us-east-2
TestGetRandomRegionExcludesForbiddenRegions 2018-06-02T14:26:47+02:00 region.go:57: Using region us-east-1
TestGetRandomRegionExcludesForbiddenRegions 2018-06-02T14:26:47+02:00 region.go:57: Using region ca-central-1
TestGetRandomRegionExcludesForbiddenRegions 2018-06-02T14:26:47+02:00 region.go:57: Using region ap-northeast-1
TestGetRandomRegionExcludesForbiddenRegions 2018-06-02T14:26:47+02:00 region.go:57: Using region us-east-1
TestGetRandomRegionExcludesForbiddenRegions 2018-06-02T14:26:47+02:00 region.go:57: Using region ca-central-1
TestGetRandomRegionExcludesForbiddenRegions 2018-06-02T14:26:47+02:00 region.go:57: Using region eu-west-2
TestGetRandomRegionExcludesForbiddenRegions 2018-06-02T14:26:47+02:00 region.go:57: Using region eu-west-1
TestGetRandomRegionExcludesForbiddenRegions 2018-06-02T14:26:47+02:00 region.go:57: Using region us-west-1
TestGetRandomRegionExcludesForbiddenRegions 2018-06-02T14:26:47+02:00 region.go:57: Using region ca-central-1
TestGetRandomRegionExcludesForbiddenRegions 2018-06-02T14:26:47+02:00 region.go:57: Using region ap-south-1
TestGetRandomRegionExcludesForbiddenRegions 2018-06-02T14:26:47+02:00 region.go:57: Using region us-east-1
TestGetRandomRegionExcludesForbiddenRegions 2018-06-02T14:26:47+02:00 region.go:57: Using region ca-central-1
TestGetRandomRegionExcludesForbiddenRegions 2018-06-02T14:26:47+02:00 region.go:57: Using region eu-central-1
TestGetRandomRegionExcludesForbiddenRegions 2018-06-02T14:26:47+02:00 region.go:57: Using region ca-central-1
TestGetRandomRegionExcludesForbiddenRegions 2018-06-02T14:26:47+02:00 region.go:57: Using region us-east-1
TestGetRandomRegionExcludesForbiddenRegions 2018-06-02T14:26:47+02:00 region.go:57: Using region eu-central-1
TestGetRandomRegionExcludesForbiddenRegions 2018-06-02T14:26:47+02:00 region.go:57: Using region us-east-2
TestGetRandomRegionExcludesForbiddenRegions 2018-06-02T14:26:47+02:00 region.go:57: Using region us-east-2
TestGetRandomRegionExcludesForbiddenRegions 2018-06-02T14:26:47+02:00 region.go:57: Using region us-west-1
TestGetRandomRegionExcludesForbiddenRegions 2018-06-02T14:26:47+02:00 region.go:57: Using region ap-south-1
TestGetRandomRegionExcludesForbiddenRegions 2018-06-02T14:26:47+02:00 region.go:57: Using region us-west-1
TestGetRandomRegionExcludesForbiddenRegions 2018-06-02T14:26:47+02:00 region.go:57: Using region eu-west-1
TestGetRandomRegionExcludesForbiddenRegions 2018-06-02T14:26:47+02:00 region.go:57: Using region us-east-2
TestGetRandomRegionExcludesForbiddenRegions 2018-06-02T14:26:47+02:00 region.go:57: Using region eu-central-1
TestGetRandomRegionExcludesForbiddenRegions 2018-06-02T14:26:47+02:00 region.go:57: Using region eu-west-1
TestGetRandomRegionExcludesForbiddenRegions 2018-06-02T14:26:47+02:00 region.go:57: Using region ap-south-1
TestGetRandomRegionExcludesForbiddenRegions 2018-06-02T14:26:47+02:00 region.go:57: Using region eu-west-1
TestGetRandomRegionExcludesForbiddenRegions 2018-06-02T14:26:47+02:00 region.go:57: Using region us-east-2
TestGetRandomRegionExcludesForbiddenRegions 2018-06-02T14:26:47+02:00 region.go:57: Using region eu-west-2
TestGetRandomRegionExcludesForbiddenRegions 2018-06-02T14:26:47+02:00 region.go:57: Using region eu-central-1
TestGetRandomRegionExcludesForbiddenRegions 2018-06-02T14:26:47+02:00 region.go:57: Using region eu-west-1
TestGetRandomRegionExcludesForbiddenRegions 2018-06-02T14:26:47+02:00 region.go:57: Using region us-east-1
TestGetRandomRegionExcludesForbiddenRegions 2018-06-02T14:26:47+02:00 region.go:57: Using region us-east-2
TestGetRandomRegionExcludesForbiddenRegions 2018-06-02T14:26:47+02:00 region.go:57: Using region us-west-1
TestGetRandomRegionExcludesForbiddenRegions 2018-06-02T14:26:47+02:00 region.go:57: Using region ap-northeast-1
TestGetRandomRegionExcludesForbiddenRegions 2018-06-02T14:26:47+02:00 region.go:57: Using region ca-central-1
TestGetRandomRegionExcludesForbiddenRegions 2018-06-02T14:26:47+02:00 region.go:57: Using region eu-west-1
TestGetRandomRegionExcludesForbiddenRegions 2018-06-02T14:26:47+02:00 region.go:57: Using region eu-central-1
TestGetRandomRegionExcludesForbiddenRegions 2018-06-02T14:26:47+02:00 region.go:57: Using region ap-southeast-1
TestGetRandomRegionExcludesForbiddenRegions 2018-06-02T14:26:47+02:00 region.go:57: Using region ap-south-1
TestGetRandomRegionExcludesForbiddenRegions 2018-06-02T14:26:47+02:00 region.go:57: Using region us-east-1
TestGetRandomRegionExcludesForbiddenRegions 2018-06-02T14:26:47+02:00 region.go:57: Using region us-west-1
TestGetRandomRegionExcludesForbiddenRegions 2018-06-02T14:26:47+02:00 region.go:57: Using region ap-southeast-1
TestGetRandomRegionExcludesForbiddenRegions 2018-06-02T14:26:47+02:00 region.go:57: Using region eu-west-2
TestGetRandomRegionExcludesForbiddenRegions 2018-06-02T14:26:47+02:00 region.go:57: Using region ap-south-1
TestGetRandomRegionExcludesForbiddenRegions 2018-06-02T14:26:47+02:00 region.go:57: Using region us-east-2
TestGetRandomRegionExcludesForbiddenRegions 2018-06-02T14:26:47+02:00 region.go:57: Using region us-west-1
TestGetRandomRegionExcludesForbiddenRegions 2018-06-02T14:26:47+02:00 region.go:57: Using region us-east-2
TestGetRandomRegionExcludesForbiddenRegions 2018-06-02T14:26:47+02:00 region.go:57: Using region ap-southeast-1
TestGetRandomRegionExcludesForbiddenRegions 2018-06-02T14:26:47+02:00 region.go:57: Using region us-east-1
TestGetRandomRegionExcludesForbiddenRegions 2018-06-02T14:26:47+02:00 region.go:57: Using region eu-central-1
TestGetRandomRegionExcludesForbiddenRegions 2018-06-02T14:26:47+02:00 region.go:57: Using region us-east-2
TestGetRandomRegionExcludesForbiddenRegions 2018-06-02T14:26:47+02:00 region.go:57: Using region eu-central-1
TestGetRandomRegionExcludesForbiddenRegions 2018-06-02T14:26:47+02:00 region.go:57: Using region us-east-2
TestGetRandomRegionExcludesForbiddenRegions 2018-06-02T14:26:47+02:00 region.go:57: Using region ca-central-1
TestGetRandomRegionExcludesForbiddenRegions 2018-06-02T14:26:47+02:00 region.go:57: Using region eu-west-1
TestGetRandomRegionExcludesForbiddenRegions 2018-06-02T14:26:47+02:00 region.go:57: Using region eu-west-2
TestGetRandomRegionExcludesForbiddenRegions 2018-06-02T14:26:47+02:00 region.go:57: Using region ap-northeast-1
TestGetRandomRegionExcludesForbiddenRegions 2018-06-02T14:26:47+02:00 region.go:57: Using region us-west-1
TestGetRandomRegionExcludesForbiddenRegions 2018-06-02T14:26:47+02:00 region.go:57: Using region ap-south-1
TestGetRandomRegionExcludesForbiddenRegions 2018-06-02T14:26:47+02:00 region.go:57: Using region eu-west-1
TestGetRandomRegionExcludesForbiddenRegions 2018-06-02T14:26:47+02:00 region.go:57: Using region us-east-1
TestGetRandomRegionExcludesForbiddenRegions 2018-06-02T14:26:47+02:00 region.go:57: Using region ca-central-1
TestGetRandomRegionExcludesForbiddenRegions 2018-06-02T14:26:47+02:00 region.go:57: Using region ap-south-1
TestGetRandomRegionExcludesForbiddenRegions 2018-06-02T14:26:47+02:00 region.go:57: Using region ap-northeast-1
TestGetRandomRegionExcludesForbiddenRegions 2018-06-02T14:26:47+02:00 region.go:57: Using region us-east-1
TestGetRandomRegionExcludesForbiddenRegions 2018-06-02T14:26:47+02:00 region.go:57: Using region us-east-1
TestGetRandomRegionExcludesForbiddenRegions 2018-06-02T14:26:47+02:00 region.go:57: Using region us-east-2
TestGetRandomRegionExcludesForbiddenRegions 2018-06-02T14:26:47+02:00 region.go:57: Using region eu-west-2
TestGetRandomRegionExcludesForbiddenRegions 2018-06-02T14:26:47+02:00 region.go:57: Using region eu-west-1
TestGetRandomRegionExcludesForbiddenRegions 2018-06-02T14:26:47+02:00 region.go:57: Using region ap-south-1
TestGetRandomRegionExcludesForbiddenRegions 2018-06-02T14:26:47+02:00 region.go:57: Using region ap-northeast-1
TestGetRandomRegionExcludesForbiddenRegions 2018-06-02T14:26:47+02:00 region.go:57: Using region us-east-1
TestGetRandomRegionExcludesForbiddenRegions 2018-06-02T14:26:47+02:00 region.go:57: Using region ap-south-1
TestGetRandomRegionExcludesForbiddenRegions 2018-06-02T14:26:47+02:00 region.go:57: Using region us-east-2
TestGetRandomRegionExcludesForbiddenRegions 2018-06-02T14:26:47+02:00 region.go:57: Using region us-east-2
TestGetRandomRegionExcludesForbiddenRegions 2018-06-02T14:26:47+02:00 region.go:57: Using region ca-central-1
TestGetRandomRegionExcludesForbiddenRegions 2018-06-02T14:26:47+02:00 region.go:57: Using region us-east-2
TestGetRandomRegionExcludesForbiddenRegions 2018-06-02T14:26:47+02:00 region.go:57: Using region ap-southeast-1
TestGetRandomRegionExcludesForbiddenRegions 2018-06-02T14:26:47+02:00 region.go:57: Using region us-east-2
TestGetRandomRegionExcludesForbiddenRegions 2018-06-02T14:26:47+02:00 region.go:57: Using region eu-west-2
TestGetRandomRegionExcludesForbiddenRegions 2018-06-02T14:26:47+02:00 region.go:57: Using region ap-northeast-1
TestGetRandomRegionExcludesForbiddenRegions 2018-06-02T14:26:47+02:00 region.go:57: Using region eu-west-2
TestGetRandomRegionExcludesForbiddenRegions 2018-06-02T14:26:47+02:00 region.go:57: Using region us-west-1
TestGetRandomRegionExcludesForbiddenRegions 2018-06-02T14:26:47+02:00 region.go:57: Using region us-east-1
TestGetRandomRegionExcludesForbiddenRegions 2018-06-02T14:26:47+02:00 region.go:57: Using region ap-southeast-1
TestGetRandomRegionExcludesForbiddenRegions 2018-06-02T14:26:47+02:00 region.go:57: Using region ca-central-1
TestGetRandomRegionExcludesForbiddenRegions 2018-06-02T14:26:47+02:00 region.go:57: Using region eu-central-1
TestGetRandomRegionExcludesForbiddenRegions 2018-06-02T14:26:47+02:00 region.go:57: Using region ap-south-1
TestGetRandomRegionExcludesForbiddenRegions 2018-06-02T14:26:47+02:00 region.go:57: Using region ca-central-1
TestGetRandomRegionExcludesForbiddenRegions 2018-06-02T14:26:47+02:00 region.go:57: Using region eu-west-2
TestGetRandomRegionExcludesForbiddenRegions 2018-06-02T14:26:47+02:00 region.go:57: Using region ca-central-1
TestGetRandomRegionExcludesForbiddenRegions 2018-06-02T14:26:47+02:00 region.go:57: Using region us-east-1
TestGetRandomRegionExcludesForbiddenRegions 2018-06-02T14:26:47+02:00 region.go:57: Using region ap-south-1
TestGetRandomRegionExcludesForbiddenRegions 2018-06-02T14:26:47+02:00 region.go:57: Using region ap-south-1
TestGetRandomRegionExcludesForbiddenRegions 2018-06-02T14:26:47+02:00 region.go:57: Using region ca-central-1
TestGetRandomRegionExcludesForbiddenRegions 2018-06-02T14:26:47+02:00 region.go:57: Using region us-east-1
TestGetRandomRegionExcludesForbiddenRegions 2018-06-02T14:26:47+02:00 region.go:57: Using region eu-west-1
TestGetRandomRegionExcludesForbiddenRegions 2018-06-02T14:26:47+02:00 region.go:57: Using region eu-central-1
TestGetRandomRegionExcludesForbiddenRegions 2018-06-02T14:26:47+02:00 region.go:57: Using region us-east-2
TestGetRandomRegionExcludesForbiddenRegions 2018-06-02T14:26:47+02:00 region.go:57: Using region ap-south-1
TestGetRandomRegionExcludesForbiddenRegions 2018-06-02T14:26:47+02:00 region.go:57: Using region us-east-1
TestGetRandomRegionExcludesForbiddenRegions 2018-06-02T14:26:47+02:00 region.go:57: Using region ap-southeast-1
TestGetRandomRegionExcludesForbiddenRegions 2018-06-02T14:26:47+02:00 region.go:57: Using region ap-northeast-1
TestGetRandomRegionExcludesForbiddenRegions 2018-06-02T14:26:47+02:00 region.go:57: Using region eu-central-1
TestGetRandomRegionExcludesForbiddenRegions 2018-06-02T14:26:47+02:00 region.go:57: Using region eu-central-1
TestGetRandomRegionExcludesForbiddenRegions 2018-06-02T14:26:47+02:00 region.go:57: Using region us-west-1
TestGetRandomRegionExcludesForbiddenRegions 2018-06-02T14:26:47+02:00 region.go:57: Using region us-east-1
TestGetRandomRegionExcludesForbiddenRegions 2018-06-02T14:26:47+02:00 region.go:57: Using region ap-south-1
TestGetRandomRegionExcludesForbiddenRegions 2018-06-02T14:26:47+02:00 region.go:57: Using region ap-northeast-1
TestGetRandomRegionExcludesForbiddenRegions 2018-06-02T14:26:47+02:00 region.go:57: Using region ca-central-1
TestGetRandomRegionExcludesForbiddenRegions 2018-06-02T14:26:47+02:00 region.go:57: Using region ap-northeast-1
TestGetRandomRegionExcludesForbiddenRegions 2018-06-02T14:26:47+02:00 region.go:57: Using region ap-southeast-1
TestGetRandomRegionExcludesForbiddenRegions 2018-06-02T14:26:47+02:00 region.go:57: Using region us-west-1
TestGetRandomRegionExcludesForbiddenRegions 2018-06-02T14:26:47+02:00 region.go:57: Using region ap-southeast-1
TestGetRandomRegionExcludesForbiddenRegions 2018-06-02T14:26:47+02:00 region.go:57: Using region us-west-1
TestGetRandomRegionExcludesForbiddenRegions 2018-06-02T14:26:47+02:00 region.go:57: Using region eu-west-2
TestGetRandomRegionExcludesForbiddenRegions 2018-06-02T14:26:47+02:00 region.go:57: Using region eu-central-1
TestGetRandomRegionExcludesForbiddenRegions 2018-06-02T14:26:47+02:00 region.go:57: Using region eu-west-1
TestGetRandomRegionExcludesForbiddenRegions 2018-06-02T14:26:47+02:00 region.go:57: Using region ap-south-1
TestGetRandomRegionExcludesForbiddenRegions 2018-06-02T14:26:47+02:00 region.go:57: Using region us-east-2
TestGetRandomRegionExcludesForbiddenRegions 2018-06-02T14:26:47+02:00 region.go:57: Using region eu-central-1
TestGetRandomRegionExcludesForbiddenRegions 2018-06-02T14:26:47+02:00 region.go:57: Using region us-east-1
TestGetRandomRegionExcludesForbiddenRegions 2018-06-02T14:26:47+02:00 region.go:57: Using region us-west-1
TestGetRandomRegionExcludesForbiddenRegions 2018-06-02T14:26:47+02:00 region.go:57: Using region eu-west-2
TestGetRandomRegionExcludesForbiddenRegions 2018-06-02T14:26:47+02:00 region.go:57: Using region ap-southeast-1
TestGetRandomRegionExcludesForbiddenRegions 2018-06-02T14:26:47+02:00 region.go:57: Using region ap-southeast-1
TestGetRandomRegionExcludesForbiddenRegions 2018-06-02T14:26:47+02:00 region.go:57: Using region us-east-1
TestGetRandomRegionExcludesForbiddenRegions 2018-06-02T14:26:47+02:00 region.go:57: Using region eu-central-1
TestGetRandomRegionExcludesForbiddenRegions 2018-06-02T14:26:47+02:00 region.go:57: Using region us-east-1
TestGetRandomRegionExcludesForbiddenRegions 2018-06-02T14:26:47+02:00 region.go:57: Using region eu-west-1
TestGetRandomRegionExcludesForbiddenRegions 2018-06-02T14:26:47+02:00 region.go:57: Using region eu-west-1
TestGetRandomRegionExcludesForbiddenRegions 2018-06-02T14:26:47+02:00 region.go:57: Using region ap-northeast-1
TestGetRandomRegionExcludesForbiddenRegions 2018-06-02T14:26:47+02:00 region.go:57: Using region us-east-2
TestGetRandomRegionExcludesForbiddenRegions 2018-06-02T14:26:47+02:00 region.go:57: Using region us-east-2
TestGetRandomRegionExcludesForbiddenRegions 2018-06-02T14:26:47+02:00 region.go:57: Using region eu-central-1
TestGetRandomRegionExcludesForbiddenRegions 2018-06-02T14:26:47+02:00 region.go:57: Using region us-east-2
TestGetRandomRegionExcludesForbiddenRegions 2018-06-02T14:26:47+02:00 region.go:57: Using region us-east-1
TestGetRandomRegionExcludesForbiddenRegions 2018-06-02T14:26:47+02:00 region.go:57: Using region ap-northeast-1
TestGetRandomRegionExcludesForbiddenRegions 2018-06-02T14:26:47+02:00 region.go:57: Using region eu-west-2
TestGetRandomRegionExcludesForbiddenRegions 2018-06-02T14:26:47+02:00 region.go:57: Using region eu-west-1
TestGetRandomRegionExcludesForbiddenRegions 2018-06-02T14:26:47+02:00 region.go:57: Using region us-east-1
TestGetRandomRegionExcludesForbiddenRegions 2018-06-02T14:26:47+02:00 region.go:57: Using region eu-west-2
TestGetRandomRegionExcludesForbiddenRegions 2018-06-02T14:26:47+02:00 region.go:57: Using region us-east-2
TestGetRandomRegionExcludesForbiddenRegions 2018-06-02T14:26:47+02:00 region.go:57: Using region us-east-2
TestGetRandomRegionExcludesForbiddenRegions 2018-06-02T14:26:47+02:00 region.go:57: Using region eu-west-2
TestGetRandomRegionExcludesForbiddenRegions 2018-06-02T14:26:47+02:00 region.go:57: Using region ap-northeast-1
TestGetRandomRegionExcludesForbiddenRegions 2018-06-02T14:26:47+02:00 region.go:57: Using region us-east-1
TestGetRandomRegionExcludesForbiddenRegions 2018-06-02T14:26:47+02:00 region.go:57: Using region eu-west-2
TestGetRandomRegionExcludesForbiddenRegions 2018-06-02T14:26:47+02:00 region.go:57: Using region us-east-1
TestGetRandomRegionExcludesForbiddenRegions 2018-06-02T14:26:47+02:00 region.go:57: Using region ap-northeast-1
TestGetRandomRegionExcludesForbiddenRegions 2018-06-02T14:26:47+02:00 region.go:57: Using region ap-south-1
TestGetRandomRegionExcludesForbiddenRegions 2018-06-02T14:26:47+02:00 region.go:57: Using region us-east-2
TestGetRandomRegionExcludesForbiddenRegions 2018-06-02T14:26:47+02:00 region.go:57: Using region ca-central-1
TestGetRandomRegionExcludesForbiddenRegions 2018-06-02T14:26:47+02:00 region.go:57: Using region ca-central-1
TestGetRandomRegionExcludesForbiddenRegions 2018-06-02T14:26:47+02:00 region.go:57: Using region ca-central-1
TestGetRandomRegionExcludesForbiddenRegions 2018-06-02T14:26:47+02:00 region.go:57: Using region eu-central-1
TestGetRandomRegionExcludesForbiddenRegions 2018-06-02T14:26:47+02:00 region.go:57: Using region eu-west-2
TestGetRandomRegionExcludesForbiddenRegions 2018-06-02T14:26:47+02:00 region.go:57: Using region ap-northeast-1
TestGetRandomRegionExcludesForbiddenRegions 2018-06-02T14:26:47+02:00 region.go:57: Using region us-east-2
TestGetRandomRegionExcludesForbiddenRegions 2018-06-02T14:26:47+02:00 region.go:57: Using region ap-northeast-1
TestGetRandomRegionExcludesForbiddenRegions 2018-06-02T14:26:47+02:00 region.go:57: Using region ca-central-1
TestGetRandomRegionExcludesForbiddenRegions 2018-06-02T14:26:47+02:00 region.go:57: Using region eu-west-1
TestGetRandomRegionExcludesForbiddenRegions 2018-06-02T14:26:47+02:00 region.go:57: Using region ca-central-1
TestGetRandomRegionExcludesForbiddenRegions 2018-06-02T14:26:47+02:00 region.go:57: Using region us-east-1
TestGetRandomRegionExcludesForbiddenRegions 2018-06-02T14:26:47+02:00 region.go:57: Using region eu-central-1
TestGetRandomRegionExcludesForbiddenRegions 2018-06-02T14:26:47+02:00 region.go:57: Using region ap-northeast-1
TestGetRandomRegionExcludesForbiddenRegions 2018-06-02T14:26:47+02:00 region.go:57: Using region ap-south-1
TestGetRandomRegionExcludesForbiddenRegions 2018-06-02T14:26:47+02:00 region.go:57: Using region us-east-1
TestGetRandomRegionExcludesForbiddenRegions 2018-06-02T14:26:47+02:00 region.go:57: Using region ap-southeast-1
TestGetRandomRegionExcludesForbiddenRegions 2018-06-02T14:26:47+02:00 region.go:57: Using region us-east-2
TestGetRandomRegionExcludesForbiddenRegions 2018-06-02T14:26:47+02:00 region.go:57: Using region ap-northeast-1
TestGetRandomRegionExcludesForbiddenRegions 2018-06-02T14:26:47+02:00 region.go:57: Using region us-east-1
TestGetRandomRegionExcludesForbiddenRegions 2018-06-02T14:26:47+02:00 region.go:57: Using region eu-central-1
TestGetRandomRegionExcludesForbiddenRegions 2018-06-02T14:26:47+02:00 region.go:57: Using region ap-southeast-1
TestGetRandomRegionExcludesForbiddenRegions 2018-06-02T14:26:47+02:00 region.go:57: Using region ap-southeast-1
TestGetRandomRegionExcludesForbiddenRegions 2018-06-02T14:26:47+02:00 region.go:57: Using region ap-southeast-1
TestGetRandomRegionExcludesForbiddenRegions 2018-06-02T14:26:47+02:00 region.go:57: Using region ca-central-1
TestGetRandomRegionExcludesForbiddenRegions 2018-06-02T14:26:47+02:00 region.go:57: Using region ap-south-1
TestGetRandomRegionExcludesForbiddenRegions 2018-06-02T14:26:47+02:00 region.go:57: Using region ap-southeast-1
TestGetRandomRegionExcludesForbiddenRegions 2018-06-02T14:26:47+02:00 region.go:57: Using region eu-central-1
TestGetRandomRegionExcludesForbiddenRegions 2018-06-02T14:26:47+02:00 region.go:57: Using region ap-northeast-1
TestGetRandomRegionExcludesForbiddenRegions 2018-06-02T14:26:47+02:00 region.go:57: Using region us-west-1
TestGetRandomRegionExcludesForbiddenRegions 2018-06-02T14:26:47+02:00 region.go:57: Using region us-west-1
TestGetRandomRegionExcludesForbiddenRegions 2018-06-02T14:26:47+02:00 region.go:57: Using region ap-northeast-1
TestGetRandomRegionExcludesForbiddenRegions 2018-06-02T14:26:47+02:00 region.go:57: Using region ap-northeast-1
TestGetRandomRegionExcludesForbiddenRegions 2018-06-02T14:26:47+02:00 region.go:57: Using region us-east-1
TestGetRandomRegionExcludesForbiddenRegions 2018-06-02T14:26:47+02:00 region.go:57: Using region eu-west-1
TestGetRandomRegionExcludesForbiddenRegions 2018-06-02T14:26:47+02:00 region.go:57: Using region us-east-2
TestGetRandomRegionExcludesForbiddenRegions 2018-06-02T14:26:47+02:00 region.go:57: Using region ap-northeast-1
TestGetRandomRegionExcludesForbiddenRegions 2018-06-02T14:26:47+02:00 region.go:57: Using region ap-northeast-1
TestGetRandomRegionExcludesForbiddenRegions 2018-06-02T14:26:47+02:00 region.go:57: Using region us-east-2
TestGetRandomRegionExcludesForbiddenRegions 2018-06-02T14:26:47+02:00 region.go:57: Using region eu-central-1
TestGetRandomRegionExcludesForbiddenRegions 2018-06-02T14:26:47+02:00 region.go:57: Using region ap-south-1
TestGetRandomRegionExcludesForbiddenRegions 2018-06-02T14:26:47+02:00 region.go:57: Using region eu-west-1
TestGetRandomRegionExcludesForbiddenRegions 2018-06-02T14:26:47+02:00 region.go:57: Using region ap-south-1
TestGetRandomRegionExcludesForbiddenRegions 2018-06-02T14:26:47+02:00 region.go:57: Using region us-west-1
TestGetRandomRegionExcludesForbiddenRegions 2018-06-02T14:26:47+02:00 region.go:57: Using region us-east-2
TestGetRandomRegionExcludesForbiddenRegions 2018-06-02T14:26:47+02:00 region.go:57: Using region us-west-1
TestGetRandomRegionExcludesForbiddenRegions 2018-06-02T14:26:47+02:00 region.go:57: Using region ca-central-1
TestGetRandomRegionExcludesForbiddenRegions 2018-06-02T14:26:47+02:00 region.go:57: Using region ap-south-1
TestGetRandomRegionExcludesForbiddenRegions 2018-06-02T14:26:47+02:00 region.go:57: Using region ap-southeast-1
TestGetRandomRegionExcludesForbiddenRegions 2018-06-02T14:26:47+02:00 region.go:57: Using region eu-west-2
TestGetRandomRegionExcludesForbiddenRegions 2018-06-02T14:26:47+02:00 region.go:57: Using region ap-northeast-1
TestGetRandomRegionExcludesForbiddenRegions 2018-06-02T14:26:47+02:00 region.go:57: Using region ca-central-1
TestGetRandomRegionExcludesForbiddenRegions 2018-06-02T14:26:47+02:00 region.go:57: Using region eu-west-2
TestGetRandomRegionExcludesForbiddenRegions 2018-06-02T14:26:47+02:00 region.go:57: Using region eu-west-2
TestGetRandomRegionExcludesForbiddenRegions 2018-06-02T14:26:47+02:00 region.go:57: Using region eu-west-1
TestGetRandomRegionExcludesForbiddenRegions 2018-06-02T14:26:47+02:00 region.go:57: Using region eu-west-1
TestGetRandomRegionExcludesForbiddenRegions 2018-06-02T14:26:47+02:00 region.go:57: Using region ap-northeast-1
TestGetRandomRegionExcludesForbiddenRegions 2018-06-02T14:26:47+02:00 region.go:57: Using region us-east-2
TestGetRandomRegionExcludesForbiddenRegions 2018-06-02T14:26:47+02:00 region.go:57: Using region eu-west-2
TestGetRandomRegionExcludesForbiddenRegions 2018-06-02T14:26:47+02:00 region.go:57: Using region us-east-1
TestGetRandomRegionExcludesForbiddenRegions 2018-06-02T14:26:47+02:00 region.go:57: Using region eu-west-1
TestGetRandomRegionExcludesForbiddenRegions 2018-06-02T14:26:47+02:00 region.go:57: Using region eu-west-2
TestGetRandomRegionExcludesForbiddenRegions 2018-06-02T14:26:47+02:00 region.go:57: Using region ap-southeast-1
TestGetRandomRegionExcludesForbiddenRegions 2018-06-02T14:26:47+02:00 region.go:57: Using region ap-southeast-1
TestGetRandomRegionExcludesForbiddenRegions 2018-06-02T14:26:47+02:00 region.go:57: Using region us-east-2
TestGetRandomRegionExcludesForbiddenRegions 2018-06-02T14:26:47+02:00 region.go:57: Using region us-west-1
TestGetRandomRegionExcludesForbiddenRegions 2018-06-02T14:26:47+02:00 region.go:57: Using region ap-south-1
TestGetRandomRegionExcludesForbiddenRegions 2018-06-02T14:26:47+02:00 region.go:57: Using region eu-central-1
TestGetRandomRegionExcludesForbiddenRegions 2018-06-02T14:26:47+02:00 region.go:57: Using region eu-west-1
TestGetRandomRegionExcludesForbiddenRegions 2018-06-02T14:26:47+02:00 region.go:57: Using region us-west-1
TestGetRandomRegionExcludesForbiddenRegions 2018-06-02T14:26:47+02:00 region.go:57: Using region ap-southeast-1
TestGetRandomRegionExcludesForbiddenRegions 2018-06-02T14:26:47+02:00 region.go:57: Using region us-west-1
TestGetRandomRegionExcludesForbiddenRegions 2018-06-02T14:26:47+02:00 region.go:57: Using region ca-central-1
TestGetRandomRegionExcludesForbiddenRegions 2018-06-02T14:26:47+02:00 region.go:57: Using region us-west-1
TestGetRandomRegionExcludesForbiddenRegions 2018-06-02T14:26:47+02:00 region.go:57: Using region us-east-2
TestGetRandomRegionExcludesForbiddenRegions 2018-06-02T14:26:47+02:00 region.go:57: Using region us-east-2
TestGetRandomRegionExcludesForbiddenRegions 2018-06-02T14:26:47+02:00 region.go:57: Using region eu-central-1
TestGetRandomRegionExcludesForbiddenRegions 2018-06-02T14:26:47+02:00 region.go:57: Using region ap-northeast-1
TestGetRandomRegionExcludesForbiddenRegions 2018-06-02T14:26:47+02:00 region.go:57: Using region us-east-2
TestGetRandomRegionExcludesForbiddenRegions 2018-06-02T14:26:47+02:00 region.go:57: Using region us-west-1
TestGetRandomRegionExcludesForbiddenRegions 2018-06-02T14:26:47+02:00 region.go:57: Using region us-east-1
TestGetRandomRegionExcludesForbiddenRegions 2018-06-02T14:26:47+02:00 region.go:57: Using region ap-south-1
TestGetRandomRegionExcludesForbiddenRegions 2018-06-02T14:26:47+02:00 region.go:57: Using region eu-central-1
TestGetRandomRegionExcludesForbiddenRegions 2018-06-02T14:26:47+02:00 region.go:57: Using region eu-west-2
TestGetRandomRegionExcludesForbiddenRegions 2018-06-02T14:26:47+02:00 region.go:57: Using region ca-central-1
TestGetRandomRegionExcludesForbiddenRegions 2018-06-02T14:26:47+02:00 region.go:57: Using region eu-west-1
TestGetRandomRegionExcludesForbiddenRegions 2018-06-02T14:26:47+02:00 region.go:57: Using region ca-central-1
TestGetRandomRegionExcludesForbiddenRegions 2018-06-02T14:26:47+02:00 region.go:57: Using region ap-south-1
TestGetRandomRegionExcludesForbiddenRegions 2018-06-02T14:26:47+02:00 region.go:57: Using region us-east-2
TestGetRandomRegionExcludesForbiddenRegions 2018-06-02T14:26:47+02:00 region.go:57: Using region ap-southeast-1
TestGetRandomRegionExcludesForbiddenRegions 2018-06-02T14:26:47+02:00 region.go:57: Using region us-east-1
TestGetRandomRegionExcludesForbiddenRegions 2018-06-02T14:26:47+02:00 region.go:57: Using region ca-central-1
TestGetRandomRegionExcludesForbiddenRegions 2018-06-02T14:26:47+02:00 region.go:57: Using region eu-west-2
TestGetRandomRegionExcludesForbiddenRegions 2018-06-02T14:26:47+02:00 region.go:57: Using region ap-southeast-1
TestGetRandomRegionExcludesForbiddenRegions 2018-06-02T14:26:47+02:00 region.go:57: Using region us-east-1
TestGetRandomRegionExcludesForbiddenRegions 2018-06-02T14:26:47+02:00 region.go:57: Using region ap-northeast-1
TestGetRandomRegionExcludesForbiddenRegions 2018-06-02T14:26:47+02:00 region.go:57: Using region ap-southeast-1
TestGetRandomRegionExcludesForbiddenRegions 2018-06-02T14:26:47+02:00 region.go:57: Using region ap-south-1
TestGetRandomRegionExcludesForbiddenRegions 2018-06-02T14:26:47+02:00 region.go:57: Using region us-west-1
TestGetRandomRegionExcludesForbiddenRegions 2018-06-02T14:26:47+02:00 region.go:57: Using region eu-west-2
TestGetRandomRegionExcludesForbiddenRegions 2018-06-02T14:26:47+02:00 region.go:57: Using region ca-central-1
TestGetRandomRegionExcludesForbiddenRegions 2018-06-02T14:26:47+02:00 region.go:57: Using region ap-south-1
TestGetRandomRegionExcludesForbiddenRegions 2018-06-02T14:26:47+02:00 region.go:57: Using region us-west-1
TestGetRandomRegionExcludesForbiddenRegions 2018-06-02T14:26:47+02:00 region.go:57: Using region eu-central-1
TestGetRandomRegionExcludesForbiddenRegions 2018-06-02T14:26:47+02:00 region.go:57: Using region ap-south-1
TestGetRandomRegionExcludesForbiddenRegions 2018-06-02T14:26:47+02:00 region.go:57: Using region us-west-1
TestGetRandomRegionExcludesForbiddenRegions 2018-06-02T14:26:47+02:00 region.go:57: Using region eu-central-1
TestGetRandomRegionExcludesForbiddenRegions 2018-06-02T14:26:47+02:00 region.go:57: Using region us-east-1
TestGetRandomRegionExcludesForbiddenRegions 2018-06-02T14:26:47+02:00 region.go:57: Using region us-east-2
TestGetRandomRegionExcludesForbiddenRegions 2018-06-02T14:26:47+02:00 region.go:57: Using region us-east-1
TestGetRandomRegionExcludesForbiddenRegions 2018-06-02T14:26:47+02:00 region.go:57: Using region us-east-1
TestGetRandomRegionExcludesForbiddenRegions 2018-06-02T14:26:47+02:00 region.go:57: Using region us-east-2
TestGetRandomRegionExcludesForbiddenRegions 2018-06-02T14:26:47+02:00 region.go:57: Using region ca-central-1
TestGetRandomRegionExcludesForbiddenRegions 2018-06-02T14:26:47+02:00 region.go:57: Using region us-east-2
TestGetRandomRegionExcludesForbiddenRegions 2018-06-02T14:26:47+02:00 region.go:57: Using region eu-central-1
TestGetRandomRegionExcludesForbiddenRegions 2018-06-02T14:26:47+02:00 region.go:57: Using region eu-central-1
TestGetRandomRegionExcludesForbiddenRegions 2018-06-02T14:26:47+02:00 region.go:57: Using region eu-west-1
TestGetRandomRegionExcludesForbiddenRegions 2018-06-02T14:26:47+02:00 region.go:57: Using region ap-northeast-1
TestGetRandomRegionExcludesForbiddenRegions 2018-06-02T14:26:47+02:00 region.go:57: Using region eu-west-1
TestGetRandomRegionExcludesForbiddenRegions 2018-06-02T14:26:47+02:00 region.go:57: Using region ap-northeast-1
TestGetRandomRegionExcludesForbiddenRegions 2018-06-02T14:26:47+02:00 region.go:57: Using region us-east-1
TestGetRandomRegionExcludesForbiddenRegions 2018-06-02T14:26:47+02:00 region.go:57: Using region us-west-1
TestGetRandomRegionExcludesForbiddenRegions 2018-06-02T14:26:47+02:00 region.go:57: Using region ca-central-1
TestGetRandomRegionExcludesForbiddenRegions 2018-06-02T14:26:47+02:00 region.go:57: Using region ca-central-1
TestGetRandomRegionExcludesForbiddenRegions 2018-06-02T14:26:47+02:00 region.go:57: Using region eu-central-1
TestGetRandomRegionExcludesForbiddenRegions 2018-06-02T14:26:47+02:00 region.go:57: Using region ap-southeast-1
TestGetRandomRegionExcludesForbiddenRegions 2018-06-02T14:26:47+02:00 region.go:57: Using region ap-south-1
TestGetRandomRegionExcludesForbiddenRegions 2018-06-02T14:26:47+02:00 region.go:57: Using region eu-west-1
TestGetRandomRegionExcludesForbiddenRegions 2018-06-02T14:26:47+02:00 region.go:57: Using region us-east-1
TestGetRandomRegionExcludesForbiddenRegions 2018-06-02T14:26:47+02:00 region.go:57: Using region us-east-1
TestGetRandomRegionExcludesForbiddenRegions 2018-06-02T14:26:47+02:00 region.go:57: Using region eu-west-1
TestGetRandomRegionExcludesForbiddenRegions 2018-06-02T14:26:47+02:00 region.go:57: Using region eu-west-1
TestGetRandomRegionExcludesForbiddenRegions 2018-06-02T14:26:47+02:00 region.go:57: Using region us-east-1
TestGetRandomRegionExcludesForbiddenRegions 2018-06-02T14:26:47+02:00 region.go:57: Using region eu-west-1
TestGetRandomRegionExcludesForbiddenRegions 2018-06-02T14:26:47+02:00 region.go:57: Using region us-east-2
TestGetRandomRegionExcludesForbiddenRegions 2018-06-02T14:26:47+02:00 region.go:57: Using region us-east-1
TestGetRandomRegionExcludesForbiddenRegions 2018-06-02T14:26:47+02:00 region.go:57: Using region us-west-1
TestGetRandomRegionExcludesForbiddenRegions 2018-06-02T14:26:47+02:00 region.go:57: Using region ap-southeast-1
TestGetRandomRegionExcludesForbiddenRegions 2018-06-02T14:26:47+02:00 region.go:57: Using region ca-central-1
TestGetRandomRegionExcludesForbiddenRegions 2018-06-02T14:26:47+02:00 region.go:57: Using region eu-central-1
TestGetRandomRegionExcludesForbiddenRegions 2018-06-02T14:26:47+02:00 region.go:57: Using region us-east-2
TestGetRandomRegionExcludesForbiddenRegions 2018-06-02T14:26:47+02:00 region.go:57: Using region ap-southeast-1
TestGetRandomRegionExcludesForbiddenRegions 2018-06-02T14:26:47+02:00 region.go:57: Using region eu-west-1
TestGetRandomRegionExcludesForbiddenRegions 2018-06-02T14:26:47+02:00 region.go:57: Using region us-east-1
TestGetRandomRegionExcludesForbiddenRegions 2018-06-02T14:26:47+02:00 region.go:57: Using region ap-south-1
TestGetRandomRegionExcludesForbiddenRegions 2018-06-02T14:26:47+02:00 region.go:57: Using region ap-northeast-1
TestGetRandomRegionExcludesForbiddenRegions 2018-06-02T14:26:47+02:00 region.go:57: Using region ap-northeast-1
TestGetRandomRegionExcludesForbiddenRegions 2018-06-02T14:26:47+02:00 region.go:57: Using region ap-northeast-1
TestGetRandomRegionExcludesForbiddenRegions 2018-06-02T14:26:47+02:00 region.go:57: Using region eu-central-1
TestGetRandomRegionExcludesForbiddenRegions 2018-06-02T14:26:47+02:00 region.go:57: Using region us-east-2
TestGetRandomRegionExcludesForbiddenRegions 2018-06-02T14:26:47+02:00 region.go:57: Using region ap-southeast-1
TestGetRandomRegionExcludesForbiddenRegions 2018-06-02T14:26:47+02:00 region.go:57: Using region ap-south-1
TestGetRandomRegionExcludesForbiddenRegions 2018-06-02T14:26:47+02:00 region.go:57: Using region ca-central-1
TestGetRandomRegionExcludesForbiddenRegions 2018-06-02T14:26:47+02:00 region.go:57: Using region eu-west-2
TestGetRandomRegionExcludesForbiddenRegions 2018-06-02T14:26:47+02:00 region.go:57: Using region ap-northeast-1
TestGetRandomRegionExcludesForbiddenRegions 2018-06-02T14:26:47+02:00 region.go:57: Using region us-west-1
TestGetRandomRegionExcludesForbiddenRegions 2018-06-02T14:26:47+02:00 region.go:57: Using region us-west-1
TestGetRandomRegionExcludesForbiddenRegions 2018-06-02T14:26:47+02:00 region.go:57: Using region eu-west-2
TestGetRandomRegionExcludesForbiddenRegions 2018-06-02T14:26:47+02:00 region.go:57: Using region us-east-1
TestGetRandomRegionExcludesForbiddenRegions 2018-06-02T14:26:47+02:00 region.go:57: Using region ap-northeast-1
TestGetRandomRegionExcludesForbiddenRegions 2018-06-02T14:26:47+02:00 region.go:57: Using region eu-central-1
TestGetRandomRegionExcludesForbiddenRegions 2018-06-02T14:26:47+02:00 region.go:57: Using region ap-south-1
TestGetRandomRegionExcludesForbiddenRegions 2018-06-02T14:26:47+02:00 region.go:57: Using region eu-central-1
TestGetRandomRegionExcludesForbiddenRegions 2018-06-02T14:26:47+02:00 region.go:57: Using region ap-southeast-1
TestGetRandomRegionExcludesForbiddenRegions 2018-06-02T14:26:47+02:00 region.go:57: Using region eu-west-1
TestGetRandomRegionExcludesForbiddenRegions 2018-06-02T14:26:47+02:00 region.go:57: Using region ap-southeast-1
TestGetRandomRegionExcludesForbiddenRegions 2018-06-02T14:26:47+02:00 region.go:57: Using region ca-central-1
TestGetRandomRegionExcludesForbiddenRegions 2018-06-02T14:26:47+02:00 region.go:57: Using region ap-south-1
TestGetRandomRegionExcludesForbiddenRegions 2018-06-02T14:26:47+02:00 region.go:57: Using region eu-west-2
TestGetRandomRegionExcludesForbiddenRegions 2018-06-02T14:26:47+02:00 region.go:57: Using region eu-west-1
TestGetRandomRegionExcludesForbiddenRegions 2018-06-02T14:26:47+02:00 region.go:57: Using region us-east-2
TestGetRandomRegionExcludesForbiddenRegions 2018-06-02T14:26:47+02:00 region.go:57: Using region eu-central-1
TestGetRandomRegionExcludesForbiddenRegions 2018-06-02T14:26:47+02:00 region.go:57: Using region ap-southeast-1
TestGetRandomRegionExcludesForbiddenRegions 2018-06-02T14:26:47+02:00 region.go:57: Using region ap-southeast-1
TestGetRandomRegionExcludesForbiddenRegions 2018-06-02T14:26:47+02:00 region.go:57: Using region ca-central-1
TestGetRandomRegionExcludesForbiddenRegions 2018-06-02T14:26:47+02:00 region.go:57: Using region ap-northeast-1
TestGetRandomRegionExcludesForbiddenRegions 2018-06-02T14:26:47+02:00 region.go:57: Using region ap-southeast-1
TestGetRandomRegionExcludesForbiddenRegions 2018-06-02T14:26:47+02:00 region.go:57: Using region ca-central-1
TestGetRandomRegionExcludesForbiddenRegions 2018-06-02T14:26:47+02:00 region.go:57: Using region eu-west-2
TestGetRandomRegionExcludesForbiddenRegions 2018-06-02T14:26:47+02:00 region.go:57: Using region eu-central-1
TestGetRandomRegionExcludesForbiddenRegions 2018-06-02T14:26:47+02:00 region.go:57: Using region eu-west-1
TestGetRandomRegionExcludesForbiddenRegions 2018-06-02T14:26:47+02:00 region.go:57: Using region us-west-1
TestGetRandomRegionExcludesForbiddenRegions 2018-06-02T14:26:47+02:00 region.go:57: Using region eu-central-1
TestGetRandomRegionExcludesForbiddenRegions 2018-06-02T14:26:47+02:00 region.go:57: Using region eu-west-2
TestGetRandomRegionExcludesForbiddenRegions 2018-06-02T14:26:47+02:00 region.go:57: Using region us-east-2
TestGetRandomRegionExcludesForbiddenRegions 2018-06-02T14:26:47+02:00 region.go:57: Using region ap-south-1
TestGetRandomRegionExcludesForbiddenRegions 2018-06-02T14:26:47+02:00 region.go:57: Using region us-west-1
TestGetRandomRegionExcludesForbiddenRegions 2018-06-02T14:26:47+02:00 region.go:57: Using region eu-west-1
TestGetRandomRegionExcludesForbiddenRegions 2018-06-02T14:26:47+02:00 region.go:57: Using region us-west-1
TestGetRandomRegionExcludesForbiddenRegions 2018-06-02T14:26:47+02:00 region.go:57: Using region us-east-1
TestGetRandomRegionExcludesForbiddenRegions 2018-06-02T14:26:47+02:00 region.go:57: Using region ap-south-1
TestGetRandomRegionExcludesForbiddenRegions 2018-06-02T14:26:47+02:00 region.go:57: Using region eu-west-2
TestGetRandomRegionExcludesForbiddenRegions 2018-06-02T14:26:47+02:00 region.go:57: Using region ap-northeast-1
TestGetRandomRegionExcludesForbiddenRegions 2018-06-02T14:26:47+02:00 region.go:57: Using region ca-central-1
TestGetRandomRegionExcludesForbiddenRegions 2018-06-02T14:26:47+02:00 region.go:57: Using region us-east-1
TestGetRandomRegionExcludesForbiddenRegions 2018-06-02T14:26:47+02:00 region.go:57: Using region us-east-1
TestGetRandomRegionExcludesForbiddenRegions 2018-06-02T14:26:47+02:00 region.go:57: Using region ap-south-1
TestGetRandomRegionExcludesForbiddenRegions 2018-06-02T14:26:47+02:00 region.go:57: Using region us-east-1
TestGetRandomRegionExcludesForbiddenRegions 2018-06-02T14:26:47+02:00 region.go:57: Using region eu-west-2
TestGetRandomRegionExcludesForbiddenRegions 2018-06-02T14:26:47+02:00 region.go:57: Using region ca-central-1
TestGetRandomRegionExcludesForbiddenRegions 2018-06-02T14:26:47+02:00 region.go:57: Using region ap-south-1
TestGetRandomRegionExcludesForbiddenRegions 2018-06-02T14:26:47+02:00 region.go:57: Using region eu-west-1
TestGetRandomRegionExcludesForbiddenRegions 2018-06-02T14:26:47+02:00 region.go:57: Using region eu-west-2
TestGetRandomRegionExcludesForbiddenRegions 2018-06-02T14:26:47+02:00 region.go:57: Using region us-west-1
TestGetRandomRegionExcludesForbiddenRegions 2018-06-02T14:26:47+02:00 region.go:57: Using region ap-south-1
TestGetRandomRegionExcludesForbiddenRegions 2018-06-02T14:26:47+02:00 region.go:57: Using region us-east-2
TestGetRandomRegionExcludesForbiddenRegions 2018-06-02T14:26:47+02:00 region.go:57: Using region ap-southeast-1
TestGetRandomRegionExcludesForbiddenRegions 2018-06-02T14:26:47+02:00 region.go:57: Using region eu-west-1
TestGetRandomRegionExcludesForbiddenRegions 2018-06-02T14:26:47+02:00 region.go:57: Using region ca-central-1
TestGetRandomRegionExcludesForbiddenRegions 2018-06-02T14:26:47+02:00 region.go:57: Using region eu-central-1
TestGetRandomRegionExcludesForbiddenRegions 2018-06-02T14:26:47+02:00 region.go:57: Using region eu-central-1
TestGetRandomRegionExcludesForbiddenRegions 2018-06-02T14:26:47+02:00 region.go:57: Using region ap-northeast-1
TestGetRandomRegionExcludesForbiddenRegions 2018-06-02T14:26:47+02:00 region.go:57: Using region us-west-1
TestGetRandomRegionExcludesForbiddenRegions 2018-06-02T14:26:47+02:00 region.go:57: Using region us-west-1
TestGetRandomRegionExcludesForbiddenRegions 2018-06-02T14:26:47+02:00 region.go:57: Using region us-east-1
TestGetRandomRegionExcludesForbiddenRegions 2018-06-02T14:26:47+02:00 region.go:57: Using region ap-northeast-1
TestGetRandomRegionExcludesForbiddenRegions 2018-06-02T14:26:47+02:00 region.go:57: Using region eu-west-2
TestGetRandomRegionExcludesForbiddenRegions 2018-06-02T14:26:47+02:00 region.go:57: Using region eu-central-1
TestGetRandomRegionExcludesForbiddenRegions 2018-06-02T14:26:47+02:00 region.go:57: Using region ap-southeast-1
TestGetRandomRegionExcludesForbiddenRegions 2018-06-02T14:26:47+02:00 region.go:57: Using region us-east-2
TestGetRandomRegionExcludesForbiddenRegions 2018-06-02T14:26:47+02:00 region.go:57: Using region ap-northeast-1
TestGetRandomRegionExcludesForbiddenRegions 2018-06-02T14:26:47+02:00 region.go:57: Using region eu-central-1
TestGetRandomRegionExcludesForbiddenRegions 2018-06-02T14:26:47+02:00 region.go:57: Using region eu-west-2
TestGetRandomRegionExcludesForbiddenRegions 2018-06-02T14:26:47+02:00 region.go:57: Using region ca-central-1
TestGetRandomRegionExcludesForbiddenRegions 2018-06-02T14:26:47+02:00 region.go:57: Using region ap-northeast-1
TestGetRandomRegionExcludesForbiddenRegions 2018-06-02T14:26:47+02:00 region.go:57: Using region us-west-1
TestGetRandomRegionExcludesForbiddenRegions 2018-06-02T14:26:47+02:00 region.go:57: Using region ap-south-1
TestGetRandomRegionExcludesForbiddenRegions 2018-06-02T14:26:47+02:00 region.go:57: Using region us-east-2
TestGetRandomRegionExcludesForbiddenRegions 2018-06-02T14:26:47+02:00 region.go:57: Using region us-east-2
TestGetRandomRegionExcludesForbiddenRegions 2018-06-02T14:26:47+02:00 region.go:57: Using region us-east-2
TestGetRandomRegionExcludesForbiddenRegions 2018-06-02T14:26:47+02:00 region.go:57: Using region us-east-1
TestGetRandomRegionExcludesForbiddenRegions 2018-06-02T14:26:47+02:00 region.go:57: Using region ap-south-1
TestGetRandomRegionExcludesForbiddenRegions 2018-06-02T14:26:47+02:00 region.go:57: Using region us-east-2
TestGetRandomRegionExcludesForbiddenRegions 2018-06-02T14:26:47+02:00 region.go:57: Using region ap-northeast-1
TestGetRandomRegionExcludesForbiddenRegions 2018-06-02T14:26:47+02:00 region.go:57: Using region ap-south-1
TestGetRandomRegionExcludesForbiddenRegions 2018-06-02T14:26:47+02:00 region.go:57: Using region ap-northeast-1
TestGetRandomRegionExcludesForbiddenRegions 2018-06-02T14:26:47+02:00 region.go:57: Using region ap-southeast-1
TestGetRandomRegionExcludesForbiddenRegions 2018-06-02T14:26:47+02:00 region.go:57: Using region eu-west-1
TestGetRandomRegionExcludesForbiddenRegions 2018-06-02T14:26:47+02:00 region.go:57: Using region ap-northeast-1
TestGetRandomRegionExcludesForbiddenRegions 2018-06-02T14:26:47+02:00 region.go:57: Using region us-west-1
TestGetRandomRegionExcludesForbiddenRegions 2018-06-02T14:26:47+02:00 region.go:57: Using region ap-northeast-1
TestGetRandomRegionExcludesForbiddenRegions 2018-06-02T14:26:47+02:00 region.go:57: Using region ap-south-1
TestGetRandomRegionExcludesForbiddenRegions 2018-06-02T14:26:47+02:00 region.go:57: Using region eu-central-1
TestGetRandomRegionExcludesForbiddenRegions 2018-06-02T14:26:47+02:00 region.go:57: Using region us-east-2
TestGetRandomRegionExcludesForbiddenRegions 2018-06-02T14:26:47+02:00 region.go:57: Using region eu-west-2
TestGetRandomRegionExcludesForbiddenRegions 2018-06-02T14:26:47+02:00 region.go:57: Using region ap-northeast-1
TestGetRandomRegionExcludesForbiddenRegions 2018-06-02T14:26:47+02:00 region.go:57: Using region ap-southeast-1
TestGetRandomRegionExcludesForbiddenRegions 2018-06-02T14:26:47+02:00 region.go:57: Using region eu-west-2
TestGetRandomRegionExcludesForbiddenRegions 2018-06-02T14:26:47+02:00 region.go:57: Using region ca-central-1
TestGetRandomRegionExcludesForbiddenRegions 2018-06-02T14:26:47+02:00 region.go:57: Using region eu-west-1
TestGetRandomRegionExcludesForbiddenRegions 2018-06-02T14:26:47+02:00 region.go:57: Using region us-east-2
TestGetRandomRegionExcludesForbiddenRegions 2018-06-02T14:26:47+02:00 region.go:57: Using region us-east-1
TestGetRandomRegionExcludesForbiddenRegions 2018-06-02T14:26:47+02:00 region.go:57: Using region ap-south-1
TestGetRandomRegionExcludesForbiddenRegions 2018-06-02T14:26:47+02:00 region.go:57: Using region us-west-1
TestGetRandomRegionExcludesForbiddenRegions 2018-06-02T14:26:47+02:00 region.go:57: Using region ca-central-1
TestGetRandomRegionExcludesForbiddenRegions 2018-06-02T14:26:47+02:00 region.go:57: Using region us-west-1
TestGetRandomRegionExcludesForbiddenRegions 2018-06-02T14:26:47+02:00 region.go:57: Using region us-east-1
TestGetRandomRegionExcludesForbiddenRegions 2018-06-02T14:26:47+02:00 region.go:57: Using region eu-central-1
TestGetRandomRegionExcludesForbiddenRegions 2018-06-02T14:26:47+02:00 region.go:57: Using region eu-central-1
TestGetRandomRegionExcludesForbiddenRegions 2018-06-02T14:26:47+02:00 region.go:57: Using region us-east-2
TestGetRandomRegionExcludesForbiddenRegions 2018-06-02T14:26:47+02:00 region.go:57: Using region ap-northeast-1
TestGetRandomRegionExcludesForbiddenRegions 2018-06-02T14:26:47+02:00 region.go:57: Using region us-east-2
TestGetRandomRegionExcludesForbiddenRegions 2018-06-02T14:26:47+02:00 region.go:57: Using region ap-southeast-1
TestGetRandomRegionExcludesForbiddenRegions 2018-06-02T14:26:47+02:00 region.go:57: Using region eu-west-2
TestGetRandomRegionExcludesForbiddenRegions 2018-06-02T14:26:47+02:00 region.go:57: Using region ap-south-1
TestGetRandomRegionExcludesForbiddenRegions 2018-06-02T14:26:47+02:00 region.go:57: Using region ap-southeast-1
TestGetRandomRegionExcludesForbiddenRegions 2018-06-02T14:26:47+02:00 region.go:57: Using region eu-west-2
TestGetRandomRegionExcludesForbiddenRegions 2018-06-02T14:26:47+02:00 region.go:57: Using region ap-southeast-1
TestGetRandomRegionExcludesForbiddenRegions 2018-06-02T14:26:47+02:00 region.go:57: Using region ap-southeast-1
TestGetRandomRegionExcludesForbiddenRegions 2018-06-02T14:26:47+02:00 region.go:57: Using region us-east-1
TestGetRandomRegionExcludesForbiddenRegions 2018-06-02T14:26:47+02:00 region.go:57: Using region eu-central-1
TestGetRandomRegionExcludesForbiddenRegions 2018-06-02T14:26:47+02:00 region.go:57: Using region us-west-1
TestGetRandomRegionExcludesForbiddenRegions 2018-06-02T14:26:47+02:00 region.go:57: Using region ca-central-1
TestGetRandomRegionExcludesForbiddenRegions 2018-06-02T14:26:47+02:00 region.go:57: Using region us-west-1
TestGetRandomRegionExcludesForbiddenRegions 2018-06-02T14:26:47+02:00 region.go:57: Using region ap-northeast-1
TestGetRandomRegionExcludesForbiddenRegions 2018-06-02T14:26:47+02:00 region.go:57: Using region ap-southeast-1
TestGetRandomRegionExcludesForbiddenRegions 2018-06-02T14:26:47+02:00 region.go:57: Using region us-east-2
TestGetRandomRegionExcludesForbiddenRegions 2018-06-02T14:26:47+02:00 region.go:57: Using region ap-northeast-1
TestGetRandomRegionExcludesForbiddenRegions 2018-06-02T14:26:47+02:00 region.go:57: Using region ca-central-1
TestGetRandomRegionExcludesForbiddenRegions 2018-06-02T14:26:47+02:00 region.go:57: Using region us-east-1
TestGetRandomRegionExcludesForbiddenRegions 2018-06-02T14:26:47+02:00 region.go:57: Using region eu-west-2
TestGetRandomRegionExcludesForbiddenRegions 2018-06-02T14:26:47+02:00 region.go:57: Using region us-west-1
TestGetRandomRegionExcludesForbiddenRegions 2018-06-02T14:26:47+02:00 region.go:57: Using region ap-south-1
TestGetRandomRegionExcludesForbiddenRegions 2018-06-02T14:26:47+02:00 region.go:57: Using region us-east-1
TestGetRandomRegionExcludesForbiddenRegions 2018-06-02T14:26:47+02:00 region.go:57: Using region eu-west-1
TestGetRandomRegionExcludesForbiddenRegions 2018-06-02T14:26:47+02:00 region.go:57: Using region ap-south-1
TestGetRandomRegionExcludesForbiddenRegions 2018-06-02T14:26:47+02:00 region.go:57: Using region us-east-2
TestGetRandomRegionExcludesForbiddenRegions 2018-06-02T14:26:47+02:00 region.go:57: Using region us-west-1
TestGetRandomRegionExcludesForbiddenRegions 2018-06-02T14:26:47+02:00 region.go:57: Using region eu-central-1
TestGetRandomRegionExcludesForbiddenRegions 2018-06-02T14:26:47+02:00 region.go:57: Using region ap-northeast-1
TestGetRandomRegionExcludesForbiddenRegions 2018-06-02T14:26:47+02:00 region.go:57: Using region eu-west-1
TestGetRandomRegionExcludesForbiddenRegions 2018-06-02T14:26:47+02:00 region.go:57: Using region eu-west-1
TestGetRandomRegionExcludesForbiddenRegions 2018-06-02T14:26:47+02:00 region.go:57: Using region ca-central-1
TestGetRandomRegionExcludesForbiddenRegions 2018-06-02T14:26:47+02:00 region.go:57: Using region ca-central-1
TestGetRandomRegionExcludesForbiddenRegions 2018-06-02T14:26:47+02:00 region.go:57: Using region us-west-1
TestGetRandomRegionExcludesForbiddenRegions 2018-06-02T14:26:47+02:00 region.go:57: Using region ca-central-1
TestGetRandomRegionExcludesForbiddenRegions 2018-06-02T14:26:47+02:00 region.go:57: Using region ap-northeast-1
TestGetRandomRegionExcludesForbiddenRegions 2018-06-02T14:26:47+02:00 region.go:57: Using region ap-northeast-1
TestGetRandomRegionExcludesForbiddenRegions 2018-06-02T14:26:47+02:00 region.go:57: Using region ca-central-1
TestGetRandomRegionExcludesForbiddenRegions 2018-06-02T14:26:47+02:00 region.go:57: Using region us-east-2
TestGetRandomRegionExcludesForbiddenRegions 2018-06-02T14:26:47+02:00 region.go:57: Using region us-east-2
TestGetRandomRegionExcludesForbiddenRegions 2018-06-02T14:26:47+02:00 region.go:57: Using region eu-central-1
TestGetRandomRegionExcludesForbiddenRegions 2018-06-02T14:26:47+02:00 region.go:57: Using region eu-west-1
TestGetRandomRegionExcludesForbiddenRegions 2018-06-02T14:26:47+02:00 region.go:57: Using region us-east-1
TestGetRandomRegionExcludesForbiddenRegions 2018-06-02T14:26:47+02:00 region.go:57: Using region us-east-2
TestGetRandomRegionExcludesForbiddenRegions 2018-06-02T14:26:47+02:00 region.go:57: Using region eu-west-1
TestGetRandomRegionExcludesForbiddenRegions 2018-06-02T14:26:47+02:00 region.go:57: Using region us-east-1
TestGetRandomRegionExcludesForbiddenRegions 2018-06-02T14:26:47+02:00 region.go:57: Using region us-west-1
TestGetRandomRegionExcludesForbiddenRegions 2018-06-02T14:26:47+02:00 region.go:57: Using region ap-northeast-1
TestGetRandomRegionExcludesForbiddenRegions 2018-06-02T14:26:47+02:00 region.go:57: Using region eu-west-1
TestGetRandomRegionExcludesForbiddenRegions 2018-06-02T14:26:47+02:00 region.go:57: Using region eu-west-1
TestGetRandomRegionExcludesForbiddenRegions 2018-06-02T14:26:47+02:00 region.go:57: Using region us-east-2
TestGetRandomRegionExcludesForbiddenRegions 2018-06-02T14:26:47+02:00 region.go:57: Using region us-east-2
TestGetRandomRegionExcludesForbiddenRegions 2018-06-02T14:26:47+02:00 region.go:57: Using region us-east-2
TestGetRandomRegionExcludesForbiddenRegions 2018-06-02T14:26:47+02:00 region.go:57: Using region eu-west-2
TestGetRandomRegionExcludesForbiddenRegions 2018-06-02T14:26:47+02:00 region.go:57: Using region ap-southeast-1
TestGetRandomRegionExcludesForbiddenRegions 2018-06-02T14:26:47+02:00 region.go:57: Using region ap-northeast-1
TestGetRandomRegionExcludesForbiddenRegions 2018-06-02T14:26:47+02:00 region.go:57: Using region us-east-1
TestGetRandomRegionExcludesForbiddenRegions 2018-06-02T14:26:47+02:00 region.go:57: Using region ap-northeast-1
TestGetRandomRegionExcludesForbiddenRegions 2018-06-02T14:26:47+02:00 region.go:57: Using region us-east-1
TestGetRandomRegionExcludesForbiddenRegions 2018-06-02T14:26:47+02:00 region.go:57: Using region ap-northeast-1
TestGetRandomRegionExcludesForbiddenRegions 2018-06-02T14:26:47+02:00 region.go:57: Using region ap-south-1
TestGetRandomRegionExcludesForbiddenRegions 2018-06-02T14:26:47+02:00 region.go:57: Using region ap-southeast-1
TestGetRandomRegionExcludesForbiddenRegions 2018-06-02T14:26:47+02:00 region.go:57: Using region ap-northeast-1
TestGetRandomRegionExcludesForbiddenRegions 2018-06-02T14:26:47+02:00 region.go:57: Using region eu-west-2
TestGetRandomRegionExcludesForbiddenRegions 2018-06-02T14:26:47+02:00 region.go:57: Using region us-west-1
TestGetRandomRegionExcludesForbiddenRegions 2018-06-02T14:26:47+02:00 region.go:57: Using region ap-southeast-1
TestGetRandomRegionExcludesForbiddenRegions 2018-06-02T14:26:47+02:00 region.go:57: Using region us-east-2
TestGetRandomRegionExcludesForbiddenRegions 2018-06-02T14:26:47+02:00 region.go:57: Using region us-east-2
TestGetRandomRegionExcludesForbiddenRegions 2018-06-02T14:26:47+02:00 region.go:57: Using region us-west-1
TestGetRandomRegionExcludesForbiddenRegions 2018-06-02T14:26:47+02:00 region.go:57: Using region eu-west-1
TestGetRandomRegionExcludesForbiddenRegions 2018-06-02T14:26:47+02:00 region.go:57: Using region us-west-1
TestGetRandomRegionExcludesForbiddenRegions 2018-06-02T14:26:47+02:00 region.go:57: Using region eu-central-1
TestGetRandomRegionExcludesForbiddenRegions 2018-06-02T14:26:47+02:00 region.go:57: Using region us-west-1
TestGetRandomRegionExcludesForbiddenRegions 2018-06-02T14:26:47+02:00 region.go:57: Using region us-east-1
TestGetRandomRegionExcludesForbiddenRegions 2018-06-02T14:26:47+02:00 region.go:57: Using region ap-southeast-1
TestGetRandomRegionExcludesForbiddenRegions 2018-06-02T14:26:47+02:00 region.go:57: Using region eu-west-1
TestGetRandomRegionExcludesForbiddenRegions 2018-06-02T14:26:47+02:00 region.go:57: Using region ca-central-1
TestGetRandomRegionExcludesForbiddenRegions 2018-06-02T14:26:47+02:00 region.go:57: Using region ap-northeast-1
TestGetRandomRegionExcludesForbiddenRegions 2018-06-02T14:26:47+02:00 region.go:57: Using region ap-northeast-1
TestGetRandomRegionExcludesForbiddenRegions 2018-06-02T14:26:47+02:00 region.go:57: Using region ap-northeast-1
TestGetRandomRegionExcludesForbiddenRegions 2018-06-02T14:26:47+02:00 region.go:57: Using region eu-central-1
TestGetRandomRegionExcludesForbiddenRegions 2018-06-02T14:26:47+02:00 region.go:57: Using region ap-south-1
TestGetRandomRegionExcludesForbiddenRegions 2018-06-02T14:26:47+02:00 region.go:57: Using region ap-southeast-1
TestGetRandomRegionExcludesForbiddenRegions 2018-06-02T14:26:47+02:00 region.go:57: Using region eu-west-2
TestGetRandomRegionExcludesForbiddenRegions 2018-06-02T14:26:47+02:00 region.go:57: Using region ap-northeast-1
TestGetRandomRegionExcludesForbiddenRegions 2018-06-02T14:26:47+02:00 region.go:57: Using region us-west-1
TestGetRandomRegionExcludesForbiddenRegions 2018-06-02T14:26:47+02:00 region.go:57: Using region eu-west-1
TestGetRandomRegionExcludesForbiddenRegions 2018-06-02T14:26:47+02:00 region.go:57: Using region ca-central-1
TestGetRandomRegionExcludesForbiddenRegions 2018-06-02T14:26:47+02:00 region.go:57: Using region ap-northeast-1
TestGetRandomRegionExcludesForbiddenRegions 2018-06-02T14:26:47+02:00 region.go:57: Using region us-east-1
TestGetRandomRegionExcludesForbiddenRegions 2018-06-02T14:26:47+02:00 region.go:57: Using region ca-central-1
TestGetRandomRegionExcludesForbiddenRegions 2018-06-02T14:26:47+02:00 region.go:57: Using region us-west-1
TestGetRandomRegionExcludesForbiddenRegions 2018-06-02T14:26:47+02:00 region.go:57: Using region eu-central-1
TestGetRandomRegionExcludesForbiddenRegions 2018-06-02T14:26:47+02:00 region.go:57: Using region us-west-1
TestGetRandomRegionExcludesForbiddenRegions 2018-06-02T14:26:47+02:00 region.go:57: Using region ca-central-1
TestGetRandomRegionExcludesForbiddenRegions 2018-06-02T14:26:47+02:00 region.go:57: Using region eu-west-1
TestGetRandomRegionExcludesForbiddenRegions 2018-06-02T14:26:47+02:00 region.go:57: Using region ap-south-1
TestGetRandomRegionExcludesForbiddenRegions 2018-06-02T14:26:47+02:00 region.go:57: Using region ap-south-1
TestGetRandomRegionExcludesForbiddenRegions 2018-06-02T14:26:47+02:00 region.go:57: Using region eu-west-1
TestGetRandomRegionExcludesForbiddenRegions 2018-06-02T14:26:47+02:00 region.go:57: Using region us-east-2
TestGetRandomRegionExcludesForbiddenRegions 2018-06-02T14:26:47+02:00 region.go:57: Using region eu-central-1
TestGetRandomRegionExcludesForbiddenRegions 2018-06-02T14:26:47+02:00 region.go:57: Using region ap-south-1
TestGetRandomRegionExcludesForbiddenRegions 2018-06-02T14:26:47+02:00 region.go:57: Using region ap-northeast-1
TestGetRandomRegionExcludesForbiddenRegions 2018-06-02T14:26:47+02:00 region.go:57: Using region us-east-2
TestGetRandomRegionExcludesForbiddenRegions 2018-06-02T14:26:47+02:00 region.go:57: Using region ap-south-1
TestGetRandomRegionExcludesForbiddenRegions 2018-06-02T14:26:47+02:00 region.go:57: Using region ap-northeast-1
TestGetRandomRegionExcludesForbiddenRegions 2018-06-02T14:26:47+02:00 region.go:57: Using region ap-southeast-1
TestGetRandomRegionExcludesForbiddenRegions 2018-06-02T14:26:47+02:00 region.go:57: Using region us-east-2
TestGetRandomRegionExcludesForbiddenRegions 2018-06-02T14:26:47+02:00 region.go:57: Using region ap-southeast-1
TestGetRandomRegionExcludesForbiddenRegions 2018-06-02T14:26:47+02:00 region.go:57: Using region ap-southeast-1
TestGetRandomRegionExcludesForbiddenRegions 2018-06-02T14:26:47+02:00 region.go:57: Using region us-west-1
TestGetRandomRegionExcludesForbiddenRegions 2018-06-02T14:26:47+02:00 region.go:57: Using region ap-northeast-1
TestGetRandomRegionExcludesForbiddenRegions 2018-06-02T14:26:47+02:00 region.go:57: Using region us-east-1
TestGetRandomRegionExcludesForbiddenRegions 2018-06-02T14:26:47+02:00 region.go:57: Using region us-west-1
TestGetRandomRegionExcludesForbiddenRegions 2018-06-02T14:26:47+02:00 region.go:57: Using region ap-southeast-1
TestGetRandomRegionExcludesForbiddenRegions 2018-06-02T14:26:47+02:00 region.go:57: Using region eu-west-2
TestGetRandomRegionExcludesForbiddenRegions 2018-06-02T14:26:47+02:00 region.go:57: Using region eu-central-1
TestGetRandomRegionExcludesForbiddenRegions 2018-06-02T14:26:47+02:00 region.go:57: Using region us-east-1
TestGetRandomRegionExcludesForbiddenRegions 2018-06-02T14:26:47+02:00 region.go:57: Using region ap-south-1
TestGetRandomRegionExcludesForbiddenRegions 2018-06-02T14:26:47+02:00 region.go:57: Using region us-west-1
TestGetRandomRegionExcludesForbiddenRegions 2018-06-02T14:26:47+02:00 region.go:57: Using region eu-west-1
TestGetRandomRegionExcludesForbiddenRegions 2018-06-02T14:26:47+02:00 region.go:57: Using region us-east-2
TestGetRandomRegionExcludesForbiddenRegions 2018-06-02T14:26:47+02:00 region.go:57: Using region ca-central-1
TestGetRandomRegionExcludesForbiddenRegions 2018-06-02T14:26:47+02:00 region.go:57: Using region ap-southeast-1
TestGetRandomRegionExcludesForbiddenRegions 2018-06-02T14:26:47+02:00 region.go:57: Using region eu-west-1
TestGetRandomRegionExcludesForbiddenRegions 2018-06-02T14:26:47+02:00 region.go:57: Using region us-west-1
TestGetRandomRegionExcludesForbiddenRegions 2018-06-02T14:26:47+02:00 region.go:57: Using region ca-central-1
TestGetRandomRegionExcludesForbiddenRegions 2018-06-02T14:26:47+02:00 region.go:57: Using region us-west-1
TestGetRandomRegionExcludesForbiddenRegions 2018-06-02T14:26:47+02:00 region.go:57: Using region eu-central-1
TestGetRandomRegionExcludesForbiddenRegions 2018-06-02T14:26:47+02:00 region.go:57: Using region us-east-2
TestGetRandomRegionExcludesForbiddenRegions 2018-06-02T14:26:47+02:00 region.go:57: Using region eu-west-2
TestGetRandomRegionExcludesForbiddenRegions 2018-06-02T14:26:47+02:00 region.go:57: Using region eu-west-1
TestGetRandomRegionExcludesForbiddenRegions 2018-06-02T14:26:47+02:00 region.go:57: Using region us-east-2
TestGetRandomRegionExcludesForbiddenRegions 2018-06-02T14:26:47+02:00 region.go:57: Using region us-west-1
TestGetRandomRegionExcludesForbiddenRegions 2018-06-02T14:26:47+02:00 region.go:57: Using region eu-central-1
TestGetRandomRegionExcludesForbiddenRegions 2018-06-02T14:26:47+02:00 region.go:57: Using region ap-south-1
TestGetRandomRegionExcludesForbiddenRegions 2018-06-02T14:26:47+02:00 region.go:57: Using region us-east-2
TestGetRandomRegionExcludesForbiddenRegions 2018-06-02T14:26:47+02:00 region.go:57: Using region us-east-1
TestGetRandomRegionExcludesForbiddenRegions 2018-06-02T14:26:47+02:00 region.go:57: Using region ap-northeast-1
TestGetRandomRegionExcludesForbiddenRegions 2018-06-02T14:26:47+02:00 region.go:57: Using region ap-northeast-1
TestGetRandomRegionExcludesForbiddenRegions 2018-06-02T14:26:47+02:00 region.go:57: Using region ap-northeast-1
TestGetRandomRegionExcludesForbiddenRegions 2018-06-02T14:26:47+02:00 region.go:57: Using region eu-west-1
TestGetRandomRegionExcludesForbiddenRegions 2018-06-02T14:26:47+02:00 region.go:57: Using region ca-central-1
TestGetRandomRegionExcludesForbiddenRegions 2018-06-02T14:26:47+02:00 region.go:57: Using region us-west-1
TestGetRandomRegionExcludesForbiddenRegions 2018-06-02T14:26:47+02:00 region.go:57: Using region ca-central-1
TestGetRandomRegionExcludesForbiddenRegions 2018-06-02T14:26:47+02:00 region.go:57: Using region us-east-2
TestGetRandomRegionExcludesForbiddenRegions 2018-06-02T14:26:47+02:00 region.go:57: Using region ap-southeast-1
TestGetRandomRegionExcludesForbiddenRegions 2018-06-02T14:26:47+02:00 region.go:57: Using region eu-west-2
TestGetRandomRegionExcludesForbiddenRegions 2018-06-02T14:26:47+02:00 region.go:57: Using region ca-central-1
TestGetRandomRegionExcludesForbiddenRegions 2018-06-02T14:26:47+02:00 region.go:57: Using region us-east-1
TestGetRandomRegionExcludesForbiddenRegions 2018-06-02T14:26:47+02:00 region.go:57: Using region eu-central-1
TestGetRandomRegionExcludesForbiddenRegions 2018-06-02T14:26:47+02:00 region.go:57: Using region eu-west-1
TestGetRandomRegionExcludesForbiddenRegions 2018-06-02T14:26:47+02:00 region.go:57: Using region eu-central-1
TestGetRandomRegionExcludesForbiddenRegions 2018-06-02T14:26:47+02:00 region.go:57: Using region us-west-1
--- PASS: TestGetRandomRegionExcludesForbiddenRegions (0.02s)
=== CONT  TestGetUbuntu1604AmiReturnsSomeAmi
--- PASS: TestGetIamCurrentUserArn (0.17s)
=== CONT  TestGetIamCurrentUserName
--- PASS: TestGetIamCurrentUserName (0.16s)
=== CONT  TestExtractAccountIdFromInvalidArn
--- PASS: TestExtractAccountIdFromInvalidArn (0.00s)
=== CONT  TestCreateAndDeleteSnsTopic
TestCreateAndDeleteSnsTopic 2018-06-02T14:26:48+02:00 region.go:72: Looking up all AWS regions available in this account
TestGetRandomRegion 2018-06-02T14:26:48+02:00 region.go:57: Using region eu-west-3
--- PASS: TestGetRandomRegion (0.90s)
=== CONT  TestGetFirstTwoOctets
=== CONT  TestGetDefaultVpc
TestGetDefaultVpc 2018-06-02T14:26:48+02:00 region.go:72: Looking up all AWS regions available in this account
--- PASS: TestGetFirstTwoOctets (0.00s)
TestCreateImportAndDeleteEC2KeyPair 2018-06-02T14:26:48+02:00 region.go:57: Using region ap-northeast-1
TestCreateImportAndDeleteEC2KeyPair 2018-06-02T14:26:48+02:00 key_pair.go:31: Generating new public/private key of size 2048
TestCreateAndDeleteSnsTopic 2018-06-02T14:26:48+02:00 region.go:57: Using region eu-west-1
TestCreateAndDeleteSnsTopic 2018-06-02T14:26:48+02:00 sns.go:22: Creating SNS topic test-sns-topic-0yUw6h in eu-west-1
TestGetDefaultVpc 2018-06-02T14:26:48+02:00 region.go:57: Using region us-west-1
TestCreateImportAndDeleteEC2KeyPair 2018-06-02T14:26:48+02:00 keypair.go:49: Creating new Key Pair in EC2 region ap-northeast-1 named test-key-pair-4MvBwI
--- PASS: TestGetUbuntu1604AmiReturnsSomeAmi (1.14s)
=== CONT  TestSqsQueueMethods
TestSqsQueueMethods 2018-06-02T14:26:48+02:00 region.go:72: Looking up all AWS regions available in this account
--- PASS: TestGetEcsOptimizedAmazonLinuxAmiEReturnsSomeAmi (1.25s)
=== CONT  TestCreateAndDestroyS3Bucket
TestCreateAndDestroyS3Bucket 2018-06-02T14:26:48+02:00 region.go:72: Looking up all AWS regions available in this account
--- PASS: TestGetUbuntu1404AmiReturnsSomeAmi (1.28s)
=== CONT  TestAssertS3BucketExistsNoFalsePositive
TestAssertS3BucketExistsNoFalsePositive 2018-06-02T14:26:49+02:00 region.go:72: Looking up all AWS regions available in this account
--- FAIL: TestGetDefaultVpc (0.49s)
	vpc.go:35: Expected to find one default VPC in region us-west-1 but found 0
=== CONT  TestAssertS3BucketExistsNoFalseNegative
TestAssertS3BucketExistsNoFalseNegative 2018-06-02T14:26:49+02:00 region.go:72: Looking up all AWS regions available in this account
TestSqsQueueMethods 2018-06-02T14:26:49+02:00 region.go:57: Using region ap-southeast-2
TestSqsQueueMethods 2018-06-02T14:26:49+02:00 sqs.go:26: Creating randomly named SQS queue with prefix sqs-queue-test-mYCwDS
TestCreateAndDeleteSnsTopic 2018-06-02T14:26:49+02:00 sns.go:51: Deleting SNS topic arn:aws:sns:eu-west-1:814024550722:test-sns-topic-0yUw6h in eu-west-1
TestCreateAndDestroyS3Bucket 2018-06-02T14:26:49+02:00 region.go:57: Using region eu-west-3
TestCreateAndDestroyS3Bucket 2018-06-02T14:26:49+02:00 s3_test.go:17: Random values selected. Region = eu-west-3, Id = AloWoo

TestCreateAndDestroyS3Bucket 2018-06-02T14:26:49+02:00 s3.go:104: Creating bucket eu-west-3 in gruntwork-terratest-alowoo
TestAssertS3BucketExistsNoFalsePositive 2018-06-02T14:26:49+02:00 region.go:57: Using region ap-south-1
TestAssertS3BucketExistsNoFalsePositive 2018-06-02T14:26:49+02:00 s3_test.go:43: Random values selected. Region = ap-south-1, s3BucketName = gruntwork-terratest-o0epcn

--- PASS: TestCreateAndDeleteSnsTopic (1.29s)
=== CONT  TestGetAvailabilityZones
TestGetAvailabilityZones 2018-06-02T14:26:49+02:00 region.go:72: Looking up all AWS regions available in this account
TestAssertS3BucketExistsNoFalseNegative 2018-06-02T14:26:49+02:00 region.go:57: Using region eu-central-1
TestAssertS3BucketExistsNoFalseNegative 2018-06-02T14:26:49+02:00 s3_test.go:30: Random values selected. Region = eu-central-1, s3BucketName = gruntwork-terratest-7uok5j

TestAssertS3BucketExistsNoFalseNegative 2018-06-02T14:26:49+02:00 s3.go:104: Creating bucket eu-central-1 in gruntwork-terratest-7uok5j
TestGetAvailabilityZones 2018-06-02T14:26:49+02:00 region.go:57: Using region ap-northeast-2
TestGetAvailabilityZones 2018-06-02T14:26:49+02:00 region.go:105: Looking up all availability zones available in this account for region ap-northeast-2
--- PASS: TestAssertS3BucketExistsNoFalsePositive (0.87s)
=== CONT  TestGetAllAwsRegions
TestGetAllAwsRegions 2018-06-02T14:26:49+02:00 region.go:72: Looking up all AWS regions available in this account
TestCreateAndDestroyS3Bucket 2018-06-02T14:26:49+02:00 s3.go:128: Deleting bucket eu-west-3 in gruntwork-terratest-alowoo
--- PASS: TestGetAmazonLinuxAmiReturnsSomeAmi (2.28s)
--- PASS: TestGetAllAwsRegions (0.21s)
--- PASS: TestCreateAndDestroyS3Bucket (1.37s)
TestAssertS3BucketExistsNoFalseNegative 2018-06-02T14:26:50+02:00 s3.go:128: Deleting bucket eu-central-1 in gruntwork-terratest-7uok5j
--- PASS: TestGetCentos7AmiReturnsSomeAmi (3.01s)
--- PASS: TestAssertS3BucketExistsNoFalseNegative (1.74s)
TestCreateImportAndDeleteEC2KeyPair 2018-06-02T14:26:50+02:00 keypair.go:79: Deleting Key Pair in EC2 region ap-northeast-1 named test-key-pair-4MvBwI
--- PASS: TestGetAvailabilityZones (1.88s)
TestSqsQueueMethods 2018-06-02T14:26:51+02:00 sqs.go:110: Sending message test-message-mYCwDS to queue https://sqs.ap-southeast-2.amazonaws.com/814024550722/sqs-queue-test-mYCwDS-38dad319-6660-11e8-97aa-320019a67b40
--- PASS: TestCreateImportAndDeleteEC2KeyPair (4.00s)
TestSqsQueueMethods 2018-06-02T14:26:51+02:00 sqs.go:130: Message id 1aacc3b6-24c3-4ee3-9c41-341be4ddb71b sent to queue https://sqs.ap-southeast-2.amazonaws.com/814024550722/sqs-queue-test-mYCwDS-38dad319-6660-11e8-97aa-320019a67b40
TestSqsQueueMethods 2018-06-02T14:26:51+02:00 sqs.go:158: Waiting for message on https://sqs.ap-southeast-2.amazonaws.com/814024550722/sqs-queue-test-mYCwDS-38dad319-6660-11e8-97aa-320019a67b40 (0s)
TestSqsQueueMethods 2018-06-02T14:26:52+02:00 sqs.go:172: Message 1aacc3b6-24c3-4ee3-9c41-341be4ddb71b received on https://sqs.ap-southeast-2.amazonaws.com/814024550722/sqs-queue-test-mYCwDS-38dad319-6660-11e8-97aa-320019a67b40
TestSqsQueueMethods 2018-06-02T14:26:52+02:00 sqs.go:85: Deleting message from queue https://sqs.ap-southeast-2.amazonaws.com/814024550722/sqs-queue-test-mYCwDS-38dad319-6660-11e8-97aa-320019a67b40 (AQEBGavjs7HXFuKPxjbyjQb4Yk7NMwwBwZUUnN0bc/qsc4Onll94Bt3ycxvvSa9IOL5bDWFmxuGcRI5g+SrAk6LBgyks7acm0fQZ/ez1cx2ia1DHUcj/j8Llk/uD8PE7ojCtfxX6svCA7o9sM8gItTAx4qFAlhCwqkslHwrLW9Kt/vpPg6JgAY4RhOajcZPCogIblybb7YiDxf6CUTU5tqTHF+ihBNvpILwkPy/LJhCuCmoG/O7oLjvU2hsfVc1r0fOK2mAldUs+m4t8wNSIWbl82xhdi193Bq636+HbPEaZcOV6yUUjjC9FmbK4/mI1gi4Jxsa4W6f/4VVXlmPk6EZyqBaqMgjmB+XDIq/IElD2UlwDMOYEYCt95OyuDSsi6eMkU4ndoVcarj2KbuI13IcM/MZNs+MBBgIWAErTOVyg3DgVIPjoipcwA1TS0ku23Ybi9ApJ6y5jJLYpFhuTinwA4A==)
TestSqsQueueMethods 2018-06-02T14:26:52+02:00 sqs.go:158: Waiting for message on https://sqs.ap-southeast-2.amazonaws.com/814024550722/sqs-queue-test-mYCwDS-38dad319-6660-11e8-97aa-320019a67b40 (0s)
TestSqsQueueMethods 2018-06-02T14:27:12+02:00 sqs.go:61: Deleting SQS Queue https://sqs.ap-southeast-2.amazonaws.com/814024550722/sqs-queue-test-mYCwDS-38dad319-6660-11e8-97aa-320019a67b40
--- PASS: TestSqsQueueMethods (25.09s)
FAIL
FAIL	github.com/gruntwork-io/terratest/modules/aws	27.103s
=== RUN   TestListContains
=== PAUSE TestListContains
=== RUN   TestSubtract
=== PAUSE TestSubtract
=== CONT  TestListContains
=== RUN   TestListContains/empty_list,_empty_element
=== CONT  TestSubtract
=== RUN   TestListContains/empty_list,_non-empty_element
=== RUN   TestListContains/list_with_1_item,_element_matches
=== RUN   TestSubtract/empty_list,_empty_list
=== RUN   TestListContains/list_with_1_item,_element_doesn't_match
=== RUN   TestSubtract/empty_list,_non-empty_list
=== RUN   TestListContains/list_with_3_items,_element_matches
=== RUN   TestListContains/list_with_3_items,_element_doesn't_match
=== RUN   TestSubtract/non-empty_list,_empty_list
=== RUN   TestSubtract/list_with_1_item,_list_with_no_matches
=== RUN   TestListContains/list_with_3_items,_empty_element
=== RUN   TestSubtract/list_with_1_item,_list_with_1_match
=== RUN   TestSubtract/list_with_1_item,_list_with_multiple_matches_and_non-matches
--- PASS: TestListContains (0.00s)
    --- PASS: TestListContains/empty_list,_empty_element (0.00s)
    --- PASS: TestListContains/empty_list,_non-empty_element (0.00s)
    --- PASS: TestListContains/list_with_1_item,_element_matches (0.00s)
    --- PASS: TestListContains/list_with_1_item,_element_doesn't_match (0.00s)
    --- PASS: TestListContains/list_with_3_items,_element_matches (0.00s)
    --- PASS: TestListContains/list_with_3_items,_element_doesn't_match (0.00s)
    --- PASS: TestListContains/list_with_3_items,_empty_element (0.00s)
=== RUN   TestSubtract/list_with_multiple_items,_list_with_no_matches
=== RUN   TestSubtract/list_with_multiple_items,_list_with_1_match
=== RUN   TestSubtract/list_with_multiple_items,_list_with_multiple_matches
--- PASS: TestSubtract (0.00s)
    --- PASS: TestSubtract/empty_list,_empty_list (0.00s)
    --- PASS: TestSubtract/empty_list,_non-empty_list (0.00s)
    --- PASS: TestSubtract/non-empty_list,_empty_list (0.00s)
    --- PASS: TestSubtract/list_with_1_item,_list_with_no_matches (0.00s)
    --- PASS: TestSubtract/list_with_1_item,_list_with_1_match (0.00s)
    --- PASS: TestSubtract/list_with_1_item,_list_with_multiple_matches_and_non-matches (0.00s)
    --- PASS: TestSubtract/list_with_multiple_items,_list_with_no_matches (0.00s)
    --- PASS: TestSubtract/list_with_multiple_items,_list_with_1_match (0.00s)
    --- PASS: TestSubtract/list_with_multiple_items,_list_with_multiple_matches (0.00s)
PASS
ok  	github.com/gruntwork-io/terratest/modules/collections	0.017s
?   	github.com/gruntwork-io/terratest/modules/docker	[no test files]
=== RUN   TestFileExists
=== PAUSE TestFileExists
=== RUN   TestCopyFolderContents
=== PAUSE TestCopyFolderContents
=== RUN   TestCopyFolderContentsWithHiddenFilesFilter
=== PAUSE TestCopyFolderContentsWithHiddenFilesFilter
=== RUN   TestCopyTerraformFolderToTemp
=== PAUSE TestCopyTerraformFolderToTemp
=== CONT  TestFileExists
=== CONT  TestCopyTerraformFolderToTemp
--- PASS: TestFileExists (0.00s)
=== CONT  TestCopyFolderContents
=== CONT  TestCopyFolderContentsWithHiddenFilesFilter
--- PASS: TestCopyTerraformFolderToTemp (0.01s)
--- PASS: TestCopyFolderContents (0.01s)
--- PASS: TestCopyFolderContentsWithHiddenFilesFilter (0.01s)
PASS
ok  	github.com/gruntwork-io/terratest/modules/files	0.030s
=== RUN   TestGetCurrentBranchName
=== PAUSE TestGetCurrentBranchName
=== CONT  TestGetCurrentBranchName
--- PASS: TestGetCurrentBranchName (0.01s)
PASS
ok  	github.com/gruntwork-io/terratest/modules/git	0.024s
=== RUN   TestRunDummyServer
=== PAUSE TestRunDummyServer
=== CONT  TestRunDummyServer
TestRunDummyServer 2018-06-02T14:27:16+02:00 dummy_server.go:35: Starting dummy HTTP server in port 8081 that will return the text 'dummy-server-911KSt'
TestRunDummyServer 2018-06-02T14:27:16+02:00 http_helper.go:27: Making an HTTP GET call to URL http://localhost:8081
--- PASS: TestRunDummyServer (0.00s)
PASS
ok  	github.com/gruntwork-io/terratest/modules/http-helper	0.020s
=== RUN   TestDoLog
=== PAUSE TestDoLog
=== CONT  TestDoLog
--- PASS: TestDoLog (0.00s)
PASS
ok  	github.com/gruntwork-io/terratest/modules/logger	0.017s
=== RUN   TestExtractAmiIdFromOneLine
=== PAUSE TestExtractAmiIdFromOneLine
=== RUN   TestExtractAmiIdFromMultipleLines
=== PAUSE TestExtractAmiIdFromMultipleLines
=== RUN   TestExtractAmiIdNoIdPresent
=== PAUSE TestExtractAmiIdNoIdPresent
=== CONT  TestExtractAmiIdFromOneLine
=== CONT  TestExtractAmiIdNoIdPresent
=== CONT  TestExtractAmiIdFromMultipleLines
--- PASS: TestExtractAmiIdNoIdPresent (0.00s)
--- PASS: TestExtractAmiIdFromOneLine (0.00s)
--- PASS: TestExtractAmiIdFromMultipleLines (0.00s)
PASS
ok  	github.com/gruntwork-io/terratest/modules/packer	0.007s
=== RUN   TestRandom
=== PAUSE TestRandom
=== RUN   TestRandomInt
=== PAUSE TestRandomInt
=== RUN   TestRandomString
=== PAUSE TestRandomString
=== RUN   TestUniqueId
=== PAUSE TestUniqueId
=== CONT  TestRandom
=== CONT  TestRandomString
=== CONT  TestUniqueId
=== CONT  TestRandomInt
--- PASS: TestUniqueId (0.00s)
--- PASS: TestRandom (1.05s)
--- PASS: TestRandomInt (7.83s)
--- PASS: TestRandomString (9.05s)
PASS
ok  	github.com/gruntwork-io/terratest/modules/random	9.066s
=== RUN   TestDoWithRetry
=== PAUSE TestDoWithRetry
=== RUN   TestDoWithTimeout
=== PAUSE TestDoWithTimeout
=== RUN   TestDoInBackgroundUntilStopped
=== PAUSE TestDoInBackgroundUntilStopped
=== CONT  TestDoWithRetry
=== CONT  TestDoInBackgroundUntilStopped
=== RUN   TestDoWithRetry/Return_value_on_first_try
=== PAUSE TestDoWithRetry/Return_value_on_first_try
=== RUN   TestDoWithRetry/Return_error_on_all_retries
=== PAUSE TestDoWithRetry/Return_error_on_all_retries
=== RUN   TestDoWithRetry/Return_value_after_5_retries
=== PAUSE TestDoWithRetry/Return_value_after_5_retries
=== RUN   TestDoWithRetry/Return_value_after_5_retries,_but_only_do_4_retries
=== PAUSE TestDoWithRetry/Return_value_after_5_retries,_but_only_do_4_retries
=== CONT  TestDoWithRetry/Return_value_on_first_try
=== CONT  TestDoWithTimeout
=== CONT  TestDoWithRetry/Return_value_after_5_retries
=== CONT  TestDoWithRetry/Return_error_on_all_retries
TestDoInBackgroundUntilStopped 2018-06-02T14:27:26+02:00 retry.go:105: Executing action 'TestDoInBackgroundUntilStopped'
TestDoWithRetry/Return_value_on_first_try 2018-06-02T14:27:26+02:00 retry.go:69: Return value on first try
TestDoWithRetry/Return_value_after_5_retries 2018-06-02T14:27:26+02:00 retry.go:69: Return value after 5 retries
TestDoInBackgroundUntilStopped 2018-06-02T14:27:26+02:00 retry.go:109: Sleeping for 5s before repeating action 'TestDoInBackgroundUntilStopped'
TestDoWithRetry/Return_value_after_5_retries 2018-06-02T14:27:26+02:00 retry.go:81: Return value after 5 retries returned an error: expected error. Sleeping for 1ms and will try again.
=== CONT  TestDoWithRetry/Return_value_after_5_retries,_but_only_do_4_retries
TestDoWithRetry/Return_error_on_all_retries 2018-06-02T14:27:26+02:00 retry.go:69: Return error on all retries
TestDoWithRetry/Return_value_after_5_retries,_but_only_do_4_retries 2018-06-02T14:27:26+02:00 retry.go:69: Return value after 5 retries, but only do 4 retries
=== RUN   TestDoWithTimeout/Returns_value_immediately
=== PAUSE TestDoWithTimeout/Returns_value_immediately
TestDoWithRetry/Return_value_after_5_retries,_but_only_do_4_retries 2018-06-02T14:27:26+02:00 retry.go:81: Return value after 5 retries, but only do 4 retries returned an error: expected error. Sleeping for 1ms and will try again.
=== RUN   TestDoWithTimeout/Returns_error_immediately
TestDoWithRetry/Return_error_on_all_retries 2018-06-02T14:27:26+02:00 retry.go:81: Return error on all retries returned an error: expected error. Sleeping for 1ms and will try again.
=== PAUSE TestDoWithTimeout/Returns_error_immediately
=== RUN   TestDoWithTimeout/Returns_value_after_2_seconds
=== PAUSE TestDoWithTimeout/Returns_value_after_2_seconds
=== RUN   TestDoWithTimeout/Returns_error_after_2_seconds
=== PAUSE TestDoWithTimeout/Returns_error_after_2_seconds
=== RUN   TestDoWithTimeout/Returns_value_after_timeout_exceeded
=== PAUSE TestDoWithTimeout/Returns_value_after_timeout_exceeded
=== RUN   TestDoWithTimeout/Returns_error_after_timeout_exceeded
=== PAUSE TestDoWithTimeout/Returns_error_after_timeout_exceeded
=== CONT  TestDoWithTimeout/Returns_value_immediately
=== CONT  TestDoWithTimeout/Returns_error_after_2_seconds
=== CONT  TestDoWithTimeout/Returns_error_after_timeout_exceeded
=== CONT  TestDoWithTimeout/Returns_error_immediately
=== CONT  TestDoWithTimeout/Returns_value_after_timeout_exceeded
=== CONT  TestDoWithTimeout/Returns_value_after_2_seconds
TestDoWithRetry/Return_error_on_all_retries 2018-06-02T14:27:26+02:00 retry.go:69: Return error on all retries
TestDoWithRetry/Return_error_on_all_retries 2018-06-02T14:27:26+02:00 retry.go:81: Return error on all retries returned an error: expected error. Sleeping for 1ms and will try again.
TestDoWithRetry/Return_value_after_5_retries 2018-06-02T14:27:26+02:00 retry.go:69: Return value after 5 retries
TestDoWithRetry/Return_value_after_5_retries 2018-06-02T14:27:26+02:00 retry.go:81: Return value after 5 retries returned an error: expected error. Sleeping for 1ms and will try again.
TestDoWithRetry/Return_value_after_5_retries,_but_only_do_4_retries 2018-06-02T14:27:26+02:00 retry.go:69: Return value after 5 retries, but only do 4 retries
TestDoWithRetry/Return_value_after_5_retries,_but_only_do_4_retries 2018-06-02T14:27:26+02:00 retry.go:81: Return value after 5 retries, but only do 4 retries returned an error: expected error. Sleeping for 1ms and will try again.
TestDoWithRetry/Return_error_on_all_retries 2018-06-02T14:27:26+02:00 retry.go:69: Return error on all retries
TestDoWithRetry/Return_error_on_all_retries 2018-06-02T14:27:26+02:00 retry.go:81: Return error on all retries returned an error: expected error. Sleeping for 1ms and will try again.
TestDoWithRetry/Return_value_after_5_retries 2018-06-02T14:27:26+02:00 retry.go:69: Return value after 5 retries
TestDoWithRetry/Return_value_after_5_retries 2018-06-02T14:27:26+02:00 retry.go:81: Return value after 5 retries returned an error: expected error. Sleeping for 1ms and will try again.
TestDoWithRetry/Return_value_after_5_retries,_but_only_do_4_retries 2018-06-02T14:27:26+02:00 retry.go:69: Return value after 5 retries, but only do 4 retries
TestDoWithRetry/Return_value_after_5_retries,_but_only_do_4_retries 2018-06-02T14:27:26+02:00 retry.go:81: Return value after 5 retries, but only do 4 retries returned an error: expected error. Sleeping for 1ms and will try again.
TestDoWithRetry/Return_error_on_all_retries 2018-06-02T14:27:26+02:00 retry.go:69: Return error on all retries
TestDoWithRetry/Return_error_on_all_retries 2018-06-02T14:27:26+02:00 retry.go:81: Return error on all retries returned an error: expected error. Sleeping for 1ms and will try again.
TestDoWithRetry/Return_value_after_5_retries,_but_only_do_4_retries 2018-06-02T14:27:26+02:00 retry.go:69: Return value after 5 retries, but only do 4 retries
TestDoWithRetry/Return_value_after_5_retries,_but_only_do_4_retries 2018-06-02T14:27:26+02:00 retry.go:81: Return value after 5 retries, but only do 4 retries returned an error: expected error. Sleeping for 1ms and will try again.
TestDoWithRetry/Return_value_after_5_retries 2018-06-02T14:27:26+02:00 retry.go:69: Return value after 5 retries
TestDoWithRetry/Return_value_after_5_retries 2018-06-02T14:27:26+02:00 retry.go:81: Return value after 5 retries returned an error: expected error. Sleeping for 1ms and will try again.
TestDoWithRetry/Return_error_on_all_retries 2018-06-02T14:27:26+02:00 retry.go:69: Return error on all retries
TestDoWithRetry/Return_error_on_all_retries 2018-06-02T14:27:26+02:00 retry.go:81: Return error on all retries returned an error: expected error. Sleeping for 1ms and will try again.
TestDoWithRetry/Return_value_after_5_retries,_but_only_do_4_retries 2018-06-02T14:27:26+02:00 retry.go:69: Return value after 5 retries, but only do 4 retries
TestDoWithRetry/Return_value_after_5_retries,_but_only_do_4_retries 2018-06-02T14:27:26+02:00 retry.go:81: Return value after 5 retries, but only do 4 retries returned an error: expected error. Sleeping for 1ms and will try again.
TestDoWithRetry/Return_value_after_5_retries 2018-06-02T14:27:26+02:00 retry.go:69: Return value after 5 retries
TestDoWithRetry/Return_value_after_5_retries 2018-06-02T14:27:26+02:00 retry.go:81: Return value after 5 retries returned an error: expected error. Sleeping for 1ms and will try again.
TestDoWithRetry/Return_error_on_all_retries 2018-06-02T14:27:26+02:00 retry.go:69: Return error on all retries
TestDoWithRetry/Return_value_after_5_retries 2018-06-02T14:27:26+02:00 retry.go:69: Return value after 5 retries
TestDoWithRetry/Return_error_on_all_retries 2018-06-02T14:27:26+02:00 retry.go:81: Return error on all retries returned an error: expected error. Sleeping for 1ms and will try again.
TestDoWithRetry/Return_error_on_all_retries 2018-06-02T14:27:26+02:00 retry.go:69: Return error on all retries
TestDoWithRetry/Return_error_on_all_retries 2018-06-02T14:27:26+02:00 retry.go:81: Return error on all retries returned an error: expected error. Sleeping for 1ms and will try again.
TestDoWithRetry/Return_error_on_all_retries 2018-06-02T14:27:26+02:00 retry.go:69: Return error on all retries
TestDoWithRetry/Return_error_on_all_retries 2018-06-02T14:27:26+02:00 retry.go:81: Return error on all retries returned an error: expected error. Sleeping for 1ms and will try again.
TestDoWithRetry/Return_error_on_all_retries 2018-06-02T14:27:26+02:00 retry.go:69: Return error on all retries
TestDoWithRetry/Return_error_on_all_retries 2018-06-02T14:27:26+02:00 retry.go:81: Return error on all retries returned an error: expected error. Sleeping for 1ms and will try again.
TestDoWithRetry/Return_error_on_all_retries 2018-06-02T14:27:26+02:00 retry.go:69: Return error on all retries
TestDoWithRetry/Return_error_on_all_retries 2018-06-02T14:27:26+02:00 retry.go:81: Return error on all retries returned an error: expected error. Sleeping for 1ms and will try again.
TestDoWithRetry/Return_error_on_all_retries 2018-06-02T14:27:26+02:00 retry.go:69: Return error on all retries
TestDoWithRetry/Return_error_on_all_retries 2018-06-02T14:27:26+02:00 retry.go:81: Return error on all retries returned an error: expected error. Sleeping for 1ms and will try again.
--- PASS: TestDoWithRetry (0.00s)
    --- PASS: TestDoWithRetry/Return_value_on_first_try (0.00s)
    --- PASS: TestDoWithRetry/Return_value_after_5_retries,_but_only_do_4_retries (0.01s)
    --- PASS: TestDoWithRetry/Return_value_after_5_retries (0.01s)
    --- PASS: TestDoWithRetry/Return_error_on_all_retries (0.01s)
TestDoInBackgroundUntilStopped 2018-06-02T14:27:31+02:00 retry.go:105: Executing action 'TestDoInBackgroundUntilStopped'
TestDoInBackgroundUntilStopped 2018-06-02T14:27:31+02:00 retry.go:109: Sleeping for 5s before repeating action 'TestDoInBackgroundUntilStopped'
--- PASS: TestDoWithTimeout (0.00s)
    --- PASS: TestDoWithTimeout/Returns_value_immediately (0.00s)
    --- PASS: TestDoWithTimeout/Returns_error_immediately (0.00s)
    --- PASS: TestDoWithTimeout/Returns_value_after_2_seconds (2.00s)
    --- PASS: TestDoWithTimeout/Returns_error_after_2_seconds (2.00s)
    --- PASS: TestDoWithTimeout/Returns_value_after_timeout_exceeded (5.00s)
    --- PASS: TestDoWithTimeout/Returns_error_after_timeout_exceeded (5.00s)
TestDoInBackgroundUntilStopped 2018-06-02T14:27:36+02:00 retry.go:105: Executing action 'TestDoInBackgroundUntilStopped'
TestDoInBackgroundUntilStopped 2018-06-02T14:27:36+02:00 retry.go:109: Sleeping for 5s before repeating action 'TestDoInBackgroundUntilStopped'
TestDoInBackgroundUntilStopped 2018-06-02T14:27:41+02:00 retry.go:115: Received stop signal for action 'TestDoInBackgroundUntilStopped'.
--- PASS: TestDoInBackgroundUntilStopped (30.01s)
PASS
ok  	github.com/gruntwork-io/terratest/modules/retry	30.025s
=== RUN   TestRunCommandAndGetOutput
=== PAUSE TestRunCommandAndGetOutput
=== CONT  TestRunCommandAndGetOutput
TestRunCommandAndGetOutput 2018-06-02T14:27:57+02:00 command.go:52: Running command echo with args [Hello, World]
TestRunCommandAndGetOutput 2018-06-02T14:27:57+02:00 command.go:96: Hello, World
--- PASS: TestRunCommandAndGetOutput (0.00s)
PASS
ok  	github.com/gruntwork-io/terratest/modules/shell	0.020s
=== RUN   TestGenerateRSAKeyPair
=== PAUSE TestGenerateRSAKeyPair
=== CONT  TestGenerateRSAKeyPair
TestGenerateRSAKeyPair 2018-06-02T14:27:58+02:00 key_pair.go:31: Generating new public/private key of size 2048
--- PASS: TestGenerateRSAKeyPair (0.48s)
PASS
ok  	github.com/gruntwork-io/terratest/modules/ssh	0.494s
=== RUN   TestApplyNoError
=== PAUSE TestApplyNoError
=== RUN   TestApplyWithErrorNoRetry
=== PAUSE TestApplyWithErrorNoRetry
=== RUN   TestApplyWithErrorWithRetry
=== PAUSE TestApplyWithErrorWithRetry
=== RUN   TestFormatTerraformVarsAsArgs
=== PAUSE TestFormatTerraformVarsAsArgs
=== RUN   TestPrimitiveToHclString
=== PAUSE TestPrimitiveToHclString
=== RUN   TestMapToHclString
=== PAUSE TestMapToHclString
=== RUN   TestSliceToHclString
=== PAUSE TestSliceToHclString
=== RUN   TestToHclString
=== PAUSE TestToHclString
=== RUN   TestTryToConvertToGenericSlice
=== PAUSE TestTryToConvertToGenericSlice
=== RUN   TestTryToConvertToGenericMap
=== PAUSE TestTryToConvertToGenericMap
=== CONT  TestApplyNoError
=== CONT  TestTryToConvertToGenericMap
=== CONT  TestMapToHclString
=== CONT  TestToHclString
--- PASS: TestTryToConvertToGenericMap (0.00s)
=== CONT  TestTryToConvertToGenericSlice
=== CONT  TestFormatTerraformVarsAsArgs
--- PASS: TestTryToConvertToGenericSlice (0.00s)
=== CONT  TestPrimitiveToHclString
=== CONT  TestApplyWithErrorWithRetry
=== CONT  TestApplyWithErrorNoRetry
--- PASS: TestMapToHclString (0.00s)
	format_test.go:105: Retry 0 of mapToHclString(map[key1:value1 key2:0 key3:false]) failed: expected {key1 = "value1", key2 = "0", key3 = "false"}, got {key3 = "false", key1 = "value1", key2 = "0"}
=== CONT  TestSliceToHclString
--- PASS: TestSliceToHclString (0.00s)
--- PASS: TestToHclString (0.00s)
--- PASS: TestPrimitiveToHclString (0.00s)
--- PASS: TestFormatTerraformVarsAsArgs (0.00s)
TestApplyNoError 2018-06-02T14:27:59+02:00 retry.go:69: Running terraform [init]
TestApplyNoError 2018-06-02T14:27:59+02:00 command.go:52: Running command terraform with args [init]
TestApplyWithErrorNoRetry 2018-06-02T14:27:59+02:00 retry.go:69: Running terraform [init]
TestApplyWithErrorWithRetry 2018-06-02T14:27:59+02:00 retry.go:69: Running terraform [init]
TestApplyWithErrorNoRetry 2018-06-02T14:27:59+02:00 command.go:52: Running command terraform with args [init]
TestApplyWithErrorWithRetry 2018-06-02T14:27:59+02:00 command.go:52: Running command terraform with args [init]
TestApplyNoError 2018-06-02T14:27:59+02:00 command.go:96: 
TestApplyNoError 2018-06-02T14:27:59+02:00 command.go:96: [0m[1m[32mTerraform has been successfully initialized![0m[32m[0m
TestApplyNoError 2018-06-02T14:27:59+02:00 command.go:96: [0m[32m
TestApplyWithErrorWithRetry 2018-06-02T14:27:59+02:00 command.go:96: 
TestApplyWithErrorWithRetry 2018-06-02T14:27:59+02:00 command.go:96: [0m[1mInitializing provider plugins...[0m
TestApplyWithErrorWithRetry 2018-06-02T14:27:59+02:00 command.go:96: - Checking for available provider plugins on https://releases.hashicorp.com...
TestApplyNoError 2018-06-02T14:27:59+02:00 command.go:96: You may now begin working with Terraform. Try running "terraform plan" to see
TestApplyNoError 2018-06-02T14:27:59+02:00 command.go:96: any changes that are required for your infrastructure. All Terraform commands
TestApplyWithErrorNoRetry 2018-06-02T14:27:59+02:00 command.go:96: 
TestApplyNoError 2018-06-02T14:27:59+02:00 command.go:96: should now work.
TestApplyNoError 2018-06-02T14:27:59+02:00 command.go:96: 
TestApplyNoError 2018-06-02T14:27:59+02:00 command.go:96: If you ever set or change modules or backend configuration for Terraform,
TestApplyWithErrorNoRetry 2018-06-02T14:27:59+02:00 command.go:96: [0m[1mInitializing provider plugins...[0m
TestApplyWithErrorNoRetry 2018-06-02T14:27:59+02:00 command.go:96: - Checking for available provider plugins on https://releases.hashicorp.com...
TestApplyNoError 2018-06-02T14:27:59+02:00 command.go:96: rerun this command to reinitialize your working directory. If you forget, other
TestApplyNoError 2018-06-02T14:27:59+02:00 command.go:96: commands will detect it and remind you to do so if necessary.[0m
TestApplyNoError 2018-06-02T14:27:59+02:00 retry.go:69: Running terraform [get -update]
TestApplyNoError 2018-06-02T14:27:59+02:00 command.go:52: Running command terraform with args [get -update]
TestApplyNoError 2018-06-02T14:27:59+02:00 retry.go:69: Running terraform [apply -input=false -lock=false -auto-approve]
TestApplyNoError 2018-06-02T14:27:59+02:00 command.go:52: Running command terraform with args [apply -input=false -lock=false -auto-approve]
TestApplyNoError 2018-06-02T14:27:59+02:00 command.go:96: [0m[1m[32m
TestApplyNoError 2018-06-02T14:27:59+02:00 command.go:96: Apply complete! Resources: 0 added, 0 changed, 0 destroyed.[0m
TestApplyNoError 2018-06-02T14:27:59+02:00 command.go:96: [0m[1m[32m
TestApplyNoError 2018-06-02T14:27:59+02:00 command.go:96: Outputs:
TestApplyNoError 2018-06-02T14:27:59+02:00 command.go:96: 
TestApplyNoError 2018-06-02T14:27:59+02:00 command.go:96: test = Hello, World[0m
--- PASS: TestApplyNoError (0.13s)
TestApplyWithErrorWithRetry 2018-06-02T14:27:59+02:00 command.go:96: - Downloading plugin for provider "null" (1.0.0)...
TestApplyWithErrorNoRetry 2018-06-02T14:27:59+02:00 command.go:96: - Downloading plugin for provider "null" (1.0.0)...
TestApplyWithErrorWithRetry 2018-06-02T14:28:00+02:00 command.go:96: 
TestApplyWithErrorWithRetry 2018-06-02T14:28:00+02:00 command.go:96: The following providers do not have any version constraints in configuration,
TestApplyWithErrorWithRetry 2018-06-02T14:28:00+02:00 command.go:96: so the latest version was installed.
TestApplyWithErrorWithRetry 2018-06-02T14:28:00+02:00 command.go:96: 
TestApplyWithErrorWithRetry 2018-06-02T14:28:00+02:00 command.go:96: To prevent automatic upgrades to new major versions that may contain breaking
TestApplyWithErrorWithRetry 2018-06-02T14:28:00+02:00 command.go:96: changes, it is recommended to add version = "..." constraints to the
TestApplyWithErrorWithRetry 2018-06-02T14:28:00+02:00 command.go:96: corresponding provider blocks in configuration, with the constraint strings
TestApplyWithErrorWithRetry 2018-06-02T14:28:00+02:00 command.go:96: suggested below.
TestApplyWithErrorWithRetry 2018-06-02T14:28:00+02:00 command.go:96: 
TestApplyWithErrorWithRetry 2018-06-02T14:28:00+02:00 command.go:96: * provider.null: version = "~> 1.0"
TestApplyWithErrorWithRetry 2018-06-02T14:28:00+02:00 command.go:96: 
TestApplyWithErrorWithRetry 2018-06-02T14:28:00+02:00 command.go:96: [0m[1m[32mTerraform has been successfully initialized![0m[32m[0m
TestApplyWithErrorWithRetry 2018-06-02T14:28:00+02:00 command.go:96: [0m[32m
TestApplyWithErrorWithRetry 2018-06-02T14:28:00+02:00 command.go:96: You may now begin working with Terraform. Try running "terraform plan" to see
TestApplyWithErrorWithRetry 2018-06-02T14:28:00+02:00 command.go:96: any changes that are required for your infrastructure. All Terraform commands
TestApplyWithErrorWithRetry 2018-06-02T14:28:00+02:00 command.go:96: should now work.
TestApplyWithErrorWithRetry 2018-06-02T14:28:00+02:00 command.go:96: 
TestApplyWithErrorWithRetry 2018-06-02T14:28:00+02:00 command.go:96: If you ever set or change modules or backend configuration for Terraform,
TestApplyWithErrorWithRetry 2018-06-02T14:28:00+02:00 command.go:96: rerun this command to reinitialize your working directory. If you forget, other
TestApplyWithErrorWithRetry 2018-06-02T14:28:00+02:00 command.go:96: commands will detect it and remind you to do so if necessary.[0m
TestApplyWithErrorWithRetry 2018-06-02T14:28:00+02:00 retry.go:69: Running terraform [get -update]
TestApplyWithErrorWithRetry 2018-06-02T14:28:00+02:00 command.go:52: Running command terraform with args [get -update]
TestApplyWithErrorWithRetry 2018-06-02T14:28:00+02:00 retry.go:69: Running terraform [apply -input=false -lock=false -auto-approve]
TestApplyWithErrorWithRetry 2018-06-02T14:28:00+02:00 command.go:52: Running command terraform with args [apply -input=false -lock=false -auto-approve]
TestApplyWithErrorWithRetry 2018-06-02T14:28:00+02:00 command.go:96: [0m[1mnull_resource.fail_on_first_run: Creating...[0m[0m
TestApplyWithErrorWithRetry 2018-06-02T14:28:00+02:00 command.go:96: [0m[1mnull_resource.fail_on_first_run: Provisioning with 'local-exec'...[0m[0m
TestApplyWithErrorWithRetry 2018-06-02T14:28:00+02:00 command.go:96: [0m[0mnull_resource.fail_on_first_run (local-exec): Executing: ["/bin/bash" "-c" "if [[ -f terraform.tfstate.backup ]]; then echo 'This is not the first run, so exiting successfully' && exit 0; else echo 'This is the first run, exiting with an error' && exit 1; fi"]
TestApplyWithErrorWithRetry 2018-06-02T14:28:00+02:00 command.go:96: [0m[0mnull_resource.fail_on_first_run (local-exec): This is the first run, exiting with an error
TestApplyWithErrorWithRetry 2018-06-02T14:28:00+02:00 command.go:100: [31m
TestApplyWithErrorWithRetry 2018-06-02T14:28:00+02:00 command.go:100: [1m[31mError: [0m[0m[1mError applying plan:
TestApplyWithErrorWithRetry 2018-06-02T14:28:00+02:00 command.go:100: 
TestApplyWithErrorWithRetry 2018-06-02T14:28:00+02:00 command.go:100: 1 error(s) occurred:
TestApplyWithErrorWithRetry 2018-06-02T14:28:00+02:00 command.go:100: 
TestApplyWithErrorWithRetry 2018-06-02T14:28:00+02:00 command.go:100: * null_resource.fail_on_first_run: Error running command 'if [[ -f terraform.tfstate.backup ]]; then echo 'This is not the first run, so exiting successfully' && exit 0; else echo 'This is the first run, exiting with an error' && exit 1; fi': exit status 1. Output: This is the first run, exiting with an error
TestApplyWithErrorWithRetry 2018-06-02T14:28:00+02:00 command.go:100: 
TestApplyWithErrorWithRetry 2018-06-02T14:28:00+02:00 command.go:100: 
TestApplyWithErrorWithRetry 2018-06-02T14:28:00+02:00 command.go:100: Terraform does not automatically rollback in the face of errors.
TestApplyWithErrorWithRetry 2018-06-02T14:28:00+02:00 command.go:100: Instead, your Terraform state file has been partially updated with
TestApplyWithErrorWithRetry 2018-06-02T14:28:00+02:00 command.go:100: any resources that successfully completed. Please address the error
TestApplyWithErrorWithRetry 2018-06-02T14:28:00+02:00 command.go:100: above and apply again to incrementally change your infrastructure.[0m
TestApplyWithErrorWithRetry 2018-06-02T14:28:00+02:00 command.go:100: 
TestApplyWithErrorWithRetry 2018-06-02T14:28:00+02:00 command.go:100: [0m[0m[0m
TestApplyWithErrorWithRetry 2018-06-02T14:28:00+02:00 cmd.go:40: terraform failed with the error 'This is the first run, exiting with an error' but this error was expected and warrants a retry. Further details: Intentional failure in test fixture

TestApplyWithErrorWithRetry 2018-06-02T14:28:00+02:00 retry.go:81: Running terraform [apply -input=false -lock=false -auto-approve] returned an error: exit status 1. Sleeping for 0s and will try again.
TestApplyWithErrorWithRetry 2018-06-02T14:28:00+02:00 retry.go:69: Running terraform [apply -input=false -lock=false -auto-approve]
TestApplyWithErrorWithRetry 2018-06-02T14:28:00+02:00 command.go:52: Running command terraform with args [apply -input=false -lock=false -auto-approve]
TestApplyWithErrorWithRetry 2018-06-02T14:28:01+02:00 command.go:96: [0m[1mnull_resource.fail_on_first_run: Refreshing state... (ID: 915067259189007238)[0m
TestApplyWithErrorWithRetry 2018-06-02T14:28:01+02:00 command.go:96: [0m[1mnull_resource.fail_on_first_run: Destroying... (ID: 915067259189007238)[0m[0m
TestApplyWithErrorWithRetry 2018-06-02T14:28:01+02:00 command.go:96: [0m[1mnull_resource.fail_on_first_run: Destruction complete after 0s[0m[0m
TestApplyWithErrorWithRetry 2018-06-02T14:28:01+02:00 command.go:96: [0m[1mnull_resource.fail_on_first_run: Creating...[0m[0m
TestApplyWithErrorWithRetry 2018-06-02T14:28:01+02:00 command.go:96: [0m[1mnull_resource.fail_on_first_run: Provisioning with 'local-exec'...[0m[0m
TestApplyWithErrorWithRetry 2018-06-02T14:28:01+02:00 command.go:96: [0m[0mnull_resource.fail_on_first_run (local-exec): Executing: ["/bin/bash" "-c" "if [[ -f terraform.tfstate.backup ]]; then echo 'This is not the first run, so exiting successfully' && exit 0; else echo 'This is the first run, exiting with an error' && exit 1; fi"]
TestApplyWithErrorWithRetry 2018-06-02T14:28:01+02:00 command.go:96: [0m[0mnull_resource.fail_on_first_run (local-exec): This is not the first run, so exiting successfully
TestApplyWithErrorWithRetry 2018-06-02T14:28:01+02:00 command.go:96: [0m[1mnull_resource.fail_on_first_run: Creation complete after 0s (ID: 6100319020942254180)[0m[0m
TestApplyWithErrorWithRetry 2018-06-02T14:28:01+02:00 command.go:96: [0m[1m[32m
TestApplyWithErrorWithRetry 2018-06-02T14:28:01+02:00 command.go:96: Apply complete! Resources: 1 added, 0 changed, 1 destroyed.[0m
--- PASS: TestApplyWithErrorWithRetry (1.91s)
TestApplyWithErrorNoRetry 2018-06-02T14:28:01+02:00 command.go:96: 
TestApplyWithErrorNoRetry 2018-06-02T14:28:01+02:00 command.go:96: The following providers do not have any version constraints in configuration,
TestApplyWithErrorNoRetry 2018-06-02T14:28:01+02:00 command.go:96: so the latest version was installed.
TestApplyWithErrorNoRetry 2018-06-02T14:28:01+02:00 command.go:96: 
TestApplyWithErrorNoRetry 2018-06-02T14:28:01+02:00 command.go:96: To prevent automatic upgrades to new major versions that may contain breaking
TestApplyWithErrorNoRetry 2018-06-02T14:28:01+02:00 command.go:96: changes, it is recommended to add version = "..." constraints to the
TestApplyWithErrorNoRetry 2018-06-02T14:28:01+02:00 command.go:96: corresponding provider blocks in configuration, with the constraint strings
TestApplyWithErrorNoRetry 2018-06-02T14:28:01+02:00 command.go:96: suggested below.
TestApplyWithErrorNoRetry 2018-06-02T14:28:01+02:00 command.go:96: 
TestApplyWithErrorNoRetry 2018-06-02T14:28:01+02:00 command.go:96: * provider.null: version = "~> 1.0"
TestApplyWithErrorNoRetry 2018-06-02T14:28:01+02:00 command.go:96: 
TestApplyWithErrorNoRetry 2018-06-02T14:28:01+02:00 command.go:96: [0m[1m[32mTerraform has been successfully initialized![0m[32m[0m
TestApplyWithErrorNoRetry 2018-06-02T14:28:01+02:00 command.go:96: [0m[32m
TestApplyWithErrorNoRetry 2018-06-02T14:28:01+02:00 command.go:96: You may now begin working with Terraform. Try running "terraform plan" to see
TestApplyWithErrorNoRetry 2018-06-02T14:28:01+02:00 command.go:96: any changes that are required for your infrastructure. All Terraform commands
TestApplyWithErrorNoRetry 2018-06-02T14:28:01+02:00 command.go:96: should now work.
TestApplyWithErrorNoRetry 2018-06-02T14:28:01+02:00 command.go:96: 
TestApplyWithErrorNoRetry 2018-06-02T14:28:01+02:00 command.go:96: If you ever set or change modules or backend configuration for Terraform,
TestApplyWithErrorNoRetry 2018-06-02T14:28:01+02:00 command.go:96: rerun this command to reinitialize your working directory. If you forget, other
TestApplyWithErrorNoRetry 2018-06-02T14:28:01+02:00 command.go:96: commands will detect it and remind you to do so if necessary.[0m
TestApplyWithErrorNoRetry 2018-06-02T14:28:01+02:00 retry.go:69: Running terraform [get -update]
TestApplyWithErrorNoRetry 2018-06-02T14:28:01+02:00 command.go:52: Running command terraform with args [get -update]
TestApplyWithErrorNoRetry 2018-06-02T14:28:01+02:00 retry.go:69: Running terraform [apply -input=false -lock=false -auto-approve]
TestApplyWithErrorNoRetry 2018-06-02T14:28:01+02:00 command.go:52: Running command terraform with args [apply -input=false -lock=false -auto-approve]
TestApplyWithErrorNoRetry 2018-06-02T14:28:01+02:00 command.go:96: [0m[1mnull_resource.fail_on_first_run: Creating...[0m[0m
TestApplyWithErrorNoRetry 2018-06-02T14:28:01+02:00 command.go:96: [0m[1mnull_resource.fail_on_first_run: Provisioning with 'local-exec'...[0m[0m
TestApplyWithErrorNoRetry 2018-06-02T14:28:01+02:00 command.go:96: [0m[0mnull_resource.fail_on_first_run (local-exec): Executing: ["/bin/bash" "-c" "if [[ -f terraform.tfstate.backup ]]; then echo 'This is not the first run, so exiting successfully' && exit 0; else echo 'This is the first run, exiting with an error' && exit 1; fi"]
TestApplyWithErrorNoRetry 2018-06-02T14:28:01+02:00 command.go:96: [0m[0mnull_resource.fail_on_first_run (local-exec): This is the first run, exiting with an error
TestApplyWithErrorNoRetry 2018-06-02T14:28:01+02:00 command.go:100: [31m
TestApplyWithErrorNoRetry 2018-06-02T14:28:01+02:00 command.go:100: [1m[31mError: [0m[0m[1mError applying plan:
TestApplyWithErrorNoRetry 2018-06-02T14:28:01+02:00 command.go:100: 
TestApplyWithErrorNoRetry 2018-06-02T14:28:01+02:00 command.go:100: 1 error(s) occurred:
TestApplyWithErrorNoRetry 2018-06-02T14:28:01+02:00 command.go:100: 
TestApplyWithErrorNoRetry 2018-06-02T14:28:01+02:00 command.go:100: * null_resource.fail_on_first_run: Error running command 'if [[ -f terraform.tfstate.backup ]]; then echo 'This is not the first run, so exiting successfully' && exit 0; else echo 'This is the first run, exiting with an error' && exit 1; fi': exit status 1. Output: This is the first run, exiting with an error
TestApplyWithErrorNoRetry 2018-06-02T14:28:01+02:00 command.go:100: 
TestApplyWithErrorNoRetry 2018-06-02T14:28:01+02:00 command.go:100: 
TestApplyWithErrorNoRetry 2018-06-02T14:28:01+02:00 command.go:100: Terraform does not automatically rollback in the face of errors.
TestApplyWithErrorNoRetry 2018-06-02T14:28:01+02:00 command.go:100: Instead, your Terraform state file has been partially updated with
TestApplyWithErrorNoRetry 2018-06-02T14:28:01+02:00 command.go:100: any resources that successfully completed. Please address the error
TestApplyWithErrorNoRetry 2018-06-02T14:28:01+02:00 command.go:100: above and apply again to incrementally change your infrastructure.[0m
TestApplyWithErrorNoRetry 2018-06-02T14:28:01+02:00 command.go:100: 
TestApplyWithErrorNoRetry 2018-06-02T14:28:01+02:00 command.go:100: [0m[0m[0m
TestApplyWithErrorNoRetry 2018-06-02T14:28:01+02:00 retry.go:77: Returning due to fatal error: FatalError{Underlying: exit status 1}
--- PASS: TestApplyWithErrorNoRetry (2.22s)
PASS
ok  	github.com/gruntwork-io/terratest/modules/terraform	2.242s
=== RUN   TestSaveAndLoadTestData
=== PAUSE TestSaveAndLoadTestData
=== RUN   TestIsEmptyJson
=== PAUSE TestIsEmptyJson
=== RUN   TestSaveAndLoadTerraformOptions
=== PAUSE TestSaveAndLoadTerraformOptions
=== RUN   TestSaveAndLoadAmiId
=== PAUSE TestSaveAndLoadAmiId
=== RUN   TestSaveAndLoadNamedStrings
=== PAUSE TestSaveAndLoadNamedStrings
=== RUN   TestSaveDuplicateTestData
=== PAUSE TestSaveDuplicateTestData
=== RUN   TestSaveAndLoadNamedInts
=== PAUSE TestSaveAndLoadNamedInts
=== RUN   TestCopyToTempFolder
--- PASS: TestCopyToTempFolder (0.18s)
	test_structure_test.go:7: /var/folders/6j/q84jvhy96xn4ym2l1gzw9hs00000gn/T/TestCopyToTempFolder680725747/terratest/examples
=== RUN   TestCopySubtestToTempFolder
=== RUN   TestCopySubtestToTempFolder/Subtest
--- PASS: TestCopySubtestToTempFolder (0.15s)
    --- PASS: TestCopySubtestToTempFolder/Subtest (0.15s)
    	test_structure_test.go:13: /var/folders/6j/q84jvhy96xn4ym2l1gzw9hs00000gn/T/Subtest859335094/terratest/examples
=== CONT  TestSaveAndLoadTestData
=== CONT  TestSaveAndLoadNamedStrings
=== CONT  TestSaveDuplicateTestData
=== CONT  TestSaveAndLoadTerraformOptions
=== CONT  TestSaveAndLoadAmiId
=== CONT  TestSaveAndLoadNamedInts
=== CONT  TestIsEmptyJson
TestSaveDuplicateTestData 2018-06-02T14:28:03+02:00 save_test_data.go:132: Storing test data in /var/folders/6j/q84jvhy96xn4ym2l1gzw9hs00000gn/T/save-and-load-duplicate-test-data148164055/.test-data/hello-world.json so it can be reused later
TestSaveAndLoadTestData 2018-06-02T14:28:03+02:00 save_test_data.go:132: Storing test data in /var/folders/6j/q84jvhy96xn4ym2l1gzw9hs00000gn/T/save-and-load-test-data277419933 so it can be reused later
TestSaveAndLoadNamedStrings 2018-06-02T14:28:03+02:00 save_test_data.go:132: Storing test data in /var/folders/6j/q84jvhy96xn4ym2l1gzw9hs00000gn/T/save-and-load-named-strings019051608/.test-data/test-ami.json so it can be reused later
TestSaveAndLoadTerraformOptions 2018-06-02T14:28:03+02:00 save_test_data.go:132: Storing test data in /var/folders/6j/q84jvhy96xn4ym2l1gzw9hs00000gn/T/save-and-load-terratest-options678984010/.test-data/TerraformOptions.json so it can be reused later
--- PASS: TestIsEmptyJson (0.00s)
TestSaveAndLoadNamedInts 2018-06-02T14:28:03+02:00 save_test_data.go:132: Storing test data in /var/folders/6j/q84jvhy96xn4ym2l1gzw9hs00000gn/T/save-and-load-named-ints126466316/.test-data/test-int1.json so it can be reused later
TestSaveAndLoadAmiId 2018-06-02T14:28:03+02:00 save_test_data.go:132: Storing test data in /var/folders/6j/q84jvhy96xn4ym2l1gzw9hs00000gn/T/save-and-load-ami-id797479969/.test-data/AMI.json so it can be reused later
TestSaveAndLoadTestData 2018-06-02T14:28:03+02:00 save_test_data.go:159: Loading test data from /var/folders/6j/q84jvhy96xn4ym2l1gzw9hs00000gn/T/save-and-load-test-data277419933
TestSaveAndLoadTestData 2018-06-02T14:28:03+02:00 save_test_data.go:235: Cleaning up test data from /var/folders/6j/q84jvhy96xn4ym2l1gzw9hs00000gn/T/save-and-load-test-data277419933
TestSaveAndLoadNamedStrings 2018-06-02T14:28:03+02:00 save_test_data.go:132: Storing test data in /var/folders/6j/q84jvhy96xn4ym2l1gzw9hs00000gn/T/save-and-load-named-strings019051608/.test-data/test-ami2.json so it can be reused later
--- PASS: TestSaveAndLoadTestData (0.00s)
	save_test_data.go:143: Marshalled JSON: {"Foo":"foo","Bar":true,"Baz":{"abc":"def","ghi":1,"klm":false}}
TestSaveAndLoadNamedInts 2018-06-02T14:28:03+02:00 save_test_data.go:132: Storing test data in /var/folders/6j/q84jvhy96xn4ym2l1gzw9hs00000gn/T/save-and-load-named-ints126466316/.test-data/test-int2.json so it can be reused later
TestSaveAndLoadAmiId 2018-06-02T14:28:03+02:00 save_test_data.go:159: Loading test data from /var/folders/6j/q84jvhy96xn4ym2l1gzw9hs00000gn/T/save-and-load-ami-id797479969/.test-data/AMI.json
--- PASS: TestSaveAndLoadAmiId (0.00s)
	save_test_data.go:143: Marshalled JSON: "ami-abcd1234"
TestSaveAndLoadTerraformOptions 2018-06-02T14:28:03+02:00 save_test_data.go:159: Loading test data from /var/folders/6j/q84jvhy96xn4ym2l1gzw9hs00000gn/T/save-and-load-terratest-options678984010/.test-data/TerraformOptions.json
TestSaveDuplicateTestData 2018-06-02T14:28:03+02:00 save_test_data.go:132: Storing test data in /var/folders/6j/q84jvhy96xn4ym2l1gzw9hs00000gn/T/save-and-load-duplicate-test-data148164055/.test-data/hello-world.json so it can be reused later
--- PASS: TestSaveAndLoadTerraformOptions (0.00s)
	save_test_data.go:143: Marshalled JSON: {"TerraformDir":"/abc/def/ghi","Vars":{},"EnvVars":null,"RetryableTerraformErrors":null,"MaxRetries":0,"TimeBetweenRetries":0}
TestSaveDuplicateTestData 2018-06-02T14:28:03+02:00 save_test_data.go:135: [WARNING] The named test data at path /var/folders/6j/q84jvhy96xn4ym2l1gzw9hs00000gn/T/save-and-load-duplicate-test-data148164055/.test-data/hello-world.json is non-empty. Save operation will overwrite existing value with "buenos dias, mundo".
.
TestSaveAndLoadNamedInts 2018-06-02T14:28:03+02:00 save_test_data.go:159: Loading test data from /var/folders/6j/q84jvhy96xn4ym2l1gzw9hs00000gn/T/save-and-load-named-ints126466316/.test-data/test-int1.json
TestSaveAndLoadNamedStrings 2018-06-02T14:28:03+02:00 save_test_data.go:159: Loading test data from /var/folders/6j/q84jvhy96xn4ym2l1gzw9hs00000gn/T/save-and-load-named-strings019051608/.test-data/test-ami.json
TestSaveAndLoadNamedInts 2018-06-02T14:28:03+02:00 save_test_data.go:159: Loading test data from /var/folders/6j/q84jvhy96xn4ym2l1gzw9hs00000gn/T/save-and-load-named-ints126466316/.test-data/test-int2.json
TestSaveAndLoadNamedStrings 2018-06-02T14:28:03+02:00 save_test_data.go:159: Loading test data from /var/folders/6j/q84jvhy96xn4ym2l1gzw9hs00000gn/T/save-and-load-named-strings019051608/.test-data/test-ami2.json
--- PASS: TestSaveAndLoadNamedInts (0.00s)
	save_test_data.go:143: Marshalled JSON: 23842834
	save_test_data.go:143: Marshalled JSON: 52
--- PASS: TestSaveAndLoadNamedStrings (0.00s)
	save_test_data.go:143: Marshalled JSON: "ami-abcd1234"
	save_test_data.go:143: Marshalled JSON: "ami-xyz98765"
TestSaveDuplicateTestData 2018-06-02T14:28:03+02:00 save_test_data.go:159: Loading test data from /var/folders/6j/q84jvhy96xn4ym2l1gzw9hs00000gn/T/save-and-load-duplicate-test-data148164055/.test-data/hello-world.json
--- PASS: TestSaveDuplicateTestData (0.00s)
	save_test_data.go:143: Marshalled JSON: "hello world"
	save_test_data.go:143: Marshalled JSON: "buenos dias, mundo"
PASS
ok  	github.com/gruntwork-io/terratest/modules/test-structure	0.345s
=== RUN   TestPackerBasicExample
=== PAUSE TestPackerBasicExample
=== RUN   TestPackerDockerExampleLocal
=== PAUSE TestPackerDockerExampleLocal
=== RUN   TestTerraformAwsExample
=== PAUSE TestTerraformAwsExample
=== RUN   TestTerraformBasicExample
=== PAUSE TestTerraformBasicExample
=== RUN   TestTerraformHttpExample
=== PAUSE TestTerraformHttpExample
=== RUN   TestTerraformPackerExample
=== PAUSE TestTerraformPackerExample
=== RUN   TestTerraformRedeployExample
=== PAUSE TestTerraformRedeployExample
=== RUN   TestTerraformSshExample
=== PAUSE TestTerraformSshExample
=== CONT  TestPackerBasicExample
=== CONT  TestTerraformPackerExample
=== CONT  TestTerraformRedeployExample
=== CONT  TestTerraformBasicExample
TestPackerBasicExample 2018-06-02T14:28:05+02:00 region.go:72: Looking up all AWS regions available in this account
=== CONT  TestTerraformSshExample
TestTerraformBasicExample 2018-06-02T14:28:05+02:00 retry.go:69: Running terraform [init]
TestTerraformRedeployExample 2018-06-02T14:28:05+02:00 region.go:72: Looking up all AWS regions available in this account
TestTerraformPackerExample 2018-06-02T14:28:05+02:00 region.go:72: Looking up all AWS regions available in this account
TestTerraformSshExample 2018-06-02T14:28:05+02:00 test_structure.go:23: The 'SKIP_setup' environment variable is not set, so executing stage 'setup'.
TestTerraformBasicExample 2018-06-02T14:28:05+02:00 command.go:52: Running command terraform with args [init]
=== CONT  TestTerraformHttpExample
TestTerraformSshExample 2018-06-02T14:28:05+02:00 region.go:72: Looking up all AWS regions available in this account
TestTerraformHttpExample 2018-06-02T14:28:05+02:00 region.go:72: Looking up all AWS regions available in this account
=== CONT  TestTerraformAwsExample
TestTerraformAwsExample 2018-06-02T14:28:05+02:00 region.go:72: Looking up all AWS regions available in this account
=== CONT  TestPackerDockerExampleLocal
TestPackerDockerExampleLocal 2018-06-02T14:28:05+02:00 packer.go:33: Running Packer to generate AMI for template ../examples/packer-docker-example/build.json
TestPackerDockerExampleLocal 2018-06-02T14:28:05+02:00 command.go:52: Running command packer with args [build -machine-readable -only=ubuntu-docker ../examples/packer-docker-example/build.json]
TestTerraformBasicExample 2018-06-02T14:28:05+02:00 command.go:96: 
TestTerraformBasicExample 2018-06-02T14:28:05+02:00 command.go:96: [0m[1mInitializing provider plugins...[0m
TestTerraformBasicExample 2018-06-02T14:28:05+02:00 command.go:96: 
TestTerraformBasicExample 2018-06-02T14:28:05+02:00 command.go:96: The following providers do not have any version constraints in configuration,
TestTerraformBasicExample 2018-06-02T14:28:05+02:00 command.go:96: so the latest version was installed.
TestTerraformBasicExample 2018-06-02T14:28:05+02:00 command.go:96: 
TestTerraformBasicExample 2018-06-02T14:28:05+02:00 command.go:96: To prevent automatic upgrades to new major versions that may contain breaking
TestTerraformBasicExample 2018-06-02T14:28:05+02:00 command.go:96: changes, it is recommended to add version = "..." constraints to the
TestTerraformBasicExample 2018-06-02T14:28:05+02:00 command.go:96: corresponding provider blocks in configuration, with the constraint strings
TestTerraformBasicExample 2018-06-02T14:28:05+02:00 command.go:96: suggested below.
TestTerraformBasicExample 2018-06-02T14:28:05+02:00 command.go:96: 
TestTerraformBasicExample 2018-06-02T14:28:05+02:00 command.go:96: * provider.template: version = "~> 1.0"
TestTerraformBasicExample 2018-06-02T14:28:05+02:00 command.go:96: 
TestTerraformBasicExample 2018-06-02T14:28:05+02:00 command.go:96: [0m[1m[32mTerraform has been successfully initialized![0m[32m[0m
TestTerraformBasicExample 2018-06-02T14:28:05+02:00 command.go:96: [0m[32m
TestTerraformBasicExample 2018-06-02T14:28:05+02:00 command.go:96: You may now begin working with Terraform. Try running "terraform plan" to see
TestTerraformBasicExample 2018-06-02T14:28:05+02:00 command.go:96: any changes that are required for your infrastructure. All Terraform commands
TestTerraformBasicExample 2018-06-02T14:28:05+02:00 command.go:96: should now work.
TestTerraformBasicExample 2018-06-02T14:28:05+02:00 command.go:96: 
TestTerraformBasicExample 2018-06-02T14:28:05+02:00 command.go:96: If you ever set or change modules or backend configuration for Terraform,
TestTerraformBasicExample 2018-06-02T14:28:05+02:00 command.go:96: rerun this command to reinitialize your working directory. If you forget, other
TestTerraformBasicExample 2018-06-02T14:28:05+02:00 command.go:96: commands will detect it and remind you to do so if necessary.[0m
TestTerraformBasicExample 2018-06-02T14:28:05+02:00 retry.go:69: Running terraform [get -update]
TestTerraformBasicExample 2018-06-02T14:28:05+02:00 command.go:52: Running command terraform with args [get -update]
TestTerraformBasicExample 2018-06-02T14:28:05+02:00 retry.go:69: Running terraform [apply -input=false -lock=false -auto-approve -var example="foo"]
TestTerraformBasicExample 2018-06-02T14:28:05+02:00 command.go:52: Running command terraform with args [apply -input=false -lock=false -auto-approve -var example="foo"]
TestTerraformBasicExample 2018-06-02T14:28:05+02:00 command.go:96: [0m[1mdata.template_file.example: Refreshing state...[0m
TestTerraformBasicExample 2018-06-02T14:28:05+02:00 command.go:96: [0m[1m[32m
TestTerraformBasicExample 2018-06-02T14:28:05+02:00 command.go:96: Apply complete! Resources: 0 added, 0 changed, 0 destroyed.[0m
TestTerraformBasicExample 2018-06-02T14:28:05+02:00 command.go:96: [0m[1m[32m
TestTerraformBasicExample 2018-06-02T14:28:05+02:00 command.go:96: Outputs:
TestTerraformBasicExample 2018-06-02T14:28:05+02:00 command.go:96: 
TestTerraformBasicExample 2018-06-02T14:28:05+02:00 command.go:96: example = foo[0m
TestTerraformBasicExample 2018-06-02T14:28:05+02:00 retry.go:69: Running terraform [output -no-color example]
TestTerraformBasicExample 2018-06-02T14:28:05+02:00 command.go:52: Running command terraform with args [output -no-color example]
TestTerraformBasicExample 2018-06-02T14:28:05+02:00 command.go:96: foo
TestTerraformBasicExample 2018-06-02T14:28:05+02:00 retry.go:69: Running terraform [destroy -force -input=false -lock=false -var example="foo"]
TestTerraformBasicExample 2018-06-02T14:28:05+02:00 command.go:52: Running command terraform with args [destroy -force -input=false -lock=false -var example="foo"]
TestPackerDockerExampleLocal 2018-06-02T14:28:05+02:00 command.go:96: 1527942485,,ui,say,==> ubuntu-docker: Creating a temporary directory for sharing data...
TestPackerDockerExampleLocal 2018-06-02T14:28:05+02:00 command.go:96: 1527942485,,ui,say,==> ubuntu-docker: Pulling Docker image: gruntwork/ubuntu-test:16.04
TestTerraformBasicExample 2018-06-02T14:28:05+02:00 command.go:96: [0m[1mdata.template_file.example: Refreshing state...[0m
TestTerraformBasicExample 2018-06-02T14:28:05+02:00 command.go:96: [0m[1m[32m
TestTerraformBasicExample 2018-06-02T14:28:05+02:00 command.go:96: Destroy complete! Resources: 0 destroyed.[0m
--- PASS: TestTerraformBasicExample (0.61s)
TestTerraformAwsExample 2018-06-02T14:28:06+02:00 region.go:57: Using region ap-northeast-2
TestTerraformAwsExample 2018-06-02T14:28:06+02:00 retry.go:69: Running terraform [init]
TestTerraformAwsExample 2018-06-02T14:28:06+02:00 command.go:52: Running command terraform with args [init]
TestTerraformPackerExample 2018-06-02T14:28:06+02:00 region.go:57: Using region ap-southeast-1
TestTerraformPackerExample 2018-06-02T14:28:06+02:00 test_structure.go:23: The 'SKIP_build_ami' environment variable is not set, so executing stage 'build_ami'.
TestTerraformPackerExample 2018-06-02T14:28:06+02:00 save_test_data.go:132: Storing test data in ../examples/terraform-packer-example/.test-data/PackerOptions.json so it can be reused later
TestTerraformPackerExample 2018-06-02T14:28:06+02:00 save_test_data.go:135: [WARNING] The named test data at path ../examples/terraform-packer-example/.test-data/PackerOptions.json is non-empty. Save operation will overwrite existing value with "&{../examples/packer-docker-example/build.json map[aws_region:ap-southeast-1] ubuntu-ami map[]}".
.
TestTerraformPackerExample 2018-06-02T14:28:06+02:00 packer.go:33: Running Packer to generate AMI for template ../examples/packer-docker-example/build.json
TestTerraformPackerExample 2018-06-02T14:28:06+02:00 command.go:52: Running command packer with args [build -machine-readable -var aws_region=ap-southeast-1 -only=ubuntu-ami ../examples/packer-docker-example/build.json]
TestTerraformSshExample 2018-06-02T14:28:06+02:00 region.go:57: Using region eu-west-2
TestTerraformSshExample 2018-06-02T14:28:06+02:00 key_pair.go:31: Generating new public/private key of size 2048
TestPackerBasicExample 2018-06-02T14:28:06+02:00 region.go:57: Using region us-east-2
TestPackerBasicExample 2018-06-02T14:28:06+02:00 packer.go:33: Running Packer to generate AMI for template ../examples/packer-basic-example/build.json
TestPackerBasicExample 2018-06-02T14:28:06+02:00 command.go:52: Running command packer with args [build -machine-readable -var aws_region=us-east-2 ../examples/packer-basic-example/build.json]
TestTerraformHttpExample 2018-06-02T14:28:06+02:00 region.go:57: Using region eu-west-2
TestTerraformHttpExample 2018-06-02T14:28:06+02:00 retry.go:69: Running terraform [init]
TestTerraformHttpExample 2018-06-02T14:28:06+02:00 command.go:52: Running command terraform with args [init]
TestTerraformRedeployExample 2018-06-02T14:28:06+02:00 region.go:57: Using region eu-west-1
TestTerraformRedeployExample 2018-06-02T14:28:06+02:00 test_structure.go:23: The 'SKIP_deploy_initial' environment variable is not set, so executing stage 'deploy_initial'.
TestTerraformRedeployExample 2018-06-02T14:28:06+02:00 save_test_data.go:132: Storing test data in ../examples/terraform-redeploy-example/.test-data/TerraformOptions.json so it can be reused later
TestTerraformRedeployExample 2018-06-02T14:28:06+02:00 save_test_data.go:135: [WARNING] The named test data at path ../examples/terraform-redeploy-example/.test-data/TerraformOptions.json is non-empty. Save operation will overwrite existing value with "&{../examples/terraform-redeploy-example map[aws_region:eu-west-1 instance_name:redeploy-test-V7X9hL instance_text:Hello, V7X9hL!] map[] map[] 0 0s}".
.
TestTerraformRedeployExample 2018-06-02T14:28:06+02:00 retry.go:69: Running terraform [init]
TestTerraformRedeployExample 2018-06-02T14:28:06+02:00 command.go:52: Running command terraform with args [init]
TestTerraformAwsExample 2018-06-02T14:28:06+02:00 command.go:96: 
TestTerraformAwsExample 2018-06-02T14:28:06+02:00 command.go:96: [0m[1mInitializing provider plugins...[0m
TestTerraformHttpExample 2018-06-02T14:28:06+02:00 command.go:96: 
TestTerraformHttpExample 2018-06-02T14:28:06+02:00 command.go:96: [0m[1mInitializing provider plugins...[0m
TestTerraformRedeployExample 2018-06-02T14:28:06+02:00 command.go:96: 
TestTerraformRedeployExample 2018-06-02T14:28:06+02:00 command.go:96: [0m[1mInitializing provider plugins...[0m
TestTerraformSshExample 2018-06-02T14:28:06+02:00 keypair.go:49: Creating new Key Pair in EC2 region eu-west-2 named terratest-ssh-example-ywcM4R
TestPackerBasicExample 2018-06-02T14:28:06+02:00 command.go:96: 1527942486,,ui,say,==> amazon-ebs: Prevalidating AMI Name: terratest-packer-example-2018-06-02T12-28-06Z
TestTerraformPackerExample 2018-06-02T14:28:06+02:00 command.go:96: 1527942486,,ui,say,==> ubuntu-ami: Prevalidating AMI Name: terratest-packer-docker-example-2018-06-02T12-28-06Z
TestTerraformSshExample 2018-06-02T14:28:06+02:00 save_test_data.go:132: Storing test data in ../examples/terraform-ssh-example/.test-data/TerraformOptions.json so it can be reused later
TestTerraformSshExample 2018-06-02T14:28:06+02:00 save_test_data.go:135: [WARNING] The named test data at path ../examples/terraform-ssh-example/.test-data/TerraformOptions.json is non-empty. Save operation will overwrite existing value with "&{../examples/terraform-ssh-example map[instance_name:terratest-ssh-example-ywcM4R key_pair_name:terratest-ssh-example-ywcM4R aws_region:eu-west-2] map[] map[] 0 0s}".
.
TestTerraformSshExample 2018-06-02T14:28:06+02:00 save_test_data.go:132: Storing test data in ../examples/terraform-ssh-example/.test-data/Ec2KeyPair.json so it can be reused later
TestTerraformSshExample 2018-06-02T14:28:06+02:00 save_test_data.go:135: [WARNING] The named test data at path ../examples/terraform-ssh-example/.test-data/Ec2KeyPair.json is non-empty. Save operation will overwrite existing value with "&{0xc4205245c0 terratest-ssh-example-ywcM4R eu-west-2}".
.
TestTerraformSshExample 2018-06-02T14:28:06+02:00 retry.go:69: Running terraform [init]
TestTerraformSshExample 2018-06-02T14:28:06+02:00 command.go:52: Running command terraform with args [init]
TestTerraformSshExample 2018-06-02T14:28:06+02:00 command.go:96: 
TestTerraformSshExample 2018-06-02T14:28:06+02:00 command.go:96: [0m[1mInitializing provider plugins...[0m
TestTerraformAwsExample 2018-06-02T14:28:07+02:00 command.go:96: 
TestTerraformAwsExample 2018-06-02T14:28:07+02:00 command.go:96: The following providers do not have any version constraints in configuration,
TestTerraformAwsExample 2018-06-02T14:28:07+02:00 command.go:96: so the latest version was installed.
TestTerraformAwsExample 2018-06-02T14:28:07+02:00 command.go:96: 
TestTerraformAwsExample 2018-06-02T14:28:07+02:00 command.go:96: To prevent automatic upgrades to new major versions that may contain breaking
TestTerraformAwsExample 2018-06-02T14:28:07+02:00 command.go:96: changes, it is recommended to add version = "..." constraints to the
TestTerraformAwsExample 2018-06-02T14:28:07+02:00 command.go:96: corresponding provider blocks in configuration, with the constraint strings
TestTerraformAwsExample 2018-06-02T14:28:07+02:00 command.go:96: suggested below.
TestTerraformAwsExample 2018-06-02T14:28:07+02:00 command.go:96: 
TestTerraformAwsExample 2018-06-02T14:28:07+02:00 command.go:96: * provider.aws: version = "~> 1.21"
TestTerraformAwsExample 2018-06-02T14:28:07+02:00 command.go:96: 
TestTerraformAwsExample 2018-06-02T14:28:07+02:00 command.go:96: [0m[1m[32mTerraform has been successfully initialized![0m[32m[0m
TestTerraformAwsExample 2018-06-02T14:28:07+02:00 command.go:96: [0m[32m
TestTerraformAwsExample 2018-06-02T14:28:07+02:00 command.go:96: You may now begin working with Terraform. Try running "terraform plan" to see
TestTerraformAwsExample 2018-06-02T14:28:07+02:00 command.go:96: any changes that are required for your infrastructure. All Terraform commands
TestTerraformAwsExample 2018-06-02T14:28:07+02:00 command.go:96: should now work.
TestTerraformAwsExample 2018-06-02T14:28:07+02:00 command.go:96: 
TestTerraformAwsExample 2018-06-02T14:28:07+02:00 command.go:96: If you ever set or change modules or backend configuration for Terraform,
TestTerraformAwsExample 2018-06-02T14:28:07+02:00 command.go:96: rerun this command to reinitialize your working directory. If you forget, other
TestTerraformAwsExample 2018-06-02T14:28:07+02:00 command.go:96: commands will detect it and remind you to do so if necessary.[0m
TestTerraformAwsExample 2018-06-02T14:28:07+02:00 retry.go:69: Running terraform [get -update]
TestTerraformAwsExample 2018-06-02T14:28:07+02:00 command.go:52: Running command terraform with args [get -update]
TestTerraformAwsExample 2018-06-02T14:28:07+02:00 retry.go:69: Running terraform [apply -input=false -lock=false -auto-approve -var instance_name="terratest-aws-example-lLjLPc"]
TestTerraformAwsExample 2018-06-02T14:28:07+02:00 command.go:52: Running command terraform with args [apply -input=false -lock=false -auto-approve -var instance_name="terratest-aws-example-lLjLPc"]
TestTerraformHttpExample 2018-06-02T14:28:07+02:00 command.go:96: 
TestTerraformHttpExample 2018-06-02T14:28:07+02:00 command.go:96: The following providers do not have any version constraints in configuration,
TestTerraformHttpExample 2018-06-02T14:28:07+02:00 command.go:96: so the latest version was installed.
TestTerraformHttpExample 2018-06-02T14:28:07+02:00 command.go:96: 
TestTerraformHttpExample 2018-06-02T14:28:07+02:00 command.go:96: To prevent automatic upgrades to new major versions that may contain breaking
TestTerraformHttpExample 2018-06-02T14:28:07+02:00 command.go:96: changes, it is recommended to add version = "..." constraints to the
TestTerraformHttpExample 2018-06-02T14:28:07+02:00 command.go:96: corresponding provider blocks in configuration, with the constraint strings
TestTerraformHttpExample 2018-06-02T14:28:07+02:00 command.go:96: suggested below.
TestTerraformHttpExample 2018-06-02T14:28:07+02:00 command.go:96: 
TestTerraformHttpExample 2018-06-02T14:28:07+02:00 command.go:96: * provider.aws: version = "~> 1.21"
TestTerraformHttpExample 2018-06-02T14:28:07+02:00 command.go:96: * provider.template: version = "~> 1.0"
TestTerraformHttpExample 2018-06-02T14:28:07+02:00 command.go:96: 
TestTerraformHttpExample 2018-06-02T14:28:07+02:00 command.go:96: [0m[1m[32mTerraform has been successfully initialized![0m[32m[0m
TestTerraformHttpExample 2018-06-02T14:28:07+02:00 command.go:96: [0m[32m
TestTerraformHttpExample 2018-06-02T14:28:07+02:00 command.go:96: You may now begin working with Terraform. Try running "terraform plan" to see
TestTerraformHttpExample 2018-06-02T14:28:07+02:00 command.go:96: any changes that are required for your infrastructure. All Terraform commands
TestTerraformHttpExample 2018-06-02T14:28:07+02:00 command.go:96: should now work.
TestTerraformHttpExample 2018-06-02T14:28:07+02:00 command.go:96: 
TestTerraformHttpExample 2018-06-02T14:28:07+02:00 command.go:96: If you ever set or change modules or backend configuration for Terraform,
TestTerraformHttpExample 2018-06-02T14:28:07+02:00 command.go:96: rerun this command to reinitialize your working directory. If you forget, other
TestTerraformHttpExample 2018-06-02T14:28:07+02:00 command.go:96: commands will detect it and remind you to do so if necessary.[0m
TestTerraformHttpExample 2018-06-02T14:28:07+02:00 retry.go:69: Running terraform [get -update]
TestTerraformHttpExample 2018-06-02T14:28:07+02:00 command.go:52: Running command terraform with args [get -update]
TestTerraformRedeployExample 2018-06-02T14:28:07+02:00 command.go:96: 
TestTerraformRedeployExample 2018-06-02T14:28:07+02:00 command.go:96: The following providers do not have any version constraints in configuration,
TestTerraformRedeployExample 2018-06-02T14:28:07+02:00 command.go:96: so the latest version was installed.
TestTerraformRedeployExample 2018-06-02T14:28:07+02:00 command.go:96: 
TestTerraformRedeployExample 2018-06-02T14:28:07+02:00 command.go:96: To prevent automatic upgrades to new major versions that may contain breaking
TestTerraformRedeployExample 2018-06-02T14:28:07+02:00 command.go:96: changes, it is recommended to add version = "..." constraints to the
TestTerraformRedeployExample 2018-06-02T14:28:07+02:00 command.go:96: corresponding provider blocks in configuration, with the constraint strings
TestTerraformRedeployExample 2018-06-02T14:28:07+02:00 command.go:96: suggested below.
TestTerraformRedeployExample 2018-06-02T14:28:07+02:00 command.go:96: 
TestTerraformRedeployExample 2018-06-02T14:28:07+02:00 command.go:96: * provider.aws: version = "~> 1.21"
TestTerraformRedeployExample 2018-06-02T14:28:07+02:00 command.go:96: * provider.template: version = "~> 1.0"
TestTerraformRedeployExample 2018-06-02T14:28:07+02:00 command.go:96: 
TestTerraformRedeployExample 2018-06-02T14:28:07+02:00 command.go:96: [0m[1m[32mTerraform has been successfully initialized![0m[32m[0m
TestTerraformRedeployExample 2018-06-02T14:28:07+02:00 command.go:96: [0m[32m
TestTerraformRedeployExample 2018-06-02T14:28:07+02:00 command.go:96: You may now begin working with Terraform. Try running "terraform plan" to see
TestTerraformRedeployExample 2018-06-02T14:28:07+02:00 command.go:96: any changes that are required for your infrastructure. All Terraform commands
TestTerraformRedeployExample 2018-06-02T14:28:07+02:00 command.go:96: should now work.
TestTerraformRedeployExample 2018-06-02T14:28:07+02:00 command.go:96: 
TestTerraformRedeployExample 2018-06-02T14:28:07+02:00 command.go:96: If you ever set or change modules or backend configuration for Terraform,
TestTerraformRedeployExample 2018-06-02T14:28:07+02:00 command.go:96: rerun this command to reinitialize your working directory. If you forget, other
TestTerraformRedeployExample 2018-06-02T14:28:07+02:00 command.go:96: commands will detect it and remind you to do so if necessary.[0m
TestTerraformRedeployExample 2018-06-02T14:28:07+02:00 retry.go:69: Running terraform [get -update]
TestTerraformRedeployExample 2018-06-02T14:28:07+02:00 command.go:52: Running command terraform with args [get -update]
TestTerraformHttpExample 2018-06-02T14:28:07+02:00 retry.go:69: Running terraform [apply -input=false -lock=false -auto-approve -var aws_region="eu-west-2" -var instance_name="terratest-http-example-Sk3MiI" -var instance_text="Hello, Sk3MiI!"]
TestTerraformHttpExample 2018-06-02T14:28:07+02:00 command.go:52: Running command terraform with args [apply -input=false -lock=false -auto-approve -var aws_region="eu-west-2" -var instance_name="terratest-http-example-Sk3MiI" -var instance_text="Hello, Sk3MiI!"]
TestTerraformRedeployExample 2018-06-02T14:28:07+02:00 retry.go:69: Running terraform [apply -input=false -lock=false -auto-approve -var instance_text="Hello, V7X9hL!" -var aws_region="eu-west-1" -var instance_name="redeploy-test-V7X9hL"]
TestTerraformRedeployExample 2018-06-02T14:28:07+02:00 command.go:52: Running command terraform with args [apply -input=false -lock=false -auto-approve -var instance_text="Hello, V7X9hL!" -var aws_region="eu-west-1" -var instance_name="redeploy-test-V7X9hL"]
TestTerraformSshExample 2018-06-02T14:28:07+02:00 command.go:96: 
TestTerraformSshExample 2018-06-02T14:28:07+02:00 command.go:96: The following providers do not have any version constraints in configuration,
TestTerraformSshExample 2018-06-02T14:28:07+02:00 command.go:96: so the latest version was installed.
TestTerraformSshExample 2018-06-02T14:28:07+02:00 command.go:96: 
TestTerraformSshExample 2018-06-02T14:28:07+02:00 command.go:96: To prevent automatic upgrades to new major versions that may contain breaking
TestTerraformSshExample 2018-06-02T14:28:07+02:00 command.go:96: changes, it is recommended to add version = "..." constraints to the
TestTerraformSshExample 2018-06-02T14:28:07+02:00 command.go:96: corresponding provider blocks in configuration, with the constraint strings
TestTerraformSshExample 2018-06-02T14:28:07+02:00 command.go:96: suggested below.
TestTerraformSshExample 2018-06-02T14:28:07+02:00 command.go:96: 
TestTerraformSshExample 2018-06-02T14:28:07+02:00 command.go:96: * provider.aws: version = "~> 1.21"
TestTerraformSshExample 2018-06-02T14:28:07+02:00 command.go:96: 
TestTerraformSshExample 2018-06-02T14:28:07+02:00 command.go:96: [0m[1m[32mTerraform has been successfully initialized![0m[32m[0m
TestTerraformSshExample 2018-06-02T14:28:07+02:00 command.go:96: [0m[32m
TestTerraformSshExample 2018-06-02T14:28:07+02:00 command.go:96: You may now begin working with Terraform. Try running "terraform plan" to see
TestTerraformSshExample 2018-06-02T14:28:07+02:00 command.go:96: any changes that are required for your infrastructure. All Terraform commands
TestTerraformSshExample 2018-06-02T14:28:07+02:00 command.go:96: should now work.
TestTerraformSshExample 2018-06-02T14:28:07+02:00 command.go:96: 
TestTerraformSshExample 2018-06-02T14:28:07+02:00 command.go:96: If you ever set or change modules or backend configuration for Terraform,
TestTerraformSshExample 2018-06-02T14:28:07+02:00 command.go:96: rerun this command to reinitialize your working directory. If you forget, other
TestTerraformSshExample 2018-06-02T14:28:07+02:00 command.go:96: commands will detect it and remind you to do so if necessary.[0m
TestTerraformSshExample 2018-06-02T14:28:07+02:00 retry.go:69: Running terraform [get -update]
TestTerraformSshExample 2018-06-02T14:28:07+02:00 command.go:52: Running command terraform with args [get -update]
TestTerraformSshExample 2018-06-02T14:28:07+02:00 retry.go:69: Running terraform [apply -input=false -lock=false -auto-approve -var instance_name="terratest-ssh-example-ywcM4R" -var key_pair_name="terratest-ssh-example-ywcM4R" -var aws_region="eu-west-2"]
TestTerraformSshExample 2018-06-02T14:28:07+02:00 command.go:52: Running command terraform with args [apply -input=false -lock=false -auto-approve -var instance_name="terratest-ssh-example-ywcM4R" -var key_pair_name="terratest-ssh-example-ywcM4R" -var aws_region="eu-west-2"]
TestPackerDockerExampleLocal 2018-06-02T14:28:07+02:00 command.go:96: 1527942487,,ui,message,    ubuntu-docker: 16.04: Pulling from gruntwork/ubuntu-test
TestPackerDockerExampleLocal 2018-06-02T14:28:07+02:00 command.go:96: 1527942487,,ui,message,    ubuntu-docker: 22dc81ace0ea: Pulling fs layer
TestPackerDockerExampleLocal 2018-06-02T14:28:07+02:00 command.go:96: 1527942487,,ui,message,    ubuntu-docker: 1a8b3c87dba3: Pulling fs layer
TestPackerDockerExampleLocal 2018-06-02T14:28:07+02:00 command.go:96: 1527942487,,ui,message,    ubuntu-docker: 91390a1c435a: Pulling fs layer
TestPackerDockerExampleLocal 2018-06-02T14:28:07+02:00 command.go:96: 1527942487,,ui,message,    ubuntu-docker: 07844b14977e: Pulling fs layer
TestPackerDockerExampleLocal 2018-06-02T14:28:07+02:00 command.go:96: 1527942487,,ui,message,    ubuntu-docker: b78396653dae: Pulling fs layer
TestPackerDockerExampleLocal 2018-06-02T14:28:07+02:00 command.go:96: 1527942487,,ui,message,    ubuntu-docker: 42e674202424: Pulling fs layer
TestPackerDockerExampleLocal 2018-06-02T14:28:07+02:00 command.go:96: 1527942487,,ui,message,    ubuntu-docker: 075070dca424: Pulling fs layer
TestPackerDockerExampleLocal 2018-06-02T14:28:07+02:00 command.go:96: 1527942487,,ui,message,    ubuntu-docker: 76fdf21dc491: Pulling fs layer
TestPackerDockerExampleLocal 2018-06-02T14:28:07+02:00 command.go:96: 1527942487,,ui,message,    ubuntu-docker: 07844b14977e: Waiting
TestPackerDockerExampleLocal 2018-06-02T14:28:07+02:00 command.go:96: 1527942487,,ui,message,    ubuntu-docker: b78396653dae: Waiting
TestPackerDockerExampleLocal 2018-06-02T14:28:07+02:00 command.go:96: 1527942487,,ui,message,    ubuntu-docker: 42e674202424: Waiting
TestPackerDockerExampleLocal 2018-06-02T14:28:07+02:00 command.go:96: 1527942487,,ui,message,    ubuntu-docker: 075070dca424: Waiting
TestPackerDockerExampleLocal 2018-06-02T14:28:07+02:00 command.go:96: 1527942487,,ui,message,    ubuntu-docker: 76fdf21dc491: Waiting
TestPackerBasicExample 2018-06-02T14:28:08+02:00 command.go:96: 1527942488,,ui,message,    amazon-ebs: Found Image ID: ami-6a003c0f
TestPackerBasicExample 2018-06-02T14:28:08+02:00 command.go:96: 1527942488,,ui,say,==> amazon-ebs: Creating temporary keypair: packer_5b128d56-9087-a595-0080-68c61b21edc9
TestTerraformHttpExample 2018-06-02T14:28:08+02:00 command.go:96: [0m[1mdata.template_file.user_data: Refreshing state...[0m
TestTerraformRedeployExample 2018-06-02T14:28:08+02:00 command.go:96: [0m[1mdata.template_file.user_data: Refreshing state...[0m
TestPackerBasicExample 2018-06-02T14:28:08+02:00 command.go:96: 1527942488,,ui,say,==> amazon-ebs: Creating temporary security group for this instance: packer_5b128d58-5199-b684-c0fd-4f677a93cb05
TestPackerBasicExample 2018-06-02T14:28:08+02:00 command.go:96: 1527942488,,ui,say,==> amazon-ebs: Authorizing access to port 22 from 0.0.0.0/0 in the temporary security group...
TestPackerDockerExampleLocal 2018-06-02T14:28:08+02:00 command.go:96: 1527942488,,ui,message,    ubuntu-docker: 91390a1c435a: Verifying Checksum
TestPackerDockerExampleLocal 2018-06-02T14:28:08+02:00 command.go:96: 1527942488,,ui,message,    ubuntu-docker: 91390a1c435a: Download complete
TestPackerDockerExampleLocal 2018-06-02T14:28:08+02:00 command.go:96: 1527942488,,ui,message,    ubuntu-docker: 1a8b3c87dba3: Verifying Checksum
TestPackerDockerExampleLocal 2018-06-02T14:28:08+02:00 command.go:96: 1527942488,,ui,message,    ubuntu-docker: 1a8b3c87dba3: Download complete
TestPackerBasicExample 2018-06-02T14:28:09+02:00 command.go:96: 1527942489,,ui,say,==> amazon-ebs: Launching a source AWS instance...
TestPackerBasicExample 2018-06-02T14:28:09+02:00 command.go:96: 1527942489,,ui,say,==> amazon-ebs: Adding tags to source instance
TestPackerBasicExample 2018-06-02T14:28:09+02:00 command.go:96: 1527942489,,ui,message,    amazon-ebs: Adding tag: "Name": "Packer Builder"
TestTerraformPackerExample 2018-06-02T14:28:10+02:00 command.go:96: 1527942490,,ui,message,    ubuntu-ami: Found Image ID: ami-81cefcfd
TestTerraformPackerExample 2018-06-02T14:28:10+02:00 command.go:96: 1527942490,,ui,say,==> ubuntu-ami: Creating temporary keypair: packer_5b128d56-24af-b978-d686-b57da1b81991
TestPackerDockerExampleLocal 2018-06-02T14:28:10+02:00 command.go:96: 1527942490,,ui,message,    ubuntu-docker: 07844b14977e: Verifying Checksum
TestPackerDockerExampleLocal 2018-06-02T14:28:10+02:00 command.go:96: 1527942490,,ui,message,    ubuntu-docker: 07844b14977e: Download complete
TestPackerDockerExampleLocal 2018-06-02T14:28:10+02:00 command.go:96: 1527942490,,ui,message,    ubuntu-docker: b78396653dae: Download complete
TestTerraformPackerExample 2018-06-02T14:28:10+02:00 command.go:96: 1527942490,,ui,say,==> ubuntu-ami: Creating temporary security group for this instance: packer_5b128d5a-8148-33c6-d934-57b817af25da
TestPackerBasicExample 2018-06-02T14:28:10+02:00 command.go:96: 1527942490,,ui,message,    amazon-ebs: Instance ID: i-008dcbdc023d99916
TestPackerBasicExample 2018-06-02T14:28:10+02:00 command.go:96: 1527942490,,ui,say,==> amazon-ebs: Waiting for instance (i-008dcbdc023d99916) to become ready...
TestTerraformPackerExample 2018-06-02T14:28:11+02:00 command.go:96: 1527942491,,ui,say,==> ubuntu-ami: Authorizing access to port 22 from 0.0.0.0/0 in the temporary security group...
TestTerraformPackerExample 2018-06-02T14:28:12+02:00 command.go:96: 1527942492,,ui,say,==> ubuntu-ami: Launching a source AWS instance...
TestTerraformPackerExample 2018-06-02T14:28:12+02:00 command.go:96: 1527942492,,ui,say,==> ubuntu-ami: Adding tags to source instance
TestTerraformPackerExample 2018-06-02T14:28:12+02:00 command.go:96: 1527942492,,ui,message,    ubuntu-ami: Adding tag: "Name": "Packer Builder"
TestTerraformHttpExample 2018-06-02T14:28:12+02:00 command.go:96: [0m[1mdata.aws_ami.ubuntu: Refreshing state...[0m
TestTerraformSshExample 2018-06-02T14:28:12+02:00 command.go:96: [0m[1mdata.aws_ami.ubuntu: Refreshing state...[0m
TestTerraformRedeployExample 2018-06-02T14:28:13+02:00 command.go:96: [0m[1mdata.aws_vpc.default: Refreshing state...[0m
TestTerraformRedeployExample 2018-06-02T14:28:13+02:00 command.go:96: [0m[1mdata.aws_ami.ubuntu: Refreshing state...[0m
TestTerraformPackerExample 2018-06-02T14:28:13+02:00 command.go:96: 1527942493,,ui,message,    ubuntu-ami: Instance ID: i-03e9338b8e26850cf
TestTerraformPackerExample 2018-06-02T14:28:13+02:00 command.go:96: 1527942493,,ui,say,==> ubuntu-ami: Waiting for instance (i-03e9338b8e26850cf) to become ready...
TestTerraformAwsExample 2018-06-02T14:28:15+02:00 command.go:96: [0m[1mdata.aws_ami.ubuntu: Refreshing state...[0m
TestPackerDockerExampleLocal 2018-06-02T14:28:15+02:00 command.go:96: 1527942495,,ui,message,    ubuntu-docker: 22dc81ace0ea: Verifying Checksum
TestPackerDockerExampleLocal 2018-06-02T14:28:15+02:00 command.go:96: 1527942495,,ui,message,    ubuntu-docker: 22dc81ace0ea: Download complete
TestTerraformRedeployExample 2018-06-02T14:28:16+02:00 command.go:96: [0m[1mdata.aws_subnet_ids.default: Refreshing state...[0m
TestPackerDockerExampleLocal 2018-06-02T14:28:18+02:00 command.go:96: 1527942498,,ui,message,    ubuntu-docker: 22dc81ace0ea: Pull complete
TestPackerDockerExampleLocal 2018-06-02T14:28:18+02:00 command.go:96: 1527942498,,ui,message,    ubuntu-docker: 1a8b3c87dba3: Pull complete
TestPackerDockerExampleLocal 2018-06-02T14:28:19+02:00 command.go:96: 1527942499,,ui,message,    ubuntu-docker: 91390a1c435a: Pull complete
TestPackerDockerExampleLocal 2018-06-02T14:28:19+02:00 command.go:96: 1527942499,,ui,message,    ubuntu-docker: 07844b14977e: Pull complete
TestPackerDockerExampleLocal 2018-06-02T14:28:19+02:00 command.go:96: 1527942499,,ui,message,    ubuntu-docker: b78396653dae: Pull complete
TestTerraformHttpExample 2018-06-02T14:28:21+02:00 command.go:96: [0m[1maws_security_group.example: Creating...[0m
TestTerraformHttpExample 2018-06-02T14:28:21+02:00 command.go:96:   arn:                                  "" => "<computed>"
TestTerraformHttpExample 2018-06-02T14:28:21+02:00 command.go:96:   description:                          "" => "Managed by Terraform"
TestTerraformHttpExample 2018-06-02T14:28:21+02:00 command.go:96:   egress.#:                             "" => "<computed>"
TestTerraformHttpExample 2018-06-02T14:28:21+02:00 command.go:96:   ingress.#:                            "" => "1"
TestTerraformHttpExample 2018-06-02T14:28:21+02:00 command.go:96:   ingress.516175195.cidr_blocks.#:      "" => "1"
TestTerraformHttpExample 2018-06-02T14:28:21+02:00 command.go:96:   ingress.516175195.cidr_blocks.0:      "" => "0.0.0.0/0"
TestTerraformHttpExample 2018-06-02T14:28:21+02:00 command.go:96:   ingress.516175195.description:        "" => ""
TestTerraformHttpExample 2018-06-02T14:28:21+02:00 command.go:96:   ingress.516175195.from_port:          "" => "8080"
TestTerraformHttpExample 2018-06-02T14:28:21+02:00 command.go:96:   ingress.516175195.ipv6_cidr_blocks.#: "" => "0"
TestTerraformHttpExample 2018-06-02T14:28:21+02:00 command.go:96:   ingress.516175195.protocol:           "" => "tcp"
TestTerraformHttpExample 2018-06-02T14:28:21+02:00 command.go:96:   ingress.516175195.security_groups.#:  "" => "0"
TestTerraformHttpExample 2018-06-02T14:28:21+02:00 command.go:96:   ingress.516175195.self:               "" => "false"
TestTerraformHttpExample 2018-06-02T14:28:21+02:00 command.go:96:   ingress.516175195.to_port:            "" => "8080"
TestTerraformHttpExample 2018-06-02T14:28:21+02:00 command.go:96:   name:                                 "" => "terratest-http-example-Sk3MiI"
TestTerraformHttpExample 2018-06-02T14:28:21+02:00 command.go:96:   owner_id:                             "" => "<computed>"
TestTerraformHttpExample 2018-06-02T14:28:21+02:00 command.go:96:   revoke_rules_on_delete:               "" => "false"
TestTerraformHttpExample 2018-06-02T14:28:21+02:00 command.go:96:   vpc_id:                               "" => "<computed>"[0m
TestTerraformSshExample 2018-06-02T14:28:21+02:00 command.go:96: [0m[1maws_security_group.example: Creating...[0m
TestTerraformSshExample 2018-06-02T14:28:21+02:00 command.go:96:   arn:                                   "" => "<computed>"
TestTerraformSshExample 2018-06-02T14:28:21+02:00 command.go:96:   description:                           "" => "Managed by Terraform"
TestTerraformSshExample 2018-06-02T14:28:21+02:00 command.go:96:   egress.#:                              "" => "1"
TestTerraformSshExample 2018-06-02T14:28:21+02:00 command.go:96:   egress.482069346.cidr_blocks.#:        "" => "1"
TestTerraformSshExample 2018-06-02T14:28:21+02:00 command.go:96:   egress.482069346.cidr_blocks.0:        "" => "0.0.0.0/0"
TestTerraformSshExample 2018-06-02T14:28:21+02:00 command.go:96:   egress.482069346.description:          "" => ""
TestTerraformSshExample 2018-06-02T14:28:21+02:00 command.go:96:   egress.482069346.from_port:            "" => "0"
TestTerraformSshExample 2018-06-02T14:28:21+02:00 command.go:96:   egress.482069346.ipv6_cidr_blocks.#:   "" => "0"
TestTerraformSshExample 2018-06-02T14:28:21+02:00 command.go:96:   egress.482069346.prefix_list_ids.#:    "" => "0"
TestTerraformSshExample 2018-06-02T14:28:21+02:00 command.go:96:   egress.482069346.protocol:             "" => "-1"
TestTerraformSshExample 2018-06-02T14:28:21+02:00 command.go:96:   egress.482069346.security_groups.#:    "" => "0"
TestTerraformSshExample 2018-06-02T14:28:21+02:00 command.go:96:   egress.482069346.self:                 "" => "false"
TestTerraformSshExample 2018-06-02T14:28:21+02:00 command.go:96:   egress.482069346.to_port:              "" => "0"
TestTerraformSshExample 2018-06-02T14:28:21+02:00 command.go:96:   ingress.#:                             "" => "1"
TestTerraformSshExample 2018-06-02T14:28:21+02:00 command.go:96:   ingress.2541437006.cidr_blocks.#:      "" => "1"
TestTerraformSshExample 2018-06-02T14:28:21+02:00 command.go:96:   ingress.2541437006.cidr_blocks.0:      "" => "0.0.0.0/0"
TestTerraformSshExample 2018-06-02T14:28:21+02:00 command.go:96:   ingress.2541437006.description:        "" => ""
TestTerraformSshExample 2018-06-02T14:28:21+02:00 command.go:96:   ingress.2541437006.from_port:          "" => "22"
TestTerraformSshExample 2018-06-02T14:28:21+02:00 command.go:96:   ingress.2541437006.ipv6_cidr_blocks.#: "" => "0"
TestTerraformSshExample 2018-06-02T14:28:21+02:00 command.go:96:   ingress.2541437006.protocol:           "" => "tcp"
TestTerraformSshExample 2018-06-02T14:28:21+02:00 command.go:96:   ingress.2541437006.security_groups.#:  "" => "0"
TestTerraformSshExample 2018-06-02T14:28:21+02:00 command.go:96:   ingress.2541437006.self:               "" => "false"
TestTerraformSshExample 2018-06-02T14:28:21+02:00 command.go:96:   ingress.2541437006.to_port:            "" => "22"
TestTerraformSshExample 2018-06-02T14:28:21+02:00 command.go:96:   name:                                  "" => "terratest-ssh-example-ywcM4R"
TestTerraformSshExample 2018-06-02T14:28:21+02:00 command.go:96:   owner_id:                              "" => "<computed>"
TestTerraformSshExample 2018-06-02T14:28:21+02:00 command.go:96:   revoke_rules_on_delete:                "" => "false"
TestTerraformSshExample 2018-06-02T14:28:21+02:00 command.go:96:   vpc_id:                                "" => "<computed>"[0m
TestPackerDockerExampleLocal 2018-06-02T14:28:23+02:00 command.go:96: 1527942503,,ui,message,    ubuntu-docker: 075070dca424: Verifying Checksum
TestPackerDockerExampleLocal 2018-06-02T14:28:23+02:00 command.go:96: 1527942503,,ui,message,    ubuntu-docker: 075070dca424: Download complete
TestTerraformRedeployExample 2018-06-02T14:28:25+02:00 command.go:96: [0m[1maws_security_group.alb: Creating...[0m
TestTerraformRedeployExample 2018-06-02T14:28:25+02:00 command.go:96:   arn:                    "" => "<computed>"
TestTerraformRedeployExample 2018-06-02T14:28:25+02:00 command.go:96:   description:            "" => "Managed by Terraform"
TestTerraformRedeployExample 2018-06-02T14:28:25+02:00 command.go:96:   egress.#:               "" => "<computed>"
TestTerraformRedeployExample 2018-06-02T14:28:25+02:00 command.go:96:   ingress.#:              "" => "<computed>"
TestTerraformRedeployExample 2018-06-02T14:28:25+02:00 command.go:96:   name:                   "" => "redeploy-test-V7X9hL-alb"
TestTerraformRedeployExample 2018-06-02T14:28:25+02:00 command.go:96:   owner_id:               "" => "<computed>"
TestTerraformRedeployExample 2018-06-02T14:28:25+02:00 command.go:96:   revoke_rules_on_delete: "" => "false"
TestTerraformRedeployExample 2018-06-02T14:28:25+02:00 command.go:96:   vpc_id:                 "" => "vpc-851731e1"[0m
TestTerraformRedeployExample 2018-06-02T14:28:25+02:00 command.go:96: [0m[1maws_security_group.web_server: Creating...[0m
TestTerraformRedeployExample 2018-06-02T14:28:25+02:00 command.go:96:   arn:                    "" => "<computed>"
TestTerraformRedeployExample 2018-06-02T14:28:25+02:00 command.go:96:   description:            "" => "Managed by Terraform"
TestTerraformRedeployExample 2018-06-02T14:28:25+02:00 command.go:96:   egress.#:               "" => "<computed>"
TestTerraformRedeployExample 2018-06-02T14:28:25+02:00 command.go:96:   ingress.#:              "" => "<computed>"
TestTerraformRedeployExample 2018-06-02T14:28:25+02:00 command.go:96:   name:                   "" => "redeploy-test-V7X9hL"
TestTerraformRedeployExample 2018-06-02T14:28:25+02:00 command.go:96:   owner_id:               "" => "<computed>"
TestTerraformRedeployExample 2018-06-02T14:28:25+02:00 command.go:96:   revoke_rules_on_delete: "" => "false"
TestTerraformRedeployExample 2018-06-02T14:28:25+02:00 command.go:96:   vpc_id:                 "" => "vpc-851731e1"[0m
TestPackerBasicExample 2018-06-02T14:28:28+02:00 command.go:96: 1527942508,,ui,say,==> amazon-ebs: Waiting for SSH to become available...
TestTerraformHttpExample 2018-06-02T14:28:30+02:00 command.go:96: [0m[1maws_security_group.example: Creation complete after 9s (ID: sg-430d8528)[0m[0m
TestTerraformHttpExample 2018-06-02T14:28:30+02:00 command.go:96: [0m[1maws_instance.example: Creating...[0m
TestTerraformHttpExample 2018-06-02T14:28:30+02:00 command.go:96:   ami:                               "" => "ami-5daa463a"
TestTerraformHttpExample 2018-06-02T14:28:30+02:00 command.go:96:   associate_public_ip_address:       "" => "<computed>"
TestTerraformHttpExample 2018-06-02T14:28:30+02:00 command.go:96:   availability_zone:                 "" => "<computed>"
TestTerraformHttpExample 2018-06-02T14:28:30+02:00 command.go:96:   ebs_block_device.#:                "" => "<computed>"
TestTerraformHttpExample 2018-06-02T14:28:30+02:00 command.go:96:   ephemeral_block_device.#:          "" => "<computed>"
TestTerraformHttpExample 2018-06-02T14:28:30+02:00 command.go:96:   get_password_data:                 "" => "false"
TestTerraformHttpExample 2018-06-02T14:28:30+02:00 command.go:96:   instance_state:                    "" => "<computed>"
TestTerraformHttpExample 2018-06-02T14:28:30+02:00 command.go:96:   instance_type:                     "" => "t2.micro"
TestTerraformHttpExample 2018-06-02T14:28:30+02:00 command.go:96:   ipv6_address_count:                "" => "<computed>"
TestTerraformHttpExample 2018-06-02T14:28:30+02:00 command.go:96:   ipv6_addresses.#:                  "" => "<computed>"
TestTerraformHttpExample 2018-06-02T14:28:30+02:00 command.go:96:   key_name:                          "" => "<computed>"
TestTerraformHttpExample 2018-06-02T14:28:30+02:00 command.go:96:   network_interface.#:               "" => "<computed>"
TestTerraformHttpExample 2018-06-02T14:28:30+02:00 command.go:96:   network_interface_id:              "" => "<computed>"
TestTerraformHttpExample 2018-06-02T14:28:30+02:00 command.go:96:   password_data:                     "" => "<computed>"
TestTerraformHttpExample 2018-06-02T14:28:30+02:00 command.go:96:   placement_group:                   "" => "<computed>"
TestTerraformHttpExample 2018-06-02T14:28:30+02:00 command.go:96:   primary_network_interface_id:      "" => "<computed>"
TestTerraformHttpExample 2018-06-02T14:28:30+02:00 command.go:96:   private_dns:                       "" => "<computed>"
TestTerraformHttpExample 2018-06-02T14:28:30+02:00 command.go:96:   private_ip:                        "" => "<computed>"
TestTerraformHttpExample 2018-06-02T14:28:30+02:00 command.go:96:   public_dns:                        "" => "<computed>"
TestTerraformHttpExample 2018-06-02T14:28:30+02:00 command.go:96:   public_ip:                         "" => "<computed>"
TestTerraformHttpExample 2018-06-02T14:28:30+02:00 command.go:96:   root_block_device.#:               "" => "<computed>"
TestTerraformHttpExample 2018-06-02T14:28:30+02:00 command.go:96:   security_groups.#:                 "" => "<computed>"
TestTerraformHttpExample 2018-06-02T14:28:30+02:00 command.go:96:   source_dest_check:                 "" => "true"
TestTerraformHttpExample 2018-06-02T14:28:30+02:00 command.go:96:   subnet_id:                         "" => "<computed>"
TestTerraformHttpExample 2018-06-02T14:28:30+02:00 command.go:96:   tags.%:                            "" => "1"
TestTerraformHttpExample 2018-06-02T14:28:30+02:00 command.go:96:   tags.Name:                         "" => "terratest-http-example-Sk3MiI"
TestTerraformHttpExample 2018-06-02T14:28:30+02:00 command.go:96:   tenancy:                           "" => "<computed>"
TestTerraformHttpExample 2018-06-02T14:28:30+02:00 command.go:96:   user_data:                         "" => "6a0ca0fece2a1d20a3c861c9feff1ba50ccb0540"
TestTerraformHttpExample 2018-06-02T14:28:30+02:00 command.go:96:   volume_tags.%:                     "" => "<computed>"
TestTerraformHttpExample 2018-06-02T14:28:30+02:00 command.go:96:   vpc_security_group_ids.#:          "" => "1"
TestTerraformHttpExample 2018-06-02T14:28:30+02:00 command.go:96:   vpc_security_group_ids.1850462289: "" => "sg-430d8528"[0m
TestTerraformAwsExample 2018-06-02T14:28:31+02:00 command.go:96: [0m[1maws_instance.example: Creating...[0m
TestTerraformAwsExample 2018-06-02T14:28:31+02:00 command.go:96:   ami:                          "" => "ami-f030989e"
TestTerraformAwsExample 2018-06-02T14:28:31+02:00 command.go:96:   associate_public_ip_address:  "" => "<computed>"
TestTerraformAwsExample 2018-06-02T14:28:31+02:00 command.go:96:   availability_zone:            "" => "<computed>"
TestTerraformAwsExample 2018-06-02T14:28:31+02:00 command.go:96:   ebs_block_device.#:           "" => "<computed>"
TestTerraformAwsExample 2018-06-02T14:28:31+02:00 command.go:96:   ephemeral_block_device.#:     "" => "<computed>"
TestTerraformAwsExample 2018-06-02T14:28:31+02:00 command.go:96:   get_password_data:            "" => "false"
TestTerraformAwsExample 2018-06-02T14:28:31+02:00 command.go:96:   instance_state:               "" => "<computed>"
TestTerraformAwsExample 2018-06-02T14:28:31+02:00 command.go:96:   instance_type:                "" => "t2.micro"
TestTerraformAwsExample 2018-06-02T14:28:31+02:00 command.go:96:   ipv6_address_count:           "" => "<computed>"
TestTerraformAwsExample 2018-06-02T14:28:31+02:00 command.go:96:   ipv6_addresses.#:             "" => "<computed>"
TestTerraformAwsExample 2018-06-02T14:28:31+02:00 command.go:96:   key_name:                     "" => "<computed>"
TestTerraformAwsExample 2018-06-02T14:28:31+02:00 command.go:96:   network_interface.#:          "" => "<computed>"
TestTerraformAwsExample 2018-06-02T14:28:31+02:00 command.go:96:   network_interface_id:         "" => "<computed>"
TestTerraformAwsExample 2018-06-02T14:28:31+02:00 command.go:96:   password_data:                "" => "<computed>"
TestTerraformAwsExample 2018-06-02T14:28:31+02:00 command.go:96:   placement_group:              "" => "<computed>"
TestTerraformAwsExample 2018-06-02T14:28:31+02:00 command.go:96:   primary_network_interface_id: "" => "<computed>"
TestTerraformAwsExample 2018-06-02T14:28:31+02:00 command.go:96:   private_dns:                  "" => "<computed>"
TestTerraformAwsExample 2018-06-02T14:28:31+02:00 command.go:96:   private_ip:                   "" => "<computed>"
TestTerraformAwsExample 2018-06-02T14:28:31+02:00 command.go:96:   public_dns:                   "" => "<computed>"
TestTerraformAwsExample 2018-06-02T14:28:31+02:00 command.go:96:   public_ip:                    "" => "<computed>"
TestTerraformAwsExample 2018-06-02T14:28:31+02:00 command.go:96:   root_block_device.#:          "" => "<computed>"
TestTerraformAwsExample 2018-06-02T14:28:31+02:00 command.go:96:   security_groups.#:            "" => "<computed>"
TestTerraformAwsExample 2018-06-02T14:28:31+02:00 command.go:96:   source_dest_check:            "" => "true"
TestTerraformAwsExample 2018-06-02T14:28:31+02:00 command.go:96:   subnet_id:                    "" => "<computed>"
TestTerraformAwsExample 2018-06-02T14:28:31+02:00 command.go:96:   tags.%:                       "" => "1"
TestTerraformAwsExample 2018-06-02T14:28:31+02:00 command.go:96:   tags.Name:                    "" => "terratest-aws-example-lLjLPc"
TestTerraformAwsExample 2018-06-02T14:28:31+02:00 command.go:96:   tenancy:                      "" => "<computed>"
TestTerraformAwsExample 2018-06-02T14:28:31+02:00 command.go:96:   volume_tags.%:                "" => "<computed>"
TestTerraformAwsExample 2018-06-02T14:28:31+02:00 command.go:96:   vpc_security_group_ids.#:     "" => "<computed>"[0m
TestTerraformSshExample 2018-06-02T14:28:31+02:00 command.go:96: [0m[1maws_security_group.example: Still creating... (10s elapsed)[0m[0m
TestTerraformSshExample 2018-06-02T14:28:31+02:00 command.go:96: [0m[1maws_security_group.example: Creation complete after 10s (ID: sg-410d852a)[0m[0m
TestTerraformSshExample 2018-06-02T14:28:31+02:00 command.go:96: [0m[1maws_instance.example_public: Creating...[0m
TestTerraformSshExample 2018-06-02T14:28:31+02:00 command.go:96:   ami:                               "" => "ami-5daa463a"
TestTerraformSshExample 2018-06-02T14:28:31+02:00 command.go:96:   associate_public_ip_address:       "" => "true"
TestTerraformSshExample 2018-06-02T14:28:31+02:00 command.go:96:   availability_zone:                 "" => "<computed>"
TestTerraformSshExample 2018-06-02T14:28:31+02:00 command.go:96:   ebs_block_device.#:                "" => "<computed>"
TestTerraformSshExample 2018-06-02T14:28:31+02:00 command.go:96:   ephemeral_block_device.#:          "" => "<computed>"
TestTerraformSshExample 2018-06-02T14:28:31+02:00 command.go:96:   get_password_data:                 "" => "false"
TestTerraformSshExample 2018-06-02T14:28:31+02:00 command.go:96:   instance_state:                    "" => "<computed>"
TestTerraformSshExample 2018-06-02T14:28:31+02:00 command.go:96:   instance_type:                     "" => "t2.micro"
TestTerraformSshExample 2018-06-02T14:28:31+02:00 command.go:96:   ipv6_address_count:                "" => "<computed>"
TestTerraformSshExample 2018-06-02T14:28:31+02:00 command.go:96:   ipv6_addresses.#:                  "" => "<computed>"
TestTerraformSshExample 2018-06-02T14:28:31+02:00 command.go:96:   key_name:                          "" => "terratest-ssh-example-ywcM4R"
TestTerraformSshExample 2018-06-02T14:28:31+02:00 command.go:96:   network_interface.#:               "" => "<computed>"
TestTerraformSshExample 2018-06-02T14:28:31+02:00 command.go:96:   network_interface_id:              "" => "<computed>"
TestTerraformSshExample 2018-06-02T14:28:31+02:00 command.go:96:   password_data:                     "" => "<computed>"
TestTerraformSshExample 2018-06-02T14:28:31+02:00 command.go:96:   placement_group:                   "" => "<computed>"
TestTerraformSshExample 2018-06-02T14:28:31+02:00 command.go:96:   primary_network_interface_id:      "" => "<computed>"
TestTerraformSshExample 2018-06-02T14:28:31+02:00 command.go:96:   private_dns:                       "" => "<computed>"
TestTerraformSshExample 2018-06-02T14:28:31+02:00 command.go:96:   private_ip:                        "" => "<computed>"
TestTerraformSshExample 2018-06-02T14:28:31+02:00 command.go:96:   public_dns:                        "" => "<computed>"
TestTerraformSshExample 2018-06-02T14:28:31+02:00 command.go:96:   public_ip:                         "" => "<computed>"
TestTerraformSshExample 2018-06-02T14:28:31+02:00 command.go:96:   root_block_device.#:               "" => "<computed>"
TestTerraformSshExample 2018-06-02T14:28:31+02:00 command.go:96:   security_groups.#:                 "" => "<computed>"
TestTerraformSshExample 2018-06-02T14:28:31+02:00 command.go:96:   source_dest_check:                 "" => "true"
TestTerraformSshExample 2018-06-02T14:28:31+02:00 command.go:96:   subnet_id:                         "" => "<computed>"
TestTerraformSshExample 2018-06-02T14:28:31+02:00 command.go:96:   tags.%:                            "" => "1"
TestTerraformSshExample 2018-06-02T14:28:31+02:00 command.go:96:   tags.Name:                         "" => "terratest-ssh-example-ywcM4R-public"
TestTerraformSshExample 2018-06-02T14:28:31+02:00 command.go:96:   tenancy:                           "" => "<computed>"
TestTerraformSshExample 2018-06-02T14:28:31+02:00 command.go:96:   volume_tags.%:                     "" => "<computed>"
TestTerraformSshExample 2018-06-02T14:28:31+02:00 command.go:96:   vpc_security_group_ids.#:          "" => "1"
TestTerraformSshExample 2018-06-02T14:28:31+02:00 command.go:96:   vpc_security_group_ids.3949144104: "" => "sg-410d852a"[0m
TestTerraformSshExample 2018-06-02T14:28:31+02:00 command.go:96: [0m[1maws_instance.example_private: Creating...[0m
TestTerraformSshExample 2018-06-02T14:28:31+02:00 command.go:96:   ami:                               "" => "ami-5daa463a"
TestTerraformSshExample 2018-06-02T14:28:31+02:00 command.go:96:   associate_public_ip_address:       "" => "false"
TestTerraformSshExample 2018-06-02T14:28:31+02:00 command.go:96:   availability_zone:                 "" => "<computed>"
TestTerraformSshExample 2018-06-02T14:28:31+02:00 command.go:96:   ebs_block_device.#:                "" => "<computed>"
TestTerraformSshExample 2018-06-02T14:28:31+02:00 command.go:96:   ephemeral_block_device.#:          "" => "<computed>"
TestTerraformSshExample 2018-06-02T14:28:31+02:00 command.go:96:   get_password_data:                 "" => "false"
TestTerraformSshExample 2018-06-02T14:28:31+02:00 command.go:96:   instance_state:                    "" => "<computed>"
TestTerraformSshExample 2018-06-02T14:28:31+02:00 command.go:96:   instance_type:                     "" => "t2.micro"
TestTerraformSshExample 2018-06-02T14:28:31+02:00 command.go:96:   ipv6_address_count:                "" => "<computed>"
TestTerraformSshExample 2018-06-02T14:28:31+02:00 command.go:96:   ipv6_addresses.#:                  "" => "<computed>"
TestTerraformSshExample 2018-06-02T14:28:31+02:00 command.go:96:   key_name:                          "" => "terratest-ssh-example-ywcM4R"
TestTerraformSshExample 2018-06-02T14:28:31+02:00 command.go:96:   network_interface.#:               "" => "<computed>"
TestTerraformSshExample 2018-06-02T14:28:31+02:00 command.go:96:   network_interface_id:              "" => "<computed>"
TestTerraformSshExample 2018-06-02T14:28:31+02:00 command.go:96:   password_data:                     "" => "<computed>"
TestTerraformSshExample 2018-06-02T14:28:31+02:00 command.go:96:   placement_group:                   "" => "<computed>"
TestTerraformSshExample 2018-06-02T14:28:31+02:00 command.go:96:   primary_network_interface_id:      "" => "<computed>"
TestTerraformSshExample 2018-06-02T14:28:31+02:00 command.go:96:   private_dns:                       "" => "<computed>"
TestTerraformSshExample 2018-06-02T14:28:31+02:00 command.go:96:   private_ip:                        "" => "<computed>"
TestTerraformSshExample 2018-06-02T14:28:31+02:00 command.go:96:   public_dns:                        "" => "<computed>"
TestTerraformSshExample 2018-06-02T14:28:31+02:00 command.go:96:   public_ip:                         "" => "<computed>"
TestTerraformSshExample 2018-06-02T14:28:31+02:00 command.go:96:   root_block_device.#:               "" => "<computed>"
TestTerraformSshExample 2018-06-02T14:28:31+02:00 command.go:96:   security_groups.#:                 "" => "<computed>"
TestTerraformSshExample 2018-06-02T14:28:31+02:00 command.go:96:   source_dest_check:                 "" => "true"
TestTerraformSshExample 2018-06-02T14:28:31+02:00 command.go:96:   subnet_id:                         "" => "<computed>"
TestTerraformSshExample 2018-06-02T14:28:31+02:00 command.go:96:   tags.%:                            "" => "1"
TestTerraformSshExample 2018-06-02T14:28:31+02:00 command.go:96:   tags.Name:                         "" => "terratest-ssh-example-ywcM4R-private"
TestTerraformSshExample 2018-06-02T14:28:31+02:00 command.go:96:   tenancy:                           "" => "<computed>"
TestTerraformSshExample 2018-06-02T14:28:31+02:00 command.go:96:   volume_tags.%:                     "" => "<computed>"
TestTerraformSshExample 2018-06-02T14:28:31+02:00 command.go:96:   vpc_security_group_ids.#:          "" => "1"
TestTerraformSshExample 2018-06-02T14:28:31+02:00 command.go:96:   vpc_security_group_ids.3949144104: "" => "sg-410d852a"[0m
TestTerraformRedeployExample 2018-06-02T14:28:33+02:00 command.go:96: [0m[1maws_security_group.alb: Creation complete after 7s (ID: sg-856f14f8)[0m[0m
TestTerraformRedeployExample 2018-06-02T14:28:33+02:00 command.go:96: [0m[1maws_security_group.web_server: Creation complete after 7s (ID: sg-1a720967)[0m[0m
TestTerraformRedeployExample 2018-06-02T14:28:33+02:00 command.go:96: [0m[1maws_security_group_rule.allow_all_outbound: Creating...[0m
TestTerraformRedeployExample 2018-06-02T14:28:33+02:00 command.go:96:   cidr_blocks.#:            "" => "1"
TestTerraformRedeployExample 2018-06-02T14:28:33+02:00 command.go:96:   cidr_blocks.0:            "" => "0.0.0.0/0"
TestTerraformRedeployExample 2018-06-02T14:28:33+02:00 command.go:96:   from_port:                "" => "0"
TestTerraformRedeployExample 2018-06-02T14:28:33+02:00 command.go:96:   protocol:                 "" => "-1"
TestTerraformRedeployExample 2018-06-02T14:28:33+02:00 command.go:96:   security_group_id:        "" => "sg-856f14f8"
TestTerraformRedeployExample 2018-06-02T14:28:33+02:00 command.go:96:   self:                     "" => "false"
TestTerraformRedeployExample 2018-06-02T14:28:33+02:00 command.go:96:   source_security_group_id: "" => "<computed>"
TestTerraformRedeployExample 2018-06-02T14:28:33+02:00 command.go:96:   to_port:                  "" => "0"
TestTerraformRedeployExample 2018-06-02T14:28:33+02:00 command.go:96:   type:                     "" => "egress"[0m
TestTerraformRedeployExample 2018-06-02T14:28:33+02:00 command.go:96: [0m[1maws_security_group_rule.alb_allow_http_inbound: Creating...[0m
TestTerraformRedeployExample 2018-06-02T14:28:33+02:00 command.go:96:   cidr_blocks.#:            "" => "1"
TestTerraformRedeployExample 2018-06-02T14:28:33+02:00 command.go:96:   cidr_blocks.0:            "" => "0.0.0.0/0"
TestTerraformRedeployExample 2018-06-02T14:28:33+02:00 command.go:96:   from_port:                "" => "80"
TestTerraformRedeployExample 2018-06-02T14:28:33+02:00 command.go:96:   protocol:                 "" => "tcp"
TestTerraformRedeployExample 2018-06-02T14:28:33+02:00 command.go:96:   security_group_id:        "" => "sg-856f14f8"
TestTerraformRedeployExample 2018-06-02T14:28:33+02:00 command.go:96:   self:                     "" => "false"
TestTerraformRedeployExample 2018-06-02T14:28:33+02:00 command.go:96:   source_security_group_id: "" => "<computed>"
TestTerraformRedeployExample 2018-06-02T14:28:33+02:00 command.go:96:   to_port:                  "" => "80"
TestTerraformRedeployExample 2018-06-02T14:28:33+02:00 command.go:96:   type:                     "" => "ingress"[0m
TestTerraformRedeployExample 2018-06-02T14:28:33+02:00 command.go:96: [0m[1maws_alb.web_servers: Creating...[0m
TestTerraformRedeployExample 2018-06-02T14:28:33+02:00 command.go:96:   access_logs.#:              "" => "<computed>"
TestTerraformRedeployExample 2018-06-02T14:28:33+02:00 command.go:96:   arn:                        "" => "<computed>"
TestTerraformRedeployExample 2018-06-02T14:28:33+02:00 command.go:96:   arn_suffix:                 "" => "<computed>"
TestTerraformRedeployExample 2018-06-02T14:28:33+02:00 command.go:96:   dns_name:                   "" => "<computed>"
TestTerraformRedeployExample 2018-06-02T14:28:33+02:00 command.go:96:   enable_deletion_protection: "" => "false"
TestTerraformRedeployExample 2018-06-02T14:28:33+02:00 command.go:96:   enable_http2:               "" => "true"
TestTerraformRedeployExample 2018-06-02T14:28:33+02:00 command.go:96:   idle_timeout:               "" => "60"
TestTerraformRedeployExample 2018-06-02T14:28:33+02:00 command.go:96:   internal:                   "" => "<computed>"
TestTerraformRedeployExample 2018-06-02T14:28:33+02:00 command.go:96:   ip_address_type:            "" => "<computed>"
TestTerraformRedeployExample 2018-06-02T14:28:33+02:00 command.go:96:   load_balancer_type:         "" => "application"
TestTerraformRedeployExample 2018-06-02T14:28:33+02:00 command.go:96:   name:                       "" => "redeploy-test-V7X9hL"
TestTerraformRedeployExample 2018-06-02T14:28:33+02:00 command.go:96:   security_groups.#:          "" => "1"
TestTerraformRedeployExample 2018-06-02T14:28:33+02:00 command.go:96:   security_groups.1420885428: "" => "sg-856f14f8"
TestTerraformRedeployExample 2018-06-02T14:28:33+02:00 command.go:96:   subnet_mapping.#:           "" => "<computed>"
TestTerraformRedeployExample 2018-06-02T14:28:33+02:00 command.go:96:   subnets.#:                  "" => "3"
TestTerraformRedeployExample 2018-06-02T14:28:33+02:00 command.go:96:   subnets.1885255111:         "" => "subnet-0e4c3e56"
TestTerraformRedeployExample 2018-06-02T14:28:33+02:00 command.go:96:   subnets.1965569355:         "" => "subnet-55251431"
TestTerraformRedeployExample 2018-06-02T14:28:33+02:00 command.go:96:   subnets.2857832009:         "" => "subnet-17467361"
TestTerraformRedeployExample 2018-06-02T14:28:33+02:00 command.go:96:   vpc_id:                     "" => "<computed>"
TestTerraformRedeployExample 2018-06-02T14:28:33+02:00 command.go:96:   zone_id:                    "" => "<computed>"[0m
TestTerraformRedeployExample 2018-06-02T14:28:33+02:00 command.go:96: [0m[1maws_launch_configuration.web_servers: Creating...[0m
TestTerraformRedeployExample 2018-06-02T14:28:33+02:00 command.go:96:   associate_public_ip_address: "" => "false"
TestTerraformRedeployExample 2018-06-02T14:28:33+02:00 command.go:96:   ebs_block_device.#:          "" => "<computed>"
TestTerraformRedeployExample 2018-06-02T14:28:33+02:00 command.go:96:   ebs_optimized:               "" => "<computed>"
TestTerraformRedeployExample 2018-06-02T14:28:33+02:00 command.go:96:   enable_monitoring:           "" => "true"
TestTerraformRedeployExample 2018-06-02T14:28:33+02:00 command.go:96:   image_id:                    "" => "ami-58d7e821"
TestTerraformRedeployExample 2018-06-02T14:28:33+02:00 command.go:96:   instance_type:               "" => "t2.micro"
TestTerraformRedeployExample 2018-06-02T14:28:33+02:00 command.go:96:   key_name:                    "" => "<computed>"
TestTerraformRedeployExample 2018-06-02T14:28:33+02:00 command.go:96:   name:                        "" => "<computed>"
TestTerraformRedeployExample 2018-06-02T14:28:33+02:00 command.go:96:   root_block_device.#:         "" => "<computed>"
TestTerraformRedeployExample 2018-06-02T14:28:33+02:00 command.go:96:   security_groups.#:           "" => "1"
TestTerraformRedeployExample 2018-06-02T14:28:33+02:00 command.go:96:   security_groups.13247846:    "" => "sg-1a720967"
TestTerraformRedeployExample 2018-06-02T14:28:33+02:00 command.go:96:   user_data:                   "" => "67045c305fee985a8eb9aaa9ac662e55dc76f6eb"[0m
TestTerraformRedeployExample 2018-06-02T14:28:33+02:00 command.go:96: [0m[1maws_security_group_rule.web_server_allow_http_inbound: Creating...[0m
TestTerraformRedeployExample 2018-06-02T14:28:33+02:00 command.go:96:   cidr_blocks.#:            "" => "1"
TestTerraformRedeployExample 2018-06-02T14:28:33+02:00 command.go:96:   cidr_blocks.0:            "" => "0.0.0.0/0"
TestTerraformRedeployExample 2018-06-02T14:28:33+02:00 command.go:96:   from_port:                "" => "8080"
TestTerraformRedeployExample 2018-06-02T14:28:33+02:00 command.go:96:   protocol:                 "" => "tcp"
TestTerraformRedeployExample 2018-06-02T14:28:33+02:00 command.go:96:   security_group_id:        "" => "sg-1a720967"
TestTerraformRedeployExample 2018-06-02T14:28:33+02:00 command.go:96:   self:                     "" => "false"
TestTerraformRedeployExample 2018-06-02T14:28:33+02:00 command.go:96:   source_security_group_id: "" => "<computed>"
TestTerraformRedeployExample 2018-06-02T14:28:33+02:00 command.go:96:   to_port:                  "" => "8080"
TestTerraformRedeployExample 2018-06-02T14:28:33+02:00 command.go:96:   type:                     "" => "ingress"[0m
TestTerraformRedeployExample 2018-06-02T14:28:33+02:00 command.go:96: [0m[1maws_security_group_rule.web_server_allow_all_outbound: Creating...[0m
TestTerraformRedeployExample 2018-06-02T14:28:33+02:00 command.go:96:   cidr_blocks.#:            "" => "1"
TestTerraformRedeployExample 2018-06-02T14:28:33+02:00 command.go:96:   cidr_blocks.0:            "" => "0.0.0.0/0"
TestTerraformRedeployExample 2018-06-02T14:28:33+02:00 command.go:96:   from_port:                "" => "0"
TestTerraformRedeployExample 2018-06-02T14:28:33+02:00 command.go:96:   protocol:                 "" => "-1"
TestTerraformRedeployExample 2018-06-02T14:28:33+02:00 command.go:96:   security_group_id:        "" => "sg-1a720967"
TestTerraformRedeployExample 2018-06-02T14:28:33+02:00 command.go:96:   self:                     "" => "false"
TestTerraformRedeployExample 2018-06-02T14:28:33+02:00 command.go:96:   source_security_group_id: "" => "<computed>"
TestTerraformRedeployExample 2018-06-02T14:28:33+02:00 command.go:96:   to_port:                  "" => "0"
TestTerraformRedeployExample 2018-06-02T14:28:33+02:00 command.go:96:   type:                     "" => "egress"[0m
TestPackerDockerExampleLocal 2018-06-02T14:28:34+02:00 command.go:96: 1527942514,,ui,message,    ubuntu-docker: 42e674202424: Verifying Checksum
TestPackerDockerExampleLocal 2018-06-02T14:28:34+02:00 command.go:96: 1527942514,,ui,message,    ubuntu-docker: 42e674202424: Download complete
TestTerraformRedeployExample 2018-06-02T14:28:36+02:00 command.go:96: [0m[1maws_security_group_rule.allow_all_outbound: Creation complete after 3s (ID: sgrule-2805880206)[0m[0m
TestTerraformRedeployExample 2018-06-02T14:28:36+02:00 command.go:96: [0m[1maws_launch_configuration.web_servers: Creation complete after 3s (ID: terraform-20180602122834468600000001)[0m[0m
TestTerraformRedeployExample 2018-06-02T14:28:36+02:00 command.go:96: [0m[1maws_security_group_rule.web_server_allow_all_outbound: Creation complete after 4s (ID: sgrule-1996835548)[0m[0m
TestTerraformRedeployExample 2018-06-02T14:28:39+02:00 command.go:96: [0m[1maws_security_group_rule.alb_allow_http_inbound: Creation complete after 6s (ID: sgrule-820523160)[0m[0m
TestTerraformRedeployExample 2018-06-02T14:28:39+02:00 command.go:96: [0m[1maws_security_group_rule.web_server_allow_http_inbound: Creation complete after 7s (ID: sgrule-1351009647)[0m[0m
TestTerraformHttpExample 2018-06-02T14:28:40+02:00 command.go:96: [0m[1maws_instance.example: Still creating... (10s elapsed)[0m[0m
TestTerraformAwsExample 2018-06-02T14:28:41+02:00 command.go:96: [0m[1maws_instance.example: Still creating... (10s elapsed)[0m[0m
TestTerraformSshExample 2018-06-02T14:28:41+02:00 command.go:96: [0m[1maws_instance.example_private: Still creating... (10s elapsed)[0m[0m
TestTerraformSshExample 2018-06-02T14:28:41+02:00 command.go:96: [0m[1maws_instance.example_public: Still creating... (10s elapsed)[0m[0m
TestPackerBasicExample 2018-06-02T14:28:41+02:00 command.go:96: 1527942521,,ui,say,==> amazon-ebs: Connected to SSH!
TestPackerBasicExample 2018-06-02T14:28:41+02:00 command.go:96: 1527942521,,ui,say,==> amazon-ebs: Provisioning with shell script: /var/folders/6j/q84jvhy96xn4ym2l1gzw9hs00000gn/T/packer-shell612971642
TestPackerDockerExampleLocal 2018-06-02T14:28:41+02:00 command.go:96: 1527942521,,ui,message,    ubuntu-docker: 42e674202424: Pull complete
TestPackerDockerExampleLocal 2018-06-02T14:28:42+02:00 command.go:96: 1527942522,,ui,message,    ubuntu-docker: 76fdf21dc491: Verifying Checksum
TestPackerDockerExampleLocal 2018-06-02T14:28:42+02:00 command.go:96: 1527942522,,ui,message,    ubuntu-docker: 76fdf21dc491: Download complete
TestTerraformRedeployExample 2018-06-02T14:28:43+02:00 command.go:96: [0m[1maws_alb.web_servers: Still creating... (10s elapsed)[0m[0m
TestPackerBasicExample 2018-06-02T14:28:43+02:00 command.go:96: 1527942523,,ui,message,    amazon-ebs: Hit:1 http://us-east-2.ec2.archive.ubuntu.com/ubuntu xenial InRelease
TestPackerBasicExample 2018-06-02T14:28:43+02:00 command.go:96: 1527942523,,ui,message,    amazon-ebs: Get:2 http://us-east-2.ec2.archive.ubuntu.com/ubuntu xenial-updates InRelease [109 kB]
TestPackerBasicExample 2018-06-02T14:28:43+02:00 command.go:96: 1527942523,,ui,message,    amazon-ebs: Get:3 http://us-east-2.ec2.archive.ubuntu.com/ubuntu xenial-backports InRelease [107 kB]
TestPackerBasicExample 2018-06-02T14:28:43+02:00 command.go:96: 1527942523,,ui,message,    amazon-ebs: Get:4 http://security.ubuntu.com/ubuntu xenial-security InRelease [107 kB]
TestPackerBasicExample 2018-06-02T14:28:43+02:00 command.go:96: 1527942523,,ui,message,    amazon-ebs: Get:5 http://us-east-2.ec2.archive.ubuntu.com/ubuntu xenial/main Sources [868 kB]
TestPackerBasicExample 2018-06-02T14:28:43+02:00 command.go:96: 1527942523,,ui,message,    amazon-ebs: Get:6 http://us-east-2.ec2.archive.ubuntu.com/ubuntu xenial/restricted Sources [4%!(PACKER_COMMA)808 B]
TestPackerBasicExample 2018-06-02T14:28:43+02:00 command.go:96: 1527942523,,ui,message,    amazon-ebs: Get:7 http://us-east-2.ec2.archive.ubuntu.com/ubuntu xenial/universe Sources [7%!(PACKER_COMMA)728 kB]
TestPackerBasicExample 2018-06-02T14:28:43+02:00 command.go:96: 1527942523,,ui,message,    amazon-ebs: Get:8 http://us-east-2.ec2.archive.ubuntu.com/ubuntu xenial/multiverse Sources [179 kB]
TestPackerBasicExample 2018-06-02T14:28:43+02:00 command.go:96: 1527942523,,ui,message,    amazon-ebs: Get:9 http://us-east-2.ec2.archive.ubuntu.com/ubuntu xenial/universe amd64 Packages [7%!(PACKER_COMMA)532 kB]
TestPackerDockerExampleLocal 2018-06-02T14:28:44+02:00 command.go:96: 1527942524,,ui,message,    ubuntu-docker: 075070dca424: Pull complete
TestPackerBasicExample 2018-06-02T14:28:44+02:00 command.go:96: 1527942524,,ui,message,    amazon-ebs: Get:10 http://us-east-2.ec2.archive.ubuntu.com/ubuntu xenial/universe Translation-en [4%!(PACKER_COMMA)354 kB]
TestPackerBasicExample 2018-06-02T14:28:44+02:00 command.go:96: 1527942524,,ui,message,    amazon-ebs: Get:11 http://us-east-2.ec2.archive.ubuntu.com/ubuntu xenial/multiverse amd64 Packages [144 kB]
TestPackerBasicExample 2018-06-02T14:28:44+02:00 command.go:96: 1527942524,,ui,message,    amazon-ebs: Get:12 http://security.ubuntu.com/ubuntu xenial-security/main Sources [124 kB]
TestPackerBasicExample 2018-06-02T14:28:44+02:00 command.go:96: 1527942524,,ui,message,    amazon-ebs: Get:13 http://us-east-2.ec2.archive.ubuntu.com/ubuntu xenial/multiverse Translation-en [106 kB]
TestPackerBasicExample 2018-06-02T14:28:44+02:00 command.go:96: 1527942524,,ui,message,    amazon-ebs: Get:14 http://us-east-2.ec2.archive.ubuntu.com/ubuntu xenial-updates/main Sources [306 kB]
TestPackerBasicExample 2018-06-02T14:28:44+02:00 command.go:96: 1527942524,,ui,message,    amazon-ebs: Get:15 http://us-east-2.ec2.archive.ubuntu.com/ubuntu xenial-updates/restricted Sources [2%!(PACKER_COMMA)524 B]
TestPackerBasicExample 2018-06-02T14:28:44+02:00 command.go:96: 1527942524,,ui,message,    amazon-ebs: Get:16 http://us-east-2.ec2.archive.ubuntu.com/ubuntu xenial-updates/universe Sources [203 kB]
TestPackerBasicExample 2018-06-02T14:28:44+02:00 command.go:96: 1527942524,,ui,message,    amazon-ebs: Get:17 http://us-east-2.ec2.archive.ubuntu.com/ubuntu xenial-updates/multiverse Sources [8%!(PACKER_COMMA)404 B]
TestPackerBasicExample 2018-06-02T14:28:44+02:00 command.go:96: 1527942524,,ui,message,    amazon-ebs: Get:18 http://us-east-2.ec2.archive.ubuntu.com/ubuntu xenial-updates/main amd64 Packages [783 kB]
TestPackerBasicExample 2018-06-02T14:28:44+02:00 command.go:96: 1527942524,,ui,message,    amazon-ebs: Get:19 http://security.ubuntu.com/ubuntu xenial-security/restricted Sources [2%!(PACKER_COMMA)116 B]
TestPackerBasicExample 2018-06-02T14:28:44+02:00 command.go:96: 1527942524,,ui,message,    amazon-ebs: Get:20 http://us-east-2.ec2.archive.ubuntu.com/ubuntu xenial-updates/main Translation-en [324 kB]
TestPackerBasicExample 2018-06-02T14:28:44+02:00 command.go:96: 1527942524,,ui,message,    amazon-ebs: Get:21 http://us-east-2.ec2.archive.ubuntu.com/ubuntu xenial-updates/restricted amd64 Packages [7%!(PACKER_COMMA)560 B]
TestPackerBasicExample 2018-06-02T14:28:44+02:00 command.go:96: 1527942524,,ui,message,    amazon-ebs: Get:22 http://us-east-2.ec2.archive.ubuntu.com/ubuntu xenial-updates/restricted Translation-en [2%!(PACKER_COMMA)272 B]
TestPackerBasicExample 2018-06-02T14:28:44+02:00 command.go:96: 1527942524,,ui,message,    amazon-ebs: Get:23 http://us-east-2.ec2.archive.ubuntu.com/ubuntu xenial-updates/universe amd64 Packages [632 kB]
TestPackerBasicExample 2018-06-02T14:28:44+02:00 command.go:96: 1527942524,,ui,message,    amazon-ebs: Get:24 http://security.ubuntu.com/ubuntu xenial-security/universe Sources [65.6 kB]
TestPackerBasicExample 2018-06-02T14:28:44+02:00 command.go:96: 1527942524,,ui,message,    amazon-ebs: Get:25 http://us-east-2.ec2.archive.ubuntu.com/ubuntu xenial-updates/universe Translation-en [254 kB]
TestPackerBasicExample 2018-06-02T14:28:44+02:00 command.go:96: 1527942524,,ui,message,    amazon-ebs: Get:26 http://us-east-2.ec2.archive.ubuntu.com/ubuntu xenial-updates/multiverse amd64 Packages [16.4 kB]
TestPackerBasicExample 2018-06-02T14:28:44+02:00 command.go:96: 1527942524,,ui,message,    amazon-ebs: Get:27 http://us-east-2.ec2.archive.ubuntu.com/ubuntu xenial-updates/multiverse Translation-en [8%!(PACKER_COMMA)344 B]
TestPackerBasicExample 2018-06-02T14:28:44+02:00 command.go:96: 1527942524,,ui,message,    amazon-ebs: Get:28 http://us-east-2.ec2.archive.ubuntu.com/ubuntu xenial-backports/main Sources [3%!(PACKER_COMMA)436 B]
TestPackerBasicExample 2018-06-02T14:28:44+02:00 command.go:96: 1527942524,,ui,message,    amazon-ebs: Get:29 http://us-east-2.ec2.archive.ubuntu.com/ubuntu xenial-backports/universe Sources [5%!(PACKER_COMMA)844 B]
TestPackerBasicExample 2018-06-02T14:28:44+02:00 command.go:96: 1527942524,,ui,message,    amazon-ebs: Get:30 http://us-east-2.ec2.archive.ubuntu.com/ubuntu xenial-backports/main amd64 Packages [4%!(PACKER_COMMA)844 B]
TestPackerBasicExample 2018-06-02T14:28:44+02:00 command.go:96: 1527942524,,ui,message,    amazon-ebs: Get:31 http://security.ubuntu.com/ubuntu xenial-security/multiverse Sources [2%!(PACKER_COMMA)120 B]
TestPackerBasicExample 2018-06-02T14:28:44+02:00 command.go:96: 1527942524,,ui,message,    amazon-ebs: Get:32 http://us-east-2.ec2.archive.ubuntu.com/ubuntu xenial-backports/main Translation-en [3%!(PACKER_COMMA)220 B]
TestPackerBasicExample 2018-06-02T14:28:44+02:00 command.go:96: 1527942524,,ui,message,    amazon-ebs: Get:33 http://us-east-2.ec2.archive.ubuntu.com/ubuntu xenial-backports/universe amd64 Packages [7%!(PACKER_COMMA)400 B]
TestPackerBasicExample 2018-06-02T14:28:44+02:00 command.go:96: 1527942524,,ui,message,    amazon-ebs: Get:34 http://us-east-2.ec2.archive.ubuntu.com/ubuntu xenial-backports/universe Translation-en [3%!(PACKER_COMMA)996 B]
TestPackerBasicExample 2018-06-02T14:28:44+02:00 command.go:96: 1527942524,,ui,message,    amazon-ebs: Get:35 http://security.ubuntu.com/ubuntu xenial-security/main amd64 Packages [500 kB]
TestPackerBasicExample 2018-06-02T14:28:44+02:00 command.go:96: 1527942524,,ui,message,    amazon-ebs: Get:36 http://security.ubuntu.com/ubuntu xenial-security/main Translation-en [215 kB]
TestPackerBasicExample 2018-06-02T14:28:44+02:00 command.go:96: 1527942524,,ui,message,    amazon-ebs: Get:37 http://security.ubuntu.com/ubuntu xenial-security/restricted amd64 Packages [7%!(PACKER_COMMA)204 B]
TestPackerBasicExample 2018-06-02T14:28:44+02:00 command.go:96: 1527942524,,ui,message,    amazon-ebs: Get:38 http://security.ubuntu.com/ubuntu xenial-security/restricted Translation-en [2%!(PACKER_COMMA)152 B]
TestPackerBasicExample 2018-06-02T14:28:44+02:00 command.go:96: 1527942524,,ui,message,    amazon-ebs: Get:39 http://security.ubuntu.com/ubuntu xenial-security/universe amd64 Packages [351 kB]
TestPackerBasicExample 2018-06-02T14:28:44+02:00 command.go:96: 1527942524,,ui,message,    amazon-ebs: Get:40 http://security.ubuntu.com/ubuntu xenial-security/universe Translation-en [131 kB]
TestPackerBasicExample 2018-06-02T14:28:44+02:00 command.go:96: 1527942524,,ui,message,    amazon-ebs: Get:41 http://security.ubuntu.com/ubuntu xenial-security/multiverse amd64 Packages [3%!(PACKER_COMMA)460 B]
TestPackerBasicExample 2018-06-02T14:28:44+02:00 command.go:96: 1527942524,,ui,message,    amazon-ebs: Get:42 http://security.ubuntu.com/ubuntu xenial-security/multiverse Translation-en [1%!(PACKER_COMMA)744 B]
TestPackerDockerExampleLocal 2018-06-02T14:28:47+02:00 command.go:96: 1527942527,,ui,message,    ubuntu-docker: 76fdf21dc491: Pull complete
TestPackerDockerExampleLocal 2018-06-02T14:28:47+02:00 command.go:96: 1527942527,,ui,message,    ubuntu-docker: Digest: sha256:aed71132b5cf1facc84ed57c3206cc481156ec0ba6825750813d03e64e8819b6
TestPackerDockerExampleLocal 2018-06-02T14:28:47+02:00 command.go:96: 1527942527,,ui,message,    ubuntu-docker: Status: Downloaded newer image for gruntwork/ubuntu-test:16.04
TestPackerDockerExampleLocal 2018-06-02T14:28:47+02:00 command.go:96: 1527942527,,ui,say,==> ubuntu-docker: Starting docker container...
TestPackerDockerExampleLocal 2018-06-02T14:28:47+02:00 command.go:96: 1527942527,,ui,message,    ubuntu-docker: Run command: docker run -v /Users/Tobi/.packer.d/tmp/packer-docker656140645:/packer-files -d -i -t gruntwork/ubuntu-test:16.04 /bin/bash
TestTerraformPackerExample 2018-06-02T14:28:48+02:00 command.go:96: 1527942528,,ui,say,==> ubuntu-ami: Waiting for SSH to become available...
TestTerraformHttpExample 2018-06-02T14:28:48+02:00 command.go:96: [0m[1maws_instance.example: Creation complete after 19s (ID: i-011a32e88f510e8e1)[0m[0m
TestTerraformHttpExample 2018-06-02T14:28:48+02:00 command.go:96: [0m[1m[32m
TestTerraformHttpExample 2018-06-02T14:28:48+02:00 command.go:96: Apply complete! Resources: 2 added, 0 changed, 0 destroyed.[0m
TestTerraformHttpExample 2018-06-02T14:28:48+02:00 command.go:96: [0m[1m[32m
TestTerraformHttpExample 2018-06-02T14:28:48+02:00 command.go:96: Outputs:
TestTerraformHttpExample 2018-06-02T14:28:48+02:00 command.go:96: 
TestTerraformHttpExample 2018-06-02T14:28:48+02:00 command.go:96: instance_id = i-011a32e88f510e8e1
TestTerraformHttpExample 2018-06-02T14:28:48+02:00 command.go:96: instance_url = http://18.130.100.18:8080
TestTerraformHttpExample 2018-06-02T14:28:48+02:00 command.go:96: public_ip = 18.130.100.18[0m
TestTerraformHttpExample 2018-06-02T14:28:48+02:00 retry.go:69: Running terraform [output -no-color instance_url]
TestTerraformHttpExample 2018-06-02T14:28:48+02:00 command.go:52: Running command terraform with args [output -no-color instance_url]
TestTerraformHttpExample 2018-06-02T14:28:48+02:00 command.go:96: http://18.130.100.18:8080
TestTerraformHttpExample 2018-06-02T14:28:48+02:00 retry.go:69: HTTP GET to URL http://18.130.100.18:8080
TestTerraformHttpExample 2018-06-02T14:28:48+02:00 http_helper.go:27: Making an HTTP GET call to URL http://18.130.100.18:8080
TestPackerBasicExample 2018-06-02T14:28:50+02:00 command.go:96: 1527942530,,ui,message,    amazon-ebs: Fetched 25.2 MB in 4s (5%!(PACKER_COMMA)465 kB/s)
TestTerraformAwsExample 2018-06-02T14:28:51+02:00 command.go:96: [0m[1maws_instance.example: Still creating... (20s elapsed)[0m[0m
TestPackerBasicExample 2018-06-02T14:28:51+02:00 command.go:96: 1527942531,,ui,message,    amazon-ebs: Reading package lists...
TestPackerBasicExample 2018-06-02T14:28:51+02:00 command.go:96: 1527942531,,ui,message,    amazon-ebs: Reading package lists...
TestPackerBasicExample 2018-06-02T14:28:51+02:00 command.go:96: 1527942531,,ui,message,    amazon-ebs: Building dependency tree...
TestPackerBasicExample 2018-06-02T14:28:51+02:00 command.go:96: 1527942531,,ui,message,    amazon-ebs: Reading state information...
TestPackerBasicExample 2018-06-02T14:28:51+02:00 command.go:96: 1527942531,,ui,message,    amazon-ebs: Calculating upgrade...
TestPackerBasicExample 2018-06-02T14:28:51+02:00 command.go:96: 1527942531,,ui,message,    amazon-ebs: The following packages will be upgraded:
TestPackerBasicExample 2018-06-02T14:28:51+02:00 command.go:96: 1527942531,,ui,message,    amazon-ebs:   apport ifupdown libplymouth4 libprocps4 plymouth plymouth-theme-ubuntu-text
TestPackerBasicExample 2018-06-02T14:28:51+02:00 command.go:96: 1527942531,,ui,message,    amazon-ebs:   procps python3-apport python3-problem-report snapd ubuntu-core-launcher vlan
TestPackerBasicExample 2018-06-02T14:28:51+02:00 command.go:96: 1527942531,,ui,message,    amazon-ebs: 12 upgraded%!(PACKER_COMMA) 0 newly installed%!(PACKER_COMMA) 0 to remove and 0 not upgraded.
TestPackerBasicExample 2018-06-02T14:28:51+02:00 command.go:96: 1527942531,,ui,message,    amazon-ebs: Need to get 14.2 MB of archives.
TestPackerBasicExample 2018-06-02T14:28:51+02:00 command.go:96: 1527942531,,ui,message,    amazon-ebs: After this operation%!(PACKER_COMMA) 317 kB of additional disk space will be used.
TestPackerBasicExample 2018-06-02T14:28:51+02:00 command.go:96: 1527942531,,ui,message,    amazon-ebs: Get:1 http://us-east-2.ec2.archive.ubuntu.com/ubuntu xenial-updates/main amd64 ubuntu-core-launcher amd64 2.32.9 [1%!(PACKER_COMMA)566 B]
TestPackerBasicExample 2018-06-02T14:28:51+02:00 command.go:96: 1527942531,,ui,message,    amazon-ebs: Get:2 http://us-east-2.ec2.archive.ubuntu.com/ubuntu xenial-updates/main amd64 snapd amd64 2.32.9 [13.5 MB]
TestTerraformSshExample 2018-06-02T14:28:51+02:00 command.go:96: [0m[1maws_instance.example_private: Still creating... (20s elapsed)[0m[0m
TestTerraformSshExample 2018-06-02T14:28:51+02:00 command.go:96: [0m[1maws_instance.example_public: Still creating... (20s elapsed)[0m[0m
TestPackerBasicExample 2018-06-02T14:28:51+02:00 command.go:96: 1527942531,,ui,message,    amazon-ebs: Get:3 http://us-east-2.ec2.archive.ubuntu.com/ubuntu xenial-updates/main amd64 libprocps4 amd64 2:3.3.10-4ubuntu2.4 [33.1 kB]
TestPackerBasicExample 2018-06-02T14:28:51+02:00 command.go:96: 1527942531,,ui,message,    amazon-ebs: Get:4 http://us-east-2.ec2.archive.ubuntu.com/ubuntu xenial-updates/main amd64 procps amd64 2:3.3.10-4ubuntu2.4 [222 kB]
TestPackerBasicExample 2018-06-02T14:28:51+02:00 command.go:96: 1527942531,,ui,message,    amazon-ebs: Get:5 http://us-east-2.ec2.archive.ubuntu.com/ubuntu xenial-updates/main amd64 ifupdown amd64 0.8.10ubuntu1.4 [54.9 kB]
TestPackerBasicExample 2018-06-02T14:28:51+02:00 command.go:96: 1527942531,,ui,message,    amazon-ebs: Get:6 http://us-east-2.ec2.archive.ubuntu.com/ubuntu xenial-updates/main amd64 libplymouth4 amd64 0.9.2-3ubuntu13.5 [85.2 kB]
TestPackerBasicExample 2018-06-02T14:28:51+02:00 command.go:96: 1527942531,,ui,message,    amazon-ebs: Get:7 http://us-east-2.ec2.archive.ubuntu.com/ubuntu xenial-updates/main amd64 plymouth amd64 0.9.2-3ubuntu13.5 [107 kB]
TestPackerBasicExample 2018-06-02T14:28:51+02:00 command.go:96: 1527942531,,ui,message,    amazon-ebs: Get:8 http://us-east-2.ec2.archive.ubuntu.com/ubuntu xenial-updates/main amd64 plymouth-theme-ubuntu-text amd64 0.9.2-3ubuntu13.5 [9%!(PACKER_COMMA)090 B]
TestPackerBasicExample 2018-06-02T14:28:51+02:00 command.go:96: 1527942531,,ui,message,    amazon-ebs: Get:9 http://us-east-2.ec2.archive.ubuntu.com/ubuntu xenial-updates/main amd64 python3-problem-report all 2.20.1-0ubuntu2.18 [9%!(PACKER_COMMA)754 B]
TestPackerDockerExampleLocal 2018-06-02T14:28:51+02:00 command.go:96: 1527942531,,ui,message,    ubuntu-docker: Container ID: 4822fd9165dbb02644bf22739c8bba32cfe4edd2a2e8d888253a9255b6dcd01f
TestPackerBasicExample 2018-06-02T14:28:51+02:00 command.go:96: 1527942531,,ui,message,    amazon-ebs: Get:10 http://us-east-2.ec2.archive.ubuntu.com/ubuntu xenial-updates/main amd64 python3-apport all 2.20.1-0ubuntu2.18 [79.6 kB]
TestPackerBasicExample 2018-06-02T14:28:51+02:00 command.go:96: 1527942531,,ui,message,    amazon-ebs: Get:11 http://us-east-2.ec2.archive.ubuntu.com/ubuntu xenial-updates/main amd64 apport all 2.20.1-0ubuntu2.18 [121 kB]
TestPackerBasicExample 2018-06-02T14:28:51+02:00 command.go:96: 1527942531,,ui,message,    amazon-ebs: Get:12 http://us-east-2.ec2.archive.ubuntu.com/ubuntu xenial-updates/main amd64 vlan amd64 1.9-3.2ubuntu1.16.04.5 [30.7 kB]
TestPackerBasicExample 2018-06-02T14:28:51+02:00 command.go:96: 1527942531,,ui,message,    amazon-ebs: debconf: unable to initialize frontend: Dialog
TestPackerBasicExample 2018-06-02T14:28:51+02:00 command.go:96: 1527942531,,ui,message,    amazon-ebs: debconf: (Dialog frontend will not work on a dumb terminal%!(PACKER_COMMA) an emacs shell buffer%!(PACKER_COMMA) or without a controlling terminal.)
TestPackerBasicExample 2018-06-02T14:28:51+02:00 command.go:96: 1527942531,,ui,message,    amazon-ebs: debconf: falling back to frontend: Readline
TestPackerBasicExample 2018-06-02T14:28:51+02:00 command.go:96: 1527942531,,ui,message,    amazon-ebs: debconf: unable to initialize frontend: Readline
TestPackerBasicExample 2018-06-02T14:28:51+02:00 command.go:96: 1527942531,,ui,message,    amazon-ebs: debconf: (This frontend requires a controlling tty.)
TestPackerBasicExample 2018-06-02T14:28:51+02:00 command.go:96: 1527942531,,ui,message,    amazon-ebs: debconf: falling back to frontend: Teletype
TestPackerBasicExample 2018-06-02T14:28:51+02:00 command.go:96: 1527942531,,ui,message,    amazon-ebs: dpkg-preconfigure: unable to re-open stdin:
TestPackerBasicExample 2018-06-02T14:28:51+02:00 command.go:96: 1527942531,,ui,message,    amazon-ebs: Fetched 14.2 MB in 0s (49.8 MB/s)
TestPackerDockerExampleLocal 2018-06-02T14:28:51+02:00 command.go:96: 1527942531,,ui,say,==> ubuntu-docker: Uploading /Users/Tobi/go/src/github.com/gruntwork-io/terratest/examples/packer-docker-example => /tmp/packer-docker-example
TestPackerBasicExample 2018-06-02T14:28:51+02:00 command.go:96: 1527942531,,ui,message,    amazon-ebs: (Reading database ... 51260 files and directories currently installed.)
TestPackerBasicExample 2018-06-02T14:28:51+02:00 command.go:96: 1527942531,,ui,message,    amazon-ebs: Preparing to unpack .../ubuntu-core-launcher_2.32.9_amd64.deb ...
TestPackerBasicExample 2018-06-02T14:28:52+02:00 command.go:96: 1527942532,,ui,message,    amazon-ebs: Unpacking ubuntu-core-launcher (2.32.9) over (2.32.3.2) ...
TestPackerBasicExample 2018-06-02T14:28:52+02:00 command.go:96: 1527942532,,ui,message,    amazon-ebs: Preparing to unpack .../snapd_2.32.9_amd64.deb ...
TestPackerBasicExample 2018-06-02T14:28:52+02:00 command.go:96: 1527942532,,ui,message,    amazon-ebs: Unpacking snapd (2.32.9) over (2.32.3.2) ...
TestPackerDockerExampleLocal 2018-06-02T14:28:52+02:00 command.go:96: 1527942532,,ui,say,==> ubuntu-docker: Provisioning with shell script: /var/folders/6j/q84jvhy96xn4ym2l1gzw9hs00000gn/T/packer-shell292052354
TestTerraformRedeployExample 2018-06-02T14:28:53+02:00 command.go:96: [0m[1maws_alb.web_servers: Still creating... (20s elapsed)[0m[0m
TestTerraformPackerExample 2018-06-02T14:28:53+02:00 command.go:96: 1527942533,,ui,say,==> ubuntu-ami: Connected to SSH!
TestTerraformPackerExample 2018-06-02T14:28:53+02:00 command.go:96: 1527942533,,ui,say,==> ubuntu-ami: Provisioning with shell script: /var/folders/6j/q84jvhy96xn4ym2l1gzw9hs00000gn/T/packer-shell901455603
TestPackerDockerExampleLocal 2018-06-02T14:28:53+02:00 command.go:96: 1527942533,,ui,message,    ubuntu-docker: Installing Ruby
TestPackerBasicExample 2018-06-02T14:28:54+02:00 command.go:96: 1527942534,,ui,message,    amazon-ebs: Preparing to unpack .../libprocps4_2%3a3.3.10-4ubuntu2.4_amd64.deb ...
TestPackerBasicExample 2018-06-02T14:28:54+02:00 command.go:96: 1527942534,,ui,message,    amazon-ebs: Unpacking libprocps4:amd64 (2:3.3.10-4ubuntu2.4) over (2:3.3.10-4ubuntu2.3) ...
TestPackerDockerExampleLocal 2018-06-02T14:28:54+02:00 command.go:96: 1527942534,,ui,message,    ubuntu-docker: Get:1 http://archive.ubuntu.com/ubuntu xenial InRelease [247 kB]
TestPackerBasicExample 2018-06-02T14:28:54+02:00 command.go:96: 1527942534,,ui,message,    amazon-ebs: Preparing to unpack .../procps_2%3a3.3.10-4ubuntu2.4_amd64.deb ...
TestPackerBasicExample 2018-06-02T14:28:54+02:00 command.go:96: 1527942534,,ui,message,    amazon-ebs: Unpacking procps (2:3.3.10-4ubuntu2.4) over (2:3.3.10-4ubuntu2.3) ...
TestPackerDockerExampleLocal 2018-06-02T14:28:54+02:00 command.go:96: 1527942534,,ui,message,    ubuntu-docker: Get:2 https://download.docker.com/linux/ubuntu xenial InRelease [65.8 kB]
TestPackerDockerExampleLocal 2018-06-02T14:28:54+02:00 command.go:96: 1527942534,,ui,message,    ubuntu-docker: Get:3 http://security.ubuntu.com/ubuntu xenial-security InRelease [107 kB]
TestPackerDockerExampleLocal 2018-06-02T14:28:54+02:00 command.go:96: 1527942534,,ui,message,    ubuntu-docker: Get:4 http://archive.ubuntu.com/ubuntu xenial-updates InRelease [109 kB]
TestPackerBasicExample 2018-06-02T14:28:54+02:00 command.go:96: 1527942534,,ui,message,    amazon-ebs: Preparing to unpack .../ifupdown_0.8.10ubuntu1.4_amd64.deb ...
TestPackerBasicExample 2018-06-02T14:28:54+02:00 command.go:96: 1527942534,,ui,message,    amazon-ebs: Unpacking ifupdown (0.8.10ubuntu1.4) over (0.8.10ubuntu1.3) ...
TestPackerDockerExampleLocal 2018-06-02T14:28:54+02:00 command.go:96: 1527942534,,ui,message,    ubuntu-docker: Get:5 http://archive.ubuntu.com/ubuntu xenial-backports InRelease [107 kB]
TestPackerDockerExampleLocal 2018-06-02T14:28:54+02:00 command.go:96: 1527942534,,ui,message,    ubuntu-docker: Get:6 https://download.docker.com/linux/ubuntu xenial/stable amd64 Packages [3317 B]
TestPackerBasicExample 2018-06-02T14:28:54+02:00 command.go:96: 1527942534,,ui,message,    amazon-ebs: Preparing to unpack .../libplymouth4_0.9.2-3ubuntu13.5_amd64.deb ...
TestPackerBasicExample 2018-06-02T14:28:54+02:00 command.go:96: 1527942534,,ui,message,    amazon-ebs: Unpacking libplymouth4:amd64 (0.9.2-3ubuntu13.5) over (0.9.2-3ubuntu13.4) ...
TestPackerDockerExampleLocal 2018-06-02T14:28:54+02:00 command.go:96: 1527942534,,ui,message,    ubuntu-docker: Get:7 http://archive.ubuntu.com/ubuntu xenial/universe Sources [9802 kB]
TestPackerBasicExample 2018-06-02T14:28:54+02:00 command.go:96: 1527942534,,ui,message,    amazon-ebs: Preparing to unpack .../plymouth_0.9.2-3ubuntu13.5_amd64.deb ...
TestPackerBasicExample 2018-06-02T14:28:54+02:00 command.go:96: 1527942534,,ui,message,    amazon-ebs: Unpacking plymouth (0.9.2-3ubuntu13.5) over (0.9.2-3ubuntu13.4) ...
TestPackerBasicExample 2018-06-02T14:28:55+02:00 command.go:96: 1527942535,,ui,message,    amazon-ebs: Preparing to unpack .../plymouth-theme-ubuntu-text_0.9.2-3ubuntu13.5_amd64.deb ...
TestPackerBasicExample 2018-06-02T14:28:55+02:00 command.go:96: 1527942535,,ui,message,    amazon-ebs: Unpacking plymouth-theme-ubuntu-text (0.9.2-3ubuntu13.5) over (0.9.2-3ubuntu13.4) ...
TestPackerBasicExample 2018-06-02T14:28:55+02:00 command.go:96: 1527942535,,ui,message,    amazon-ebs: Preparing to unpack .../python3-problem-report_2.20.1-0ubuntu2.18_all.deb ...
TestPackerBasicExample 2018-06-02T14:28:55+02:00 command.go:96: 1527942535,,ui,message,    amazon-ebs: Unpacking python3-problem-report (2.20.1-0ubuntu2.18) over (2.20.1-0ubuntu2.17) ...
TestPackerBasicExample 2018-06-02T14:28:55+02:00 command.go:96: 1527942535,,ui,message,    amazon-ebs: Preparing to unpack .../python3-apport_2.20.1-0ubuntu2.18_all.deb ...
TestPackerDockerExampleLocal 2018-06-02T14:28:55+02:00 command.go:96: 1527942535,,ui,message,    ubuntu-docker: Get:8 http://security.ubuntu.com/ubuntu xenial-security/universe Sources [81.2 kB]
TestPackerBasicExample 2018-06-02T14:28:55+02:00 command.go:96: 1527942535,,ui,message,    amazon-ebs: Unpacking python3-apport (2.20.1-0ubuntu2.18) over (2.20.1-0ubuntu2.17) ...
TestPackerBasicExample 2018-06-02T14:28:55+02:00 command.go:96: 1527942535,,ui,message,    amazon-ebs: Preparing to unpack .../apport_2.20.1-0ubuntu2.18_all.deb ...
TestPackerBasicExample 2018-06-02T14:28:55+02:00 command.go:96: 1527942535,,ui,message,    amazon-ebs: Unpacking apport (2.20.1-0ubuntu2.18) over (2.20.1-0ubuntu2.17) ...
TestPackerDockerExampleLocal 2018-06-02T14:28:55+02:00 command.go:96: 1527942535,,ui,message,    ubuntu-docker: Get:9 http://security.ubuntu.com/ubuntu xenial-security/main amd64 Packages [637 kB]
TestPackerBasicExample 2018-06-02T14:28:55+02:00 command.go:96: 1527942535,,ui,message,    amazon-ebs: Preparing to unpack .../vlan_1.9-3.2ubuntu1.16.04.5_amd64.deb ...
TestPackerBasicExample 2018-06-02T14:28:55+02:00 command.go:96: 1527942535,,ui,message,    amazon-ebs: Unpacking vlan (1.9-3.2ubuntu1.16.04.5) over (1.9-3.2ubuntu1.16.04.4) ...
TestPackerBasicExample 2018-06-02T14:28:55+02:00 command.go:96: 1527942535,,ui,message,    amazon-ebs: Processing triggers for man-db (2.7.5-1) ...
TestTerraformSshExample 2018-06-02T14:28:55+02:00 command.go:96: [0m[1maws_instance.example_private: Creation complete after 25s (ID: i-03c2e31e59316c2cc)[0m[0m
TestTerraformSshExample 2018-06-02T14:28:55+02:00 command.go:96: [0m[1maws_instance.example_public: Creation complete after 25s (ID: i-01b4d00351372b2d2)[0m[0m
TestTerraformSshExample 2018-06-02T14:28:55+02:00 command.go:96: [0m[1m[32m
TestTerraformSshExample 2018-06-02T14:28:55+02:00 command.go:96: Apply complete! Resources: 3 added, 0 changed, 0 destroyed.[0m
TestTerraformSshExample 2018-06-02T14:28:55+02:00 command.go:96: [0m[1m[32m
TestTerraformSshExample 2018-06-02T14:28:55+02:00 command.go:96: Outputs:
TestTerraformSshExample 2018-06-02T14:28:55+02:00 command.go:96: 
TestTerraformSshExample 2018-06-02T14:28:55+02:00 command.go:96: private_instance_id = i-01b4d00351372b2d2
TestTerraformSshExample 2018-06-02T14:28:55+02:00 command.go:96: private_instance_ip = 172.31.29.1
TestTerraformSshExample 2018-06-02T14:28:55+02:00 command.go:96: public_instance_id = i-01b4d00351372b2d2
TestTerraformSshExample 2018-06-02T14:28:55+02:00 command.go:96: public_instance_ip = 35.176.49.83[0m
TestTerraformSshExample 2018-06-02T14:28:55+02:00 test_structure.go:23: The 'SKIP_validate' environment variable is not set, so executing stage 'validate'.
TestTerraformSshExample 2018-06-02T14:28:55+02:00 save_test_data.go:159: Loading test data from ../examples/terraform-ssh-example/.test-data/TerraformOptions.json
TestTerraformSshExample 2018-06-02T14:28:55+02:00 save_test_data.go:159: Loading test data from ../examples/terraform-ssh-example/.test-data/Ec2KeyPair.json
TestTerraformSshExample 2018-06-02T14:28:55+02:00 retry.go:69: Running terraform [output -no-color public_instance_ip]
TestTerraformSshExample 2018-06-02T14:28:55+02:00 command.go:52: Running command terraform with args [output -no-color public_instance_ip]
TestTerraformSshExample 2018-06-02T14:28:55+02:00 command.go:96: 35.176.49.83
TestTerraformSshExample 2018-06-02T14:28:55+02:00 retry.go:69: SSH to public host 35.176.49.83
TestPackerDockerExampleLocal 2018-06-02T14:28:56+02:00 command.go:96: 1527942536,,ui,message,    ubuntu-docker: Get:10 http://security.ubuntu.com/ubuntu xenial-security/restricted amd64 Packages [12.7 kB]
TestPackerDockerExampleLocal 2018-06-02T14:28:56+02:00 command.go:96: 1527942536,,ui,message,    ubuntu-docker: Get:11 http://security.ubuntu.com/ubuntu xenial-security/universe amd64 Packages [445 kB]
TestPackerBasicExample 2018-06-02T14:28:56+02:00 command.go:96: 1527942536,,ui,message,    amazon-ebs: Processing triggers for libc-bin (2.23-0ubuntu10) ...
TestPackerBasicExample 2018-06-02T14:28:56+02:00 command.go:96: 1527942536,,ui,message,    amazon-ebs: Processing triggers for ureadahead (0.100.0-19) ...
TestPackerDockerExampleLocal 2018-06-02T14:28:56+02:00 command.go:96: 1527942536,,ui,message,    ubuntu-docker: Get:12 http://security.ubuntu.com/ubuntu xenial-security/multiverse amd64 Packages [3743 B]
TestTerraformHttpExample 2018-06-02T14:28:56+02:00 retry.go:81: HTTP GET to URL http://18.130.100.18:8080 returned an error: Get http://18.130.100.18:8080: dial tcp 18.130.100.18:8080: connect: connection refused. Sleeping for 5s and will try again.
TestPackerBasicExample 2018-06-02T14:28:56+02:00 command.go:96: 1527942536,,ui,message,    amazon-ebs: Processing triggers for systemd (229-4ubuntu21.2) ...
TestPackerDockerExampleLocal 2018-06-02T14:28:56+02:00 command.go:96: 1527942536,,ui,message,    ubuntu-docker: Get:13 http://archive.ubuntu.com/ubuntu xenial/main amd64 Packages [1558 kB]
TestPackerBasicExample 2018-06-02T14:28:56+02:00 command.go:96: 1527942536,,ui,message,    amazon-ebs: Setting up snapd (2.32.9) ...
TestPackerDockerExampleLocal 2018-06-02T14:28:56+02:00 command.go:96: 1527942536,,ui,message,    ubuntu-docker: Get:14 http://archive.ubuntu.com/ubuntu xenial/restricted amd64 Packages [14.1 kB]
TestPackerDockerExampleLocal 2018-06-02T14:28:56+02:00 command.go:96: 1527942536,,ui,message,    ubuntu-docker: Get:15 http://archive.ubuntu.com/ubuntu xenial/universe amd64 Packages [9827 kB]
TestTerraformPackerExample 2018-06-02T14:28:57+02:00 command.go:96: 1527942537,,ui,message,    ubuntu-ami: Sleeping for a few seconds to give Ubuntu time to boot up
TestPackerDockerExampleLocal 2018-06-02T14:28:58+02:00 command.go:96: 1527942538,,ui,message,    ubuntu-docker: Get:16 http://archive.ubuntu.com/ubuntu xenial/multiverse amd64 Packages [176 kB]
TestPackerDockerExampleLocal 2018-06-02T14:28:58+02:00 command.go:96: 1527942538,,ui,message,    ubuntu-docker: Get:17 http://archive.ubuntu.com/ubuntu xenial-updates/universe Sources [256 kB]
TestPackerDockerExampleLocal 2018-06-02T14:28:58+02:00 command.go:96: 1527942538,,ui,message,    ubuntu-docker: Get:18 http://archive.ubuntu.com/ubuntu xenial-updates/main amd64 Packages [1012 kB]
TestPackerDockerExampleLocal 2018-06-02T14:28:58+02:00 command.go:96: 1527942538,,ui,message,    ubuntu-docker: Get:19 http://archive.ubuntu.com/ubuntu xenial-updates/restricted amd64 Packages [13.1 kB]
TestPackerDockerExampleLocal 2018-06-02T14:28:58+02:00 command.go:96: 1527942538,,ui,message,    ubuntu-docker: Get:20 http://archive.ubuntu.com/ubuntu xenial-updates/universe amd64 Packages [814 kB]
TestPackerDockerExampleLocal 2018-06-02T14:28:58+02:00 command.go:96: 1527942538,,ui,message,    ubuntu-docker: Get:21 http://archive.ubuntu.com/ubuntu xenial-updates/multiverse amd64 Packages [18.8 kB]
TestPackerDockerExampleLocal 2018-06-02T14:28:58+02:00 command.go:96: 1527942538,,ui,message,    ubuntu-docker: Get:22 http://archive.ubuntu.com/ubuntu xenial-backports/main amd64 Packages [5157 B]
TestPackerDockerExampleLocal 2018-06-02T14:28:58+02:00 command.go:96: 1527942538,,ui,message,    ubuntu-docker: Get:23 http://archive.ubuntu.com/ubuntu xenial-backports/universe amd64 Packages [8068 B]
TestPackerDockerExampleLocal 2018-06-02T14:28:59+02:00 command.go:96: 1527942539,,ui,message,    ubuntu-docker: Fetched 25.3 MB in 5s (4919 kB/s)
TestPackerDockerExampleLocal 2018-06-02T14:29:00+02:00 command.go:96: 1527942540,,ui,message,    ubuntu-docker: Reading package lists...
TestTerraformAwsExample 2018-06-02T14:29:01+02:00 command.go:96: [0m[1maws_instance.example: Still creating... (30s elapsed)[0m[0m
TestPackerDockerExampleLocal 2018-06-02T14:29:01+02:00 command.go:96: 1527942541,,ui,message,    ubuntu-docker: Reading package lists...
TestTerraformSshExample 2018-06-02T14:29:01+02:00 retry.go:81: SSH to public host 35.176.49.83 returned an error: dial tcp 35.176.49.83:22: connect: connection refused. Sleeping for 5s and will try again.
TestPackerDockerExampleLocal 2018-06-02T14:29:01+02:00 command.go:96: 1527942541,,ui,message,    ubuntu-docker: Building dependency tree...
TestPackerDockerExampleLocal 2018-06-02T14:29:01+02:00 command.go:96: 1527942541,,ui,message,    ubuntu-docker: Reading state information...
TestTerraformHttpExample 2018-06-02T14:29:01+02:00 retry.go:69: HTTP GET to URL http://18.130.100.18:8080
TestTerraformHttpExample 2018-06-02T14:29:01+02:00 http_helper.go:27: Making an HTTP GET call to URL http://18.130.100.18:8080
TestTerraformHttpExample 2018-06-02T14:29:01+02:00 retry.go:81: HTTP GET to URL http://18.130.100.18:8080 returned an error: Get http://18.130.100.18:8080: dial tcp 18.130.100.18:8080: connect: connection refused. Sleeping for 5s and will try again.
TestPackerDockerExampleLocal 2018-06-02T14:29:01+02:00 command.go:96: 1527942541,,ui,message,    ubuntu-docker: The following additional packages will be installed:
TestPackerDockerExampleLocal 2018-06-02T14:29:01+02:00 command.go:96: 1527942541,,ui,message,    ubuntu-docker:   binutils bzip2 cpp cpp-5 dpkg-dev fakeroot fonts-lato g++ g++-5 gcc gcc-5
TestPackerDockerExampleLocal 2018-06-02T14:29:01+02:00 command.go:96: 1527942541,,ui,message,    ubuntu-docker:   javascript-common libalgorithm-diff-perl libalgorithm-diff-xs-perl
TestPackerDockerExampleLocal 2018-06-02T14:29:01+02:00 command.go:96: 1527942541,,ui,message,    ubuntu-docker:   libalgorithm-merge-perl libasan2 libatomic1 libc-dev-bin libc6-dev libcc1-0
TestPackerDockerExampleLocal 2018-06-02T14:29:01+02:00 command.go:96: 1527942541,,ui,message,    ubuntu-docker:   libcilkrts5 libdpkg-perl libfakeroot libfile-fcntllock-perl libgcc-5-dev
TestPackerDockerExampleLocal 2018-06-02T14:29:01+02:00 command.go:96: 1527942541,,ui,message,    ubuntu-docker:   libgmp-dev libgmpxx4ldbl libgomp1 libisl15 libitm1 libjs-jquery liblsan0
TestPackerDockerExampleLocal 2018-06-02T14:29:01+02:00 command.go:96: 1527942541,,ui,message,    ubuntu-docker:   libmpc3 libmpfr4 libmpx0 libquadmath0 libruby2.3 libstdc++-5-dev libtsan0
TestPackerDockerExampleLocal 2018-06-02T14:29:01+02:00 command.go:96: 1527942541,,ui,message,    ubuntu-docker:   libubsan0 libyaml-0-2 linux-libc-dev manpages manpages-dev rake
TestPackerDockerExampleLocal 2018-06-02T14:29:01+02:00 command.go:96: 1527942541,,ui,message,    ubuntu-docker:   ruby-did-you-mean ruby-minitest ruby-net-telnet ruby-power-assert
TestPackerDockerExampleLocal 2018-06-02T14:29:01+02:00 command.go:96: 1527942541,,ui,message,    ubuntu-docker:   ruby-test-unit ruby2.3 ruby2.3-dev rubygems-integration unzip zip
TestPackerDockerExampleLocal 2018-06-02T14:29:01+02:00 command.go:96: 1527942541,,ui,message,    ubuntu-docker: Suggested packages:
TestPackerDockerExampleLocal 2018-06-02T14:29:01+02:00 command.go:96: 1527942541,,ui,message,    ubuntu-docker:   binutils-doc bzip2-doc cpp-doc gcc-5-locales debian-keyring g++-multilib
TestPackerDockerExampleLocal 2018-06-02T14:29:01+02:00 command.go:96: 1527942541,,ui,message,    ubuntu-docker:   g++-5-multilib gcc-5-doc libstdc++6-5-dbg gcc-multilib autoconf automake
TestPackerDockerExampleLocal 2018-06-02T14:29:01+02:00 command.go:96: 1527942541,,ui,message,    ubuntu-docker:   libtool flex bison gdb gcc-doc gcc-5-multilib libgcc1-dbg libgomp1-dbg
TestPackerDockerExampleLocal 2018-06-02T14:29:01+02:00 command.go:96: 1527942541,,ui,message,    ubuntu-docker:   libitm1-dbg libatomic1-dbg libasan2-dbg liblsan0-dbg libtsan0-dbg
TestPackerDockerExampleLocal 2018-06-02T14:29:01+02:00 command.go:96: 1527942541,,ui,message,    ubuntu-docker:   libubsan0-dbg libcilkrts5-dbg libmpx0-dbg libquadmath0-dbg apache2
TestPackerDockerExampleLocal 2018-06-02T14:29:01+02:00 command.go:96: 1527942541,,ui,message,    ubuntu-docker:   | lighttpd | httpd glibc-doc gmp-doc libgmp10-doc libmpfr-dev
TestPackerDockerExampleLocal 2018-06-02T14:29:01+02:00 command.go:96: 1527942541,,ui,message,    ubuntu-docker:   libstdc++-5-doc make-doc man-browser ri bundler
TestPackerDockerExampleLocal 2018-06-02T14:29:01+02:00 command.go:96: 1527942541,,ui,message,    ubuntu-docker: The following NEW packages will be installed:
TestPackerDockerExampleLocal 2018-06-02T14:29:01+02:00 command.go:96: 1527942541,,ui,message,    ubuntu-docker:   binutils build-essential bzip2 cpp cpp-5 dpkg-dev fakeroot fonts-lato g++
TestPackerDockerExampleLocal 2018-06-02T14:29:01+02:00 command.go:96: 1527942541,,ui,message,    ubuntu-docker:   g++-5 gcc gcc-5 javascript-common libalgorithm-diff-perl
TestPackerDockerExampleLocal 2018-06-02T14:29:01+02:00 command.go:96: 1527942541,,ui,message,    ubuntu-docker:   libalgorithm-diff-xs-perl libalgorithm-merge-perl libasan2 libatomic1
TestPackerDockerExampleLocal 2018-06-02T14:29:01+02:00 command.go:96: 1527942541,,ui,message,    ubuntu-docker:   libc-dev-bin libc6-dev libcc1-0 libcilkrts5 libdpkg-perl libfakeroot
TestPackerDockerExampleLocal 2018-06-02T14:29:01+02:00 command.go:96: 1527942541,,ui,message,    ubuntu-docker:   libfile-fcntllock-perl libgcc-5-dev libgmp-dev libgmpxx4ldbl libgomp1
TestPackerDockerExampleLocal 2018-06-02T14:29:01+02:00 command.go:96: 1527942541,,ui,message,    ubuntu-docker:   libisl15 libitm1 libjs-jquery liblsan0 libmpc3 libmpfr4 libmpx0 libquadmath0
TestPackerDockerExampleLocal 2018-06-02T14:29:01+02:00 command.go:96: 1527942541,,ui,message,    ubuntu-docker:   libruby2.3 libstdc++-5-dev libtsan0 libubsan0 libyaml-0-2 linux-libc-dev
TestPackerDockerExampleLocal 2018-06-02T14:29:01+02:00 command.go:96: 1527942541,,ui,message,    ubuntu-docker:   make manpages manpages-dev rake ruby ruby-dev ruby-did-you-mean
TestPackerDockerExampleLocal 2018-06-02T14:29:01+02:00 command.go:96: 1527942541,,ui,message,    ubuntu-docker:   ruby-minitest ruby-net-telnet ruby-power-assert ruby-test-unit ruby2.3
TestPackerDockerExampleLocal 2018-06-02T14:29:01+02:00 command.go:96: 1527942541,,ui,message,    ubuntu-docker:   ruby2.3-dev rubygems-integration unzip zip zlib1g-dev
TestPackerDockerExampleLocal 2018-06-02T14:29:01+02:00 command.go:96: 1527942541,,ui,message,    ubuntu-docker: 0 upgraded%!(PACKER_COMMA) 60 newly installed%!(PACKER_COMMA) 0 to remove and 19 not upgraded.
TestPackerDockerExampleLocal 2018-06-02T14:29:01+02:00 command.go:96: 1527942541,,ui,message,    ubuntu-docker: Need to get 47.7 MB of archives.
TestPackerDockerExampleLocal 2018-06-02T14:29:01+02:00 command.go:96: 1527942541,,ui,message,    ubuntu-docker: After this operation%!(PACKER_COMMA) 182 MB of additional disk space will be used.
TestPackerDockerExampleLocal 2018-06-02T14:29:01+02:00 command.go:96: 1527942541,,ui,message,    ubuntu-docker: Get:1 http://archive.ubuntu.com/ubuntu xenial/main amd64 fonts-lato all 2.0-1 [2693 kB]
TestPackerDockerExampleLocal 2018-06-02T14:29:02+02:00 command.go:96: 1527942542,,ui,message,    ubuntu-docker: Get:2 http://archive.ubuntu.com/ubuntu xenial/main amd64 libyaml-0-2 amd64 0.1.6-3 [47.6 kB]
TestPackerDockerExampleLocal 2018-06-02T14:29:02+02:00 command.go:96: 1527942542,,ui,message,    ubuntu-docker: Get:3 http://archive.ubuntu.com/ubuntu xenial/main amd64 libmpfr4 amd64 3.1.4-1 [191 kB]
TestPackerDockerExampleLocal 2018-06-02T14:29:02+02:00 command.go:96: 1527942542,,ui,message,    ubuntu-docker: Get:4 http://archive.ubuntu.com/ubuntu xenial/main amd64 libmpc3 amd64 1.0.3-1 [39.7 kB]
TestPackerDockerExampleLocal 2018-06-02T14:29:02+02:00 command.go:96: 1527942542,,ui,message,    ubuntu-docker: Get:5 http://archive.ubuntu.com/ubuntu xenial/main amd64 bzip2 amd64 1.0.6-8 [32.7 kB]
TestPackerBasicExample 2018-06-02T14:29:02+02:00 command.go:96: 1527942542,,ui,message,    amazon-ebs: Job for snapd.seeded.service failed because the control process exited with error code. See "systemctl status snapd.seeded.service" and "journalctl -xe" for details.
TestPackerBasicExample 2018-06-02T14:29:02+02:00 command.go:96: 1527942542,,ui,message,    amazon-ebs: snapd.seeded.service couldn't start.
TestPackerDockerExampleLocal 2018-06-02T14:29:02+02:00 command.go:96: 1527942542,,ui,message,    ubuntu-docker: Get:6 http://archive.ubuntu.com/ubuntu xenial/main amd64 manpages all 4.04-2 [1087 kB]
TestPackerBasicExample 2018-06-02T14:29:02+02:00 command.go:96: 1527942542,,ui,message,    amazon-ebs: snapd.snap-repair.service is a disabled or a static unit%!(PACKER_COMMA) not starting it.
TestPackerDockerExampleLocal 2018-06-02T14:29:02+02:00 command.go:96: 1527942542,,ui,message,    ubuntu-docker: Get:7 http://archive.ubuntu.com/ubuntu xenial-updates/main amd64 binutils amd64 2.26.1-1ubuntu1~16.04.6 [2311 kB]
TestPackerBasicExample 2018-06-02T14:29:02+02:00 command.go:96: 1527942542,,ui,message,    amazon-ebs: Setting up ubuntu-core-launcher (2.32.9) ...
TestPackerBasicExample 2018-06-02T14:29:02+02:00 command.go:96: 1527942542,,ui,message,    amazon-ebs: Setting up libprocps4:amd64 (2:3.3.10-4ubuntu2.4) ...
TestPackerBasicExample 2018-06-02T14:29:02+02:00 command.go:96: 1527942542,,ui,message,    amazon-ebs: Setting up procps (2:3.3.10-4ubuntu2.4) ...
TestPackerBasicExample 2018-06-02T14:29:03+02:00 command.go:96: 1527942543,,ui,message,    amazon-ebs: update-rc.d: warning: start and stop actions are no longer supported; falling back to defaults
TestPackerDockerExampleLocal 2018-06-02T14:29:03+02:00 command.go:96: 1527942543,,ui,message,    ubuntu-docker: Get:8 http://archive.ubuntu.com/ubuntu xenial-updates/main amd64 libc-dev-bin amd64 2.23-0ubuntu10 [68.7 kB]
TestPackerDockerExampleLocal 2018-06-02T14:29:03+02:00 command.go:96: 1527942543,,ui,message,    ubuntu-docker: Get:9 http://archive.ubuntu.com/ubuntu xenial-updates/main amd64 linux-libc-dev amd64 4.4.0-127.153 [870 kB]
TestPackerBasicExample 2018-06-02T14:29:03+02:00 command.go:96: 1527942543,,ui,message,    amazon-ebs: Setting up ifupdown (0.8.10ubuntu1.4) ...
TestTerraformRedeployExample 2018-06-02T14:29:03+02:00 command.go:96: [0m[1maws_alb.web_servers: Still creating... (30s elapsed)[0m[0m
TestPackerDockerExampleLocal 2018-06-02T14:29:03+02:00 command.go:96: 1527942543,,ui,message,    ubuntu-docker: Get:10 http://archive.ubuntu.com/ubuntu xenial-updates/main amd64 libc6-dev amd64 2.23-0ubuntu10 [2079 kB]
TestPackerBasicExample 2018-06-02T14:29:03+02:00 command.go:96: 1527942543,,ui,message,    amazon-ebs: Setting up libplymouth4:amd64 (0.9.2-3ubuntu13.5) ...
TestPackerBasicExample 2018-06-02T14:29:03+02:00 command.go:96: 1527942543,,ui,message,    amazon-ebs: Setting up plymouth (0.9.2-3ubuntu13.5) ...
TestPackerBasicExample 2018-06-02T14:29:03+02:00 command.go:96: 1527942543,,ui,message,    amazon-ebs: update-initramfs: deferring update (trigger activated)
TestPackerBasicExample 2018-06-02T14:29:03+02:00 command.go:96: 1527942543,,ui,message,    amazon-ebs: update-rc.d: warning: start and stop actions are no longer supported; falling back to defaults
TestPackerDockerExampleLocal 2018-06-02T14:29:03+02:00 command.go:96: 1527942543,,ui,message,    ubuntu-docker: Get:11 http://archive.ubuntu.com/ubuntu xenial/main amd64 libisl15 amd64 0.16.1-1 [524 kB]
TestPackerBasicExample 2018-06-02T14:29:03+02:00 command.go:96: 1527942543,,ui,message,    amazon-ebs: update-rc.d: warning: start and stop actions are no longer supported; falling back to defaults
TestPackerDockerExampleLocal 2018-06-02T14:29:03+02:00 command.go:96: 1527942543,,ui,message,    ubuntu-docker: Get:12 http://archive.ubuntu.com/ubuntu xenial-updates/main amd64 cpp-5 amd64 5.4.0-6ubuntu1~16.04.9 [7685 kB]
TestPackerBasicExample 2018-06-02T14:29:03+02:00 command.go:96: 1527942543,,ui,message,    amazon-ebs: Setting up plymouth-theme-ubuntu-text (0.9.2-3ubuntu13.5) ...
TestPackerBasicExample 2018-06-02T14:29:03+02:00 command.go:96: 1527942543,,ui,message,    amazon-ebs: update-initramfs: deferring update (trigger activated)
TestPackerBasicExample 2018-06-02T14:29:03+02:00 command.go:96: 1527942543,,ui,message,    amazon-ebs: Setting up python3-problem-report (2.20.1-0ubuntu2.18) ...
TestPackerBasicExample 2018-06-02T14:29:03+02:00 command.go:96: 1527942543,,ui,message,    amazon-ebs: Setting up python3-apport (2.20.1-0ubuntu2.18) ...
TestPackerBasicExample 2018-06-02T14:29:04+02:00 command.go:96: 1527942544,,ui,message,    amazon-ebs: Setting up apport (2.20.1-0ubuntu2.18) ...
TestPackerBasicExample 2018-06-02T14:29:04+02:00 command.go:96: 1527942544,,ui,message,    amazon-ebs: Setting up vlan (1.9-3.2ubuntu1.16.04.5) ...
TestPackerBasicExample 2018-06-02T14:29:04+02:00 command.go:96: 1527942544,,ui,message,    amazon-ebs: Installing new version of config file /etc/network/if-pre-up.d/vlan ...
TestPackerBasicExample 2018-06-02T14:29:04+02:00 command.go:96: 1527942544,,ui,message,    amazon-ebs: Processing triggers for libc-bin (2.23-0ubuntu10) ...
TestPackerBasicExample 2018-06-02T14:29:04+02:00 command.go:96: 1527942544,,ui,message,    amazon-ebs: Processing triggers for initramfs-tools (0.122ubuntu8.11) ...
TestPackerBasicExample 2018-06-02T14:29:04+02:00 command.go:96: 1527942544,,ui,message,    amazon-ebs: update-initramfs: Generating /boot/initrd.img-4.4.0-1060-aws
TestPackerDockerExampleLocal 2018-06-02T14:29:04+02:00 command.go:96: 1527942544,,ui,message,    ubuntu-docker: Get:13 http://archive.ubuntu.com/ubuntu xenial/main amd64 cpp amd64 4:5.3.1-1ubuntu1 [27.7 kB]
TestPackerDockerExampleLocal 2018-06-02T14:29:04+02:00 command.go:96: 1527942544,,ui,message,    ubuntu-docker: Get:14 http://archive.ubuntu.com/ubuntu xenial-updates/main amd64 libcc1-0 amd64 5.4.0-6ubuntu1~16.04.9 [38.8 kB]
TestPackerDockerExampleLocal 2018-06-02T14:29:04+02:00 command.go:96: 1527942544,,ui,message,    ubuntu-docker: Get:15 http://archive.ubuntu.com/ubuntu xenial-updates/main amd64 libgomp1 amd64 5.4.0-6ubuntu1~16.04.9 [55.0 kB]
TestPackerDockerExampleLocal 2018-06-02T14:29:04+02:00 command.go:96: 1527942544,,ui,message,    ubuntu-docker: Get:16 http://archive.ubuntu.com/ubuntu xenial-updates/main amd64 libitm1 amd64 5.4.0-6ubuntu1~16.04.9 [27.4 kB]
TestPackerDockerExampleLocal 2018-06-02T14:29:04+02:00 command.go:96: 1527942544,,ui,message,    ubuntu-docker: Get:17 http://archive.ubuntu.com/ubuntu xenial-updates/main amd64 libatomic1 amd64 5.4.0-6ubuntu1~16.04.9 [8882 B]
TestPackerDockerExampleLocal 2018-06-02T14:29:04+02:00 command.go:96: 1527942544,,ui,message,    ubuntu-docker: Get:18 http://archive.ubuntu.com/ubuntu xenial-updates/main amd64 libasan2 amd64 5.4.0-6ubuntu1~16.04.9 [264 kB]
TestPackerDockerExampleLocal 2018-06-02T14:29:04+02:00 command.go:96: 1527942544,,ui,message,    ubuntu-docker: Get:19 http://archive.ubuntu.com/ubuntu xenial-updates/main amd64 liblsan0 amd64 5.4.0-6ubuntu1~16.04.9 [105 kB]
TestPackerDockerExampleLocal 2018-06-02T14:29:04+02:00 command.go:96: 1527942544,,ui,message,    ubuntu-docker: Get:20 http://archive.ubuntu.com/ubuntu xenial-updates/main amd64 libtsan0 amd64 5.4.0-6ubuntu1~16.04.9 [244 kB]
TestPackerDockerExampleLocal 2018-06-02T14:29:04+02:00 command.go:96: 1527942544,,ui,message,    ubuntu-docker: Get:21 http://archive.ubuntu.com/ubuntu xenial-updates/main amd64 libubsan0 amd64 5.4.0-6ubuntu1~16.04.9 [95.2 kB]
TestPackerDockerExampleLocal 2018-06-02T14:29:05+02:00 command.go:96: 1527942545,,ui,message,    ubuntu-docker: Get:22 http://archive.ubuntu.com/ubuntu xenial-updates/main amd64 libcilkrts5 amd64 5.4.0-6ubuntu1~16.04.9 [40.1 kB]
TestPackerDockerExampleLocal 2018-06-02T14:29:05+02:00 command.go:96: 1527942545,,ui,message,    ubuntu-docker: Get:23 http://archive.ubuntu.com/ubuntu xenial-updates/main amd64 libmpx0 amd64 5.4.0-6ubuntu1~16.04.9 [9774 B]
TestPackerDockerExampleLocal 2018-06-02T14:29:05+02:00 command.go:96: 1527942545,,ui,message,    ubuntu-docker: Get:24 http://archive.ubuntu.com/ubuntu xenial-updates/main amd64 libquadmath0 amd64 5.4.0-6ubuntu1~16.04.9 [131 kB]
TestPackerDockerExampleLocal 2018-06-02T14:29:05+02:00 command.go:96: 1527942545,,ui,message,    ubuntu-docker: Get:25 http://archive.ubuntu.com/ubuntu xenial-updates/main amd64 libgcc-5-dev amd64 5.4.0-6ubuntu1~16.04.9 [2242 kB]
TestPackerDockerExampleLocal 2018-06-02T14:29:05+02:00 command.go:96: 1527942545,,ui,message,    ubuntu-docker: Get:26 http://archive.ubuntu.com/ubuntu xenial-updates/main amd64 gcc-5 amd64 5.4.0-6ubuntu1~16.04.9 [8650 kB]
TestTerraformSshExample 2018-06-02T14:29:06+02:00 retry.go:69: SSH to public host 35.176.49.83
TestTerraformHttpExample 2018-06-02T14:29:06+02:00 retry.go:69: HTTP GET to URL http://18.130.100.18:8080
TestTerraformHttpExample 2018-06-02T14:29:06+02:00 http_helper.go:27: Making an HTTP GET call to URL http://18.130.100.18:8080
TestTerraformHttpExample 2018-06-02T14:29:06+02:00 retry.go:81: HTTP GET to URL http://18.130.100.18:8080 returned an error: Get http://18.130.100.18:8080: dial tcp 18.130.100.18:8080: connect: connection refused. Sleeping for 5s and will try again.
TestPackerBasicExample 2018-06-02T14:29:06+02:00 command.go:96: 1527942546,,ui,message,    amazon-ebs: W: mdadm: /etc/mdadm/mdadm.conf defines no arrays.
TestPackerDockerExampleLocal 2018-06-02T14:29:06+02:00 command.go:96: 1527942546,,ui,message,    ubuntu-docker: Get:27 http://archive.ubuntu.com/ubuntu xenial/main amd64 gcc amd64 4:5.3.1-1ubuntu1 [5244 B]
TestPackerDockerExampleLocal 2018-06-02T14:29:06+02:00 command.go:96: 1527942546,,ui,message,    ubuntu-docker: Get:28 http://archive.ubuntu.com/ubuntu xenial-updates/main amd64 libstdc++-5-dev amd64 5.4.0-6ubuntu1~16.04.9 [1427 kB]
TestPackerDockerExampleLocal 2018-06-02T14:29:06+02:00 command.go:96: 1527942546,,ui,message,    ubuntu-docker: Get:29 http://archive.ubuntu.com/ubuntu xenial-updates/main amd64 g++-5 amd64 5.4.0-6ubuntu1~16.04.9 [8333 kB]
TestTerraformSshExample 2018-06-02T14:29:07+02:00 retry.go:69: Running terraform [output -no-color public_instance_ip]
TestTerraformSshExample 2018-06-02T14:29:07+02:00 command.go:52: Running command terraform with args [output -no-color public_instance_ip]
TestTerraformSshExample 2018-06-02T14:29:07+02:00 command.go:96: 35.176.49.83
TestTerraformSshExample 2018-06-02T14:29:07+02:00 retry.go:69: Running terraform [output -no-color private_instance_ip]
TestTerraformSshExample 2018-06-02T14:29:07+02:00 command.go:52: Running command terraform with args [output -no-color private_instance_ip]
TestTerraformSshExample 2018-06-02T14:29:07+02:00 command.go:96: 172.31.29.1
TestTerraformSshExample 2018-06-02T14:29:07+02:00 retry.go:69: SSH to private host 35.176.49.83 via public host 172.31.29.1
TestPackerDockerExampleLocal 2018-06-02T14:29:08+02:00 command.go:96: 1527942548,,ui,message,    ubuntu-docker: Get:30 http://archive.ubuntu.com/ubuntu xenial/main amd64 g++ amd64 4:5.3.1-1ubuntu1 [1504 B]
TestPackerDockerExampleLocal 2018-06-02T14:29:08+02:00 command.go:96: 1527942548,,ui,message,    ubuntu-docker: Get:31 http://archive.ubuntu.com/ubuntu xenial/main amd64 make amd64 4.1-6 [151 kB]
TestPackerDockerExampleLocal 2018-06-02T14:29:08+02:00 command.go:96: 1527942548,,ui,message,    ubuntu-docker: Get:32 http://archive.ubuntu.com/ubuntu xenial-updates/main amd64 libdpkg-perl all 1.18.4ubuntu1.4 [195 kB]
TestPackerDockerExampleLocal 2018-06-02T14:29:08+02:00 command.go:96: 1527942548,,ui,message,    ubuntu-docker: Get:33 http://archive.ubuntu.com/ubuntu xenial-updates/main amd64 dpkg-dev all 1.18.4ubuntu1.4 [584 kB]
TestPackerDockerExampleLocal 2018-06-02T14:29:08+02:00 command.go:96: 1527942548,,ui,message,    ubuntu-docker: Get:34 http://archive.ubuntu.com/ubuntu xenial/main amd64 build-essential amd64 12.1ubuntu2 [4758 B]
TestPackerDockerExampleLocal 2018-06-02T14:29:08+02:00 command.go:96: 1527942548,,ui,message,    ubuntu-docker: Get:35 http://archive.ubuntu.com/ubuntu xenial/main amd64 libfakeroot amd64 1.20.2-1ubuntu1 [25.5 kB]
TestPackerDockerExampleLocal 2018-06-02T14:29:08+02:00 command.go:96: 1527942548,,ui,message,    ubuntu-docker: Get:36 http://archive.ubuntu.com/ubuntu xenial/main amd64 fakeroot amd64 1.20.2-1ubuntu1 [61.8 kB]
TestPackerDockerExampleLocal 2018-06-02T14:29:08+02:00 command.go:96: 1527942548,,ui,message,    ubuntu-docker: Get:37 http://archive.ubuntu.com/ubuntu xenial/main amd64 javascript-common all 11 [6066 B]
TestPackerDockerExampleLocal 2018-06-02T14:29:08+02:00 command.go:96: 1527942548,,ui,message,    ubuntu-docker: Get:38 http://archive.ubuntu.com/ubuntu xenial/main amd64 libalgorithm-diff-perl all 1.19.03-1 [47.6 kB]
TestTerraformSshExample 2018-06-02T14:29:08+02:00 test_structure.go:23: The 'SKIP_teardown' environment variable is not set, so executing stage 'teardown'.
TestTerraformSshExample 2018-06-02T14:29:08+02:00 save_test_data.go:159: Loading test data from ../examples/terraform-ssh-example/.test-data/TerraformOptions.json
TestTerraformSshExample 2018-06-02T14:29:08+02:00 retry.go:69: Running terraform [destroy -force -input=false -lock=false -var aws_region="eu-west-2" -var instance_name="terratest-ssh-example-ywcM4R" -var key_pair_name="terratest-ssh-example-ywcM4R"]
TestTerraformSshExample 2018-06-02T14:29:08+02:00 command.go:52: Running command terraform with args [destroy -force -input=false -lock=false -var aws_region="eu-west-2" -var instance_name="terratest-ssh-example-ywcM4R" -var key_pair_name="terratest-ssh-example-ywcM4R"]
TestPackerDockerExampleLocal 2018-06-02T14:29:08+02:00 command.go:96: 1527942548,,ui,message,    ubuntu-docker: Get:39 http://archive.ubuntu.com/ubuntu xenial/main amd64 libalgorithm-diff-xs-perl amd64 0.04-4build1 [11.0 kB]
TestPackerDockerExampleLocal 2018-06-02T14:29:08+02:00 command.go:96: 1527942548,,ui,message,    ubuntu-docker: Get:40 http://archive.ubuntu.com/ubuntu xenial/main amd64 libalgorithm-merge-perl all 0.08-3 [12.0 kB]
TestPackerDockerExampleLocal 2018-06-02T14:29:08+02:00 command.go:96: 1527942548,,ui,message,    ubuntu-docker: Get:41 http://archive.ubuntu.com/ubuntu xenial/main amd64 libfile-fcntllock-perl amd64 0.22-3 [32.0 kB]
TestPackerDockerExampleLocal 2018-06-02T14:29:08+02:00 command.go:96: 1527942548,,ui,message,    ubuntu-docker: Get:42 http://archive.ubuntu.com/ubuntu xenial/main amd64 libgmpxx4ldbl amd64 2:6.1.0+dfsg-2 [8948 B]
TestPackerDockerExampleLocal 2018-06-02T14:29:08+02:00 command.go:96: 1527942548,,ui,message,    ubuntu-docker: Get:43 http://archive.ubuntu.com/ubuntu xenial/main amd64 libgmp-dev amd64 2:6.1.0+dfsg-2 [314 kB]
TestPackerDockerExampleLocal 2018-06-02T14:29:08+02:00 command.go:96: 1527942548,,ui,message,    ubuntu-docker: Get:44 http://archive.ubuntu.com/ubuntu xenial/main amd64 libjs-jquery all 1.11.3+dfsg-4 [161 kB]
TestPackerDockerExampleLocal 2018-06-02T14:29:08+02:00 command.go:96: 1527942548,,ui,message,    ubuntu-docker: Get:45 http://archive.ubuntu.com/ubuntu xenial/main amd64 manpages-dev all 4.04-2 [2048 kB]
TestPackerDockerExampleLocal 2018-06-02T14:29:08+02:00 command.go:96: 1527942548,,ui,message,    ubuntu-docker: Get:46 http://archive.ubuntu.com/ubuntu xenial/main amd64 rubygems-integration all 1.10 [4966 B]
TestPackerDockerExampleLocal 2018-06-02T14:29:08+02:00 command.go:96: 1527942548,,ui,message,    ubuntu-docker: Get:47 http://archive.ubuntu.com/ubuntu xenial/main amd64 ruby-did-you-mean all 1.0.0-2 [8390 B]
TestPackerDockerExampleLocal 2018-06-02T14:29:08+02:00 command.go:96: 1527942548,,ui,message,    ubuntu-docker: Get:48 http://archive.ubuntu.com/ubuntu xenial/main amd64 ruby-minitest all 5.8.4-2 [36.6 kB]
TestPackerDockerExampleLocal 2018-06-02T14:29:08+02:00 command.go:96: 1527942548,,ui,message,    ubuntu-docker: Get:49 http://archive.ubuntu.com/ubuntu xenial/main amd64 ruby-net-telnet all 0.1.1-2 [12.6 kB]
TestPackerDockerExampleLocal 2018-06-02T14:29:08+02:00 command.go:96: 1527942548,,ui,message,    ubuntu-docker: Get:50 http://archive.ubuntu.com/ubuntu xenial/main amd64 ruby-power-assert all 0.2.7-1 [7668 B]
TestPackerDockerExampleLocal 2018-06-02T14:29:08+02:00 command.go:96: 1527942548,,ui,message,    ubuntu-docker: Get:51 http://archive.ubuntu.com/ubuntu xenial/main amd64 ruby-test-unit all 3.1.7-2 [60.3 kB]
TestPackerDockerExampleLocal 2018-06-02T14:29:08+02:00 command.go:96: 1527942548,,ui,message,    ubuntu-docker: Get:52 http://archive.ubuntu.com/ubuntu xenial-updates/main amd64 libruby2.3 amd64 2.3.1-2~16.04.9 [2963 kB]
TestPackerDockerExampleLocal 2018-06-02T14:29:09+02:00 command.go:96: 1527942549,,ui,message,    ubuntu-docker: Get:53 http://archive.ubuntu.com/ubuntu xenial-updates/main amd64 ruby2.3 amd64 2.3.1-2~16.04.9 [41.0 kB]
TestPackerDockerExampleLocal 2018-06-02T14:29:09+02:00 command.go:96: 1527942549,,ui,message,    ubuntu-docker: Get:54 http://archive.ubuntu.com/ubuntu xenial/main amd64 ruby all 1:2.3.0+1 [5530 B]
TestPackerDockerExampleLocal 2018-06-02T14:29:09+02:00 command.go:96: 1527942549,,ui,message,    ubuntu-docker: Get:55 http://archive.ubuntu.com/ubuntu xenial/main amd64 rake all 10.5.0-2 [48.2 kB]
TestPackerDockerExampleLocal 2018-06-02T14:29:09+02:00 command.go:96: 1527942549,,ui,message,    ubuntu-docker: Get:56 http://archive.ubuntu.com/ubuntu xenial-updates/main amd64 ruby2.3-dev amd64 2.3.1-2~16.04.9 [1033 kB]
TestPackerDockerExampleLocal 2018-06-02T14:29:09+02:00 command.go:96: 1527942549,,ui,message,    ubuntu-docker: Get:57 http://archive.ubuntu.com/ubuntu xenial/main amd64 ruby-dev amd64 1:2.3.0+1 [4408 B]
TestPackerDockerExampleLocal 2018-06-02T14:29:09+02:00 command.go:96: 1527942549,,ui,message,    ubuntu-docker: Get:58 http://archive.ubuntu.com/ubuntu xenial/main amd64 unzip amd64 6.0-20ubuntu1 [158 kB]
TestPackerDockerExampleLocal 2018-06-02T14:29:09+02:00 command.go:96: 1527942549,,ui,message,    ubuntu-docker: Get:59 http://archive.ubuntu.com/ubuntu xenial/main amd64 zip amd64 3.0-11 [158 kB]
TestPackerDockerExampleLocal 2018-06-02T14:29:09+02:00 command.go:96: 1527942549,,ui,message,    ubuntu-docker: Get:60 http://archive.ubuntu.com/ubuntu xenial-updates/main amd64 zlib1g-dev amd64 1:1.2.8.dfsg-2ubuntu4.1 [168 kB]
TestPackerDockerExampleLocal 2018-06-02T14:29:09+02:00 command.go:96: 1527942549,,ui,message,    ubuntu-docker: debconf: delaying package configuration%!(PACKER_COMMA) since apt-utils is not installed
TestPackerDockerExampleLocal 2018-06-02T14:29:09+02:00 command.go:96: 1527942549,,ui,message,    ubuntu-docker: Fetched 47.7 MB in 7s (5998 kB/s)
TestPackerDockerExampleLocal 2018-06-02T14:29:09+02:00 command.go:96: 1527942549,,ui,message,    ubuntu-docker: Selecting previously unselected package fonts-lato.
TestPackerDockerExampleLocal 2018-06-02T14:29:09+02:00 command.go:96: 1527942549,,ui,message,    ubuntu-docker: (Reading database ... 13717 files and directories currently installed.)
TestPackerDockerExampleLocal 2018-06-02T14:29:09+02:00 command.go:96: 1527942549,,ui,message,    ubuntu-docker: Preparing to unpack .../fonts-lato_2.0-1_all.deb ...
TestPackerDockerExampleLocal 2018-06-02T14:29:09+02:00 command.go:96: 1527942549,,ui,message,    ubuntu-docker: Unpacking fonts-lato (2.0-1) ...
TestPackerBasicExample 2018-06-02T14:29:09+02:00 command.go:96: 1527942549,,ui,say,==> amazon-ebs: Stopping the source instance...
TestPackerBasicExample 2018-06-02T14:29:09+02:00 command.go:96: 1527942549,,ui,message,    amazon-ebs: Stopping instance%!(PACKER_COMMA) attempt 1
TestPackerDockerExampleLocal 2018-06-02T14:29:10+02:00 command.go:96: 1527942550,,ui,message,    ubuntu-docker: Selecting previously unselected package libyaml-0-2:amd64.
TestPackerDockerExampleLocal 2018-06-02T14:29:10+02:00 command.go:96: 1527942550,,ui,message,    ubuntu-docker: Preparing to unpack .../libyaml-0-2_0.1.6-3_amd64.deb ...
TestPackerDockerExampleLocal 2018-06-02T14:29:10+02:00 command.go:96: 1527942550,,ui,message,    ubuntu-docker: Unpacking libyaml-0-2:amd64 (0.1.6-3) ...
TestPackerDockerExampleLocal 2018-06-02T14:29:10+02:00 command.go:96: 1527942550,,ui,message,    ubuntu-docker: Selecting previously unselected package libmpfr4:amd64.
TestPackerDockerExampleLocal 2018-06-02T14:29:10+02:00 command.go:96: 1527942550,,ui,message,    ubuntu-docker: Preparing to unpack .../libmpfr4_3.1.4-1_amd64.deb ...
TestPackerDockerExampleLocal 2018-06-02T14:29:10+02:00 command.go:96: 1527942550,,ui,message,    ubuntu-docker: Unpacking libmpfr4:amd64 (3.1.4-1) ...
TestPackerDockerExampleLocal 2018-06-02T14:29:10+02:00 command.go:96: 1527942550,,ui,message,    ubuntu-docker: Selecting previously unselected package libmpc3:amd64.
TestPackerDockerExampleLocal 2018-06-02T14:29:10+02:00 command.go:96: 1527942550,,ui,message,    ubuntu-docker: Preparing to unpack .../libmpc3_1.0.3-1_amd64.deb ...
TestPackerDockerExampleLocal 2018-06-02T14:29:10+02:00 command.go:96: 1527942550,,ui,message,    ubuntu-docker: Unpacking libmpc3:amd64 (1.0.3-1) ...
TestPackerDockerExampleLocal 2018-06-02T14:29:10+02:00 command.go:96: 1527942550,,ui,message,    ubuntu-docker: Selecting previously unselected package bzip2.
TestPackerDockerExampleLocal 2018-06-02T14:29:10+02:00 command.go:96: 1527942550,,ui,message,    ubuntu-docker: Preparing to unpack .../bzip2_1.0.6-8_amd64.deb ...
TestPackerDockerExampleLocal 2018-06-02T14:29:10+02:00 command.go:96: 1527942550,,ui,message,    ubuntu-docker: Unpacking bzip2 (1.0.6-8) ...
TestPackerDockerExampleLocal 2018-06-02T14:29:10+02:00 command.go:96: 1527942550,,ui,message,    ubuntu-docker: Selecting previously unselected package manpages.
TestPackerDockerExampleLocal 2018-06-02T14:29:10+02:00 command.go:96: 1527942550,,ui,message,    ubuntu-docker: Preparing to unpack .../manpages_4.04-2_all.deb ...
TestPackerDockerExampleLocal 2018-06-02T14:29:10+02:00 command.go:96: 1527942550,,ui,message,    ubuntu-docker: Unpacking manpages (4.04-2) ...
TestPackerDockerExampleLocal 2018-06-02T14:29:10+02:00 command.go:96: 1527942550,,ui,message,    ubuntu-docker: Selecting previously unselected package binutils.
TestPackerDockerExampleLocal 2018-06-02T14:29:10+02:00 command.go:96: 1527942550,,ui,message,    ubuntu-docker: Preparing to unpack .../binutils_2.26.1-1ubuntu1~16.04.6_amd64.deb ...
TestPackerDockerExampleLocal 2018-06-02T14:29:10+02:00 command.go:96: 1527942550,,ui,message,    ubuntu-docker: Unpacking binutils (2.26.1-1ubuntu1~16.04.6) ...
TestPackerBasicExample 2018-06-02T14:29:10+02:00 command.go:96: 1527942550,,ui,say,==> amazon-ebs: Waiting for the instance to stop...
TestPackerDockerExampleLocal 2018-06-02T14:29:10+02:00 command.go:96: 1527942550,,ui,message,    ubuntu-docker: Selecting previously unselected package libc-dev-bin.
TestPackerDockerExampleLocal 2018-06-02T14:29:10+02:00 command.go:96: 1527942550,,ui,message,    ubuntu-docker: Preparing to unpack .../libc-dev-bin_2.23-0ubuntu10_amd64.deb ...
TestPackerDockerExampleLocal 2018-06-02T14:29:10+02:00 command.go:96: 1527942550,,ui,message,    ubuntu-docker: Unpacking libc-dev-bin (2.23-0ubuntu10) ...
TestPackerDockerExampleLocal 2018-06-02T14:29:10+02:00 command.go:96: 1527942550,,ui,message,    ubuntu-docker: Selecting previously unselected package linux-libc-dev:amd64.
TestPackerDockerExampleLocal 2018-06-02T14:29:10+02:00 command.go:96: 1527942550,,ui,message,    ubuntu-docker: Preparing to unpack .../linux-libc-dev_4.4.0-127.153_amd64.deb ...
TestPackerDockerExampleLocal 2018-06-02T14:29:10+02:00 command.go:96: 1527942550,,ui,message,    ubuntu-docker: Unpacking linux-libc-dev:amd64 (4.4.0-127.153) ...
TestTerraformAwsExample 2018-06-02T14:29:11+02:00 command.go:96: [0m[1maws_instance.example: Creation complete after 40s (ID: i-0ad18908d853241c1)[0m[0m
TestTerraformAwsExample 2018-06-02T14:29:11+02:00 command.go:96: [0m[1m[32m
TestTerraformAwsExample 2018-06-02T14:29:11+02:00 command.go:96: Apply complete! Resources: 1 added, 0 changed, 0 destroyed.[0m
TestTerraformAwsExample 2018-06-02T14:29:11+02:00 command.go:96: [0m[1m[32m
TestTerraformAwsExample 2018-06-02T14:29:11+02:00 command.go:96: Outputs:
TestTerraformAwsExample 2018-06-02T14:29:11+02:00 command.go:96: 
TestTerraformAwsExample 2018-06-02T14:29:11+02:00 command.go:96: instance_id = i-0ad18908d853241c1[0m
TestTerraformAwsExample 2018-06-02T14:29:11+02:00 retry.go:69: Running terraform [output -no-color instance_id]
TestTerraformAwsExample 2018-06-02T14:29:11+02:00 command.go:52: Running command terraform with args [output -no-color instance_id]
TestTerraformAwsExample 2018-06-02T14:29:11+02:00 command.go:96: i-0ad18908d853241c1
TestPackerDockerExampleLocal 2018-06-02T14:29:11+02:00 command.go:96: 1527942551,,ui,message,    ubuntu-docker: Selecting previously unselected package libc6-dev:amd64.
TestPackerDockerExampleLocal 2018-06-02T14:29:11+02:00 command.go:96: 1527942551,,ui,message,    ubuntu-docker: Preparing to unpack .../libc6-dev_2.23-0ubuntu10_amd64.deb ...
TestPackerDockerExampleLocal 2018-06-02T14:29:11+02:00 command.go:96: 1527942551,,ui,message,    ubuntu-docker: Unpacking libc6-dev:amd64 (2.23-0ubuntu10) ...
TestPackerDockerExampleLocal 2018-06-02T14:29:11+02:00 command.go:96: 1527942551,,ui,message,    ubuntu-docker: Selecting previously unselected package libisl15:amd64.
TestPackerDockerExampleLocal 2018-06-02T14:29:11+02:00 command.go:96: 1527942551,,ui,message,    ubuntu-docker: Preparing to unpack .../libisl15_0.16.1-1_amd64.deb ...
TestPackerDockerExampleLocal 2018-06-02T14:29:11+02:00 command.go:96: 1527942551,,ui,message,    ubuntu-docker: Unpacking libisl15:amd64 (0.16.1-1) ...
TestTerraformSshExample 2018-06-02T14:29:11+02:00 command.go:96: [0m[1maws_security_group.example: Refreshing state... (ID: sg-410d852a)[0m
TestTerraformSshExample 2018-06-02T14:29:11+02:00 command.go:96: [0m[1mdata.aws_ami.ubuntu: Refreshing state...[0m
TestPackerDockerExampleLocal 2018-06-02T14:29:11+02:00 command.go:96: 1527942551,,ui,message,    ubuntu-docker: Selecting previously unselected package cpp-5.
TestPackerDockerExampleLocal 2018-06-02T14:29:11+02:00 command.go:96: 1527942551,,ui,message,    ubuntu-docker: Preparing to unpack .../cpp-5_5.4.0-6ubuntu1~16.04.9_amd64.deb ...
TestTerraformHttpExample 2018-06-02T14:29:11+02:00 retry.go:69: HTTP GET to URL http://18.130.100.18:8080
TestTerraformHttpExample 2018-06-02T14:29:11+02:00 http_helper.go:27: Making an HTTP GET call to URL http://18.130.100.18:8080
TestPackerDockerExampleLocal 2018-06-02T14:29:11+02:00 command.go:96: 1527942551,,ui,message,    ubuntu-docker: Unpacking cpp-5 (5.4.0-6ubuntu1~16.04.9) ...
TestTerraformHttpExample 2018-06-02T14:29:11+02:00 retry.go:69: Running terraform [destroy -force -input=false -lock=false -var aws_region="eu-west-2" -var instance_name="terratest-http-example-Sk3MiI" -var instance_text="Hello, Sk3MiI!"]
TestTerraformHttpExample 2018-06-02T14:29:11+02:00 command.go:52: Running command terraform with args [destroy -force -input=false -lock=false -var aws_region="eu-west-2" -var instance_name="terratest-http-example-Sk3MiI" -var instance_text="Hello, Sk3MiI!"]
TestTerraformSshExample 2018-06-02T14:29:11+02:00 command.go:96: [0m[1maws_instance.example_public: Refreshing state... (ID: i-01b4d00351372b2d2)[0m
TestTerraformSshExample 2018-06-02T14:29:11+02:00 command.go:96: [0m[1maws_instance.example_private: Refreshing state... (ID: i-03c2e31e59316c2cc)[0m
TestPackerDockerExampleLocal 2018-06-02T14:29:12+02:00 command.go:96: 1527942552,,ui,message,    ubuntu-docker: Selecting previously unselected package cpp.
TestPackerDockerExampleLocal 2018-06-02T14:29:12+02:00 command.go:96: 1527942552,,ui,message,    ubuntu-docker: Preparing to unpack .../cpp_4%3a5.3.1-1ubuntu1_amd64.deb ...
TestPackerDockerExampleLocal 2018-06-02T14:29:12+02:00 command.go:96: 1527942552,,ui,message,    ubuntu-docker: Unpacking cpp (4:5.3.1-1ubuntu1) ...
TestTerraformAwsExample 2018-06-02T14:29:12+02:00 retry.go:69: Running terraform [destroy -force -input=false -lock=false -var instance_name="terratest-aws-example-lLjLPc"]
TestTerraformAwsExample 2018-06-02T14:29:12+02:00 command.go:52: Running command terraform with args [destroy -force -input=false -lock=false -var instance_name="terratest-aws-example-lLjLPc"]
TestPackerDockerExampleLocal 2018-06-02T14:29:12+02:00 command.go:96: 1527942552,,ui,message,    ubuntu-docker: Selecting previously unselected package libcc1-0:amd64.
TestPackerDockerExampleLocal 2018-06-02T14:29:12+02:00 command.go:96: 1527942552,,ui,message,    ubuntu-docker: Preparing to unpack .../libcc1-0_5.4.0-6ubuntu1~16.04.9_amd64.deb ...
TestPackerDockerExampleLocal 2018-06-02T14:29:12+02:00 command.go:96: 1527942552,,ui,message,    ubuntu-docker: Unpacking libcc1-0:amd64 (5.4.0-6ubuntu1~16.04.9) ...
TestPackerDockerExampleLocal 2018-06-02T14:29:12+02:00 command.go:96: 1527942552,,ui,message,    ubuntu-docker: Selecting previously unselected package libgomp1:amd64.
TestPackerDockerExampleLocal 2018-06-02T14:29:12+02:00 command.go:96: 1527942552,,ui,message,    ubuntu-docker: Preparing to unpack .../libgomp1_5.4.0-6ubuntu1~16.04.9_amd64.deb ...
TestTerraformHttpExample 2018-06-02T14:29:12+02:00 command.go:96: [0m[1mdata.template_file.user_data: Refreshing state...[0m
TestPackerDockerExampleLocal 2018-06-02T14:29:12+02:00 command.go:96: 1527942552,,ui,message,    ubuntu-docker: Unpacking libgomp1:amd64 (5.4.0-6ubuntu1~16.04.9) ...
TestPackerDockerExampleLocal 2018-06-02T14:29:12+02:00 command.go:96: 1527942552,,ui,message,    ubuntu-docker: Selecting previously unselected package libitm1:amd64.
TestPackerDockerExampleLocal 2018-06-02T14:29:12+02:00 command.go:96: 1527942552,,ui,message,    ubuntu-docker: Preparing to unpack .../libitm1_5.4.0-6ubuntu1~16.04.9_amd64.deb ...
TestPackerDockerExampleLocal 2018-06-02T14:29:12+02:00 command.go:96: 1527942552,,ui,message,    ubuntu-docker: Unpacking libitm1:amd64 (5.4.0-6ubuntu1~16.04.9) ...
TestPackerDockerExampleLocal 2018-06-02T14:29:12+02:00 command.go:96: 1527942552,,ui,message,    ubuntu-docker: Selecting previously unselected package libatomic1:amd64.
TestPackerDockerExampleLocal 2018-06-02T14:29:12+02:00 command.go:96: 1527942552,,ui,message,    ubuntu-docker: Preparing to unpack .../libatomic1_5.4.0-6ubuntu1~16.04.9_amd64.deb ...
TestPackerDockerExampleLocal 2018-06-02T14:29:12+02:00 command.go:96: 1527942552,,ui,message,    ubuntu-docker: Unpacking libatomic1:amd64 (5.4.0-6ubuntu1~16.04.9) ...
TestPackerDockerExampleLocal 2018-06-02T14:29:12+02:00 command.go:96: 1527942552,,ui,message,    ubuntu-docker: Selecting previously unselected package libasan2:amd64.
TestPackerDockerExampleLocal 2018-06-02T14:29:12+02:00 command.go:96: 1527942552,,ui,message,    ubuntu-docker: Preparing to unpack .../libasan2_5.4.0-6ubuntu1~16.04.9_amd64.deb ...
TestPackerDockerExampleLocal 2018-06-02T14:29:12+02:00 command.go:96: 1527942552,,ui,message,    ubuntu-docker: Unpacking libasan2:amd64 (5.4.0-6ubuntu1~16.04.9) ...
TestPackerDockerExampleLocal 2018-06-02T14:29:12+02:00 command.go:96: 1527942552,,ui,message,    ubuntu-docker: Selecting previously unselected package liblsan0:amd64.
TestPackerDockerExampleLocal 2018-06-02T14:29:12+02:00 command.go:96: 1527942552,,ui,message,    ubuntu-docker: Preparing to unpack .../liblsan0_5.4.0-6ubuntu1~16.04.9_amd64.deb ...
TestPackerDockerExampleLocal 2018-06-02T14:29:12+02:00 command.go:96: 1527942552,,ui,message,    ubuntu-docker: Unpacking liblsan0:amd64 (5.4.0-6ubuntu1~16.04.9) ...
TestPackerDockerExampleLocal 2018-06-02T14:29:12+02:00 command.go:96: 1527942552,,ui,message,    ubuntu-docker: Selecting previously unselected package libtsan0:amd64.
TestPackerDockerExampleLocal 2018-06-02T14:29:12+02:00 command.go:96: 1527942552,,ui,message,    ubuntu-docker: Preparing to unpack .../libtsan0_5.4.0-6ubuntu1~16.04.9_amd64.deb ...
TestPackerDockerExampleLocal 2018-06-02T14:29:12+02:00 command.go:96: 1527942552,,ui,message,    ubuntu-docker: Unpacking libtsan0:amd64 (5.4.0-6ubuntu1~16.04.9) ...
TestPackerDockerExampleLocal 2018-06-02T14:29:12+02:00 command.go:96: 1527942552,,ui,message,    ubuntu-docker: Selecting previously unselected package libubsan0:amd64.
TestPackerDockerExampleLocal 2018-06-02T14:29:12+02:00 command.go:96: 1527942552,,ui,message,    ubuntu-docker: Preparing to unpack .../libubsan0_5.4.0-6ubuntu1~16.04.9_amd64.deb ...
TestPackerDockerExampleLocal 2018-06-02T14:29:12+02:00 command.go:96: 1527942552,,ui,message,    ubuntu-docker: Unpacking libubsan0:amd64 (5.4.0-6ubuntu1~16.04.9) ...
TestPackerDockerExampleLocal 2018-06-02T14:29:12+02:00 command.go:96: 1527942552,,ui,message,    ubuntu-docker: Selecting previously unselected package libcilkrts5:amd64.
TestPackerDockerExampleLocal 2018-06-02T14:29:12+02:00 command.go:96: 1527942552,,ui,message,    ubuntu-docker: Preparing to unpack .../libcilkrts5_5.4.0-6ubuntu1~16.04.9_amd64.deb ...
TestPackerDockerExampleLocal 2018-06-02T14:29:12+02:00 command.go:96: 1527942552,,ui,message,    ubuntu-docker: Unpacking libcilkrts5:amd64 (5.4.0-6ubuntu1~16.04.9) ...
TestPackerDockerExampleLocal 2018-06-02T14:29:12+02:00 command.go:96: 1527942552,,ui,message,    ubuntu-docker: Selecting previously unselected package libmpx0:amd64.
TestPackerDockerExampleLocal 2018-06-02T14:29:12+02:00 command.go:96: 1527942552,,ui,message,    ubuntu-docker: Preparing to unpack .../libmpx0_5.4.0-6ubuntu1~16.04.9_amd64.deb ...
TestPackerDockerExampleLocal 2018-06-02T14:29:12+02:00 command.go:96: 1527942552,,ui,message,    ubuntu-docker: Unpacking libmpx0:amd64 (5.4.0-6ubuntu1~16.04.9) ...
TestPackerDockerExampleLocal 2018-06-02T14:29:12+02:00 command.go:96: 1527942552,,ui,message,    ubuntu-docker: Selecting previously unselected package libquadmath0:amd64.
TestPackerDockerExampleLocal 2018-06-02T14:29:12+02:00 command.go:96: 1527942552,,ui,message,    ubuntu-docker: Preparing to unpack .../libquadmath0_5.4.0-6ubuntu1~16.04.9_amd64.deb ...
TestPackerDockerExampleLocal 2018-06-02T14:29:12+02:00 command.go:96: 1527942552,,ui,message,    ubuntu-docker: Unpacking libquadmath0:amd64 (5.4.0-6ubuntu1~16.04.9) ...
TestPackerDockerExampleLocal 2018-06-02T14:29:12+02:00 command.go:96: 1527942552,,ui,message,    ubuntu-docker: Selecting previously unselected package libgcc-5-dev:amd64.
TestPackerDockerExampleLocal 2018-06-02T14:29:12+02:00 command.go:96: 1527942552,,ui,message,    ubuntu-docker: Preparing to unpack .../libgcc-5-dev_5.4.0-6ubuntu1~16.04.9_amd64.deb ...
TestPackerDockerExampleLocal 2018-06-02T14:29:12+02:00 command.go:96: 1527942552,,ui,message,    ubuntu-docker: Unpacking libgcc-5-dev:amd64 (5.4.0-6ubuntu1~16.04.9) ...
TestPackerDockerExampleLocal 2018-06-02T14:29:13+02:00 command.go:96: 1527942553,,ui,message,    ubuntu-docker: Selecting previously unselected package gcc-5.
TestPackerDockerExampleLocal 2018-06-02T14:29:13+02:00 command.go:96: 1527942553,,ui,message,    ubuntu-docker: Preparing to unpack .../gcc-5_5.4.0-6ubuntu1~16.04.9_amd64.deb ...
TestPackerDockerExampleLocal 2018-06-02T14:29:13+02:00 command.go:96: 1527942553,,ui,message,    ubuntu-docker: Unpacking gcc-5 (5.4.0-6ubuntu1~16.04.9) ...
TestTerraformRedeployExample 2018-06-02T14:29:13+02:00 command.go:96: [0m[1maws_alb.web_servers: Still creating... (40s elapsed)[0m[0m
TestPackerDockerExampleLocal 2018-06-02T14:29:14+02:00 command.go:96: 1527942554,,ui,message,    ubuntu-docker: Selecting previously unselected package gcc.
TestPackerDockerExampleLocal 2018-06-02T14:29:14+02:00 command.go:96: 1527942554,,ui,message,    ubuntu-docker: Preparing to unpack .../gcc_4%3a5.3.1-1ubuntu1_amd64.deb ...
TestPackerDockerExampleLocal 2018-06-02T14:29:14+02:00 command.go:96: 1527942554,,ui,message,    ubuntu-docker: Unpacking gcc (4:5.3.1-1ubuntu1) ...
TestPackerDockerExampleLocal 2018-06-02T14:29:14+02:00 command.go:96: 1527942554,,ui,message,    ubuntu-docker: Selecting previously unselected package libstdc++-5-dev:amd64.
TestPackerDockerExampleLocal 2018-06-02T14:29:14+02:00 command.go:96: 1527942554,,ui,message,    ubuntu-docker: Preparing to unpack .../libstdc++-5-dev_5.4.0-6ubuntu1~16.04.9_amd64.deb ...
TestPackerDockerExampleLocal 2018-06-02T14:29:14+02:00 command.go:96: 1527942554,,ui,message,    ubuntu-docker: Unpacking libstdc++-5-dev:amd64 (5.4.0-6ubuntu1~16.04.9) ...
TestPackerDockerExampleLocal 2018-06-02T14:29:14+02:00 command.go:96: 1527942554,,ui,message,    ubuntu-docker: Selecting previously unselected package g++-5.
TestPackerDockerExampleLocal 2018-06-02T14:29:14+02:00 command.go:96: 1527942554,,ui,message,    ubuntu-docker: Preparing to unpack .../g++-5_5.4.0-6ubuntu1~16.04.9_amd64.deb ...
TestPackerDockerExampleLocal 2018-06-02T14:29:14+02:00 command.go:96: 1527942554,,ui,message,    ubuntu-docker: Unpacking g++-5 (5.4.0-6ubuntu1~16.04.9) ...
TestTerraformHttpExample 2018-06-02T14:29:15+02:00 command.go:96: [0m[1maws_security_group.example: Refreshing state... (ID: sg-430d8528)[0m
TestTerraformHttpExample 2018-06-02T14:29:15+02:00 command.go:96: [0m[1mdata.aws_ami.ubuntu: Refreshing state...[0m
TestTerraformHttpExample 2018-06-02T14:29:15+02:00 command.go:96: [0m[1maws_instance.example: Refreshing state... (ID: i-011a32e88f510e8e1)[0m
TestPackerDockerExampleLocal 2018-06-02T14:29:15+02:00 command.go:96: 1527942555,,ui,message,    ubuntu-docker: Selecting previously unselected package g++.
TestPackerDockerExampleLocal 2018-06-02T14:29:15+02:00 command.go:96: 1527942555,,ui,message,    ubuntu-docker: Preparing to unpack .../g++_4%3a5.3.1-1ubuntu1_amd64.deb ...
TestPackerDockerExampleLocal 2018-06-02T14:29:15+02:00 command.go:96: 1527942555,,ui,message,    ubuntu-docker: Unpacking g++ (4:5.3.1-1ubuntu1) ...
TestPackerDockerExampleLocal 2018-06-02T14:29:15+02:00 command.go:96: 1527942555,,ui,message,    ubuntu-docker: Selecting previously unselected package make.
TestPackerDockerExampleLocal 2018-06-02T14:29:15+02:00 command.go:96: 1527942555,,ui,message,    ubuntu-docker: Preparing to unpack .../archives/make_4.1-6_amd64.deb ...
TestPackerDockerExampleLocal 2018-06-02T14:29:15+02:00 command.go:96: 1527942555,,ui,message,    ubuntu-docker: Unpacking make (4.1-6) ...
TestPackerDockerExampleLocal 2018-06-02T14:29:15+02:00 command.go:96: 1527942555,,ui,message,    ubuntu-docker: Selecting previously unselected package libdpkg-perl.
TestPackerDockerExampleLocal 2018-06-02T14:29:15+02:00 command.go:96: 1527942555,,ui,message,    ubuntu-docker: Preparing to unpack .../libdpkg-perl_1.18.4ubuntu1.4_all.deb ...
TestPackerDockerExampleLocal 2018-06-02T14:29:15+02:00 command.go:96: 1527942555,,ui,message,    ubuntu-docker: Unpacking libdpkg-perl (1.18.4ubuntu1.4) ...
TestPackerDockerExampleLocal 2018-06-02T14:29:15+02:00 command.go:96: 1527942555,,ui,message,    ubuntu-docker: Selecting previously unselected package dpkg-dev.
TestPackerDockerExampleLocal 2018-06-02T14:29:15+02:00 command.go:96: 1527942555,,ui,message,    ubuntu-docker: Preparing to unpack .../dpkg-dev_1.18.4ubuntu1.4_all.deb ...
TestPackerDockerExampleLocal 2018-06-02T14:29:15+02:00 command.go:96: 1527942555,,ui,message,    ubuntu-docker: Unpacking dpkg-dev (1.18.4ubuntu1.4) ...
TestPackerDockerExampleLocal 2018-06-02T14:29:15+02:00 command.go:96: 1527942555,,ui,message,    ubuntu-docker: Selecting previously unselected package build-essential.
TestPackerDockerExampleLocal 2018-06-02T14:29:15+02:00 command.go:96: 1527942555,,ui,message,    ubuntu-docker: Preparing to unpack .../build-essential_12.1ubuntu2_amd64.deb ...
TestPackerDockerExampleLocal 2018-06-02T14:29:15+02:00 command.go:96: 1527942555,,ui,message,    ubuntu-docker: Unpacking build-essential (12.1ubuntu2) ...
TestPackerDockerExampleLocal 2018-06-02T14:29:15+02:00 command.go:96: 1527942555,,ui,message,    ubuntu-docker: Selecting previously unselected package libfakeroot:amd64.
TestPackerDockerExampleLocal 2018-06-02T14:29:15+02:00 command.go:96: 1527942555,,ui,message,    ubuntu-docker: Preparing to unpack .../libfakeroot_1.20.2-1ubuntu1_amd64.deb ...
TestPackerDockerExampleLocal 2018-06-02T14:29:15+02:00 command.go:96: 1527942555,,ui,message,    ubuntu-docker: Unpacking libfakeroot:amd64 (1.20.2-1ubuntu1) ...
TestPackerDockerExampleLocal 2018-06-02T14:29:15+02:00 command.go:96: 1527942555,,ui,message,    ubuntu-docker: Selecting previously unselected package fakeroot.
TestPackerDockerExampleLocal 2018-06-02T14:29:15+02:00 command.go:96: 1527942555,,ui,message,    ubuntu-docker: Preparing to unpack .../fakeroot_1.20.2-1ubuntu1_amd64.deb ...
TestPackerDockerExampleLocal 2018-06-02T14:29:15+02:00 command.go:96: 1527942555,,ui,message,    ubuntu-docker: Unpacking fakeroot (1.20.2-1ubuntu1) ...
TestPackerDockerExampleLocal 2018-06-02T14:29:15+02:00 command.go:96: 1527942555,,ui,message,    ubuntu-docker: Selecting previously unselected package javascript-common.
TestPackerDockerExampleLocal 2018-06-02T14:29:15+02:00 command.go:96: 1527942555,,ui,message,    ubuntu-docker: Preparing to unpack .../javascript-common_11_all.deb ...
TestPackerDockerExampleLocal 2018-06-02T14:29:15+02:00 command.go:96: 1527942555,,ui,message,    ubuntu-docker: Unpacking javascript-common (11) ...
TestPackerDockerExampleLocal 2018-06-02T14:29:15+02:00 command.go:96: 1527942555,,ui,message,    ubuntu-docker: Selecting previously unselected package libalgorithm-diff-perl.
TestPackerDockerExampleLocal 2018-06-02T14:29:15+02:00 command.go:96: 1527942555,,ui,message,    ubuntu-docker: Preparing to unpack .../libalgorithm-diff-perl_1.19.03-1_all.deb ...
TestPackerDockerExampleLocal 2018-06-02T14:29:15+02:00 command.go:96: 1527942555,,ui,message,    ubuntu-docker: Unpacking libalgorithm-diff-perl (1.19.03-1) ...
TestPackerDockerExampleLocal 2018-06-02T14:29:15+02:00 command.go:96: 1527942555,,ui,message,    ubuntu-docker: Selecting previously unselected package libalgorithm-diff-xs-perl.
TestPackerDockerExampleLocal 2018-06-02T14:29:15+02:00 command.go:96: 1527942555,,ui,message,    ubuntu-docker: Preparing to unpack .../libalgorithm-diff-xs-perl_0.04-4build1_amd64.deb ...
TestPackerDockerExampleLocal 2018-06-02T14:29:15+02:00 command.go:96: 1527942555,,ui,message,    ubuntu-docker: Unpacking libalgorithm-diff-xs-perl (0.04-4build1) ...
TestPackerDockerExampleLocal 2018-06-02T14:29:15+02:00 command.go:96: 1527942555,,ui,message,    ubuntu-docker: Selecting previously unselected package libalgorithm-merge-perl.
TestPackerDockerExampleLocal 2018-06-02T14:29:15+02:00 command.go:96: 1527942555,,ui,message,    ubuntu-docker: Preparing to unpack .../libalgorithm-merge-perl_0.08-3_all.deb ...
TestPackerDockerExampleLocal 2018-06-02T14:29:15+02:00 command.go:96: 1527942555,,ui,message,    ubuntu-docker: Unpacking libalgorithm-merge-perl (0.08-3) ...
TestPackerDockerExampleLocal 2018-06-02T14:29:15+02:00 command.go:96: 1527942555,,ui,message,    ubuntu-docker: Selecting previously unselected package libfile-fcntllock-perl.
TestPackerDockerExampleLocal 2018-06-02T14:29:15+02:00 command.go:96: 1527942555,,ui,message,    ubuntu-docker: Preparing to unpack .../libfile-fcntllock-perl_0.22-3_amd64.deb ...
TestPackerDockerExampleLocal 2018-06-02T14:29:15+02:00 command.go:96: 1527942555,,ui,message,    ubuntu-docker: Unpacking libfile-fcntllock-perl (0.22-3) ...
TestPackerDockerExampleLocal 2018-06-02T14:29:15+02:00 command.go:96: 1527942555,,ui,message,    ubuntu-docker: Selecting previously unselected package libgmpxx4ldbl:amd64.
TestPackerDockerExampleLocal 2018-06-02T14:29:15+02:00 command.go:96: 1527942555,,ui,message,    ubuntu-docker: Preparing to unpack .../libgmpxx4ldbl_2%3a6.1.0+dfsg-2_amd64.deb ...
TestPackerDockerExampleLocal 2018-06-02T14:29:15+02:00 command.go:96: 1527942555,,ui,message,    ubuntu-docker: Unpacking libgmpxx4ldbl:amd64 (2:6.1.0+dfsg-2) ...
TestPackerDockerExampleLocal 2018-06-02T14:29:15+02:00 command.go:96: 1527942555,,ui,message,    ubuntu-docker: Selecting previously unselected package libgmp-dev:amd64.
TestTerraformSshExample 2018-06-02T14:29:15+02:00 command.go:96: [0m[1maws_instance.example_public: Destroying... (ID: i-01b4d00351372b2d2)[0m[0m
TestPackerDockerExampleLocal 2018-06-02T14:29:15+02:00 command.go:96: 1527942555,,ui,message,    ubuntu-docker: Preparing to unpack .../libgmp-dev_2%3a6.1.0+dfsg-2_amd64.deb ...
TestTerraformSshExample 2018-06-02T14:29:15+02:00 command.go:96: [0m[1maws_instance.example_private: Destroying... (ID: i-03c2e31e59316c2cc)[0m[0m
TestPackerDockerExampleLocal 2018-06-02T14:29:15+02:00 command.go:96: 1527942555,,ui,message,    ubuntu-docker: Unpacking libgmp-dev:amd64 (2:6.1.0+dfsg-2) ...
TestPackerDockerExampleLocal 2018-06-02T14:29:16+02:00 command.go:96: 1527942556,,ui,message,    ubuntu-docker: Selecting previously unselected package libjs-jquery.
TestPackerDockerExampleLocal 2018-06-02T14:29:16+02:00 command.go:96: 1527942556,,ui,message,    ubuntu-docker: Preparing to unpack .../libjs-jquery_1.11.3+dfsg-4_all.deb ...
TestPackerDockerExampleLocal 2018-06-02T14:29:16+02:00 command.go:96: 1527942556,,ui,message,    ubuntu-docker: Unpacking libjs-jquery (1.11.3+dfsg-4) ...
TestPackerDockerExampleLocal 2018-06-02T14:29:17+02:00 command.go:96: 1527942557,,ui,message,    ubuntu-docker: Selecting previously unselected package manpages-dev.
TestPackerDockerExampleLocal 2018-06-02T14:29:17+02:00 command.go:96: 1527942557,,ui,message,    ubuntu-docker: Preparing to unpack .../manpages-dev_4.04-2_all.deb ...
TestPackerDockerExampleLocal 2018-06-02T14:29:17+02:00 command.go:96: 1527942557,,ui,message,    ubuntu-docker: Unpacking manpages-dev (4.04-2) ...
TestTerraformAwsExample 2018-06-02T14:29:17+02:00 command.go:96: [0m[1mdata.aws_ami.ubuntu: Refreshing state...[0m
TestPackerDockerExampleLocal 2018-06-02T14:29:18+02:00 command.go:96: 1527942558,,ui,message,    ubuntu-docker: Selecting previously unselected package rubygems-integration.
TestPackerDockerExampleLocal 2018-06-02T14:29:18+02:00 command.go:96: 1527942558,,ui,message,    ubuntu-docker: Preparing to unpack .../rubygems-integration_1.10_all.deb ...
TestPackerDockerExampleLocal 2018-06-02T14:29:18+02:00 command.go:96: 1527942558,,ui,message,    ubuntu-docker: Unpacking rubygems-integration (1.10) ...
TestPackerDockerExampleLocal 2018-06-02T14:29:18+02:00 command.go:96: 1527942558,,ui,message,    ubuntu-docker: Selecting previously unselected package ruby-did-you-mean.
TestPackerDockerExampleLocal 2018-06-02T14:29:18+02:00 command.go:96: 1527942558,,ui,message,    ubuntu-docker: Preparing to unpack .../ruby-did-you-mean_1.0.0-2_all.deb ...
TestPackerDockerExampleLocal 2018-06-02T14:29:18+02:00 command.go:96: 1527942558,,ui,message,    ubuntu-docker: Unpacking ruby-did-you-mean (1.0.0-2) ...
TestPackerDockerExampleLocal 2018-06-02T14:29:18+02:00 command.go:96: 1527942558,,ui,message,    ubuntu-docker: Selecting previously unselected package ruby-minitest.
TestPackerDockerExampleLocal 2018-06-02T14:29:18+02:00 command.go:96: 1527942558,,ui,message,    ubuntu-docker: Preparing to unpack .../ruby-minitest_5.8.4-2_all.deb ...
TestPackerDockerExampleLocal 2018-06-02T14:29:18+02:00 command.go:96: 1527942558,,ui,message,    ubuntu-docker: Unpacking ruby-minitest (5.8.4-2) ...
TestPackerDockerExampleLocal 2018-06-02T14:29:18+02:00 command.go:96: 1527942558,,ui,message,    ubuntu-docker: Selecting previously unselected package ruby-net-telnet.
TestPackerDockerExampleLocal 2018-06-02T14:29:18+02:00 command.go:96: 1527942558,,ui,message,    ubuntu-docker: Preparing to unpack .../ruby-net-telnet_0.1.1-2_all.deb ...
TestPackerDockerExampleLocal 2018-06-02T14:29:18+02:00 command.go:96: 1527942558,,ui,message,    ubuntu-docker: Unpacking ruby-net-telnet (0.1.1-2) ...
TestPackerDockerExampleLocal 2018-06-02T14:29:18+02:00 command.go:96: 1527942558,,ui,message,    ubuntu-docker: Selecting previously unselected package ruby-power-assert.
TestPackerDockerExampleLocal 2018-06-02T14:29:18+02:00 command.go:96: 1527942558,,ui,message,    ubuntu-docker: Preparing to unpack .../ruby-power-assert_0.2.7-1_all.deb ...
TestPackerDockerExampleLocal 2018-06-02T14:29:18+02:00 command.go:96: 1527942558,,ui,message,    ubuntu-docker: Unpacking ruby-power-assert (0.2.7-1) ...
TestPackerDockerExampleLocal 2018-06-02T14:29:18+02:00 command.go:96: 1527942558,,ui,message,    ubuntu-docker: Selecting previously unselected package ruby-test-unit.
TestPackerDockerExampleLocal 2018-06-02T14:29:18+02:00 command.go:96: 1527942558,,ui,message,    ubuntu-docker: Preparing to unpack .../ruby-test-unit_3.1.7-2_all.deb ...
TestPackerDockerExampleLocal 2018-06-02T14:29:18+02:00 command.go:96: 1527942558,,ui,message,    ubuntu-docker: Unpacking ruby-test-unit (3.1.7-2) ...
TestPackerDockerExampleLocal 2018-06-02T14:29:18+02:00 command.go:96: 1527942558,,ui,message,    ubuntu-docker: Selecting previously unselected package libruby2.3:amd64.
TestPackerDockerExampleLocal 2018-06-02T14:29:18+02:00 command.go:96: 1527942558,,ui,message,    ubuntu-docker: Preparing to unpack .../libruby2.3_2.3.1-2~16.04.9_amd64.deb ...
TestPackerDockerExampleLocal 2018-06-02T14:29:18+02:00 command.go:96: 1527942558,,ui,message,    ubuntu-docker: Unpacking libruby2.3:amd64 (2.3.1-2~16.04.9) ...
TestPackerDockerExampleLocal 2018-06-02T14:29:18+02:00 command.go:96: 1527942558,,ui,message,    ubuntu-docker: Selecting previously unselected package ruby2.3.
TestPackerDockerExampleLocal 2018-06-02T14:29:18+02:00 command.go:96: 1527942558,,ui,message,    ubuntu-docker: Preparing to unpack .../ruby2.3_2.3.1-2~16.04.9_amd64.deb ...
TestPackerDockerExampleLocal 2018-06-02T14:29:18+02:00 command.go:96: 1527942558,,ui,message,    ubuntu-docker: Unpacking ruby2.3 (2.3.1-2~16.04.9) ...
TestPackerDockerExampleLocal 2018-06-02T14:29:18+02:00 command.go:96: 1527942558,,ui,message,    ubuntu-docker: Selecting previously unselected package ruby.
TestPackerDockerExampleLocal 2018-06-02T14:29:18+02:00 command.go:96: 1527942558,,ui,message,    ubuntu-docker: Preparing to unpack .../ruby_1%3a2.3.0+1_all.deb ...
TestPackerDockerExampleLocal 2018-06-02T14:29:18+02:00 command.go:96: 1527942558,,ui,message,    ubuntu-docker: Unpacking ruby (1:2.3.0+1) ...
TestPackerDockerExampleLocal 2018-06-02T14:29:18+02:00 command.go:96: 1527942558,,ui,message,    ubuntu-docker: Selecting previously unselected package rake.
TestPackerDockerExampleLocal 2018-06-02T14:29:18+02:00 command.go:96: 1527942558,,ui,message,    ubuntu-docker: Preparing to unpack .../archives/rake_10.5.0-2_all.deb ...
TestPackerDockerExampleLocal 2018-06-02T14:29:18+02:00 command.go:96: 1527942558,,ui,message,    ubuntu-docker: Unpacking rake (10.5.0-2) ...
TestPackerDockerExampleLocal 2018-06-02T14:29:18+02:00 command.go:96: 1527942558,,ui,message,    ubuntu-docker: Selecting previously unselected package ruby2.3-dev:amd64.
TestPackerDockerExampleLocal 2018-06-02T14:29:18+02:00 command.go:96: 1527942558,,ui,message,    ubuntu-docker: Preparing to unpack .../ruby2.3-dev_2.3.1-2~16.04.9_amd64.deb ...
TestPackerDockerExampleLocal 2018-06-02T14:29:18+02:00 command.go:96: 1527942558,,ui,message,    ubuntu-docker: Unpacking ruby2.3-dev:amd64 (2.3.1-2~16.04.9) ...
TestTerraformHttpExample 2018-06-02T14:29:19+02:00 command.go:96: [0m[1maws_instance.example: Destroying... (ID: i-011a32e88f510e8e1)[0m[0m
TestPackerDockerExampleLocal 2018-06-02T14:29:19+02:00 command.go:96: 1527942559,,ui,message,    ubuntu-docker: Selecting previously unselected package ruby-dev:amd64.
TestPackerDockerExampleLocal 2018-06-02T14:29:19+02:00 command.go:96: 1527942559,,ui,message,    ubuntu-docker: Preparing to unpack .../ruby-dev_1%3a2.3.0+1_amd64.deb ...
TestPackerDockerExampleLocal 2018-06-02T14:29:19+02:00 command.go:96: 1527942559,,ui,message,    ubuntu-docker: Unpacking ruby-dev:amd64 (1:2.3.0+1) ...
TestPackerDockerExampleLocal 2018-06-02T14:29:19+02:00 command.go:96: 1527942559,,ui,message,    ubuntu-docker: Selecting previously unselected package unzip.
TestPackerDockerExampleLocal 2018-06-02T14:29:19+02:00 command.go:96: 1527942559,,ui,message,    ubuntu-docker: Preparing to unpack .../unzip_6.0-20ubuntu1_amd64.deb ...
TestPackerDockerExampleLocal 2018-06-02T14:29:19+02:00 command.go:96: 1527942559,,ui,message,    ubuntu-docker: Unpacking unzip (6.0-20ubuntu1) ...
TestPackerDockerExampleLocal 2018-06-02T14:29:19+02:00 command.go:96: 1527942559,,ui,message,    ubuntu-docker: Selecting previously unselected package zip.
TestPackerDockerExampleLocal 2018-06-02T14:29:19+02:00 command.go:96: 1527942559,,ui,message,    ubuntu-docker: Preparing to unpack .../archives/zip_3.0-11_amd64.deb ...
TestPackerDockerExampleLocal 2018-06-02T14:29:19+02:00 command.go:96: 1527942559,,ui,message,    ubuntu-docker: Unpacking zip (3.0-11) ...
TestPackerDockerExampleLocal 2018-06-02T14:29:19+02:00 command.go:96: 1527942559,,ui,message,    ubuntu-docker: Selecting previously unselected package zlib1g-dev:amd64.
TestPackerDockerExampleLocal 2018-06-02T14:29:19+02:00 command.go:96: 1527942559,,ui,message,    ubuntu-docker: Preparing to unpack .../zlib1g-dev_1%3a1.2.8.dfsg-2ubuntu4.1_amd64.deb ...
TestPackerDockerExampleLocal 2018-06-02T14:29:19+02:00 command.go:96: 1527942559,,ui,message,    ubuntu-docker: Unpacking zlib1g-dev:amd64 (1:1.2.8.dfsg-2ubuntu4.1) ...
TestPackerDockerExampleLocal 2018-06-02T14:29:19+02:00 command.go:96: 1527942559,,ui,message,    ubuntu-docker: Processing triggers for libc-bin (2.23-0ubuntu10) ...
TestPackerDockerExampleLocal 2018-06-02T14:29:19+02:00 command.go:96: 1527942559,,ui,message,    ubuntu-docker: Processing triggers for mime-support (3.59ubuntu1) ...
TestTerraformAwsExample 2018-06-02T14:29:19+02:00 command.go:96: [0m[1maws_instance.example: Refreshing state... (ID: i-0ad18908d853241c1)[0m
TestPackerDockerExampleLocal 2018-06-02T14:29:19+02:00 command.go:96: 1527942559,,ui,message,    ubuntu-docker: Setting up fonts-lato (2.0-1) ...
TestPackerDockerExampleLocal 2018-06-02T14:29:19+02:00 command.go:96: 1527942559,,ui,message,    ubuntu-docker: Setting up libyaml-0-2:amd64 (0.1.6-3) ...
TestPackerDockerExampleLocal 2018-06-02T14:29:19+02:00 command.go:96: 1527942559,,ui,message,    ubuntu-docker: Setting up libmpfr4:amd64 (3.1.4-1) ...
TestPackerDockerExampleLocal 2018-06-02T14:29:19+02:00 command.go:96: 1527942559,,ui,message,    ubuntu-docker: Setting up libmpc3:amd64 (1.0.3-1) ...
TestPackerDockerExampleLocal 2018-06-02T14:29:19+02:00 command.go:96: 1527942559,,ui,message,    ubuntu-docker: Setting up bzip2 (1.0.6-8) ...
TestPackerDockerExampleLocal 2018-06-02T14:29:19+02:00 command.go:96: 1527942559,,ui,message,    ubuntu-docker: Setting up manpages (4.04-2) ...
TestPackerDockerExampleLocal 2018-06-02T14:29:19+02:00 command.go:96: 1527942559,,ui,message,    ubuntu-docker: Setting up binutils (2.26.1-1ubuntu1~16.04.6) ...
TestPackerDockerExampleLocal 2018-06-02T14:29:19+02:00 command.go:96: 1527942559,,ui,message,    ubuntu-docker: Setting up libc-dev-bin (2.23-0ubuntu10) ...
TestPackerDockerExampleLocal 2018-06-02T14:29:19+02:00 command.go:96: 1527942559,,ui,message,    ubuntu-docker: Setting up linux-libc-dev:amd64 (4.4.0-127.153) ...
TestPackerDockerExampleLocal 2018-06-02T14:29:19+02:00 command.go:96: 1527942559,,ui,message,    ubuntu-docker: Setting up libc6-dev:amd64 (2.23-0ubuntu10) ...
TestPackerDockerExampleLocal 2018-06-02T14:29:19+02:00 command.go:96: 1527942559,,ui,message,    ubuntu-docker: Setting up libisl15:amd64 (0.16.1-1) ...
TestPackerDockerExampleLocal 2018-06-02T14:29:19+02:00 command.go:96: 1527942559,,ui,message,    ubuntu-docker: Setting up cpp-5 (5.4.0-6ubuntu1~16.04.9) ...
TestPackerDockerExampleLocal 2018-06-02T14:29:19+02:00 command.go:96: 1527942559,,ui,message,    ubuntu-docker: Setting up cpp (4:5.3.1-1ubuntu1) ...
TestPackerDockerExampleLocal 2018-06-02T14:29:19+02:00 command.go:96: 1527942559,,ui,message,    ubuntu-docker: Setting up libcc1-0:amd64 (5.4.0-6ubuntu1~16.04.9) ...
TestPackerDockerExampleLocal 2018-06-02T14:29:19+02:00 command.go:96: 1527942559,,ui,message,    ubuntu-docker: Setting up libgomp1:amd64 (5.4.0-6ubuntu1~16.04.9) ...
TestPackerDockerExampleLocal 2018-06-02T14:29:19+02:00 command.go:96: 1527942559,,ui,message,    ubuntu-docker: Setting up libitm1:amd64 (5.4.0-6ubuntu1~16.04.9) ...
TestPackerDockerExampleLocal 2018-06-02T14:29:19+02:00 command.go:96: 1527942559,,ui,message,    ubuntu-docker: Setting up libatomic1:amd64 (5.4.0-6ubuntu1~16.04.9) ...
TestPackerDockerExampleLocal 2018-06-02T14:29:19+02:00 command.go:96: 1527942559,,ui,message,    ubuntu-docker: Setting up libasan2:amd64 (5.4.0-6ubuntu1~16.04.9) ...
TestPackerDockerExampleLocal 2018-06-02T14:29:19+02:00 command.go:96: 1527942559,,ui,message,    ubuntu-docker: Setting up liblsan0:amd64 (5.4.0-6ubuntu1~16.04.9) ...
TestPackerDockerExampleLocal 2018-06-02T14:29:19+02:00 command.go:96: 1527942559,,ui,message,    ubuntu-docker: Setting up libtsan0:amd64 (5.4.0-6ubuntu1~16.04.9) ...
TestPackerDockerExampleLocal 2018-06-02T14:29:19+02:00 command.go:96: 1527942559,,ui,message,    ubuntu-docker: Setting up libubsan0:amd64 (5.4.0-6ubuntu1~16.04.9) ...
TestPackerDockerExampleLocal 2018-06-02T14:29:19+02:00 command.go:96: 1527942559,,ui,message,    ubuntu-docker: Setting up libcilkrts5:amd64 (5.4.0-6ubuntu1~16.04.9) ...
TestPackerDockerExampleLocal 2018-06-02T14:29:19+02:00 command.go:96: 1527942559,,ui,message,    ubuntu-docker: Setting up libmpx0:amd64 (5.4.0-6ubuntu1~16.04.9) ...
TestPackerDockerExampleLocal 2018-06-02T14:29:19+02:00 command.go:96: 1527942559,,ui,message,    ubuntu-docker: Setting up libquadmath0:amd64 (5.4.0-6ubuntu1~16.04.9) ...
TestPackerDockerExampleLocal 2018-06-02T14:29:19+02:00 command.go:96: 1527942559,,ui,message,    ubuntu-docker: Setting up libgcc-5-dev:amd64 (5.4.0-6ubuntu1~16.04.9) ...
TestPackerDockerExampleLocal 2018-06-02T14:29:19+02:00 command.go:96: 1527942559,,ui,message,    ubuntu-docker: Setting up gcc-5 (5.4.0-6ubuntu1~16.04.9) ...
TestPackerDockerExampleLocal 2018-06-02T14:29:19+02:00 command.go:96: 1527942559,,ui,message,    ubuntu-docker: Setting up gcc (4:5.3.1-1ubuntu1) ...
TestPackerDockerExampleLocal 2018-06-02T14:29:20+02:00 command.go:96: 1527942560,,ui,message,    ubuntu-docker: Setting up libstdc++-5-dev:amd64 (5.4.0-6ubuntu1~16.04.9) ...
TestPackerDockerExampleLocal 2018-06-02T14:29:20+02:00 command.go:96: 1527942560,,ui,message,    ubuntu-docker: Setting up g++-5 (5.4.0-6ubuntu1~16.04.9) ...
TestPackerDockerExampleLocal 2018-06-02T14:29:20+02:00 command.go:96: 1527942560,,ui,message,    ubuntu-docker: Setting up g++ (4:5.3.1-1ubuntu1) ...
TestPackerDockerExampleLocal 2018-06-02T14:29:20+02:00 command.go:96: 1527942560,,ui,message,    ubuntu-docker: update-alternatives: using /usr/bin/g++ to provide /usr/bin/c++ (c++) in auto mode
TestPackerDockerExampleLocal 2018-06-02T14:29:20+02:00 command.go:96: 1527942560,,ui,message,    ubuntu-docker: Setting up make (4.1-6) ...
TestPackerDockerExampleLocal 2018-06-02T14:29:20+02:00 command.go:96: 1527942560,,ui,message,    ubuntu-docker: Setting up libdpkg-perl (1.18.4ubuntu1.4) ...
TestPackerDockerExampleLocal 2018-06-02T14:29:20+02:00 command.go:96: 1527942560,,ui,message,    ubuntu-docker: Setting up dpkg-dev (1.18.4ubuntu1.4) ...
TestPackerDockerExampleLocal 2018-06-02T14:29:20+02:00 command.go:96: 1527942560,,ui,message,    ubuntu-docker: Setting up build-essential (12.1ubuntu2) ...
TestPackerDockerExampleLocal 2018-06-02T14:29:20+02:00 command.go:96: 1527942560,,ui,message,    ubuntu-docker: Setting up libfakeroot:amd64 (1.20.2-1ubuntu1) ...
TestPackerDockerExampleLocal 2018-06-02T14:29:20+02:00 command.go:96: 1527942560,,ui,message,    ubuntu-docker: Setting up fakeroot (1.20.2-1ubuntu1) ...
TestPackerDockerExampleLocal 2018-06-02T14:29:20+02:00 command.go:96: 1527942560,,ui,message,    ubuntu-docker: update-alternatives: using /usr/bin/fakeroot-sysv to provide /usr/bin/fakeroot (fakeroot) in auto mode
TestPackerDockerExampleLocal 2018-06-02T14:29:20+02:00 command.go:96: 1527942560,,ui,message,    ubuntu-docker: Setting up javascript-common (11) ...
TestPackerDockerExampleLocal 2018-06-02T14:29:20+02:00 command.go:96: 1527942560,,ui,message,    ubuntu-docker: Setting up libalgorithm-diff-perl (1.19.03-1) ...
TestPackerDockerExampleLocal 2018-06-02T14:29:20+02:00 command.go:96: 1527942560,,ui,message,    ubuntu-docker: Setting up libalgorithm-diff-xs-perl (0.04-4build1) ...
TestPackerDockerExampleLocal 2018-06-02T14:29:20+02:00 command.go:96: 1527942560,,ui,message,    ubuntu-docker: Setting up libalgorithm-merge-perl (0.08-3) ...
TestPackerDockerExampleLocal 2018-06-02T14:29:20+02:00 command.go:96: 1527942560,,ui,message,    ubuntu-docker: Setting up libfile-fcntllock-perl (0.22-3) ...
TestPackerDockerExampleLocal 2018-06-02T14:29:20+02:00 command.go:96: 1527942560,,ui,message,    ubuntu-docker: Setting up libgmpxx4ldbl:amd64 (2:6.1.0+dfsg-2) ...
TestPackerDockerExampleLocal 2018-06-02T14:29:20+02:00 command.go:96: 1527942560,,ui,message,    ubuntu-docker: Setting up libgmp-dev:amd64 (2:6.1.0+dfsg-2) ...
TestPackerDockerExampleLocal 2018-06-02T14:29:20+02:00 command.go:96: 1527942560,,ui,message,    ubuntu-docker: Setting up libjs-jquery (1.11.3+dfsg-4) ...
TestPackerDockerExampleLocal 2018-06-02T14:29:20+02:00 command.go:96: 1527942560,,ui,message,    ubuntu-docker: Setting up manpages-dev (4.04-2) ...
TestPackerDockerExampleLocal 2018-06-02T14:29:20+02:00 command.go:96: 1527942560,,ui,message,    ubuntu-docker: Setting up rubygems-integration (1.10) ...
TestPackerDockerExampleLocal 2018-06-02T14:29:20+02:00 command.go:96: 1527942560,,ui,message,    ubuntu-docker: Setting up ruby-did-you-mean (1.0.0-2) ...
TestPackerDockerExampleLocal 2018-06-02T14:29:20+02:00 command.go:96: 1527942560,,ui,message,    ubuntu-docker: Setting up ruby-minitest (5.8.4-2) ...
TestPackerDockerExampleLocal 2018-06-02T14:29:20+02:00 command.go:96: 1527942560,,ui,message,    ubuntu-docker: Setting up ruby-net-telnet (0.1.1-2) ...
TestPackerDockerExampleLocal 2018-06-02T14:29:20+02:00 command.go:96: 1527942560,,ui,message,    ubuntu-docker: Setting up ruby-power-assert (0.2.7-1) ...
TestPackerDockerExampleLocal 2018-06-02T14:29:20+02:00 command.go:96: 1527942560,,ui,message,    ubuntu-docker: Setting up ruby-test-unit (3.1.7-2) ...
TestPackerDockerExampleLocal 2018-06-02T14:29:20+02:00 command.go:96: 1527942560,,ui,message,    ubuntu-docker: Setting up unzip (6.0-20ubuntu1) ...
TestPackerDockerExampleLocal 2018-06-02T14:29:20+02:00 command.go:96: 1527942560,,ui,message,    ubuntu-docker: Setting up zip (3.0-11) ...
TestPackerDockerExampleLocal 2018-06-02T14:29:20+02:00 command.go:96: 1527942560,,ui,message,    ubuntu-docker: Setting up zlib1g-dev:amd64 (1:1.2.8.dfsg-2ubuntu4.1) ...
TestPackerDockerExampleLocal 2018-06-02T14:29:20+02:00 command.go:96: 1527942560,,ui,message,    ubuntu-docker: Setting up libruby2.3:amd64 (2.3.1-2~16.04.9) ...
TestPackerDockerExampleLocal 2018-06-02T14:29:20+02:00 command.go:96: 1527942560,,ui,message,    ubuntu-docker: Setting up ruby2.3 (2.3.1-2~16.04.9) ...
TestPackerDockerExampleLocal 2018-06-02T14:29:20+02:00 command.go:96: 1527942560,,ui,message,    ubuntu-docker: Setting up ruby2.3-dev:amd64 (2.3.1-2~16.04.9) ...
TestPackerDockerExampleLocal 2018-06-02T14:29:20+02:00 command.go:96: 1527942560,,ui,message,    ubuntu-docker: Setting up ruby-dev:amd64 (1:2.3.0+1) ...
TestPackerDockerExampleLocal 2018-06-02T14:29:20+02:00 command.go:96: 1527942560,,ui,message,    ubuntu-docker: Setting up ruby (1:2.3.0+1) ...
TestPackerDockerExampleLocal 2018-06-02T14:29:20+02:00 command.go:96: 1527942560,,ui,message,    ubuntu-docker: Setting up rake (10.5.0-2) ...
TestPackerDockerExampleLocal 2018-06-02T14:29:20+02:00 command.go:96: 1527942560,,ui,message,    ubuntu-docker: Processing triggers for libc-bin (2.23-0ubuntu10) ...
TestPackerDockerExampleLocal 2018-06-02T14:29:20+02:00 command.go:96: 1527942560,,ui,message,    ubuntu-docker: Installing Sinatra
TestPackerDockerExampleLocal 2018-06-02T14:29:22+02:00 command.go:96: 1527942562,,ui,message,    ubuntu-docker: Successfully installed rack-2.0.5
TestPackerDockerExampleLocal 2018-06-02T14:29:22+02:00 command.go:96: 1527942562,,ui,message,    ubuntu-docker: Successfully installed tilt-2.0.8
TestPackerDockerExampleLocal 2018-06-02T14:29:22+02:00 command.go:96: 1527942562,,ui,message,    ubuntu-docker: Successfully installed rack-protection-2.0.1
TestPackerDockerExampleLocal 2018-06-02T14:29:22+02:00 command.go:96: 1527942562,,ui,message,    ubuntu-docker: Successfully installed mustermann-1.0.2
TestPackerDockerExampleLocal 2018-06-02T14:29:22+02:00 command.go:96: 1527942562,,ui,message,    ubuntu-docker: Successfully installed sinatra-2.0.1
TestPackerDockerExampleLocal 2018-06-02T14:29:22+02:00 command.go:96: 1527942562,,ui,message,    ubuntu-docker: Building native extensions.  This could take a while...
TestTerraformRedeployExample 2018-06-02T14:29:23+02:00 command.go:96: [0m[1maws_alb.web_servers: Still creating... (50s elapsed)[0m[0m
TestPackerDockerExampleLocal 2018-06-02T14:29:24+02:00 command.go:96: 1527942564,,ui,message,    ubuntu-docker: Successfully installed json-2.1.0
TestPackerDockerExampleLocal 2018-06-02T14:29:24+02:00 command.go:96: 1527942564,,ui,message,    ubuntu-docker: 6 gems installed
TestPackerDockerExampleLocal 2018-06-02T14:29:24+02:00 command.go:96: 1527942564,,ui,message,    ubuntu-docker: Moving /tmp/packer-docker-example/app.rb to /home/ubuntu/app.rb
TestPackerDockerExampleLocal 2018-06-02T14:29:24+02:00 command.go:96: 1527942564,,ui,say,==> ubuntu-docker: Committing the container
TestTerraformSshExample 2018-06-02T14:29:25+02:00 command.go:96: [0m[1maws_instance.example_private: Still destroying... (ID: i-03c2e31e59316c2cc, 10s elapsed)[0m[0m
TestTerraformSshExample 2018-06-02T14:29:25+02:00 command.go:96: [0m[1maws_instance.example_public: Still destroying... (ID: i-01b4d00351372b2d2, 10s elapsed)[0m[0m
TestTerraformPackerExample 2018-06-02T14:29:27+02:00 command.go:96: 1527942567,,ui,say,==> ubuntu-ami: Uploading /Users/Tobi/go/src/github.com/gruntwork-io/terratest/examples/packer-docker-example => /tmp/packer-docker-example
TestTerraformHttpExample 2018-06-02T14:29:29+02:00 command.go:96: [0m[1maws_instance.example: Still destroying... (ID: i-011a32e88f510e8e1, 10s elapsed)[0m[0m
TestPackerDockerExampleLocal 2018-06-02T14:29:30+02:00 command.go:96: 1527942570,,ui,message,    ubuntu-docker: Image ID: sha256:694f08b18378d918625b667cc086a7e2d022ca5e19c17ad43ad309d71023989f
TestPackerDockerExampleLocal 2018-06-02T14:29:30+02:00 command.go:96: 1527942570,,ui,say,==> ubuntu-docker: Killing the container: 4822fd9165dbb02644bf22739c8bba32cfe4edd2a2e8d888253a9255b6dcd01f
TestTerraformPackerExample 2018-06-02T14:29:31+02:00 command.go:96: 1527942571,,ui,say,==> ubuntu-ami: Provisioning with shell script: /var/folders/6j/q84jvhy96xn4ym2l1gzw9hs00000gn/T/packer-shell770984494
TestTerraformRedeployExample 2018-06-02T14:29:33+02:00 command.go:96: [0m[1maws_alb.web_servers: Still creating... (1m0s elapsed)[0m[0m
TestPackerDockerExampleLocal 2018-06-02T14:29:33+02:00 command.go:96: 1527942573,,ui,say,==> ubuntu-docker: Running post-processor: docker-tag
TestPackerDockerExampleLocal 2018-06-02T14:29:33+02:00 command.go:96: 1527942573,,ui,message,    ubuntu-docker (docker-tag): Tagging image: sha256:694f08b18378d918625b667cc086a7e2d022ca5e19c17ad43ad309d71023989f
TestPackerDockerExampleLocal 2018-06-02T14:29:33+02:00 command.go:96: 1527942573,,ui,message,    ubuntu-docker (docker-tag): Repository: gruntwork/packer-docker-example:latest
TestPackerDockerExampleLocal 2018-06-02T14:29:33+02:00 command.go:96: 1527942573,,ui,say,Build 'ubuntu-docker' finished.
TestPackerDockerExampleLocal 2018-06-02T14:29:33+02:00 command.go:96: 1527942573,,ui,say,\n==> Builds finished. The artifacts of successful builds are:
TestPackerDockerExampleLocal 2018-06-02T14:29:33+02:00 command.go:96: 1527942573,ubuntu-docker,artifact-count,2
TestPackerDockerExampleLocal 2018-06-02T14:29:33+02:00 command.go:96: 1527942573,ubuntu-docker,artifact,0,builder-id,packer.post-processor.docker-import
TestPackerDockerExampleLocal 2018-06-02T14:29:33+02:00 command.go:96: 1527942573,ubuntu-docker,artifact,0,id,sha256:694f08b18378d918625b667cc086a7e2d022ca5e19c17ad43ad309d71023989f
TestPackerDockerExampleLocal 2018-06-02T14:29:33+02:00 command.go:96: 1527942573,ubuntu-docker,artifact,0,string,Imported Docker image: sha256:694f08b18378d918625b667cc086a7e2d022ca5e19c17ad43ad309d71023989f
TestPackerDockerExampleLocal 2018-06-02T14:29:33+02:00 command.go:96: 1527942573,ubuntu-docker,artifact,0,files-count,0
TestPackerDockerExampleLocal 2018-06-02T14:29:33+02:00 command.go:96: 1527942573,ubuntu-docker,artifact,0,end
TestPackerDockerExampleLocal 2018-06-02T14:29:33+02:00 command.go:96: 1527942573,,ui,say,--> ubuntu-docker: Imported Docker image: sha256:694f08b18378d918625b667cc086a7e2d022ca5e19c17ad43ad309d71023989f
TestPackerDockerExampleLocal 2018-06-02T14:29:33+02:00 command.go:96: 1527942573,ubuntu-docker,artifact,1,builder-id,packer.post-processor.docker-tag
TestPackerDockerExampleLocal 2018-06-02T14:29:33+02:00 command.go:96: 1527942573,ubuntu-docker,artifact,1,id,gruntwork/packer-docker-example:latest
TestPackerDockerExampleLocal 2018-06-02T14:29:33+02:00 command.go:96: 1527942573,ubuntu-docker,artifact,1,string,Imported Docker image: gruntwork/packer-docker-example:latest
TestPackerDockerExampleLocal 2018-06-02T14:29:33+02:00 command.go:96: 1527942573,ubuntu-docker,artifact,1,files-count,0
TestPackerDockerExampleLocal 2018-06-02T14:29:33+02:00 command.go:96: 1527942573,ubuntu-docker,artifact,1,end
TestPackerDockerExampleLocal 2018-06-02T14:29:33+02:00 command.go:96: 1527942573,,ui,say,--> ubuntu-docker: Imported Docker image: gruntwork/packer-docker-example:latest
TestPackerDockerExampleLocal 2018-06-02T14:29:34+02:00 command.go:52: Running command docker-compose with args [--project-name TestPackerDockerExampleLocal up -d]
TestTerraformPackerExample 2018-06-02T14:29:34+02:00 command.go:96: 1527942574,,ui,message,    ubuntu-ami: Installing Ruby
TestTerraformPackerExample 2018-06-02T14:29:34+02:00 command.go:96: 1527942574,,ui,message,    ubuntu-ami: Hit:1 http://ap-southeast-1.ec2.archive.ubuntu.com/ubuntu xenial InRelease
TestTerraformPackerExample 2018-06-02T14:29:34+02:00 command.go:96: 1527942574,,ui,message,    ubuntu-ami: Get:2 http://ap-southeast-1.ec2.archive.ubuntu.com/ubuntu xenial-updates InRelease [109 kB]
TestTerraformPackerExample 2018-06-02T14:29:34+02:00 command.go:96: 1527942574,,ui,message,    ubuntu-ami: Get:3 http://ap-southeast-1.ec2.archive.ubuntu.com/ubuntu xenial-backports InRelease [107 kB]
TestTerraformPackerExample 2018-06-02T14:29:34+02:00 command.go:96: 1527942574,,ui,message,    ubuntu-ami: Get:4 http://ap-southeast-1.ec2.archive.ubuntu.com/ubuntu xenial/main Sources [868 kB]
TestTerraformPackerExample 2018-06-02T14:29:34+02:00 command.go:96: 1527942574,,ui,message,    ubuntu-ami: Get:5 http://ap-southeast-1.ec2.archive.ubuntu.com/ubuntu xenial/restricted Sources [4%!(PACKER_COMMA)808 B]
TestTerraformPackerExample 2018-06-02T14:29:34+02:00 command.go:96: 1527942574,,ui,message,    ubuntu-ami: Get:6 http://ap-southeast-1.ec2.archive.ubuntu.com/ubuntu xenial/universe Sources [7%!(PACKER_COMMA)728 kB]
TestTerraformPackerExample 2018-06-02T14:29:35+02:00 command.go:96: 1527942575,,ui,message,    ubuntu-ami: Get:7 http://security.ubuntu.com/ubuntu xenial-security InRelease [107 kB]
TestTerraformPackerExample 2018-06-02T14:29:35+02:00 command.go:96: 1527942575,,ui,message,    ubuntu-ami: Get:8 http://ap-southeast-1.ec2.archive.ubuntu.com/ubuntu xenial/multiverse Sources [179 kB]
TestTerraformPackerExample 2018-06-02T14:29:35+02:00 command.go:96: 1527942575,,ui,message,    ubuntu-ami: Get:9 http://ap-southeast-1.ec2.archive.ubuntu.com/ubuntu xenial/universe amd64 Packages [7%!(PACKER_COMMA)532 kB]
TestTerraformPackerExample 2018-06-02T14:29:35+02:00 command.go:96: 1527942575,,ui,message,    ubuntu-ami: Get:10 http://ap-southeast-1.ec2.archive.ubuntu.com/ubuntu xenial/universe Translation-en [4%!(PACKER_COMMA)354 kB]
TestTerraformPackerExample 2018-06-02T14:29:35+02:00 command.go:96: 1527942575,,ui,message,    ubuntu-ami: Get:11 http://ap-southeast-1.ec2.archive.ubuntu.com/ubuntu xenial/multiverse amd64 Packages [144 kB]
TestTerraformPackerExample 2018-06-02T14:29:35+02:00 command.go:96: 1527942575,,ui,message,    ubuntu-ami: Get:12 http://ap-southeast-1.ec2.archive.ubuntu.com/ubuntu xenial/multiverse Translation-en [106 kB]
TestTerraformPackerExample 2018-06-02T14:29:35+02:00 command.go:96: 1527942575,,ui,message,    ubuntu-ami: Get:13 http://ap-southeast-1.ec2.archive.ubuntu.com/ubuntu xenial-updates/main Sources [306 kB]
TestTerraformPackerExample 2018-06-02T14:29:35+02:00 command.go:96: 1527942575,,ui,message,    ubuntu-ami: Get:14 http://ap-southeast-1.ec2.archive.ubuntu.com/ubuntu xenial-updates/restricted Sources [2%!(PACKER_COMMA)524 B]
TestTerraformPackerExample 2018-06-02T14:29:35+02:00 command.go:96: 1527942575,,ui,message,    ubuntu-ami: Get:15 http://ap-southeast-1.ec2.archive.ubuntu.com/ubuntu xenial-updates/universe Sources [203 kB]
TestTerraformPackerExample 2018-06-02T14:29:35+02:00 command.go:96: 1527942575,,ui,message,    ubuntu-ami: Get:16 http://ap-southeast-1.ec2.archive.ubuntu.com/ubuntu xenial-updates/multiverse Sources [8%!(PACKER_COMMA)404 B]
TestTerraformPackerExample 2018-06-02T14:29:35+02:00 command.go:96: 1527942575,,ui,message,    ubuntu-ami: Get:17 http://ap-southeast-1.ec2.archive.ubuntu.com/ubuntu xenial-updates/main amd64 Packages [783 kB]
TestTerraformPackerExample 2018-06-02T14:29:35+02:00 command.go:96: 1527942575,,ui,message,    ubuntu-ami: Get:18 http://ap-southeast-1.ec2.archive.ubuntu.com/ubuntu xenial-updates/main Translation-en [324 kB]
TestTerraformPackerExample 2018-06-02T14:29:35+02:00 command.go:96: 1527942575,,ui,message,    ubuntu-ami: Get:19 http://ap-southeast-1.ec2.archive.ubuntu.com/ubuntu xenial-updates/restricted amd64 Packages [7%!(PACKER_COMMA)560 B]
TestTerraformPackerExample 2018-06-02T14:29:35+02:00 command.go:96: 1527942575,,ui,message,    ubuntu-ami: Get:20 http://ap-southeast-1.ec2.archive.ubuntu.com/ubuntu xenial-updates/restricted Translation-en [2%!(PACKER_COMMA)272 B]
TestTerraformPackerExample 2018-06-02T14:29:35+02:00 command.go:96: 1527942575,,ui,message,    ubuntu-ami: Get:21 http://ap-southeast-1.ec2.archive.ubuntu.com/ubuntu xenial-updates/universe amd64 Packages [632 kB]
TestTerraformPackerExample 2018-06-02T14:29:35+02:00 command.go:96: 1527942575,,ui,message,    ubuntu-ami: Get:22 http://ap-southeast-1.ec2.archive.ubuntu.com/ubuntu xenial-updates/universe Translation-en [254 kB]
TestTerraformPackerExample 2018-06-02T14:29:35+02:00 command.go:96: 1527942575,,ui,message,    ubuntu-ami: Get:23 http://ap-southeast-1.ec2.archive.ubuntu.com/ubuntu xenial-updates/multiverse amd64 Packages [16.4 kB]
TestTerraformPackerExample 2018-06-02T14:29:35+02:00 command.go:96: 1527942575,,ui,message,    ubuntu-ami: Get:24 http://ap-southeast-1.ec2.archive.ubuntu.com/ubuntu xenial-updates/multiverse Translation-en [8%!(PACKER_COMMA)344 B]
TestTerraformPackerExample 2018-06-02T14:29:35+02:00 command.go:96: 1527942575,,ui,message,    ubuntu-ami: Get:25 http://ap-southeast-1.ec2.archive.ubuntu.com/ubuntu xenial-backports/main Sources [3%!(PACKER_COMMA)436 B]
TestTerraformPackerExample 2018-06-02T14:29:35+02:00 command.go:96: 1527942575,,ui,message,    ubuntu-ami: Get:26 http://ap-southeast-1.ec2.archive.ubuntu.com/ubuntu xenial-backports/universe Sources [5%!(PACKER_COMMA)844 B]
TestTerraformPackerExample 2018-06-02T14:29:35+02:00 command.go:96: 1527942575,,ui,message,    ubuntu-ami: Get:27 http://ap-southeast-1.ec2.archive.ubuntu.com/ubuntu xenial-backports/main amd64 Packages [4%!(PACKER_COMMA)844 B]
TestTerraformPackerExample 2018-06-02T14:29:35+02:00 command.go:96: 1527942575,,ui,message,    ubuntu-ami: Get:28 http://ap-southeast-1.ec2.archive.ubuntu.com/ubuntu xenial-backports/main Translation-en [3%!(PACKER_COMMA)220 B]
TestTerraformPackerExample 2018-06-02T14:29:35+02:00 command.go:96: 1527942575,,ui,message,    ubuntu-ami: Get:29 http://ap-southeast-1.ec2.archive.ubuntu.com/ubuntu xenial-backports/universe amd64 Packages [7%!(PACKER_COMMA)400 B]
TestTerraformPackerExample 2018-06-02T14:29:35+02:00 command.go:96: 1527942575,,ui,message,    ubuntu-ami: Get:30 http://ap-southeast-1.ec2.archive.ubuntu.com/ubuntu xenial-backports/universe Translation-en [3%!(PACKER_COMMA)996 B]
TestPackerDockerExampleLocal 2018-06-02T14:29:35+02:00 command.go:100: Creating network "testpackerdockerexamplelocal_default" with the default driver
TestPackerDockerExampleLocal 2018-06-02T14:29:35+02:00 command.go:100: Creating testpackerdockerexamplelocal_web_app_1 ... 
TestPackerDockerExampleLocal 2018-06-02T14:29:35+02:00 command.go:100: [1A[2KCreating testpackerdockerexamplelocal_web_app_1 ... [32mdone[0m[1B
TestPackerDockerExampleLocal 2018-06-02T14:29:35+02:00 retry.go:69: HTTP GET to URL http://localhost:8080
TestPackerDockerExampleLocal 2018-06-02T14:29:35+02:00 http_helper.go:27: Making an HTTP GET call to URL http://localhost:8080
TestPackerDockerExampleLocal 2018-06-02T14:29:35+02:00 retry.go:81: HTTP GET to URL http://localhost:8080 returned an error: Get http://localhost:8080: EOF. Sleeping for 2s and will try again.
TestTerraformSshExample 2018-06-02T14:29:35+02:00 command.go:96: [0m[1maws_instance.example_private: Still destroying... (ID: i-03c2e31e59316c2cc, 20s elapsed)[0m[0m
TestTerraformSshExample 2018-06-02T14:29:35+02:00 command.go:96: [0m[1maws_instance.example_public: Still destroying... (ID: i-01b4d00351372b2d2, 20s elapsed)[0m[0m
TestTerraformPackerExample 2018-06-02T14:29:36+02:00 command.go:96: 1527942576,,ui,message,    ubuntu-ami: Get:31 http://security.ubuntu.com/ubuntu xenial-security/main Sources [124 kB]
TestTerraformPackerExample 2018-06-02T14:29:36+02:00 command.go:96: 1527942576,,ui,message,    ubuntu-ami: Get:32 http://security.ubuntu.com/ubuntu xenial-security/restricted Sources [2%!(PACKER_COMMA)116 B]
TestTerraformPackerExample 2018-06-02T14:29:36+02:00 command.go:96: 1527942576,,ui,message,    ubuntu-ami: Get:33 http://security.ubuntu.com/ubuntu xenial-security/universe Sources [65.6 kB]
TestTerraformPackerExample 2018-06-02T14:29:37+02:00 command.go:96: 1527942577,,ui,message,    ubuntu-ami: Get:34 http://security.ubuntu.com/ubuntu xenial-security/multiverse Sources [2%!(PACKER_COMMA)120 B]
TestTerraformPackerExample 2018-06-02T14:29:37+02:00 command.go:96: 1527942577,,ui,message,    ubuntu-ami: Get:35 http://security.ubuntu.com/ubuntu xenial-security/main amd64 Packages [500 kB]
TestPackerDockerExampleLocal 2018-06-02T14:29:37+02:00 retry.go:69: HTTP GET to URL http://localhost:8080
TestPackerDockerExampleLocal 2018-06-02T14:29:37+02:00 http_helper.go:27: Making an HTTP GET call to URL http://localhost:8080
TestPackerDockerExampleLocal 2018-06-02T14:29:37+02:00 command.go:52: Running command docker-compose with args [--project-name TestPackerDockerExampleLocal down]
TestTerraformPackerExample 2018-06-02T14:29:37+02:00 command.go:96: 1527942577,,ui,message,    ubuntu-ami: Get:36 http://security.ubuntu.com/ubuntu xenial-security/main Translation-en [215 kB]
TestTerraformPackerExample 2018-06-02T14:29:38+02:00 command.go:96: 1527942578,,ui,message,    ubuntu-ami: Get:37 http://security.ubuntu.com/ubuntu xenial-security/restricted amd64 Packages [7%!(PACKER_COMMA)204 B]
TestTerraformAwsExample 2018-06-02T14:29:38+02:00 command.go:96: [0m[1maws_instance.example: Destroying... (ID: i-0ad18908d853241c1)[0m[0m
TestTerraformPackerExample 2018-06-02T14:29:38+02:00 command.go:96: 1527942578,,ui,message,    ubuntu-ami: Get:38 http://security.ubuntu.com/ubuntu xenial-security/restricted Translation-en [2%!(PACKER_COMMA)152 B]
TestTerraformPackerExample 2018-06-02T14:29:38+02:00 command.go:96: 1527942578,,ui,message,    ubuntu-ami: Get:39 http://security.ubuntu.com/ubuntu xenial-security/universe amd64 Packages [351 kB]
TestTerraformPackerExample 2018-06-02T14:29:39+02:00 command.go:96: 1527942579,,ui,message,    ubuntu-ami: Get:40 http://security.ubuntu.com/ubuntu xenial-security/universe Translation-en [131 kB]
TestTerraformHttpExample 2018-06-02T14:29:39+02:00 command.go:96: [0m[1maws_instance.example: Still destroying... (ID: i-011a32e88f510e8e1, 20s elapsed)[0m[0m
TestTerraformPackerExample 2018-06-02T14:29:39+02:00 command.go:96: 1527942579,,ui,message,    ubuntu-ami: Get:41 http://security.ubuntu.com/ubuntu xenial-security/multiverse amd64 Packages [3%!(PACKER_COMMA)460 B]
TestTerraformPackerExample 2018-06-02T14:29:39+02:00 command.go:96: 1527942579,,ui,message,    ubuntu-ami: Get:42 http://security.ubuntu.com/ubuntu xenial-security/multiverse Translation-en [1%!(PACKER_COMMA)744 B]
TestPackerDockerExampleLocal 2018-06-02T14:29:39+02:00 command.go:100: Stopping testpackerdockerexamplelocal_web_app_1 ... 
TestPackerDockerExampleLocal 2018-06-02T14:29:39+02:00 command.go:100: [1A[2KStopping testpackerdockerexamplelocal_web_app_1 ... [32mdone[0m[1BRemoving testpackerdockerexamplelocal_web_app_1 ... 
TestPackerDockerExampleLocal 2018-06-02T14:29:39+02:00 command.go:100: [1A[2KRemoving testpackerdockerexamplelocal_web_app_1 ... [32mdone[0m[1BRemoving network testpackerdockerexamplelocal_default
--- PASS: TestPackerDockerExampleLocal (94.49s)
TestTerraformPackerExample 2018-06-02T14:29:41+02:00 command.go:96: 1527942581,,ui,message,    ubuntu-ami: Fetched 25.2 MB in 4s (5%!(PACKER_COMMA)159 kB/s)
TestPackerBasicExample 2018-06-02T14:29:42+02:00 command.go:96: 1527942582,,ui,say,==> amazon-ebs: Creating the AMI: terratest-packer-example-2018-06-02T12-28-06Z
TestTerraformPackerExample 2018-06-02T14:29:42+02:00 command.go:96: 1527942582,,ui,message,    ubuntu-ami: Reading package lists...
TestPackerBasicExample 2018-06-02T14:29:42+02:00 command.go:96: 1527942582,,ui,message,    amazon-ebs: AMI: ami-f60f3093
TestPackerBasicExample 2018-06-02T14:29:42+02:00 command.go:96: 1527942582,,ui,say,==> amazon-ebs: Waiting for AMI to become ready...
TestTerraformPackerExample 2018-06-02T14:29:42+02:00 command.go:96: 1527942582,,ui,message,    ubuntu-ami: Reading package lists...
TestTerraformPackerExample 2018-06-02T14:29:42+02:00 command.go:96: 1527942582,,ui,message,    ubuntu-ami: Building dependency tree...
TestTerraformPackerExample 2018-06-02T14:29:42+02:00 command.go:96: 1527942582,,ui,message,    ubuntu-ami: Reading state information...
TestTerraformPackerExample 2018-06-02T14:29:43+02:00 command.go:96: 1527942583,,ui,message,    ubuntu-ami: The following additional packages will be installed:
TestTerraformPackerExample 2018-06-02T14:29:43+02:00 command.go:96: 1527942583,,ui,message,    ubuntu-ami:   binutils cpp cpp-5 dpkg-dev fakeroot fonts-lato g++ g++-5 gcc gcc-5
TestTerraformPackerExample 2018-06-02T14:29:43+02:00 command.go:96: 1527942583,,ui,message,    ubuntu-ami:   javascript-common libalgorithm-diff-perl libalgorithm-diff-xs-perl
TestTerraformPackerExample 2018-06-02T14:29:43+02:00 command.go:96: 1527942583,,ui,message,    ubuntu-ami:   libalgorithm-merge-perl libasan2 libatomic1 libc-dev-bin libc6-dev libcc1-0
TestTerraformPackerExample 2018-06-02T14:29:43+02:00 command.go:96: 1527942583,,ui,message,    ubuntu-ami:   libcilkrts5 libdpkg-perl libfakeroot libfile-fcntllock-perl libgcc-5-dev
TestTerraformPackerExample 2018-06-02T14:29:43+02:00 command.go:96: 1527942583,,ui,message,    ubuntu-ami:   libgmp-dev libgmpxx4ldbl libgomp1 libisl15 libitm1 libjs-jquery liblsan0
TestTerraformPackerExample 2018-06-02T14:29:43+02:00 command.go:96: 1527942583,,ui,message,    ubuntu-ami:   libmpc3 libmpx0 libquadmath0 libruby2.3 libstdc++-5-dev libtsan0 libubsan0
TestTerraformPackerExample 2018-06-02T14:29:43+02:00 command.go:96: 1527942583,,ui,message,    ubuntu-ami:   linux-libc-dev manpages-dev rake ruby-did-you-mean ruby-minitest
TestTerraformPackerExample 2018-06-02T14:29:43+02:00 command.go:96: 1527942583,,ui,message,    ubuntu-ami:   ruby-net-telnet ruby-power-assert ruby-test-unit ruby2.3 ruby2.3-dev
TestTerraformPackerExample 2018-06-02T14:29:43+02:00 command.go:96: 1527942583,,ui,message,    ubuntu-ami:   rubygems-integration unzip zip
TestTerraformPackerExample 2018-06-02T14:29:43+02:00 command.go:96: 1527942583,,ui,message,    ubuntu-ami: Suggested packages:
TestTerraformPackerExample 2018-06-02T14:29:43+02:00 command.go:96: 1527942583,,ui,message,    ubuntu-ami:   binutils-doc cpp-doc gcc-5-locales debian-keyring g++-multilib
TestTerraformPackerExample 2018-06-02T14:29:43+02:00 command.go:96: 1527942583,,ui,message,    ubuntu-ami:   g++-5-multilib gcc-5-doc libstdc++6-5-dbg gcc-multilib autoconf automake
TestTerraformPackerExample 2018-06-02T14:29:43+02:00 command.go:96: 1527942583,,ui,message,    ubuntu-ami:   libtool flex bison gdb gcc-doc gcc-5-multilib libgcc1-dbg libgomp1-dbg
TestTerraformPackerExample 2018-06-02T14:29:43+02:00 command.go:96: 1527942583,,ui,message,    ubuntu-ami:   libitm1-dbg libatomic1-dbg libasan2-dbg liblsan0-dbg libtsan0-dbg
TestTerraformPackerExample 2018-06-02T14:29:43+02:00 command.go:96: 1527942583,,ui,message,    ubuntu-ami:   libubsan0-dbg libcilkrts5-dbg libmpx0-dbg libquadmath0-dbg apache2
TestTerraformPackerExample 2018-06-02T14:29:43+02:00 command.go:96: 1527942583,,ui,message,    ubuntu-ami:   | lighttpd | httpd glibc-doc gmp-doc libgmp10-doc libmpfr-dev
TestTerraformPackerExample 2018-06-02T14:29:43+02:00 command.go:96: 1527942583,,ui,message,    ubuntu-ami:   libstdc++-5-doc make-doc ri bundler
TestTerraformPackerExample 2018-06-02T14:29:43+02:00 command.go:96: 1527942583,,ui,message,    ubuntu-ami: The following NEW packages will be installed:
TestTerraformPackerExample 2018-06-02T14:29:43+02:00 command.go:96: 1527942583,,ui,message,    ubuntu-ami:   binutils build-essential cpp cpp-5 dpkg-dev fakeroot fonts-lato g++ g++-5
TestTerraformPackerExample 2018-06-02T14:29:43+02:00 command.go:96: 1527942583,,ui,message,    ubuntu-ami:   gcc gcc-5 javascript-common libalgorithm-diff-perl libalgorithm-diff-xs-perl
TestTerraformPackerExample 2018-06-02T14:29:43+02:00 command.go:96: 1527942583,,ui,message,    ubuntu-ami:   libalgorithm-merge-perl libasan2 libatomic1 libc-dev-bin libc6-dev libcc1-0
TestTerraformPackerExample 2018-06-02T14:29:43+02:00 command.go:96: 1527942583,,ui,message,    ubuntu-ami:   libcilkrts5 libdpkg-perl libfakeroot libfile-fcntllock-perl libgcc-5-dev
TestTerraformPackerExample 2018-06-02T14:29:43+02:00 command.go:96: 1527942583,,ui,message,    ubuntu-ami:   libgmp-dev libgmpxx4ldbl libgomp1 libisl15 libitm1 libjs-jquery liblsan0
TestTerraformPackerExample 2018-06-02T14:29:43+02:00 command.go:96: 1527942583,,ui,message,    ubuntu-ami:   libmpc3 libmpx0 libquadmath0 libruby2.3 libstdc++-5-dev libtsan0 libubsan0
TestTerraformPackerExample 2018-06-02T14:29:43+02:00 command.go:96: 1527942583,,ui,message,    ubuntu-ami:   linux-libc-dev make manpages-dev rake ruby ruby-dev ruby-did-you-mean
TestTerraformPackerExample 2018-06-02T14:29:43+02:00 command.go:96: 1527942583,,ui,message,    ubuntu-ami:   ruby-minitest ruby-net-telnet ruby-power-assert ruby-test-unit ruby2.3
TestTerraformPackerExample 2018-06-02T14:29:43+02:00 command.go:96: 1527942583,,ui,message,    ubuntu-ami:   ruby2.3-dev rubygems-integration unzip zip zlib1g-dev
TestTerraformPackerExample 2018-06-02T14:29:43+02:00 command.go:96: 1527942583,,ui,message,    ubuntu-ami: 0 upgraded%!(PACKER_COMMA) 56 newly installed%!(PACKER_COMMA) 0 to remove and 12 not upgraded.
TestTerraformPackerExample 2018-06-02T14:29:43+02:00 command.go:96: 1527942583,,ui,message,    ubuntu-ami: Need to get 46.4 MB of archives.
TestTerraformPackerExample 2018-06-02T14:29:43+02:00 command.go:96: 1527942583,,ui,message,    ubuntu-ami: After this operation%!(PACKER_COMMA) 179 MB of additional disk space will be used.
TestTerraformPackerExample 2018-06-02T14:29:43+02:00 command.go:96: 1527942583,,ui,message,    ubuntu-ami: Get:1 http://ap-southeast-1.ec2.archive.ubuntu.com/ubuntu xenial/main amd64 fonts-lato all 2.0-1 [2%!(PACKER_COMMA)693 kB]
TestTerraformPackerExample 2018-06-02T14:29:43+02:00 command.go:96: 1527942583,,ui,message,    ubuntu-ami: Get:2 http://ap-southeast-1.ec2.archive.ubuntu.com/ubuntu xenial/main amd64 libmpc3 amd64 1.0.3-1 [39.7 kB]
TestTerraformPackerExample 2018-06-02T14:29:43+02:00 command.go:96: 1527942583,,ui,message,    ubuntu-ami: Get:3 http://ap-southeast-1.ec2.archive.ubuntu.com/ubuntu xenial-updates/main amd64 binutils amd64 2.26.1-1ubuntu1~16.04.6 [2%!(PACKER_COMMA)311 kB]
TestTerraformPackerExample 2018-06-02T14:29:43+02:00 command.go:96: 1527942583,,ui,message,    ubuntu-ami: Get:4 http://ap-southeast-1.ec2.archive.ubuntu.com/ubuntu xenial-updates/main amd64 libc-dev-bin amd64 2.23-0ubuntu10 [68.7 kB]
TestTerraformPackerExample 2018-06-02T14:29:43+02:00 command.go:96: 1527942583,,ui,message,    ubuntu-ami: Get:5 http://ap-southeast-1.ec2.archive.ubuntu.com/ubuntu xenial-updates/main amd64 linux-libc-dev amd64 4.4.0-127.153 [870 kB]
TestTerraformRedeployExample 2018-06-02T14:29:43+02:00 command.go:96: [0m[1maws_alb.web_servers: Still creating... (1m10s elapsed)[0m[0m
TestTerraformPackerExample 2018-06-02T14:29:43+02:00 command.go:96: 1527942583,,ui,message,    ubuntu-ami: Get:6 http://ap-southeast-1.ec2.archive.ubuntu.com/ubuntu xenial-updates/main amd64 libc6-dev amd64 2.23-0ubuntu10 [2%!(PACKER_COMMA)079 kB]
TestTerraformPackerExample 2018-06-02T14:29:43+02:00 command.go:96: 1527942583,,ui,message,    ubuntu-ami: Get:7 http://ap-southeast-1.ec2.archive.ubuntu.com/ubuntu xenial/main amd64 libisl15 amd64 0.16.1-1 [524 kB]
TestTerraformPackerExample 2018-06-02T14:29:43+02:00 command.go:96: 1527942583,,ui,message,    ubuntu-ami: Get:8 http://ap-southeast-1.ec2.archive.ubuntu.com/ubuntu xenial-updates/main amd64 cpp-5 amd64 5.4.0-6ubuntu1~16.04.9 [7%!(PACKER_COMMA)685 kB]
TestTerraformPackerExample 2018-06-02T14:29:43+02:00 command.go:96: 1527942583,,ui,message,    ubuntu-ami: Get:9 http://ap-southeast-1.ec2.archive.ubuntu.com/ubuntu xenial/main amd64 cpp amd64 4:5.3.1-1ubuntu1 [27.7 kB]
TestTerraformPackerExample 2018-06-02T14:29:43+02:00 command.go:96: 1527942583,,ui,message,    ubuntu-ami: Get:10 http://ap-southeast-1.ec2.archive.ubuntu.com/ubuntu xenial-updates/main amd64 libcc1-0 amd64 5.4.0-6ubuntu1~16.04.9 [38.8 kB]
TestTerraformPackerExample 2018-06-02T14:29:43+02:00 command.go:96: 1527942583,,ui,message,    ubuntu-ami: Get:11 http://ap-southeast-1.ec2.archive.ubuntu.com/ubuntu xenial-updates/main amd64 libgomp1 amd64 5.4.0-6ubuntu1~16.04.9 [55.0 kB]
TestTerraformPackerExample 2018-06-02T14:29:43+02:00 command.go:96: 1527942583,,ui,message,    ubuntu-ami: Get:12 http://ap-southeast-1.ec2.archive.ubuntu.com/ubuntu xenial-updates/main amd64 libitm1 amd64 5.4.0-6ubuntu1~16.04.9 [27.4 kB]
TestTerraformPackerExample 2018-06-02T14:29:43+02:00 command.go:96: 1527942583,,ui,message,    ubuntu-ami: Get:13 http://ap-southeast-1.ec2.archive.ubuntu.com/ubuntu xenial-updates/main amd64 libatomic1 amd64 5.4.0-6ubuntu1~16.04.9 [8%!(PACKER_COMMA)882 B]
TestTerraformPackerExample 2018-06-02T14:29:43+02:00 command.go:96: 1527942583,,ui,message,    ubuntu-ami: Get:14 http://ap-southeast-1.ec2.archive.ubuntu.com/ubuntu xenial-updates/main amd64 libasan2 amd64 5.4.0-6ubuntu1~16.04.9 [264 kB]
TestTerraformPackerExample 2018-06-02T14:29:43+02:00 command.go:96: 1527942583,,ui,message,    ubuntu-ami: Get:15 http://ap-southeast-1.ec2.archive.ubuntu.com/ubuntu xenial-updates/main amd64 liblsan0 amd64 5.4.0-6ubuntu1~16.04.9 [105 kB]
TestTerraformPackerExample 2018-06-02T14:29:43+02:00 command.go:96: 1527942583,,ui,message,    ubuntu-ami: Get:16 http://ap-southeast-1.ec2.archive.ubuntu.com/ubuntu xenial-updates/main amd64 libtsan0 amd64 5.4.0-6ubuntu1~16.04.9 [244 kB]
TestTerraformPackerExample 2018-06-02T14:29:43+02:00 command.go:96: 1527942583,,ui,message,    ubuntu-ami: Get:17 http://ap-southeast-1.ec2.archive.ubuntu.com/ubuntu xenial-updates/main amd64 libubsan0 amd64 5.4.0-6ubuntu1~16.04.9 [95.2 kB]
TestTerraformPackerExample 2018-06-02T14:29:43+02:00 command.go:96: 1527942583,,ui,message,    ubuntu-ami: Get:18 http://ap-southeast-1.ec2.archive.ubuntu.com/ubuntu xenial-updates/main amd64 libcilkrts5 amd64 5.4.0-6ubuntu1~16.04.9 [40.1 kB]
TestTerraformPackerExample 2018-06-02T14:29:43+02:00 command.go:96: 1527942583,,ui,message,    ubuntu-ami: Get:19 http://ap-southeast-1.ec2.archive.ubuntu.com/ubuntu xenial-updates/main amd64 libmpx0 amd64 5.4.0-6ubuntu1~16.04.9 [9%!(PACKER_COMMA)774 B]
TestTerraformPackerExample 2018-06-02T14:29:43+02:00 command.go:96: 1527942583,,ui,message,    ubuntu-ami: Get:20 http://ap-southeast-1.ec2.archive.ubuntu.com/ubuntu xenial-updates/main amd64 libquadmath0 amd64 5.4.0-6ubuntu1~16.04.9 [131 kB]
TestTerraformPackerExample 2018-06-02T14:29:43+02:00 command.go:96: 1527942583,,ui,message,    ubuntu-ami: Get:21 http://ap-southeast-1.ec2.archive.ubuntu.com/ubuntu xenial-updates/main amd64 libgcc-5-dev amd64 5.4.0-6ubuntu1~16.04.9 [2%!(PACKER_COMMA)242 kB]
TestTerraformPackerExample 2018-06-02T14:29:43+02:00 command.go:96: 1527942583,,ui,message,    ubuntu-ami: Get:22 http://ap-southeast-1.ec2.archive.ubuntu.com/ubuntu xenial-updates/main amd64 gcc-5 amd64 5.4.0-6ubuntu1~16.04.9 [8%!(PACKER_COMMA)650 kB]
TestTerraformPackerExample 2018-06-02T14:29:43+02:00 command.go:96: 1527942583,,ui,message,    ubuntu-ami: Get:23 http://ap-southeast-1.ec2.archive.ubuntu.com/ubuntu xenial/main amd64 gcc amd64 4:5.3.1-1ubuntu1 [5%!(PACKER_COMMA)244 B]
TestTerraformPackerExample 2018-06-02T14:29:43+02:00 command.go:96: 1527942583,,ui,message,    ubuntu-ami: Get:24 http://ap-southeast-1.ec2.archive.ubuntu.com/ubuntu xenial-updates/main amd64 libstdc++-5-dev amd64 5.4.0-6ubuntu1~16.04.9 [1%!(PACKER_COMMA)427 kB]
TestTerraformPackerExample 2018-06-02T14:29:43+02:00 command.go:96: 1527942583,,ui,message,    ubuntu-ami: Get:25 http://ap-southeast-1.ec2.archive.ubuntu.com/ubuntu xenial-updates/main amd64 g++-5 amd64 5.4.0-6ubuntu1~16.04.9 [8%!(PACKER_COMMA)333 kB]
TestTerraformPackerExample 2018-06-02T14:29:43+02:00 command.go:96: 1527942583,,ui,message,    ubuntu-ami: Get:26 http://ap-southeast-1.ec2.archive.ubuntu.com/ubuntu xenial/main amd64 g++ amd64 4:5.3.1-1ubuntu1 [1%!(PACKER_COMMA)504 B]
TestTerraformPackerExample 2018-06-02T14:29:43+02:00 command.go:96: 1527942583,,ui,message,    ubuntu-ami: Get:27 http://ap-southeast-1.ec2.archive.ubuntu.com/ubuntu xenial/main amd64 make amd64 4.1-6 [151 kB]
TestTerraformPackerExample 2018-06-02T14:29:43+02:00 command.go:96: 1527942583,,ui,message,    ubuntu-ami: Get:28 http://ap-southeast-1.ec2.archive.ubuntu.com/ubuntu xenial-updates/main amd64 libdpkg-perl all 1.18.4ubuntu1.4 [195 kB]
TestTerraformPackerExample 2018-06-02T14:29:43+02:00 command.go:96: 1527942583,,ui,message,    ubuntu-ami: Get:29 http://ap-southeast-1.ec2.archive.ubuntu.com/ubuntu xenial-updates/main amd64 dpkg-dev all 1.18.4ubuntu1.4 [584 kB]
TestTerraformPackerExample 2018-06-02T14:29:43+02:00 command.go:96: 1527942583,,ui,message,    ubuntu-ami: Get:30 http://ap-southeast-1.ec2.archive.ubuntu.com/ubuntu xenial/main amd64 build-essential amd64 12.1ubuntu2 [4%!(PACKER_COMMA)758 B]
TestTerraformPackerExample 2018-06-02T14:29:43+02:00 command.go:96: 1527942583,,ui,message,    ubuntu-ami: Get:31 http://ap-southeast-1.ec2.archive.ubuntu.com/ubuntu xenial/main amd64 libfakeroot amd64 1.20.2-1ubuntu1 [25.5 kB]
TestTerraformPackerExample 2018-06-02T14:29:43+02:00 command.go:96: 1527942583,,ui,message,    ubuntu-ami: Get:32 http://ap-southeast-1.ec2.archive.ubuntu.com/ubuntu xenial/main amd64 fakeroot amd64 1.20.2-1ubuntu1 [61.8 kB]
TestTerraformPackerExample 2018-06-02T14:29:43+02:00 command.go:96: 1527942583,,ui,message,    ubuntu-ami: Get:33 http://ap-southeast-1.ec2.archive.ubuntu.com/ubuntu xenial/main amd64 javascript-common all 11 [6%!(PACKER_COMMA)066 B]
TestTerraformPackerExample 2018-06-02T14:29:43+02:00 command.go:96: 1527942583,,ui,message,    ubuntu-ami: Get:34 http://ap-southeast-1.ec2.archive.ubuntu.com/ubuntu xenial/main amd64 libalgorithm-diff-perl all 1.19.03-1 [47.6 kB]
TestTerraformPackerExample 2018-06-02T14:29:43+02:00 command.go:96: 1527942583,,ui,message,    ubuntu-ami: Get:35 http://ap-southeast-1.ec2.archive.ubuntu.com/ubuntu xenial/main amd64 libalgorithm-diff-xs-perl amd64 0.04-4build1 [11.0 kB]
TestTerraformPackerExample 2018-06-02T14:29:43+02:00 command.go:96: 1527942583,,ui,message,    ubuntu-ami: Get:36 http://ap-southeast-1.ec2.archive.ubuntu.com/ubuntu xenial/main amd64 libalgorithm-merge-perl all 0.08-3 [12.0 kB]
TestTerraformPackerExample 2018-06-02T14:29:43+02:00 command.go:96: 1527942583,,ui,message,    ubuntu-ami: Get:37 http://ap-southeast-1.ec2.archive.ubuntu.com/ubuntu xenial/main amd64 libfile-fcntllock-perl amd64 0.22-3 [32.0 kB]
TestTerraformPackerExample 2018-06-02T14:29:43+02:00 command.go:96: 1527942583,,ui,message,    ubuntu-ami: Get:38 http://ap-southeast-1.ec2.archive.ubuntu.com/ubuntu xenial/main amd64 libgmpxx4ldbl amd64 2:6.1.0+dfsg-2 [8%!(PACKER_COMMA)948 B]
TestTerraformPackerExample 2018-06-02T14:29:43+02:00 command.go:96: 1527942583,,ui,message,    ubuntu-ami: Get:39 http://ap-southeast-1.ec2.archive.ubuntu.com/ubuntu xenial/main amd64 libgmp-dev amd64 2:6.1.0+dfsg-2 [314 kB]
TestTerraformPackerExample 2018-06-02T14:29:43+02:00 command.go:96: 1527942583,,ui,message,    ubuntu-ami: Get:40 http://ap-southeast-1.ec2.archive.ubuntu.com/ubuntu xenial/main amd64 libjs-jquery all 1.11.3+dfsg-4 [161 kB]
TestTerraformPackerExample 2018-06-02T14:29:43+02:00 command.go:96: 1527942583,,ui,message,    ubuntu-ami: Get:41 http://ap-southeast-1.ec2.archive.ubuntu.com/ubuntu xenial/main amd64 manpages-dev all 4.04-2 [2%!(PACKER_COMMA)048 kB]
TestTerraformPackerExample 2018-06-02T14:29:43+02:00 command.go:96: 1527942583,,ui,message,    ubuntu-ami: Get:42 http://ap-southeast-1.ec2.archive.ubuntu.com/ubuntu xenial/main amd64 rubygems-integration all 1.10 [4%!(PACKER_COMMA)966 B]
TestTerraformPackerExample 2018-06-02T14:29:43+02:00 command.go:96: 1527942583,,ui,message,    ubuntu-ami: Get:43 http://ap-southeast-1.ec2.archive.ubuntu.com/ubuntu xenial/main amd64 ruby-did-you-mean all 1.0.0-2 [8%!(PACKER_COMMA)390 B]
TestTerraformPackerExample 2018-06-02T14:29:43+02:00 command.go:96: 1527942583,,ui,message,    ubuntu-ami: Get:44 http://ap-southeast-1.ec2.archive.ubuntu.com/ubuntu xenial/main amd64 ruby-minitest all 5.8.4-2 [36.6 kB]
TestTerraformPackerExample 2018-06-02T14:29:43+02:00 command.go:96: 1527942583,,ui,message,    ubuntu-ami: Get:45 http://ap-southeast-1.ec2.archive.ubuntu.com/ubuntu xenial/main amd64 ruby-net-telnet all 0.1.1-2 [12.6 kB]
TestTerraformPackerExample 2018-06-02T14:29:43+02:00 command.go:96: 1527942583,,ui,message,    ubuntu-ami: Get:46 http://ap-southeast-1.ec2.archive.ubuntu.com/ubuntu xenial/main amd64 ruby-power-assert all 0.2.7-1 [7%!(PACKER_COMMA)668 B]
TestTerraformPackerExample 2018-06-02T14:29:43+02:00 command.go:96: 1527942583,,ui,message,    ubuntu-ami: Get:47 http://ap-southeast-1.ec2.archive.ubuntu.com/ubuntu xenial/main amd64 ruby-test-unit all 3.1.7-2 [60.3 kB]
TestTerraformPackerExample 2018-06-02T14:29:43+02:00 command.go:96: 1527942583,,ui,message,    ubuntu-ami: Get:48 http://ap-southeast-1.ec2.archive.ubuntu.com/ubuntu xenial-updates/main amd64 libruby2.3 amd64 2.3.1-2~16.04.9 [2%!(PACKER_COMMA)963 kB]
TestTerraformPackerExample 2018-06-02T14:29:44+02:00 command.go:96: 1527942584,,ui,message,    ubuntu-ami: Get:49 http://ap-southeast-1.ec2.archive.ubuntu.com/ubuntu xenial-updates/main amd64 ruby2.3 amd64 2.3.1-2~16.04.9 [41.0 kB]
TestTerraformPackerExample 2018-06-02T14:29:44+02:00 command.go:96: 1527942584,,ui,message,    ubuntu-ami: Get:50 http://ap-southeast-1.ec2.archive.ubuntu.com/ubuntu xenial/main amd64 ruby all 1:2.3.0+1 [5%!(PACKER_COMMA)530 B]
TestTerraformPackerExample 2018-06-02T14:29:44+02:00 command.go:96: 1527942584,,ui,message,    ubuntu-ami: Get:51 http://ap-southeast-1.ec2.archive.ubuntu.com/ubuntu xenial/main amd64 rake all 10.5.0-2 [48.2 kB]
TestTerraformPackerExample 2018-06-02T14:29:44+02:00 command.go:96: 1527942584,,ui,message,    ubuntu-ami: Get:52 http://ap-southeast-1.ec2.archive.ubuntu.com/ubuntu xenial-updates/main amd64 ruby2.3-dev amd64 2.3.1-2~16.04.9 [1%!(PACKER_COMMA)033 kB]
TestTerraformPackerExample 2018-06-02T14:29:44+02:00 command.go:96: 1527942584,,ui,message,    ubuntu-ami: Get:53 http://ap-southeast-1.ec2.archive.ubuntu.com/ubuntu xenial/main amd64 ruby-dev amd64 1:2.3.0+1 [4%!(PACKER_COMMA)408 B]
TestTerraformPackerExample 2018-06-02T14:29:44+02:00 command.go:96: 1527942584,,ui,message,    ubuntu-ami: Get:54 http://ap-southeast-1.ec2.archive.ubuntu.com/ubuntu xenial/main amd64 unzip amd64 6.0-20ubuntu1 [158 kB]
TestTerraformPackerExample 2018-06-02T14:29:44+02:00 command.go:96: 1527942584,,ui,message,    ubuntu-ami: Get:55 http://ap-southeast-1.ec2.archive.ubuntu.com/ubuntu xenial/main amd64 zip amd64 3.0-11 [158 kB]
TestTerraformPackerExample 2018-06-02T14:29:44+02:00 command.go:96: 1527942584,,ui,message,    ubuntu-ami: Get:56 http://ap-southeast-1.ec2.archive.ubuntu.com/ubuntu xenial-updates/main amd64 zlib1g-dev amd64 1:1.2.8.dfsg-2ubuntu4.1 [168 kB]
TestTerraformPackerExample 2018-06-02T14:29:44+02:00 command.go:96: 1527942584,,ui,message,    ubuntu-ami: debconf: unable to initialize frontend: Dialog
TestTerraformPackerExample 2018-06-02T14:29:44+02:00 command.go:96: 1527942584,,ui,message,    ubuntu-ami: debconf: (Dialog frontend will not work on a dumb terminal%!(PACKER_COMMA) an emacs shell buffer%!(PACKER_COMMA) or without a controlling terminal.)
TestTerraformPackerExample 2018-06-02T14:29:44+02:00 command.go:96: 1527942584,,ui,message,    ubuntu-ami: debconf: falling back to frontend: Readline
TestTerraformPackerExample 2018-06-02T14:29:44+02:00 command.go:96: 1527942584,,ui,message,    ubuntu-ami: debconf: unable to initialize frontend: Readline
TestTerraformPackerExample 2018-06-02T14:29:44+02:00 command.go:96: 1527942584,,ui,message,    ubuntu-ami: debconf: (This frontend requires a controlling tty.)
TestTerraformPackerExample 2018-06-02T14:29:44+02:00 command.go:96: 1527942584,,ui,message,    ubuntu-ami: debconf: falling back to frontend: Teletype
TestTerraformPackerExample 2018-06-02T14:29:44+02:00 command.go:96: 1527942584,,ui,message,    ubuntu-ami: dpkg-preconfigure: unable to re-open stdin:
TestTerraformPackerExample 2018-06-02T14:29:44+02:00 command.go:96: 1527942584,,ui,message,    ubuntu-ami: Fetched 46.4 MB in 1s (31.5 MB/s)
TestTerraformPackerExample 2018-06-02T14:29:44+02:00 command.go:96: 1527942584,,ui,message,    ubuntu-ami: Selecting previously unselected package fonts-lato.
TestTerraformPackerExample 2018-06-02T14:29:44+02:00 command.go:96: 1527942584,,ui,message,    ubuntu-ami: (Reading database ... 51260 files and directories currently installed.)
TestTerraformPackerExample 2018-06-02T14:29:44+02:00 command.go:96: 1527942584,,ui,message,    ubuntu-ami: Preparing to unpack .../fonts-lato_2.0-1_all.deb ...
TestTerraformPackerExample 2018-06-02T14:29:44+02:00 command.go:96: 1527942584,,ui,message,    ubuntu-ami: Unpacking fonts-lato (2.0-1) ...
TestTerraformPackerExample 2018-06-02T14:29:45+02:00 command.go:96: 1527942585,,ui,message,    ubuntu-ami: Selecting previously unselected package libmpc3:amd64.
TestTerraformPackerExample 2018-06-02T14:29:45+02:00 command.go:96: 1527942585,,ui,message,    ubuntu-ami: Preparing to unpack .../libmpc3_1.0.3-1_amd64.deb ...
TestTerraformPackerExample 2018-06-02T14:29:45+02:00 command.go:96: 1527942585,,ui,message,    ubuntu-ami: Unpacking libmpc3:amd64 (1.0.3-1) ...
TestTerraformPackerExample 2018-06-02T14:29:45+02:00 command.go:96: 1527942585,,ui,message,    ubuntu-ami: Selecting previously unselected package binutils.
TestTerraformPackerExample 2018-06-02T14:29:45+02:00 command.go:96: 1527942585,,ui,message,    ubuntu-ami: Preparing to unpack .../binutils_2.26.1-1ubuntu1~16.04.6_amd64.deb ...
TestTerraformPackerExample 2018-06-02T14:29:45+02:00 command.go:96: 1527942585,,ui,message,    ubuntu-ami: Unpacking binutils (2.26.1-1ubuntu1~16.04.6) ...
TestTerraformPackerExample 2018-06-02T14:29:45+02:00 command.go:96: 1527942585,,ui,message,    ubuntu-ami: Selecting previously unselected package libc-dev-bin.
TestTerraformPackerExample 2018-06-02T14:29:45+02:00 command.go:96: 1527942585,,ui,message,    ubuntu-ami: Preparing to unpack .../libc-dev-bin_2.23-0ubuntu10_amd64.deb ...
TestTerraformPackerExample 2018-06-02T14:29:45+02:00 command.go:96: 1527942585,,ui,message,    ubuntu-ami: Unpacking libc-dev-bin (2.23-0ubuntu10) ...
TestTerraformPackerExample 2018-06-02T14:29:45+02:00 command.go:96: 1527942585,,ui,message,    ubuntu-ami: Selecting previously unselected package linux-libc-dev:amd64.
TestTerraformPackerExample 2018-06-02T14:29:45+02:00 command.go:96: 1527942585,,ui,message,    ubuntu-ami: Preparing to unpack .../linux-libc-dev_4.4.0-127.153_amd64.deb ...
TestTerraformPackerExample 2018-06-02T14:29:45+02:00 command.go:96: 1527942585,,ui,message,    ubuntu-ami: Unpacking linux-libc-dev:amd64 (4.4.0-127.153) ...
TestTerraformPackerExample 2018-06-02T14:29:45+02:00 command.go:96: 1527942585,,ui,message,    ubuntu-ami: Selecting previously unselected package libc6-dev:amd64.
TestTerraformPackerExample 2018-06-02T14:29:45+02:00 command.go:96: 1527942585,,ui,message,    ubuntu-ami: Preparing to unpack .../libc6-dev_2.23-0ubuntu10_amd64.deb ...
TestTerraformPackerExample 2018-06-02T14:29:45+02:00 command.go:96: 1527942585,,ui,message,    ubuntu-ami: Unpacking libc6-dev:amd64 (2.23-0ubuntu10) ...
TestTerraformSshExample 2018-06-02T14:29:45+02:00 command.go:96: [0m[1maws_instance.example_public: Still destroying... (ID: i-01b4d00351372b2d2, 30s elapsed)[0m[0m
TestTerraformSshExample 2018-06-02T14:29:45+02:00 command.go:96: [0m[1maws_instance.example_private: Still destroying... (ID: i-03c2e31e59316c2cc, 30s elapsed)[0m[0m
TestTerraformPackerExample 2018-06-02T14:29:46+02:00 command.go:96: 1527942586,,ui,message,    ubuntu-ami: Selecting previously unselected package libisl15:amd64.
TestTerraformPackerExample 2018-06-02T14:29:46+02:00 command.go:96: 1527942586,,ui,message,    ubuntu-ami: Preparing to unpack .../libisl15_0.16.1-1_amd64.deb ...
TestTerraformPackerExample 2018-06-02T14:29:46+02:00 command.go:96: 1527942586,,ui,message,    ubuntu-ami: Unpacking libisl15:amd64 (0.16.1-1) ...
TestTerraformPackerExample 2018-06-02T14:29:46+02:00 command.go:96: 1527942586,,ui,message,    ubuntu-ami: Selecting previously unselected package cpp-5.
TestTerraformPackerExample 2018-06-02T14:29:46+02:00 command.go:96: 1527942586,,ui,message,    ubuntu-ami: Preparing to unpack .../cpp-5_5.4.0-6ubuntu1~16.04.9_amd64.deb ...
TestTerraformPackerExample 2018-06-02T14:29:46+02:00 command.go:96: 1527942586,,ui,message,    ubuntu-ami: Unpacking cpp-5 (5.4.0-6ubuntu1~16.04.9) ...
TestTerraformPackerExample 2018-06-02T14:29:47+02:00 command.go:96: 1527942587,,ui,message,    ubuntu-ami: Selecting previously unselected package cpp.
TestTerraformPackerExample 2018-06-02T14:29:47+02:00 command.go:96: 1527942587,,ui,message,    ubuntu-ami: Preparing to unpack .../cpp_4%3a5.3.1-1ubuntu1_amd64.deb ...
TestTerraformPackerExample 2018-06-02T14:29:47+02:00 command.go:96: 1527942587,,ui,message,    ubuntu-ami: Unpacking cpp (4:5.3.1-1ubuntu1) ...
TestTerraformPackerExample 2018-06-02T14:29:47+02:00 command.go:96: 1527942587,,ui,message,    ubuntu-ami: Selecting previously unselected package libcc1-0:amd64.
TestTerraformPackerExample 2018-06-02T14:29:47+02:00 command.go:96: 1527942587,,ui,message,    ubuntu-ami: Preparing to unpack .../libcc1-0_5.4.0-6ubuntu1~16.04.9_amd64.deb ...
TestTerraformPackerExample 2018-06-02T14:29:47+02:00 command.go:96: 1527942587,,ui,message,    ubuntu-ami: Unpacking libcc1-0:amd64 (5.4.0-6ubuntu1~16.04.9) ...
TestTerraformPackerExample 2018-06-02T14:29:47+02:00 command.go:96: 1527942587,,ui,message,    ubuntu-ami: Selecting previously unselected package libgomp1:amd64.
TestTerraformPackerExample 2018-06-02T14:29:47+02:00 command.go:96: 1527942587,,ui,message,    ubuntu-ami: Preparing to unpack .../libgomp1_5.4.0-6ubuntu1~16.04.9_amd64.deb ...
TestTerraformPackerExample 2018-06-02T14:29:47+02:00 command.go:96: 1527942587,,ui,message,    ubuntu-ami: Unpacking libgomp1:amd64 (5.4.0-6ubuntu1~16.04.9) ...
TestTerraformPackerExample 2018-06-02T14:29:47+02:00 command.go:96: 1527942587,,ui,message,    ubuntu-ami: Selecting previously unselected package libitm1:amd64.
TestTerraformPackerExample 2018-06-02T14:29:47+02:00 command.go:96: 1527942587,,ui,message,    ubuntu-ami: Preparing to unpack .../libitm1_5.4.0-6ubuntu1~16.04.9_amd64.deb ...
TestTerraformPackerExample 2018-06-02T14:29:47+02:00 command.go:96: 1527942587,,ui,message,    ubuntu-ami: Unpacking libitm1:amd64 (5.4.0-6ubuntu1~16.04.9) ...
TestTerraformPackerExample 2018-06-02T14:29:47+02:00 command.go:96: 1527942587,,ui,message,    ubuntu-ami: Selecting previously unselected package libatomic1:amd64.
TestTerraformPackerExample 2018-06-02T14:29:47+02:00 command.go:96: 1527942587,,ui,message,    ubuntu-ami: Preparing to unpack .../libatomic1_5.4.0-6ubuntu1~16.04.9_amd64.deb ...
TestTerraformPackerExample 2018-06-02T14:29:47+02:00 command.go:96: 1527942587,,ui,message,    ubuntu-ami: Unpacking libatomic1:amd64 (5.4.0-6ubuntu1~16.04.9) ...
TestTerraformPackerExample 2018-06-02T14:29:47+02:00 command.go:96: 1527942587,,ui,message,    ubuntu-ami: Selecting previously unselected package libasan2:amd64.
TestTerraformPackerExample 2018-06-02T14:29:47+02:00 command.go:96: 1527942587,,ui,message,    ubuntu-ami: Preparing to unpack .../libasan2_5.4.0-6ubuntu1~16.04.9_amd64.deb ...
TestTerraformPackerExample 2018-06-02T14:29:47+02:00 command.go:96: 1527942587,,ui,message,    ubuntu-ami: Unpacking libasan2:amd64 (5.4.0-6ubuntu1~16.04.9) ...
TestTerraformPackerExample 2018-06-02T14:29:47+02:00 command.go:96: 1527942587,,ui,message,    ubuntu-ami: Selecting previously unselected package liblsan0:amd64.
TestTerraformPackerExample 2018-06-02T14:29:47+02:00 command.go:96: 1527942587,,ui,message,    ubuntu-ami: Preparing to unpack .../liblsan0_5.4.0-6ubuntu1~16.04.9_amd64.deb ...
TestTerraformPackerExample 2018-06-02T14:29:47+02:00 command.go:96: 1527942587,,ui,message,    ubuntu-ami: Unpacking liblsan0:amd64 (5.4.0-6ubuntu1~16.04.9) ...
TestTerraformPackerExample 2018-06-02T14:29:47+02:00 command.go:96: 1527942587,,ui,message,    ubuntu-ami: Selecting previously unselected package libtsan0:amd64.
TestTerraformPackerExample 2018-06-02T14:29:47+02:00 command.go:96: 1527942587,,ui,message,    ubuntu-ami: Preparing to unpack .../libtsan0_5.4.0-6ubuntu1~16.04.9_amd64.deb ...
TestTerraformPackerExample 2018-06-02T14:29:47+02:00 command.go:96: 1527942587,,ui,message,    ubuntu-ami: Unpacking libtsan0:amd64 (5.4.0-6ubuntu1~16.04.9) ...
TestTerraformPackerExample 2018-06-02T14:29:47+02:00 command.go:96: 1527942587,,ui,message,    ubuntu-ami: Selecting previously unselected package libubsan0:amd64.
TestTerraformPackerExample 2018-06-02T14:29:47+02:00 command.go:96: 1527942587,,ui,message,    ubuntu-ami: Preparing to unpack .../libubsan0_5.4.0-6ubuntu1~16.04.9_amd64.deb ...
TestTerraformPackerExample 2018-06-02T14:29:47+02:00 command.go:96: 1527942587,,ui,message,    ubuntu-ami: Unpacking libubsan0:amd64 (5.4.0-6ubuntu1~16.04.9) ...
TestTerraformPackerExample 2018-06-02T14:29:47+02:00 command.go:96: 1527942587,,ui,message,    ubuntu-ami: Selecting previously unselected package libcilkrts5:amd64.
TestTerraformPackerExample 2018-06-02T14:29:47+02:00 command.go:96: 1527942587,,ui,message,    ubuntu-ami: Preparing to unpack .../libcilkrts5_5.4.0-6ubuntu1~16.04.9_amd64.deb ...
TestTerraformPackerExample 2018-06-02T14:29:47+02:00 command.go:96: 1527942587,,ui,message,    ubuntu-ami: Unpacking libcilkrts5:amd64 (5.4.0-6ubuntu1~16.04.9) ...
TestTerraformPackerExample 2018-06-02T14:29:47+02:00 command.go:96: 1527942587,,ui,message,    ubuntu-ami: Selecting previously unselected package libmpx0:amd64.
TestTerraformPackerExample 2018-06-02T14:29:47+02:00 command.go:96: 1527942587,,ui,message,    ubuntu-ami: Preparing to unpack .../libmpx0_5.4.0-6ubuntu1~16.04.9_amd64.deb ...
TestTerraformPackerExample 2018-06-02T14:29:47+02:00 command.go:96: 1527942587,,ui,message,    ubuntu-ami: Unpacking libmpx0:amd64 (5.4.0-6ubuntu1~16.04.9) ...
TestTerraformPackerExample 2018-06-02T14:29:47+02:00 command.go:96: 1527942587,,ui,message,    ubuntu-ami: Selecting previously unselected package libquadmath0:amd64.
TestTerraformPackerExample 2018-06-02T14:29:47+02:00 command.go:96: 1527942587,,ui,message,    ubuntu-ami: Preparing to unpack .../libquadmath0_5.4.0-6ubuntu1~16.04.9_amd64.deb ...
TestTerraformPackerExample 2018-06-02T14:29:47+02:00 command.go:96: 1527942587,,ui,message,    ubuntu-ami: Unpacking libquadmath0:amd64 (5.4.0-6ubuntu1~16.04.9) ...
TestTerraformPackerExample 2018-06-02T14:29:47+02:00 command.go:96: 1527942587,,ui,message,    ubuntu-ami: Selecting previously unselected package libgcc-5-dev:amd64.
TestTerraformPackerExample 2018-06-02T14:29:47+02:00 command.go:96: 1527942587,,ui,message,    ubuntu-ami: Preparing to unpack .../libgcc-5-dev_5.4.0-6ubuntu1~16.04.9_amd64.deb ...
TestTerraformPackerExample 2018-06-02T14:29:47+02:00 command.go:96: 1527942587,,ui,message,    ubuntu-ami: Unpacking libgcc-5-dev:amd64 (5.4.0-6ubuntu1~16.04.9) ...
TestTerraformPackerExample 2018-06-02T14:29:48+02:00 command.go:96: 1527942588,,ui,message,    ubuntu-ami: Selecting previously unselected package gcc-5.
TestTerraformPackerExample 2018-06-02T14:29:48+02:00 command.go:96: 1527942588,,ui,message,    ubuntu-ami: Preparing to unpack .../gcc-5_5.4.0-6ubuntu1~16.04.9_amd64.deb ...
TestTerraformPackerExample 2018-06-02T14:29:48+02:00 command.go:96: 1527942588,,ui,message,    ubuntu-ami: Unpacking gcc-5 (5.4.0-6ubuntu1~16.04.9) ...
TestTerraformAwsExample 2018-06-02T14:29:48+02:00 command.go:96: [0m[1maws_instance.example: Still destroying... (ID: i-0ad18908d853241c1, 10s elapsed)[0m[0m
TestTerraformHttpExample 2018-06-02T14:29:49+02:00 command.go:96: [0m[1maws_instance.example: Still destroying... (ID: i-011a32e88f510e8e1, 30s elapsed)[0m[0m
TestTerraformPackerExample 2018-06-02T14:29:49+02:00 command.go:96: 1527942589,,ui,message,    ubuntu-ami: Selecting previously unselected package gcc.
TestTerraformPackerExample 2018-06-02T14:29:49+02:00 command.go:96: 1527942589,,ui,message,    ubuntu-ami: Preparing to unpack .../gcc_4%3a5.3.1-1ubuntu1_amd64.deb ...
TestTerraformPackerExample 2018-06-02T14:29:49+02:00 command.go:96: 1527942589,,ui,message,    ubuntu-ami: Unpacking gcc (4:5.3.1-1ubuntu1) ...
TestTerraformPackerExample 2018-06-02T14:29:49+02:00 command.go:96: 1527942589,,ui,message,    ubuntu-ami: Selecting previously unselected package libstdc++-5-dev:amd64.
TestTerraformPackerExample 2018-06-02T14:29:49+02:00 command.go:96: 1527942589,,ui,message,    ubuntu-ami: Preparing to unpack .../libstdc++-5-dev_5.4.0-6ubuntu1~16.04.9_amd64.deb ...
TestTerraformPackerExample 2018-06-02T14:29:49+02:00 command.go:96: 1527942589,,ui,message,    ubuntu-ami: Unpacking libstdc++-5-dev:amd64 (5.4.0-6ubuntu1~16.04.9) ...
TestTerraformPackerExample 2018-06-02T14:29:49+02:00 command.go:96: 1527942589,,ui,message,    ubuntu-ami: Selecting previously unselected package g++-5.
TestTerraformPackerExample 2018-06-02T14:29:49+02:00 command.go:96: 1527942589,,ui,message,    ubuntu-ami: Preparing to unpack .../g++-5_5.4.0-6ubuntu1~16.04.9_amd64.deb ...
TestTerraformPackerExample 2018-06-02T14:29:49+02:00 command.go:96: 1527942589,,ui,message,    ubuntu-ami: Unpacking g++-5 (5.4.0-6ubuntu1~16.04.9) ...
TestTerraformPackerExample 2018-06-02T14:29:50+02:00 command.go:96: 1527942590,,ui,message,    ubuntu-ami: Selecting previously unselected package g++.
TestTerraformPackerExample 2018-06-02T14:29:50+02:00 command.go:96: 1527942590,,ui,message,    ubuntu-ami: Preparing to unpack .../g++_4%3a5.3.1-1ubuntu1_amd64.deb ...
TestTerraformPackerExample 2018-06-02T14:29:50+02:00 command.go:96: 1527942590,,ui,message,    ubuntu-ami: Unpacking g++ (4:5.3.1-1ubuntu1) ...
TestTerraformPackerExample 2018-06-02T14:29:50+02:00 command.go:96: 1527942590,,ui,message,    ubuntu-ami: Selecting previously unselected package make.
TestTerraformPackerExample 2018-06-02T14:29:50+02:00 command.go:96: 1527942590,,ui,message,    ubuntu-ami: Preparing to unpack .../archives/make_4.1-6_amd64.deb ...
TestTerraformPackerExample 2018-06-02T14:29:50+02:00 command.go:96: 1527942590,,ui,message,    ubuntu-ami: Unpacking make (4.1-6) ...
TestTerraformPackerExample 2018-06-02T14:29:50+02:00 command.go:96: 1527942590,,ui,message,    ubuntu-ami: Selecting previously unselected package libdpkg-perl.
TestTerraformPackerExample 2018-06-02T14:29:50+02:00 command.go:96: 1527942590,,ui,message,    ubuntu-ami: Preparing to unpack .../libdpkg-perl_1.18.4ubuntu1.4_all.deb ...
TestTerraformPackerExample 2018-06-02T14:29:50+02:00 command.go:96: 1527942590,,ui,message,    ubuntu-ami: Unpacking libdpkg-perl (1.18.4ubuntu1.4) ...
TestTerraformPackerExample 2018-06-02T14:29:50+02:00 command.go:96: 1527942590,,ui,message,    ubuntu-ami: Selecting previously unselected package dpkg-dev.
TestTerraformPackerExample 2018-06-02T14:29:50+02:00 command.go:96: 1527942590,,ui,message,    ubuntu-ami: Preparing to unpack .../dpkg-dev_1.18.4ubuntu1.4_all.deb ...
TestTerraformPackerExample 2018-06-02T14:29:50+02:00 command.go:96: 1527942590,,ui,message,    ubuntu-ami: Unpacking dpkg-dev (1.18.4ubuntu1.4) ...
TestTerraformPackerExample 2018-06-02T14:29:50+02:00 command.go:96: 1527942590,,ui,message,    ubuntu-ami: Selecting previously unselected package build-essential.
TestTerraformPackerExample 2018-06-02T14:29:50+02:00 command.go:96: 1527942590,,ui,message,    ubuntu-ami: Preparing to unpack .../build-essential_12.1ubuntu2_amd64.deb ...
TestTerraformPackerExample 2018-06-02T14:29:50+02:00 command.go:96: 1527942590,,ui,message,    ubuntu-ami: Unpacking build-essential (12.1ubuntu2) ...
TestTerraformPackerExample 2018-06-02T14:29:50+02:00 command.go:96: 1527942590,,ui,message,    ubuntu-ami: Selecting previously unselected package libfakeroot:amd64.
TestTerraformPackerExample 2018-06-02T14:29:50+02:00 command.go:96: 1527942590,,ui,message,    ubuntu-ami: Preparing to unpack .../libfakeroot_1.20.2-1ubuntu1_amd64.deb ...
TestTerraformPackerExample 2018-06-02T14:29:50+02:00 command.go:96: 1527942590,,ui,message,    ubuntu-ami: Unpacking libfakeroot:amd64 (1.20.2-1ubuntu1) ...
TestTerraformPackerExample 2018-06-02T14:29:50+02:00 command.go:96: 1527942590,,ui,message,    ubuntu-ami: Selecting previously unselected package fakeroot.
TestTerraformPackerExample 2018-06-02T14:29:50+02:00 command.go:96: 1527942590,,ui,message,    ubuntu-ami: Preparing to unpack .../fakeroot_1.20.2-1ubuntu1_amd64.deb ...
TestTerraformPackerExample 2018-06-02T14:29:50+02:00 command.go:96: 1527942590,,ui,message,    ubuntu-ami: Unpacking fakeroot (1.20.2-1ubuntu1) ...
TestTerraformPackerExample 2018-06-02T14:29:50+02:00 command.go:96: 1527942590,,ui,message,    ubuntu-ami: Selecting previously unselected package javascript-common.
TestTerraformPackerExample 2018-06-02T14:29:50+02:00 command.go:96: 1527942590,,ui,message,    ubuntu-ami: Preparing to unpack .../javascript-common_11_all.deb ...
TestTerraformPackerExample 2018-06-02T14:29:50+02:00 command.go:96: 1527942590,,ui,message,    ubuntu-ami: Unpacking javascript-common (11) ...
TestTerraformPackerExample 2018-06-02T14:29:50+02:00 command.go:96: 1527942590,,ui,message,    ubuntu-ami: Selecting previously unselected package libalgorithm-diff-perl.
TestTerraformPackerExample 2018-06-02T14:29:50+02:00 command.go:96: 1527942590,,ui,message,    ubuntu-ami: Preparing to unpack .../libalgorithm-diff-perl_1.19.03-1_all.deb ...
TestTerraformPackerExample 2018-06-02T14:29:50+02:00 command.go:96: 1527942590,,ui,message,    ubuntu-ami: Unpacking libalgorithm-diff-perl (1.19.03-1) ...
TestTerraformPackerExample 2018-06-02T14:29:51+02:00 command.go:96: 1527942591,,ui,message,    ubuntu-ami: Selecting previously unselected package libalgorithm-diff-xs-perl.
TestTerraformPackerExample 2018-06-02T14:29:51+02:00 command.go:96: 1527942591,,ui,message,    ubuntu-ami: Preparing to unpack .../libalgorithm-diff-xs-perl_0.04-4build1_amd64.deb ...
TestTerraformPackerExample 2018-06-02T14:29:51+02:00 command.go:96: 1527942591,,ui,message,    ubuntu-ami: Unpacking libalgorithm-diff-xs-perl (0.04-4build1) ...
TestTerraformPackerExample 2018-06-02T14:29:51+02:00 command.go:96: 1527942591,,ui,message,    ubuntu-ami: Selecting previously unselected package libalgorithm-merge-perl.
TestTerraformPackerExample 2018-06-02T14:29:51+02:00 command.go:96: 1527942591,,ui,message,    ubuntu-ami: Preparing to unpack .../libalgorithm-merge-perl_0.08-3_all.deb ...
TestTerraformPackerExample 2018-06-02T14:29:51+02:00 command.go:96: 1527942591,,ui,message,    ubuntu-ami: Unpacking libalgorithm-merge-perl (0.08-3) ...
TestTerraformPackerExample 2018-06-02T14:29:51+02:00 command.go:96: 1527942591,,ui,message,    ubuntu-ami: Selecting previously unselected package libfile-fcntllock-perl.
TestTerraformPackerExample 2018-06-02T14:29:51+02:00 command.go:96: 1527942591,,ui,message,    ubuntu-ami: Preparing to unpack .../libfile-fcntllock-perl_0.22-3_amd64.deb ...
TestTerraformPackerExample 2018-06-02T14:29:51+02:00 command.go:96: 1527942591,,ui,message,    ubuntu-ami: Unpacking libfile-fcntllock-perl (0.22-3) ...
TestTerraformPackerExample 2018-06-02T14:29:51+02:00 command.go:96: 1527942591,,ui,message,    ubuntu-ami: Selecting previously unselected package libgmpxx4ldbl:amd64.
TestTerraformPackerExample 2018-06-02T14:29:51+02:00 command.go:96: 1527942591,,ui,message,    ubuntu-ami: Preparing to unpack .../libgmpxx4ldbl_2%3a6.1.0+dfsg-2_amd64.deb ...
TestTerraformPackerExample 2018-06-02T14:29:51+02:00 command.go:96: 1527942591,,ui,message,    ubuntu-ami: Unpacking libgmpxx4ldbl:amd64 (2:6.1.0+dfsg-2) ...
TestTerraformPackerExample 2018-06-02T14:29:51+02:00 command.go:96: 1527942591,,ui,message,    ubuntu-ami: Selecting previously unselected package libgmp-dev:amd64.
TestTerraformPackerExample 2018-06-02T14:29:51+02:00 command.go:96: 1527942591,,ui,message,    ubuntu-ami: Preparing to unpack .../libgmp-dev_2%3a6.1.0+dfsg-2_amd64.deb ...
TestTerraformPackerExample 2018-06-02T14:29:51+02:00 command.go:96: 1527942591,,ui,message,    ubuntu-ami: Unpacking libgmp-dev:amd64 (2:6.1.0+dfsg-2) ...
TestTerraformPackerExample 2018-06-02T14:29:51+02:00 command.go:96: 1527942591,,ui,message,    ubuntu-ami: Selecting previously unselected package libjs-jquery.
TestTerraformPackerExample 2018-06-02T14:29:51+02:00 command.go:96: 1527942591,,ui,message,    ubuntu-ami: Preparing to unpack .../libjs-jquery_1.11.3+dfsg-4_all.deb ...
TestTerraformPackerExample 2018-06-02T14:29:51+02:00 command.go:96: 1527942591,,ui,message,    ubuntu-ami: Unpacking libjs-jquery (1.11.3+dfsg-4) ...
TestTerraformPackerExample 2018-06-02T14:29:51+02:00 command.go:96: 1527942591,,ui,message,    ubuntu-ami: Selecting previously unselected package manpages-dev.
TestTerraformPackerExample 2018-06-02T14:29:51+02:00 command.go:96: 1527942591,,ui,message,    ubuntu-ami: Preparing to unpack .../manpages-dev_4.04-2_all.deb ...
TestTerraformPackerExample 2018-06-02T14:29:51+02:00 command.go:96: 1527942591,,ui,message,    ubuntu-ami: Unpacking manpages-dev (4.04-2) ...
TestTerraformPackerExample 2018-06-02T14:29:51+02:00 command.go:96: 1527942591,,ui,message,    ubuntu-ami: Selecting previously unselected package rubygems-integration.
TestTerraformPackerExample 2018-06-02T14:29:51+02:00 command.go:96: 1527942591,,ui,message,    ubuntu-ami: Preparing to unpack .../rubygems-integration_1.10_all.deb ...
TestTerraformPackerExample 2018-06-02T14:29:51+02:00 command.go:96: 1527942591,,ui,message,    ubuntu-ami: Unpacking rubygems-integration (1.10) ...
TestTerraformPackerExample 2018-06-02T14:29:51+02:00 command.go:96: 1527942591,,ui,message,    ubuntu-ami: Selecting previously unselected package ruby-did-you-mean.
TestTerraformPackerExample 2018-06-02T14:29:51+02:00 command.go:96: 1527942591,,ui,message,    ubuntu-ami: Preparing to unpack .../ruby-did-you-mean_1.0.0-2_all.deb ...
TestTerraformPackerExample 2018-06-02T14:29:51+02:00 command.go:96: 1527942591,,ui,message,    ubuntu-ami: Unpacking ruby-did-you-mean (1.0.0-2) ...
TestTerraformPackerExample 2018-06-02T14:29:51+02:00 command.go:96: 1527942591,,ui,message,    ubuntu-ami: Selecting previously unselected package ruby-minitest.
TestTerraformPackerExample 2018-06-02T14:29:51+02:00 command.go:96: 1527942591,,ui,message,    ubuntu-ami: Preparing to unpack .../ruby-minitest_5.8.4-2_all.deb ...
TestTerraformPackerExample 2018-06-02T14:29:51+02:00 command.go:96: 1527942591,,ui,message,    ubuntu-ami: Unpacking ruby-minitest (5.8.4-2) ...
TestTerraformPackerExample 2018-06-02T14:29:51+02:00 command.go:96: 1527942591,,ui,message,    ubuntu-ami: Selecting previously unselected package ruby-net-telnet.
TestTerraformPackerExample 2018-06-02T14:29:51+02:00 command.go:96: 1527942591,,ui,message,    ubuntu-ami: Preparing to unpack .../ruby-net-telnet_0.1.1-2_all.deb ...
TestTerraformPackerExample 2018-06-02T14:29:51+02:00 command.go:96: 1527942591,,ui,message,    ubuntu-ami: Unpacking ruby-net-telnet (0.1.1-2) ...
TestTerraformPackerExample 2018-06-02T14:29:51+02:00 command.go:96: 1527942591,,ui,message,    ubuntu-ami: Selecting previously unselected package ruby-power-assert.
TestTerraformPackerExample 2018-06-02T14:29:51+02:00 command.go:96: 1527942591,,ui,message,    ubuntu-ami: Preparing to unpack .../ruby-power-assert_0.2.7-1_all.deb ...
TestTerraformPackerExample 2018-06-02T14:29:51+02:00 command.go:96: 1527942591,,ui,message,    ubuntu-ami: Unpacking ruby-power-assert (0.2.7-1) ...
TestTerraformPackerExample 2018-06-02T14:29:51+02:00 command.go:96: 1527942591,,ui,message,    ubuntu-ami: Selecting previously unselected package ruby-test-unit.
TestTerraformPackerExample 2018-06-02T14:29:51+02:00 command.go:96: 1527942591,,ui,message,    ubuntu-ami: Preparing to unpack .../ruby-test-unit_3.1.7-2_all.deb ...
TestTerraformPackerExample 2018-06-02T14:29:51+02:00 command.go:96: 1527942591,,ui,message,    ubuntu-ami: Unpacking ruby-test-unit (3.1.7-2) ...
TestTerraformPackerExample 2018-06-02T14:29:51+02:00 command.go:96: 1527942591,,ui,message,    ubuntu-ami: Selecting previously unselected package libruby2.3:amd64.
TestTerraformPackerExample 2018-06-02T14:29:51+02:00 command.go:96: 1527942591,,ui,message,    ubuntu-ami: Preparing to unpack .../libruby2.3_2.3.1-2~16.04.9_amd64.deb ...
TestTerraformPackerExample 2018-06-02T14:29:51+02:00 command.go:96: 1527942591,,ui,message,    ubuntu-ami: Unpacking libruby2.3:amd64 (2.3.1-2~16.04.9) ...
TestTerraformPackerExample 2018-06-02T14:29:52+02:00 command.go:96: 1527942592,,ui,message,    ubuntu-ami: Selecting previously unselected package ruby2.3.
TestTerraformPackerExample 2018-06-02T14:29:52+02:00 command.go:96: 1527942592,,ui,message,    ubuntu-ami: Preparing to unpack .../ruby2.3_2.3.1-2~16.04.9_amd64.deb ...
TestTerraformPackerExample 2018-06-02T14:29:52+02:00 command.go:96: 1527942592,,ui,message,    ubuntu-ami: Unpacking ruby2.3 (2.3.1-2~16.04.9) ...
TestTerraformPackerExample 2018-06-02T14:29:52+02:00 command.go:96: 1527942592,,ui,message,    ubuntu-ami: Selecting previously unselected package ruby.
TestTerraformPackerExample 2018-06-02T14:29:52+02:00 command.go:96: 1527942592,,ui,message,    ubuntu-ami: Preparing to unpack .../ruby_1%3a2.3.0+1_all.deb ...
TestTerraformPackerExample 2018-06-02T14:29:52+02:00 command.go:96: 1527942592,,ui,message,    ubuntu-ami: Unpacking ruby (1:2.3.0+1) ...
TestTerraformPackerExample 2018-06-02T14:29:52+02:00 command.go:96: 1527942592,,ui,message,    ubuntu-ami: Selecting previously unselected package rake.
TestTerraformPackerExample 2018-06-02T14:29:52+02:00 command.go:96: 1527942592,,ui,message,    ubuntu-ami: Preparing to unpack .../archives/rake_10.5.0-2_all.deb ...
TestTerraformPackerExample 2018-06-02T14:29:52+02:00 command.go:96: 1527942592,,ui,message,    ubuntu-ami: Unpacking rake (10.5.0-2) ...
TestTerraformPackerExample 2018-06-02T14:29:52+02:00 command.go:96: 1527942592,,ui,message,    ubuntu-ami: Selecting previously unselected package ruby2.3-dev:amd64.
TestTerraformPackerExample 2018-06-02T14:29:52+02:00 command.go:96: 1527942592,,ui,message,    ubuntu-ami: Preparing to unpack .../ruby2.3-dev_2.3.1-2~16.04.9_amd64.deb ...
TestTerraformPackerExample 2018-06-02T14:29:52+02:00 command.go:96: 1527942592,,ui,message,    ubuntu-ami: Unpacking ruby2.3-dev:amd64 (2.3.1-2~16.04.9) ...
TestTerraformPackerExample 2018-06-02T14:29:52+02:00 command.go:96: 1527942592,,ui,message,    ubuntu-ami: Selecting previously unselected package ruby-dev:amd64.
TestTerraformPackerExample 2018-06-02T14:29:52+02:00 command.go:96: 1527942592,,ui,message,    ubuntu-ami: Preparing to unpack .../ruby-dev_1%3a2.3.0+1_amd64.deb ...
TestTerraformPackerExample 2018-06-02T14:29:52+02:00 command.go:96: 1527942592,,ui,message,    ubuntu-ami: Unpacking ruby-dev:amd64 (1:2.3.0+1) ...
TestTerraformPackerExample 2018-06-02T14:29:52+02:00 command.go:96: 1527942592,,ui,message,    ubuntu-ami: Selecting previously unselected package unzip.
TestTerraformPackerExample 2018-06-02T14:29:52+02:00 command.go:96: 1527942592,,ui,message,    ubuntu-ami: Preparing to unpack .../unzip_6.0-20ubuntu1_amd64.deb ...
TestTerraformPackerExample 2018-06-02T14:29:52+02:00 command.go:96: 1527942592,,ui,message,    ubuntu-ami: Unpacking unzip (6.0-20ubuntu1) ...
TestTerraformPackerExample 2018-06-02T14:29:52+02:00 command.go:96: 1527942592,,ui,message,    ubuntu-ami: Selecting previously unselected package zip.
TestTerraformPackerExample 2018-06-02T14:29:52+02:00 command.go:96: 1527942592,,ui,message,    ubuntu-ami: Preparing to unpack .../archives/zip_3.0-11_amd64.deb ...
TestTerraformPackerExample 2018-06-02T14:29:52+02:00 command.go:96: 1527942592,,ui,message,    ubuntu-ami: Unpacking zip (3.0-11) ...
TestTerraformPackerExample 2018-06-02T14:29:52+02:00 command.go:96: 1527942592,,ui,message,    ubuntu-ami: Selecting previously unselected package zlib1g-dev:amd64.
TestTerraformPackerExample 2018-06-02T14:29:52+02:00 command.go:96: 1527942592,,ui,message,    ubuntu-ami: Preparing to unpack .../zlib1g-dev_1%3a1.2.8.dfsg-2ubuntu4.1_amd64.deb ...
TestTerraformPackerExample 2018-06-02T14:29:52+02:00 command.go:96: 1527942592,,ui,message,    ubuntu-ami: Unpacking zlib1g-dev:amd64 (1:1.2.8.dfsg-2ubuntu4.1) ...
TestTerraformPackerExample 2018-06-02T14:29:52+02:00 command.go:96: 1527942592,,ui,message,    ubuntu-ami: Processing triggers for libc-bin (2.23-0ubuntu10) ...
TestTerraformPackerExample 2018-06-02T14:29:53+02:00 command.go:96: 1527942593,,ui,message,    ubuntu-ami: Processing triggers for man-db (2.7.5-1) ...
TestTerraformRedeployExample 2018-06-02T14:29:53+02:00 command.go:96: [0m[1maws_alb.web_servers: Still creating... (1m20s elapsed)[0m[0m
TestTerraformPackerExample 2018-06-02T14:29:55+02:00 command.go:96: 1527942595,,ui,message,    ubuntu-ami: Processing triggers for mime-support (3.59ubuntu1) ...
TestTerraformPackerExample 2018-06-02T14:29:55+02:00 command.go:96: 1527942595,,ui,message,    ubuntu-ami: Setting up fonts-lato (2.0-1) ...
TestTerraformPackerExample 2018-06-02T14:29:55+02:00 command.go:96: 1527942595,,ui,message,    ubuntu-ami: Setting up libmpc3:amd64 (1.0.3-1) ...
TestTerraformPackerExample 2018-06-02T14:29:55+02:00 command.go:96: 1527942595,,ui,message,    ubuntu-ami: Setting up binutils (2.26.1-1ubuntu1~16.04.6) ...
TestTerraformPackerExample 2018-06-02T14:29:55+02:00 command.go:96: 1527942595,,ui,message,    ubuntu-ami: Setting up libc-dev-bin (2.23-0ubuntu10) ...
TestTerraformPackerExample 2018-06-02T14:29:55+02:00 command.go:96: 1527942595,,ui,message,    ubuntu-ami: Setting up linux-libc-dev:amd64 (4.4.0-127.153) ...
TestTerraformPackerExample 2018-06-02T14:29:55+02:00 command.go:96: 1527942595,,ui,message,    ubuntu-ami: Setting up libc6-dev:amd64 (2.23-0ubuntu10) ...
TestTerraformPackerExample 2018-06-02T14:29:55+02:00 command.go:96: 1527942595,,ui,message,    ubuntu-ami: Setting up libisl15:amd64 (0.16.1-1) ...
TestTerraformPackerExample 2018-06-02T14:29:55+02:00 command.go:96: 1527942595,,ui,message,    ubuntu-ami: Setting up cpp-5 (5.4.0-6ubuntu1~16.04.9) ...
TestTerraformPackerExample 2018-06-02T14:29:55+02:00 command.go:96: 1527942595,,ui,message,    ubuntu-ami: Setting up cpp (4:5.3.1-1ubuntu1) ...
TestTerraformPackerExample 2018-06-02T14:29:55+02:00 command.go:96: 1527942595,,ui,message,    ubuntu-ami: Setting up libcc1-0:amd64 (5.4.0-6ubuntu1~16.04.9) ...
TestTerraformPackerExample 2018-06-02T14:29:55+02:00 command.go:96: 1527942595,,ui,message,    ubuntu-ami: Setting up libgomp1:amd64 (5.4.0-6ubuntu1~16.04.9) ...
TestTerraformPackerExample 2018-06-02T14:29:55+02:00 command.go:96: 1527942595,,ui,message,    ubuntu-ami: Setting up libitm1:amd64 (5.4.0-6ubuntu1~16.04.9) ...
TestTerraformPackerExample 2018-06-02T14:29:55+02:00 command.go:96: 1527942595,,ui,message,    ubuntu-ami: Setting up libatomic1:amd64 (5.4.0-6ubuntu1~16.04.9) ...
TestTerraformPackerExample 2018-06-02T14:29:55+02:00 command.go:96: 1527942595,,ui,message,    ubuntu-ami: Setting up libasan2:amd64 (5.4.0-6ubuntu1~16.04.9) ...
TestTerraformPackerExample 2018-06-02T14:29:55+02:00 command.go:96: 1527942595,,ui,message,    ubuntu-ami: Setting up liblsan0:amd64 (5.4.0-6ubuntu1~16.04.9) ...
TestTerraformPackerExample 2018-06-02T14:29:55+02:00 command.go:96: 1527942595,,ui,message,    ubuntu-ami: Setting up libtsan0:amd64 (5.4.0-6ubuntu1~16.04.9) ...
TestTerraformPackerExample 2018-06-02T14:29:55+02:00 command.go:96: 1527942595,,ui,message,    ubuntu-ami: Setting up libubsan0:amd64 (5.4.0-6ubuntu1~16.04.9) ...
TestTerraformPackerExample 2018-06-02T14:29:55+02:00 command.go:96: 1527942595,,ui,message,    ubuntu-ami: Setting up libcilkrts5:amd64 (5.4.0-6ubuntu1~16.04.9) ...
TestTerraformPackerExample 2018-06-02T14:29:55+02:00 command.go:96: 1527942595,,ui,message,    ubuntu-ami: Setting up libmpx0:amd64 (5.4.0-6ubuntu1~16.04.9) ...
TestTerraformPackerExample 2018-06-02T14:29:55+02:00 command.go:96: 1527942595,,ui,message,    ubuntu-ami: Setting up libquadmath0:amd64 (5.4.0-6ubuntu1~16.04.9) ...
TestTerraformPackerExample 2018-06-02T14:29:55+02:00 command.go:96: 1527942595,,ui,message,    ubuntu-ami: Setting up libgcc-5-dev:amd64 (5.4.0-6ubuntu1~16.04.9) ...
TestTerraformPackerExample 2018-06-02T14:29:55+02:00 command.go:96: 1527942595,,ui,message,    ubuntu-ami: Setting up gcc-5 (5.4.0-6ubuntu1~16.04.9) ...
TestTerraformPackerExample 2018-06-02T14:29:55+02:00 command.go:96: 1527942595,,ui,message,    ubuntu-ami: Setting up gcc (4:5.3.1-1ubuntu1) ...
TestTerraformPackerExample 2018-06-02T14:29:55+02:00 command.go:96: 1527942595,,ui,message,    ubuntu-ami: Setting up libstdc++-5-dev:amd64 (5.4.0-6ubuntu1~16.04.9) ...
TestTerraformPackerExample 2018-06-02T14:29:55+02:00 command.go:96: 1527942595,,ui,message,    ubuntu-ami: Setting up g++-5 (5.4.0-6ubuntu1~16.04.9) ...
TestTerraformPackerExample 2018-06-02T14:29:55+02:00 command.go:96: 1527942595,,ui,message,    ubuntu-ami: Setting up g++ (4:5.3.1-1ubuntu1) ...
TestTerraformPackerExample 2018-06-02T14:29:55+02:00 command.go:96: 1527942595,,ui,message,    ubuntu-ami: update-alternatives: using /usr/bin/g++ to provide /usr/bin/c++ (c++) in auto mode
TestTerraformPackerExample 2018-06-02T14:29:55+02:00 command.go:96: 1527942595,,ui,message,    ubuntu-ami: Setting up make (4.1-6) ...
TestTerraformPackerExample 2018-06-02T14:29:55+02:00 command.go:96: 1527942595,,ui,message,    ubuntu-ami: Setting up libdpkg-perl (1.18.4ubuntu1.4) ...
TestTerraformPackerExample 2018-06-02T14:29:55+02:00 command.go:96: 1527942595,,ui,message,    ubuntu-ami: Setting up dpkg-dev (1.18.4ubuntu1.4) ...
TestTerraformPackerExample 2018-06-02T14:29:55+02:00 command.go:96: 1527942595,,ui,message,    ubuntu-ami: Setting up build-essential (12.1ubuntu2) ...
TestTerraformPackerExample 2018-06-02T14:29:55+02:00 command.go:96: 1527942595,,ui,message,    ubuntu-ami: Setting up libfakeroot:amd64 (1.20.2-1ubuntu1) ...
TestTerraformPackerExample 2018-06-02T14:29:55+02:00 command.go:96: 1527942595,,ui,message,    ubuntu-ami: Setting up fakeroot (1.20.2-1ubuntu1) ...
TestTerraformPackerExample 2018-06-02T14:29:55+02:00 command.go:96: 1527942595,,ui,message,    ubuntu-ami: update-alternatives: using /usr/bin/fakeroot-sysv to provide /usr/bin/fakeroot (fakeroot) in auto mode
TestTerraformPackerExample 2018-06-02T14:29:55+02:00 command.go:96: 1527942595,,ui,message,    ubuntu-ami: Setting up javascript-common (11) ...
TestTerraformPackerExample 2018-06-02T14:29:55+02:00 command.go:96: 1527942595,,ui,message,    ubuntu-ami: Setting up libalgorithm-diff-perl (1.19.03-1) ...
TestTerraformPackerExample 2018-06-02T14:29:55+02:00 command.go:96: 1527942595,,ui,message,    ubuntu-ami: Setting up libalgorithm-diff-xs-perl (0.04-4build1) ...
TestTerraformPackerExample 2018-06-02T14:29:55+02:00 command.go:96: 1527942595,,ui,message,    ubuntu-ami: Setting up libalgorithm-merge-perl (0.08-3) ...
TestTerraformPackerExample 2018-06-02T14:29:55+02:00 command.go:96: 1527942595,,ui,message,    ubuntu-ami: Setting up libfile-fcntllock-perl (0.22-3) ...
TestTerraformSshExample 2018-06-02T14:29:55+02:00 command.go:96: [0m[1maws_instance.example_private: Still destroying... (ID: i-03c2e31e59316c2cc, 40s elapsed)[0m[0m
TestTerraformSshExample 2018-06-02T14:29:55+02:00 command.go:96: [0m[1maws_instance.example_public: Still destroying... (ID: i-01b4d00351372b2d2, 40s elapsed)[0m[0m
TestTerraformPackerExample 2018-06-02T14:29:56+02:00 command.go:96: 1527942596,,ui,message,    ubuntu-ami: Setting up libgmpxx4ldbl:amd64 (2:6.1.0+dfsg-2) ...
TestTerraformPackerExample 2018-06-02T14:29:56+02:00 command.go:96: 1527942596,,ui,message,    ubuntu-ami: Setting up libgmp-dev:amd64 (2:6.1.0+dfsg-2) ...
TestTerraformPackerExample 2018-06-02T14:29:56+02:00 command.go:96: 1527942596,,ui,message,    ubuntu-ami: Setting up libjs-jquery (1.11.3+dfsg-4) ...
TestTerraformPackerExample 2018-06-02T14:29:56+02:00 command.go:96: 1527942596,,ui,message,    ubuntu-ami: Setting up manpages-dev (4.04-2) ...
TestTerraformPackerExample 2018-06-02T14:29:56+02:00 command.go:96: 1527942596,,ui,message,    ubuntu-ami: Setting up rubygems-integration (1.10) ...
TestTerraformPackerExample 2018-06-02T14:29:56+02:00 command.go:96: 1527942596,,ui,message,    ubuntu-ami: Setting up ruby-did-you-mean (1.0.0-2) ...
TestTerraformPackerExample 2018-06-02T14:29:56+02:00 command.go:96: 1527942596,,ui,message,    ubuntu-ami: Setting up ruby-minitest (5.8.4-2) ...
TestTerraformPackerExample 2018-06-02T14:29:56+02:00 command.go:96: 1527942596,,ui,message,    ubuntu-ami: Setting up ruby-net-telnet (0.1.1-2) ...
TestTerraformPackerExample 2018-06-02T14:29:56+02:00 command.go:96: 1527942596,,ui,message,    ubuntu-ami: Setting up ruby-power-assert (0.2.7-1) ...
TestTerraformPackerExample 2018-06-02T14:29:56+02:00 command.go:96: 1527942596,,ui,message,    ubuntu-ami: Setting up ruby-test-unit (3.1.7-2) ...
TestTerraformPackerExample 2018-06-02T14:29:56+02:00 command.go:96: 1527942596,,ui,message,    ubuntu-ami: Setting up unzip (6.0-20ubuntu1) ...
TestTerraformPackerExample 2018-06-02T14:29:56+02:00 command.go:96: 1527942596,,ui,message,    ubuntu-ami: Setting up zip (3.0-11) ...
TestTerraformPackerExample 2018-06-02T14:29:56+02:00 command.go:96: 1527942596,,ui,message,    ubuntu-ami: Setting up zlib1g-dev:amd64 (1:1.2.8.dfsg-2ubuntu4.1) ...
TestTerraformPackerExample 2018-06-02T14:29:56+02:00 command.go:96: 1527942596,,ui,message,    ubuntu-ami: Setting up libruby2.3:amd64 (2.3.1-2~16.04.9) ...
TestTerraformPackerExample 2018-06-02T14:29:56+02:00 command.go:96: 1527942596,,ui,message,    ubuntu-ami: Setting up ruby2.3 (2.3.1-2~16.04.9) ...
TestTerraformPackerExample 2018-06-02T14:29:56+02:00 command.go:96: 1527942596,,ui,message,    ubuntu-ami: Setting up ruby2.3-dev:amd64 (2.3.1-2~16.04.9) ...
TestTerraformPackerExample 2018-06-02T14:29:56+02:00 command.go:96: 1527942596,,ui,message,    ubuntu-ami: Setting up ruby-dev:amd64 (1:2.3.0+1) ...
TestTerraformPackerExample 2018-06-02T14:29:56+02:00 command.go:96: 1527942596,,ui,message,    ubuntu-ami: Setting up ruby (1:2.3.0+1) ...
TestTerraformPackerExample 2018-06-02T14:29:56+02:00 command.go:96: 1527942596,,ui,message,    ubuntu-ami: Setting up rake (10.5.0-2) ...
TestTerraformPackerExample 2018-06-02T14:29:56+02:00 command.go:96: 1527942596,,ui,message,    ubuntu-ami: Processing triggers for libc-bin (2.23-0ubuntu10) ...
TestTerraformPackerExample 2018-06-02T14:29:57+02:00 command.go:96: 1527942597,,ui,message,    ubuntu-ami: Installing Sinatra
TestTerraformPackerExample 2018-06-02T14:29:57+02:00 command.go:96: 1527942597,,ui,message,    ubuntu-ami: Successfully installed rack-2.0.5
TestTerraformPackerExample 2018-06-02T14:29:57+02:00 command.go:96: 1527942597,,ui,message,    ubuntu-ami: Successfully installed tilt-2.0.8
TestTerraformPackerExample 2018-06-02T14:29:57+02:00 command.go:96: 1527942597,,ui,message,    ubuntu-ami: Successfully installed rack-protection-2.0.1
TestTerraformPackerExample 2018-06-02T14:29:57+02:00 command.go:96: 1527942597,,ui,message,    ubuntu-ami: Successfully installed mustermann-1.0.2
TestTerraformPackerExample 2018-06-02T14:29:57+02:00 command.go:96: 1527942597,,ui,message,    ubuntu-ami: Successfully installed sinatra-2.0.1
TestTerraformPackerExample 2018-06-02T14:29:57+02:00 command.go:96: 1527942597,,ui,message,    ubuntu-ami: Building native extensions.  This could take a while...
TestTerraformAwsExample 2018-06-02T14:29:58+02:00 command.go:96: [0m[1maws_instance.example: Still destroying... (ID: i-0ad18908d853241c1, 20s elapsed)[0m[0m
TestTerraformHttpExample 2018-06-02T14:29:59+02:00 command.go:96: [0m[1maws_instance.example: Still destroying... (ID: i-011a32e88f510e8e1, 40s elapsed)[0m[0m
TestTerraformPackerExample 2018-06-02T14:29:59+02:00 command.go:96: 1527942599,,ui,message,    ubuntu-ami: Successfully installed json-2.1.0
TestTerraformPackerExample 2018-06-02T14:29:59+02:00 command.go:96: 1527942599,,ui,message,    ubuntu-ami: 6 gems installed
TestTerraformPackerExample 2018-06-02T14:29:59+02:00 command.go:96: 1527942599,,ui,message,    ubuntu-ami: Moving /tmp/packer-docker-example/app.rb to /home/ubuntu/app.rb
TestTerraformPackerExample 2018-06-02T14:30:00+02:00 command.go:96: 1527942600,,ui,say,==> ubuntu-ami: Stopping the source instance...
TestTerraformPackerExample 2018-06-02T14:30:00+02:00 command.go:96: 1527942600,,ui,message,    ubuntu-ami: Stopping instance%!(PACKER_COMMA) attempt 1
TestTerraformPackerExample 2018-06-02T14:30:01+02:00 command.go:96: 1527942601,,ui,say,==> ubuntu-ami: Waiting for the instance to stop...
TestTerraformRedeployExample 2018-06-02T14:30:03+02:00 command.go:96: [0m[1maws_alb.web_servers: Still creating... (1m30s elapsed)[0m[0m
TestTerraformSshExample 2018-06-02T14:30:05+02:00 command.go:96: [0m[1maws_instance.example_public: Still destroying... (ID: i-01b4d00351372b2d2, 50s elapsed)[0m[0m
TestTerraformSshExample 2018-06-02T14:30:05+02:00 command.go:96: [0m[1maws_instance.example_private: Still destroying... (ID: i-03c2e31e59316c2cc, 50s elapsed)[0m[0m
TestTerraformSshExample 2018-06-02T14:30:06+02:00 command.go:96: [0m[1maws_instance.example_private: Destruction complete after 51s[0m[0m
TestTerraformSshExample 2018-06-02T14:30:06+02:00 command.go:96: [0m[1maws_instance.example_public: Destruction complete after 51s[0m[0m
TestTerraformSshExample 2018-06-02T14:30:06+02:00 command.go:96: [0m[1maws_security_group.example: Destroying... (ID: sg-410d852a)[0m[0m
TestTerraformSshExample 2018-06-02T14:30:07+02:00 command.go:96: [0m[1maws_security_group.example: Destruction complete after 0s[0m[0m
TestTerraformSshExample 2018-06-02T14:30:07+02:00 command.go:96: [0m[1m[32m
TestTerraformSshExample 2018-06-02T14:30:07+02:00 command.go:96: Destroy complete! Resources: 3 destroyed.[0m
TestTerraformSshExample 2018-06-02T14:30:07+02:00 save_test_data.go:159: Loading test data from ../examples/terraform-ssh-example/.test-data/Ec2KeyPair.json
TestTerraformSshExample 2018-06-02T14:30:07+02:00 keypair.go:79: Deleting Key Pair in EC2 region eu-west-2 named terratest-ssh-example-ywcM4R
--- PASS: TestTerraformSshExample (122.64s)
	save_test_data.go:143: Marshalled JSON: {"TerraformDir":"../examples/terraform-ssh-example","Vars":{"aws_region":"eu-west-2","instance_name":"terratest-ssh-example-ywcM4R","key_pair_name":"terratest-ssh-example-ywcM4R"},"EnvVars":null,"RetryableTerraformErrors":null,"MaxRetries":0,"TimeBetweenRetries":0}
	save_test_data.go:143: Marshalled JSON: {"PublicKey":"ssh-rsa AAAAB3NzaC1yc2EAAAADAQABAAABAQDRQHSTG3+m3T7PHxYfm5WHFVZZjHDCOx72TqS59dt0u7wqDfkdbPT7HTJPs6/W5NWxz2Kv21MJCMdyg9klsIFu65IxzCIxIlLBJGdeHYudOIMKIor6KC12vcFWSIDZBbYLad1f3rPJfh6eQKscoWDVr+wrdIHjWDywuEPO89ePEi9kJUTtxEZAX9hSBo8reifyBtHsrxEgc5JVpUCRiwnFMOc20mh1+X1SbmBxvTT2q41yILV/XHhINAFouTyXCx2RIr+MPkd4RLbYgD8YlT/DlG1lKnNKdSQfrE3oy2HC6xHLQnHG22AK7t3UAnPU648FmgQuDMWz0Ip6QuERJNId\n","PrivateKey":"-----BEGIN RSA PRIVATE KEY-----\nMIIEowIBAAKCAQEA0UB0kxt/pt0+zx8WH5uVhxVWWYxwwjse9k6kufXbdLu8Kg35\nHWz0+x0yT7Ov1uTVsc9ir9tTCQjHcoPZJbCBbuuSMcwiMSJSwSRnXh2LnTiDCiKK\n+igtdr3BVkiA2QW2C2ndX96zyX4enkCrHKFg1a/sK3SB41g8sLhDzvPXjxIvZCVE\n7cRGQF/YUgaPK3on8gbR7K8RIHOSVaVAkYsJxTDnNtJodfl9Um5gcb009quNciC1\nf1x4SDQBaLk8lwsdkSK/jD5HeES22IA/GJU/w5RtZSpzSnUkH6xN6MthwusRy0Jx\nxttgCu7d1AJz1OuPBZoELgzFs9CKekLhESTSHQIDAQABAoIBAH0uGA8hNj52wOpb\naHrEMrG7HAs6LwKjJ6Sl63msEPtGjAyEi3EFC5FmKADyN9FQ2F4k+J7HkGcpL1fc\ndH1NmEDpAG519kZ6iBMvWf89oZYOhqX7gDSi8H/GiPC7MwmhlwRA8sQ1kEyL/Hkj\nqrnX+Pwc4CYm7sU4tiXqNfaKfXwCiQ7zgijzg6UJxSAB+IugbVdZXASpShLRD8BT\nsZnxyxn5TBiH95lnZvZzGjQjJAq87TBQzTc7fx5EJMb0xMzxBSsDhnS/37HyVfAe\nVusghRFciXcgCNaGx22qvot0UMCQkhBsJ1jv6aaEUiIHmuAlqHmVwBhWmMiylU6o\n8H3s5sECgYEA1E2YIBsjfOLvljJZu8gKzrh92+ybXcplxUZtMA6lAt052nQNQLpA\no9KL1YgWzheD6Tvvv1ty/VLpzDR75gaHFREIR8ZnIU0A7lMTUKEm52iFzvclE8iH\nFKA29EEY1RiqRvmTHi/xLSm7BzRIdYHrzK5FH6GLlHPZCCR4lBZsB1UCgYEA/FIV\nq7i4f4z3AJgPmiOvwBSms2/yYbPFxpKwmgOnRUPznWSS0vhPcjpo0DW8whCn8uYB\n9uJqVVlhbvHczlHLIH1vTdZ9IQMEG3UWLBwL1o+SIgegek0o++tQPAkTEaDa2QwS\nPRTS26rZpamgjFT0V2DCR2gXTQS1TH8zDeXOD6kCgYEAwtosw1rlKVxHtTylKzog\n4TZnHZB90IlQ+sz2reLjBEvzK1LUTxIi/bjiaqsq8yCWC1zdYG4YjfSpbKjHBon7\nNRSa2vV39hJsxlAtLBWcVUuTdC9VMmEbyYx6o5eTqRGoRtgNdOlfm6nvZF9SGbeS\nqhtQigWEzE2/Zj/DA3fI0rkCgYAooyPAW2jDijWBz/u7TIISwoCyp5X27FgvChMN\nSwdWnYIP2FHZToqlEAkvd2gmLT6PXUH1vDN5+YI6txNj20KGwgz6EVBnz6+KqIng\nose5T7guaOIMsH6oTBbJBIEgtrJogIwzcDYhkNuq1a34y/nqVLgVfgs6qUZ1woq7\nc0aDuQKBgAVgfemkdLvRXPqON7y3CpNKzM04ZuT+BzJxgU9fqycbmrU4g3uvXXcB\nDOd7cmZBGeHvEurki1Z4n2+kqAifRLNmCBMaQfx1n3U3UNNZSBp+vc0Fo5mneX5X\nplKWONyqUrL4NUXRVX8O0JlBgBm3+aQYT3fmjyTYqG4kEXZHkA/z\n-----END RSA PRIVATE KEY-----\n","Name":"terratest-ssh-example-ywcM4R","Region":"eu-west-2"}
TestTerraformAwsExample 2018-06-02T14:30:08+02:00 command.go:96: [0m[1maws_instance.example: Still destroying... (ID: i-0ad18908d853241c1, 30s elapsed)[0m[0m
TestTerraformHttpExample 2018-06-02T14:30:09+02:00 command.go:96: [0m[1maws_instance.example: Still destroying... (ID: i-011a32e88f510e8e1, 50s elapsed)[0m[0m
TestTerraformHttpExample 2018-06-02T14:30:09+02:00 command.go:96: [0m[1maws_instance.example: Destruction complete after 51s[0m[0m
TestTerraformHttpExample 2018-06-02T14:30:09+02:00 command.go:96: [0m[1maws_security_group.example: Destroying... (ID: sg-430d8528)[0m[0m
TestTerraformHttpExample 2018-06-02T14:30:10+02:00 command.go:96: [0m[1maws_security_group.example: Destruction complete after 0s[0m[0m
TestTerraformHttpExample 2018-06-02T14:30:10+02:00 command.go:96: [0m[1m[32m
TestTerraformHttpExample 2018-06-02T14:30:10+02:00 command.go:96: Destroy complete! Resources: 2 destroyed.[0m
--- PASS: TestTerraformHttpExample (125.32s)
TestTerraformRedeployExample 2018-06-02T14:30:13+02:00 command.go:96: [0m[1maws_alb.web_servers: Still creating... (1m40s elapsed)[0m[0m
TestTerraformAwsExample 2018-06-02T14:30:18+02:00 command.go:96: [0m[1maws_instance.example: Still destroying... (ID: i-0ad18908d853241c1, 40s elapsed)[0m[0m
TestTerraformRedeployExample 2018-06-02T14:30:23+02:00 command.go:96: [0m[1maws_alb.web_servers: Still creating... (1m50s elapsed)[0m[0m
TestPackerBasicExample 2018-06-02T14:30:26+02:00 command.go:96: 1527942626,,ui,say,==> amazon-ebs: Modifying attributes on AMI (ami-f60f3093)...
TestPackerBasicExample 2018-06-02T14:30:26+02:00 command.go:96: 1527942626,,ui,message,    amazon-ebs: Modifying: description
TestPackerBasicExample 2018-06-02T14:30:26+02:00 command.go:96: 1527942626,,ui,say,==> amazon-ebs: Modifying attributes on snapshot (snap-06ddd6d3b752593dd)...
TestPackerBasicExample 2018-06-02T14:30:26+02:00 command.go:96: 1527942626,,ui,say,==> amazon-ebs: Terminating the source AWS instance...
TestTerraformAwsExample 2018-06-02T14:30:28+02:00 command.go:96: [0m[1maws_instance.example: Still destroying... (ID: i-0ad18908d853241c1, 50s elapsed)[0m[0m
TestTerraformRedeployExample 2018-06-02T14:30:33+02:00 command.go:96: [0m[1maws_alb.web_servers: Still creating... (2m0s elapsed)[0m[0m
TestPackerBasicExample 2018-06-02T14:30:34+02:00 command.go:96: 1527942634,,ui,say,==> amazon-ebs: Cleaning up any extra volumes...
TestPackerBasicExample 2018-06-02T14:30:34+02:00 command.go:96: 1527942634,,ui,say,==> amazon-ebs: No volumes to clean up%!(PACKER_COMMA) skipping
TestPackerBasicExample 2018-06-02T14:30:34+02:00 command.go:96: 1527942634,,ui,say,==> amazon-ebs: Deleting temporary security group...
TestPackerBasicExample 2018-06-02T14:30:34+02:00 command.go:96: 1527942634,,ui,say,==> amazon-ebs: Deleting temporary keypair...
TestPackerBasicExample 2018-06-02T14:30:34+02:00 command.go:96: 1527942634,,ui,say,Build 'amazon-ebs' finished.
TestPackerBasicExample 2018-06-02T14:30:34+02:00 command.go:96: 1527942634,,ui,say,\n==> Builds finished. The artifacts of successful builds are:
TestPackerBasicExample 2018-06-02T14:30:34+02:00 command.go:96: 1527942634,amazon-ebs,artifact-count,1
TestPackerBasicExample 2018-06-02T14:30:34+02:00 command.go:96: 1527942634,amazon-ebs,artifact,0,builder-id,mitchellh.amazonebs
TestPackerBasicExample 2018-06-02T14:30:34+02:00 command.go:96: 1527942634,amazon-ebs,artifact,0,id,us-east-2:ami-f60f3093
TestPackerBasicExample 2018-06-02T14:30:34+02:00 command.go:96: 1527942634,amazon-ebs,artifact,0,string,AMIs were created:\nus-east-2: ami-f60f3093\n
TestPackerBasicExample 2018-06-02T14:30:34+02:00 command.go:96: 1527942634,amazon-ebs,artifact,0,files-count,0
TestPackerBasicExample 2018-06-02T14:30:34+02:00 command.go:96: 1527942634,amazon-ebs,artifact,0,end
TestPackerBasicExample 2018-06-02T14:30:34+02:00 command.go:96: 1527942634,,ui,say,--> amazon-ebs: AMIs were created:\nus-east-2: ami-f60f3093\n
TestPackerBasicExample 2018-06-02T14:30:35+02:00 ec2.go:156: Deregistering AMI ami-f60f3093
--- PASS: TestPackerBasicExample (151.51s)
TestTerraformAwsExample 2018-06-02T14:30:38+02:00 command.go:96: [0m[1maws_instance.example: Still destroying... (ID: i-0ad18908d853241c1, 1m0s elapsed)[0m[0m
TestTerraformAwsExample 2018-06-02T14:30:38+02:00 command.go:96: [0m[1maws_instance.example: Destruction complete after 1m1s[0m[0m
TestTerraformAwsExample 2018-06-02T14:30:39+02:00 command.go:96: [0m[1m[32m
TestTerraformAwsExample 2018-06-02T14:30:39+02:00 command.go:96: Destroy complete! Resources: 1 destroyed.[0m
--- PASS: TestTerraformAwsExample (153.84s)
TestTerraformRedeployExample 2018-06-02T14:30:43+02:00 command.go:96: [0m[1maws_alb.web_servers: Still creating... (2m10s elapsed)[0m[0m
TestTerraformRedeployExample 2018-06-02T14:30:53+02:00 command.go:96: [0m[1maws_alb.web_servers: Still creating... (2m20s elapsed)[0m[0m
TestTerraformRedeployExample 2018-06-02T14:31:01+02:00 command.go:96: [0m[1maws_alb.web_servers: Creation complete after 2m28s (ID: arn:aws:elasticloadbalancing:eu-west-1:.../redeploy-test-V7X9hL/54f89d7604a68165)[0m[0m
TestTerraformRedeployExample 2018-06-02T14:31:01+02:00 command.go:96: [0m[1maws_alb_target_group.web_servers: Creating...[0m
TestTerraformRedeployExample 2018-06-02T14:31:01+02:00 command.go:96:   arn:                                "" => "<computed>"
TestTerraformRedeployExample 2018-06-02T14:31:01+02:00 command.go:96:   arn_suffix:                         "" => "<computed>"
TestTerraformRedeployExample 2018-06-02T14:31:01+02:00 command.go:96:   deregistration_delay:               "" => "10"
TestTerraformRedeployExample 2018-06-02T14:31:01+02:00 command.go:96:   health_check.#:                     "" => "1"
TestTerraformRedeployExample 2018-06-02T14:31:01+02:00 command.go:96:   health_check.0.healthy_threshold:   "" => "2"
TestTerraformRedeployExample 2018-06-02T14:31:01+02:00 command.go:96:   health_check.0.interval:            "" => "15"
TestTerraformRedeployExample 2018-06-02T14:31:01+02:00 command.go:96:   health_check.0.matcher:             "" => "<computed>"
TestTerraformRedeployExample 2018-06-02T14:31:01+02:00 command.go:96:   health_check.0.path:                "" => "/"
TestTerraformRedeployExample 2018-06-02T14:31:01+02:00 command.go:96:   health_check.0.port:                "" => "traffic-port"
TestTerraformRedeployExample 2018-06-02T14:31:01+02:00 command.go:96:   health_check.0.protocol:            "" => "HTTP"
TestTerraformRedeployExample 2018-06-02T14:31:01+02:00 command.go:96:   health_check.0.timeout:             "" => "5"
TestTerraformRedeployExample 2018-06-02T14:31:01+02:00 command.go:96:   health_check.0.unhealthy_threshold: "" => "2"
TestTerraformRedeployExample 2018-06-02T14:31:01+02:00 command.go:96:   name:                               "" => "redeploy-test-V7X9hL"
TestTerraformRedeployExample 2018-06-02T14:31:01+02:00 command.go:96:   port:                               "" => "8080"
TestTerraformRedeployExample 2018-06-02T14:31:01+02:00 command.go:96:   protocol:                           "" => "HTTP"
TestTerraformRedeployExample 2018-06-02T14:31:01+02:00 command.go:96:   proxy_protocol_v2:                  "" => "false"
TestTerraformRedeployExample 2018-06-02T14:31:01+02:00 command.go:96:   slow_start:                         "" => "0"
TestTerraformRedeployExample 2018-06-02T14:31:01+02:00 command.go:96:   stickiness.#:                       "" => "<computed>"
TestTerraformRedeployExample 2018-06-02T14:31:01+02:00 command.go:96:   target_type:                        "" => "instance"
TestTerraformRedeployExample 2018-06-02T14:31:01+02:00 command.go:96:   vpc_id:                             "" => "vpc-851731e1"[0m
TestTerraformRedeployExample 2018-06-02T14:31:03+02:00 command.go:96: [0m[1maws_alb_target_group.web_servers: Creation complete after 2s (ID: arn:aws:elasticloadbalancing:eu-west-1:.../redeploy-test-V7X9hL/431bd458f1687ba0)[0m[0m
TestTerraformRedeployExample 2018-06-02T14:31:03+02:00 command.go:96: [0m[1maws_alb_listener.http: Creating...[0m
TestTerraformRedeployExample 2018-06-02T14:31:03+02:00 command.go:96:   arn:                               "" => "<computed>"
TestTerraformRedeployExample 2018-06-02T14:31:03+02:00 command.go:96:   default_action.#:                  "" => "1"
TestTerraformRedeployExample 2018-06-02T14:31:03+02:00 command.go:96:   default_action.0.target_group_arn: "" => "arn:aws:elasticloadbalancing:eu-west-1:814024550722:targetgroup/redeploy-test-V7X9hL/431bd458f1687ba0"
TestTerraformRedeployExample 2018-06-02T14:31:03+02:00 command.go:96:   default_action.0.type:             "" => "forward"
TestTerraformRedeployExample 2018-06-02T14:31:03+02:00 command.go:96:   load_balancer_arn:                 "" => "arn:aws:elasticloadbalancing:eu-west-1:814024550722:loadbalancer/app/redeploy-test-V7X9hL/54f89d7604a68165"
TestTerraformRedeployExample 2018-06-02T14:31:03+02:00 command.go:96:   port:                              "" => "80"
TestTerraformRedeployExample 2018-06-02T14:31:03+02:00 command.go:96:   protocol:                          "" => "HTTP"
TestTerraformRedeployExample 2018-06-02T14:31:03+02:00 command.go:96:   ssl_policy:                        "" => "<computed>"[0m
TestTerraformRedeployExample 2018-06-02T14:31:03+02:00 command.go:96: [0m[1maws_alb_listener.http: Creation complete after 1s (ID: arn:aws:elasticloadbalancing:eu-west-1:...X9hL/54f89d7604a68165/9c88499680beec4b)[0m[0m
TestTerraformRedeployExample 2018-06-02T14:31:03+02:00 command.go:96: [0m[1maws_alb_listener_rule.send_all_to_web_servers: Creating...[0m
TestTerraformRedeployExample 2018-06-02T14:31:03+02:00 command.go:96:   action.#:                      "" => "1"
TestTerraformRedeployExample 2018-06-02T14:31:03+02:00 command.go:96:   action.0.target_group_arn:     "" => "arn:aws:elasticloadbalancing:eu-west-1:814024550722:targetgroup/redeploy-test-V7X9hL/431bd458f1687ba0"
TestTerraformRedeployExample 2018-06-02T14:31:03+02:00 command.go:96:   action.0.type:                 "" => "forward"
TestTerraformRedeployExample 2018-06-02T14:31:03+02:00 command.go:96:   arn:                           "" => "<computed>"
TestTerraformRedeployExample 2018-06-02T14:31:03+02:00 command.go:96:   condition.#:                   "" => "1"
TestTerraformRedeployExample 2018-06-02T14:31:03+02:00 command.go:96:   condition.1746742835.field:    "" => "path-pattern"
TestTerraformRedeployExample 2018-06-02T14:31:03+02:00 command.go:96:   condition.1746742835.values.#: "" => "1"
TestTerraformRedeployExample 2018-06-02T14:31:03+02:00 command.go:96:   condition.1746742835.values.0: "" => "*"
TestTerraformRedeployExample 2018-06-02T14:31:03+02:00 command.go:96:   listener_arn:                  "" => "arn:aws:elasticloadbalancing:eu-west-1:814024550722:listener/app/redeploy-test-V7X9hL/54f89d7604a68165/9c88499680beec4b"
TestTerraformRedeployExample 2018-06-02T14:31:03+02:00 command.go:96:   priority:                      "" => "100"[0m
TestTerraformRedeployExample 2018-06-02T14:31:03+02:00 command.go:96: [0m[1maws_autoscaling_group.web_servers: Creating...[0m
TestTerraformRedeployExample 2018-06-02T14:31:03+02:00 command.go:96:   arn:                                "" => "<computed>"
TestTerraformRedeployExample 2018-06-02T14:31:03+02:00 command.go:96:   default_cooldown:                   "" => "<computed>"
TestTerraformRedeployExample 2018-06-02T14:31:03+02:00 command.go:96:   desired_capacity:                   "" => "3"
TestTerraformRedeployExample 2018-06-02T14:31:03+02:00 command.go:96:   force_delete:                       "" => "false"
TestTerraformRedeployExample 2018-06-02T14:31:03+02:00 command.go:96:   health_check_grace_period:          "" => "300"
TestTerraformRedeployExample 2018-06-02T14:31:03+02:00 command.go:96:   health_check_type:                  "" => "ELB"
TestTerraformRedeployExample 2018-06-02T14:31:03+02:00 command.go:96:   launch_configuration:               "" => "terraform-20180602122834468600000001"
TestTerraformRedeployExample 2018-06-02T14:31:03+02:00 command.go:96:   load_balancers.#:                   "" => "<computed>"
TestTerraformRedeployExample 2018-06-02T14:31:03+02:00 command.go:96:   max_size:                           "" => "3"
TestTerraformRedeployExample 2018-06-02T14:31:03+02:00 command.go:96:   metrics_granularity:                "" => "1Minute"
TestTerraformRedeployExample 2018-06-02T14:31:03+02:00 command.go:96:   min_elb_capacity:                   "" => "3"
TestTerraformRedeployExample 2018-06-02T14:31:03+02:00 command.go:96:   min_size:                           "" => "3"
TestTerraformRedeployExample 2018-06-02T14:31:03+02:00 command.go:96:   name:                               "" => "terraform-20180602122834468600000001"
TestTerraformRedeployExample 2018-06-02T14:31:03+02:00 command.go:96:   protect_from_scale_in:              "" => "false"
TestTerraformRedeployExample 2018-06-02T14:31:03+02:00 command.go:96:   service_linked_role_arn:            "" => "<computed>"
TestTerraformRedeployExample 2018-06-02T14:31:03+02:00 command.go:96:   tag.#:                              "" => "1"
TestTerraformRedeployExample 2018-06-02T14:31:03+02:00 command.go:96:   tag.3405262604.key:                 "" => "Name"
TestTerraformRedeployExample 2018-06-02T14:31:03+02:00 command.go:96:   tag.3405262604.propagate_at_launch: "" => "true"
TestTerraformRedeployExample 2018-06-02T14:31:03+02:00 command.go:96:   tag.3405262604.value:               "" => "redeploy-test-V7X9hL"
TestTerraformRedeployExample 2018-06-02T14:31:03+02:00 command.go:96:   target_group_arns.#:                "" => "1"
TestTerraformRedeployExample 2018-06-02T14:31:03+02:00 command.go:96:   target_group_arns.3255687746:       "" => "arn:aws:elasticloadbalancing:eu-west-1:814024550722:targetgroup/redeploy-test-V7X9hL/431bd458f1687ba0"
TestTerraformRedeployExample 2018-06-02T14:31:03+02:00 command.go:96:   vpc_zone_identifier.#:              "" => "3"
TestTerraformRedeployExample 2018-06-02T14:31:03+02:00 command.go:96:   vpc_zone_identifier.1885255111:     "" => "subnet-0e4c3e56"
TestTerraformRedeployExample 2018-06-02T14:31:03+02:00 command.go:96:   vpc_zone_identifier.1965569355:     "" => "subnet-55251431"
TestTerraformRedeployExample 2018-06-02T14:31:03+02:00 command.go:96:   vpc_zone_identifier.2857832009:     "" => "subnet-17467361"
TestTerraformRedeployExample 2018-06-02T14:31:03+02:00 command.go:96:   wait_for_capacity_timeout:          "" => "10m"[0m
TestTerraformRedeployExample 2018-06-02T14:31:04+02:00 command.go:96: [0m[1maws_alb_listener_rule.send_all_to_web_servers: Creation complete after 0s (ID: arn:aws:elasticloadbalancing:eu-west-1:...8165/9c88499680beec4b/95103b258a48cadd)[0m[0m
TestTerraformPackerExample 2018-06-02T14:31:09+02:00 command.go:96: 1527942669,,ui,say,==> ubuntu-ami: Creating the AMI: terratest-packer-docker-example-2018-06-02T12-28-06Z
TestTerraformPackerExample 2018-06-02T14:31:10+02:00 command.go:96: 1527942670,,ui,message,    ubuntu-ami: AMI: ami-62b0891e
TestTerraformPackerExample 2018-06-02T14:31:10+02:00 command.go:96: 1527942670,,ui,say,==> ubuntu-ami: Waiting for AMI to become ready...
TestTerraformRedeployExample 2018-06-02T14:31:13+02:00 command.go:96: [0m[1maws_autoscaling_group.web_servers: Still creating... (10s elapsed)[0m[0m
TestTerraformRedeployExample 2018-06-02T14:31:23+02:00 command.go:96: [0m[1maws_autoscaling_group.web_servers: Still creating... (20s elapsed)[0m[0m
TestTerraformRedeployExample 2018-06-02T14:31:33+02:00 command.go:96: [0m[1maws_autoscaling_group.web_servers: Still creating... (30s elapsed)[0m[0m
TestTerraformRedeployExample 2018-06-02T14:31:43+02:00 command.go:96: [0m[1maws_autoscaling_group.web_servers: Still creating... (40s elapsed)[0m[0m
TestTerraformRedeployExample 2018-06-02T14:31:53+02:00 command.go:96: [0m[1maws_autoscaling_group.web_servers: Still creating... (50s elapsed)[0m[0m
TestTerraformPackerExample 2018-06-02T14:31:57+02:00 command.go:96: 1527942717,,ui,say,==> ubuntu-ami: Modifying attributes on AMI (ami-62b0891e)...
TestTerraformPackerExample 2018-06-02T14:31:57+02:00 command.go:96: 1527942717,,ui,message,    ubuntu-ami: Modifying: description
TestTerraformPackerExample 2018-06-02T14:31:57+02:00 command.go:96: 1527942717,,ui,say,==> ubuntu-ami: Modifying attributes on snapshot (snap-0ebc2fdcbf72abdc3)...
TestTerraformPackerExample 2018-06-02T14:31:57+02:00 command.go:96: 1527942717,,ui,say,==> ubuntu-ami: Terminating the source AWS instance...
TestTerraformRedeployExample 2018-06-02T14:32:03+02:00 command.go:96: [0m[1maws_autoscaling_group.web_servers: Still creating... (1m0s elapsed)[0m[0m
TestTerraformPackerExample 2018-06-02T14:32:06+02:00 command.go:96: 1527942726,,ui,say,==> ubuntu-ami: Cleaning up any extra volumes...
TestTerraformRedeployExample 2018-06-02T14:32:06+02:00 command.go:96: [0m[1maws_autoscaling_group.web_servers: Creation complete after 1m3s (ID: terraform-20180602122834468600000001)[0m[0m
TestTerraformRedeployExample 2018-06-02T14:32:06+02:00 command.go:96: [0m[1m[32m
TestTerraformRedeployExample 2018-06-02T14:32:06+02:00 command.go:96: Apply complete! Resources: 12 added, 0 changed, 0 destroyed.[0m
TestTerraformRedeployExample 2018-06-02T14:32:06+02:00 command.go:96: [0m[1m[32m
TestTerraformRedeployExample 2018-06-02T14:32:06+02:00 command.go:96: Outputs:
TestTerraformRedeployExample 2018-06-02T14:32:06+02:00 command.go:96: 
TestTerraformRedeployExample 2018-06-02T14:32:06+02:00 command.go:96: alb_dns_name = redeploy-test-V7X9hL-1612592690.eu-west-1.elb.amazonaws.com
TestTerraformRedeployExample 2018-06-02T14:32:06+02:00 command.go:96: asg_name = terraform-20180602122834468600000001
TestTerraformRedeployExample 2018-06-02T14:32:06+02:00 command.go:96: url = http://redeploy-test-V7X9hL-1612592690.eu-west-1.elb.amazonaws.com:80[0m
TestTerraformRedeployExample 2018-06-02T14:32:06+02:00 test_structure.go:23: The 'SKIP_validate_initial' environment variable is not set, so executing stage 'validate_initial'.
TestTerraformRedeployExample 2018-06-02T14:32:06+02:00 save_test_data.go:159: Loading test data from ../examples/terraform-redeploy-example/.test-data/TerraformOptions.json
TestTerraformRedeployExample 2018-06-02T14:32:06+02:00 retry.go:69: Running terraform [output -no-color url]
TestTerraformRedeployExample 2018-06-02T14:32:06+02:00 command.go:52: Running command terraform with args [output -no-color url]
TestTerraformRedeployExample 2018-06-02T14:32:06+02:00 command.go:96: http://redeploy-test-V7X9hL-1612592690.eu-west-1.elb.amazonaws.com:80
TestTerraformRedeployExample 2018-06-02T14:32:06+02:00 retry.go:69: HTTP GET to URL http://redeploy-test-V7X9hL-1612592690.eu-west-1.elb.amazonaws.com:80
TestTerraformRedeployExample 2018-06-02T14:32:06+02:00 http_helper.go:27: Making an HTTP GET call to URL http://redeploy-test-V7X9hL-1612592690.eu-west-1.elb.amazonaws.com:80
TestTerraformPackerExample 2018-06-02T14:32:06+02:00 command.go:96: 1527942726,,ui,say,==> ubuntu-ami: No volumes to clean up%!(PACKER_COMMA) skipping
TestTerraformPackerExample 2018-06-02T14:32:06+02:00 command.go:96: 1527942726,,ui,say,==> ubuntu-ami: Deleting temporary security group...
TestTerraformRedeployExample 2018-06-02T14:32:06+02:00 test_structure.go:23: The 'SKIP_validate_redeploy' environment variable is not set, so executing stage 'validate_redeploy'.
TestTerraformRedeployExample 2018-06-02T14:32:06+02:00 save_test_data.go:159: Loading test data from ../examples/terraform-redeploy-example/.test-data/TerraformOptions.json
TestTerraformRedeployExample 2018-06-02T14:32:06+02:00 save_test_data.go:132: Storing test data in ../examples/terraform-redeploy-example/.test-data/TerraformOptions.json so it can be reused later
TestTerraformRedeployExample 2018-06-02T14:32:06+02:00 save_test_data.go:135: [WARNING] The named test data at path ../examples/terraform-redeploy-example/.test-data/TerraformOptions.json is non-empty. Save operation will overwrite existing value with "&{../examples/terraform-redeploy-example map[aws_region:eu-west-1 instance_name:redeploy-test-V7X9hL instance_text:Hello, V7X9hL!-redeploy] map[] map[] 0 0s}".
.
TestTerraformRedeployExample 2018-06-02T14:32:06+02:00 retry.go:69: Running terraform [output -no-color url]
TestTerraformRedeployExample 2018-06-02T14:32:06+02:00 command.go:52: Running command terraform with args [output -no-color url]
TestTerraformRedeployExample 2018-06-02T14:32:06+02:00 command.go:96: http://redeploy-test-V7X9hL-1612592690.eu-west-1.elb.amazonaws.com:80
TestTerraformRedeployExample 2018-06-02T14:32:06+02:00 retry.go:69: Running terraform [apply -input=false -lock=false -auto-approve -var instance_text="Hello, V7X9hL!-redeploy" -var aws_region="eu-west-1" -var instance_name="redeploy-test-V7X9hL"]
TestTerraformRedeployExample 2018-06-02T14:32:06+02:00 command.go:52: Running command terraform with args [apply -input=false -lock=false -auto-approve -var instance_text="Hello, V7X9hL!-redeploy" -var aws_region="eu-west-1" -var instance_name="redeploy-test-V7X9hL"]
TestTerraformRedeployExample 2018-06-02T14:32:06+02:00 retry.go:105: Executing action 'Check URL http://redeploy-test-V7X9hL-1612592690.eu-west-1.elb.amazonaws.com:80'
TestTerraformRedeployExample 2018-06-02T14:32:06+02:00 http_helper.go:27: Making an HTTP GET call to URL http://redeploy-test-V7X9hL-1612592690.eu-west-1.elb.amazonaws.com:80
TestTerraformRedeployExample 2018-06-02T14:32:06+02:00 retry.go:109: Sleeping for 1s before repeating action 'Check URL http://redeploy-test-V7X9hL-1612592690.eu-west-1.elb.amazonaws.com:80'
TestTerraformPackerExample 2018-06-02T14:32:07+02:00 command.go:96: 1527942727,,ui,say,==> ubuntu-ami: Deleting temporary keypair...
TestTerraformRedeployExample 2018-06-02T14:32:07+02:00 command.go:96: [0m[1mdata.template_file.user_data: Refreshing state...[0m
TestTerraformPackerExample 2018-06-02T14:32:07+02:00 command.go:96: 1527942727,,ui,say,Build 'ubuntu-ami' finished.
TestTerraformPackerExample 2018-06-02T14:32:07+02:00 command.go:96: 1527942727,,ui,say,\n==> Builds finished. The artifacts of successful builds are:
TestTerraformPackerExample 2018-06-02T14:32:07+02:00 command.go:96: 1527942727,ubuntu-ami,artifact-count,1
TestTerraformPackerExample 2018-06-02T14:32:07+02:00 command.go:96: 1527942727,ubuntu-ami,artifact,0,builder-id,mitchellh.amazonebs
TestTerraformPackerExample 2018-06-02T14:32:07+02:00 command.go:96: 1527942727,ubuntu-ami,artifact,0,id,ap-southeast-1:ami-62b0891e
TestTerraformPackerExample 2018-06-02T14:32:07+02:00 command.go:96: 1527942727,ubuntu-ami,artifact,0,string,AMIs were created:\nap-southeast-1: ami-62b0891e\n
TestTerraformPackerExample 2018-06-02T14:32:07+02:00 command.go:96: 1527942727,ubuntu-ami,artifact,0,files-count,0
TestTerraformPackerExample 2018-06-02T14:32:07+02:00 command.go:96: 1527942727,ubuntu-ami,artifact,0,end
TestTerraformPackerExample 2018-06-02T14:32:07+02:00 command.go:96: 1527942727,,ui,say,--> ubuntu-ami: AMIs were created:\nap-southeast-1: ami-62b0891e\n
TestTerraformRedeployExample 2018-06-02T14:32:07+02:00 retry.go:105: Executing action 'Check URL http://redeploy-test-V7X9hL-1612592690.eu-west-1.elb.amazonaws.com:80'
TestTerraformRedeployExample 2018-06-02T14:32:07+02:00 http_helper.go:27: Making an HTTP GET call to URL http://redeploy-test-V7X9hL-1612592690.eu-west-1.elb.amazonaws.com:80
TestTerraformRedeployExample 2018-06-02T14:32:07+02:00 retry.go:109: Sleeping for 1s before repeating action 'Check URL http://redeploy-test-V7X9hL-1612592690.eu-west-1.elb.amazonaws.com:80'
TestTerraformPackerExample 2018-06-02T14:32:08+02:00 save_test_data.go:132: Storing test data in ../examples/terraform-packer-example/.test-data/AMI.json so it can be reused later
TestTerraformPackerExample 2018-06-02T14:32:08+02:00 test_structure.go:23: The 'SKIP_deploy_terraform' environment variable is not set, so executing stage 'deploy_terraform'.
TestTerraformPackerExample 2018-06-02T14:32:08+02:00 save_test_data.go:159: Loading test data from ../examples/terraform-packer-example/.test-data/AMI.json
TestTerraformPackerExample 2018-06-02T14:32:08+02:00 save_test_data.go:132: Storing test data in ../examples/terraform-packer-example/.test-data/TerraformOptions.json so it can be reused later
TestTerraformPackerExample 2018-06-02T14:32:08+02:00 retry.go:69: Running terraform [init]
TestTerraformPackerExample 2018-06-02T14:32:08+02:00 command.go:52: Running command terraform with args [init]
TestTerraformPackerExample 2018-06-02T14:32:08+02:00 command.go:96: 
TestTerraformPackerExample 2018-06-02T14:32:08+02:00 command.go:96: [0m[1mInitializing provider plugins...[0m
TestTerraformPackerExample 2018-06-02T14:32:08+02:00 command.go:96: - Checking for available provider plugins on https://releases.hashicorp.com...
TestTerraformRedeployExample 2018-06-02T14:32:08+02:00 retry.go:105: Executing action 'Check URL http://redeploy-test-V7X9hL-1612592690.eu-west-1.elb.amazonaws.com:80'
TestTerraformRedeployExample 2018-06-02T14:32:08+02:00 http_helper.go:27: Making an HTTP GET call to URL http://redeploy-test-V7X9hL-1612592690.eu-west-1.elb.amazonaws.com:80
TestTerraformPackerExample 2018-06-02T14:32:08+02:00 command.go:96: - Downloading plugin for provider "template" (1.0.0)...
TestTerraformRedeployExample 2018-06-02T14:32:08+02:00 retry.go:109: Sleeping for 1s before repeating action 'Check URL http://redeploy-test-V7X9hL-1612592690.eu-west-1.elb.amazonaws.com:80'
TestTerraformPackerExample 2018-06-02T14:32:09+02:00 command.go:96: - Downloading plugin for provider "aws" (1.21.0)...
TestTerraformRedeployExample 2018-06-02T14:32:09+02:00 retry.go:105: Executing action 'Check URL http://redeploy-test-V7X9hL-1612592690.eu-west-1.elb.amazonaws.com:80'
TestTerraformRedeployExample 2018-06-02T14:32:09+02:00 http_helper.go:27: Making an HTTP GET call to URL http://redeploy-test-V7X9hL-1612592690.eu-west-1.elb.amazonaws.com:80
TestTerraformRedeployExample 2018-06-02T14:32:10+02:00 retry.go:109: Sleeping for 1s before repeating action 'Check URL http://redeploy-test-V7X9hL-1612592690.eu-west-1.elb.amazonaws.com:80'
TestTerraformRedeployExample 2018-06-02T14:32:10+02:00 command.go:96: [0m[1mdata.aws_vpc.default: Refreshing state...[0m
TestTerraformRedeployExample 2018-06-02T14:32:10+02:00 command.go:96: [0m[1mdata.aws_ami.ubuntu: Refreshing state...[0m
TestTerraformRedeployExample 2018-06-02T14:32:11+02:00 retry.go:105: Executing action 'Check URL http://redeploy-test-V7X9hL-1612592690.eu-west-1.elb.amazonaws.com:80'
TestTerraformRedeployExample 2018-06-02T14:32:11+02:00 http_helper.go:27: Making an HTTP GET call to URL http://redeploy-test-V7X9hL-1612592690.eu-west-1.elb.amazonaws.com:80
TestTerraformRedeployExample 2018-06-02T14:32:11+02:00 retry.go:109: Sleeping for 1s before repeating action 'Check URL http://redeploy-test-V7X9hL-1612592690.eu-west-1.elb.amazonaws.com:80'
TestTerraformRedeployExample 2018-06-02T14:32:12+02:00 retry.go:105: Executing action 'Check URL http://redeploy-test-V7X9hL-1612592690.eu-west-1.elb.amazonaws.com:80'
TestTerraformRedeployExample 2018-06-02T14:32:12+02:00 http_helper.go:27: Making an HTTP GET call to URL http://redeploy-test-V7X9hL-1612592690.eu-west-1.elb.amazonaws.com:80
TestTerraformRedeployExample 2018-06-02T14:32:12+02:00 retry.go:109: Sleeping for 1s before repeating action 'Check URL http://redeploy-test-V7X9hL-1612592690.eu-west-1.elb.amazonaws.com:80'
TestTerraformRedeployExample 2018-06-02T14:32:13+02:00 command.go:96: [0m[1maws_security_group.web_server: Refreshing state... (ID: sg-1a720967)[0m
TestTerraformRedeployExample 2018-06-02T14:32:13+02:00 command.go:96: [0m[1maws_security_group.alb: Refreshing state... (ID: sg-856f14f8)[0m
TestTerraformRedeployExample 2018-06-02T14:32:13+02:00 command.go:96: [0m[1mdata.aws_subnet_ids.default: Refreshing state...[0m
TestTerraformRedeployExample 2018-06-02T14:32:13+02:00 command.go:96: [0m[1maws_security_group_rule.web_server_allow_http_inbound: Refreshing state... (ID: sgrule-1351009647)[0m
TestTerraformRedeployExample 2018-06-02T14:32:13+02:00 command.go:96: [0m[1maws_launch_configuration.web_servers: Refreshing state... (ID: terraform-20180602122834468600000001)[0m
TestTerraformRedeployExample 2018-06-02T14:32:13+02:00 command.go:96: [0m[1maws_security_group_rule.web_server_allow_all_outbound: Refreshing state... (ID: sgrule-1996835548)[0m
TestTerraformRedeployExample 2018-06-02T14:32:13+02:00 command.go:96: [0m[1maws_alb.web_servers: Refreshing state... (ID: arn:aws:elasticloadbalancing:eu-west-1:.../redeploy-test-V7X9hL/54f89d7604a68165)[0m
TestTerraformRedeployExample 2018-06-02T14:32:13+02:00 command.go:96: [0m[1maws_security_group_rule.alb_allow_http_inbound: Refreshing state... (ID: sgrule-820523160)[0m
TestTerraformRedeployExample 2018-06-02T14:32:13+02:00 command.go:96: [0m[1maws_security_group_rule.allow_all_outbound: Refreshing state... (ID: sgrule-2805880206)[0m
TestTerraformRedeployExample 2018-06-02T14:32:13+02:00 retry.go:105: Executing action 'Check URL http://redeploy-test-V7X9hL-1612592690.eu-west-1.elb.amazonaws.com:80'
TestTerraformRedeployExample 2018-06-02T14:32:13+02:00 http_helper.go:27: Making an HTTP GET call to URL http://redeploy-test-V7X9hL-1612592690.eu-west-1.elb.amazonaws.com:80
TestTerraformRedeployExample 2018-06-02T14:32:13+02:00 retry.go:109: Sleeping for 1s before repeating action 'Check URL http://redeploy-test-V7X9hL-1612592690.eu-west-1.elb.amazonaws.com:80'
TestTerraformRedeployExample 2018-06-02T14:32:14+02:00 command.go:96: [0m[1maws_alb_target_group.web_servers: Refreshing state... (ID: arn:aws:elasticloadbalancing:eu-west-1:.../redeploy-test-V7X9hL/431bd458f1687ba0)[0m
TestTerraformPackerExample 2018-06-02T14:32:14+02:00 command.go:96: 
TestTerraformPackerExample 2018-06-02T14:32:14+02:00 command.go:96: The following providers do not have any version constraints in configuration,
TestTerraformPackerExample 2018-06-02T14:32:14+02:00 command.go:96: so the latest version was installed.
TestTerraformPackerExample 2018-06-02T14:32:14+02:00 command.go:96: 
TestTerraformPackerExample 2018-06-02T14:32:14+02:00 command.go:96: To prevent automatic upgrades to new major versions that may contain breaking
TestTerraformPackerExample 2018-06-02T14:32:14+02:00 command.go:96: changes, it is recommended to add version = "..." constraints to the
TestTerraformPackerExample 2018-06-02T14:32:14+02:00 command.go:96: corresponding provider blocks in configuration, with the constraint strings
TestTerraformPackerExample 2018-06-02T14:32:14+02:00 command.go:96: suggested below.
TestTerraformPackerExample 2018-06-02T14:32:14+02:00 command.go:96: 
TestTerraformPackerExample 2018-06-02T14:32:14+02:00 command.go:96: * provider.aws: version = "~> 1.21"
TestTerraformPackerExample 2018-06-02T14:32:14+02:00 command.go:96: * provider.template: version = "~> 1.0"
TestTerraformPackerExample 2018-06-02T14:32:14+02:00 command.go:96: 
TestTerraformPackerExample 2018-06-02T14:32:14+02:00 command.go:96: [0m[1m[32mTerraform has been successfully initialized![0m[32m[0m
TestTerraformPackerExample 2018-06-02T14:32:14+02:00 command.go:96: [0m[32m
TestTerraformPackerExample 2018-06-02T14:32:14+02:00 command.go:96: You may now begin working with Terraform. Try running "terraform plan" to see
TestTerraformPackerExample 2018-06-02T14:32:14+02:00 command.go:96: any changes that are required for your infrastructure. All Terraform commands
TestTerraformPackerExample 2018-06-02T14:32:14+02:00 command.go:96: should now work.
TestTerraformPackerExample 2018-06-02T14:32:14+02:00 command.go:96: 
TestTerraformPackerExample 2018-06-02T14:32:14+02:00 command.go:96: If you ever set or change modules or backend configuration for Terraform,
TestTerraformPackerExample 2018-06-02T14:32:14+02:00 command.go:96: rerun this command to reinitialize your working directory. If you forget, other
TestTerraformPackerExample 2018-06-02T14:32:14+02:00 command.go:96: commands will detect it and remind you to do so if necessary.[0m
TestTerraformPackerExample 2018-06-02T14:32:14+02:00 retry.go:69: Running terraform [get -update]
TestTerraformPackerExample 2018-06-02T14:32:14+02:00 command.go:52: Running command terraform with args [get -update]
TestTerraformPackerExample 2018-06-02T14:32:14+02:00 retry.go:69: Running terraform [apply -input=false -lock=false -auto-approve -var aws_region="ap-southeast-1" -var instance_name="terratest-http-example-UeEJKX" -var instance_text="Hello, UeEJKX!" -var ami_id="ami-62b0891e"]
TestTerraformPackerExample 2018-06-02T14:32:14+02:00 command.go:52: Running command terraform with args [apply -input=false -lock=false -auto-approve -var aws_region="ap-southeast-1" -var instance_name="terratest-http-example-UeEJKX" -var instance_text="Hello, UeEJKX!" -var ami_id="ami-62b0891e"]
TestTerraformRedeployExample 2018-06-02T14:32:14+02:00 retry.go:105: Executing action 'Check URL http://redeploy-test-V7X9hL-1612592690.eu-west-1.elb.amazonaws.com:80'
TestTerraformRedeployExample 2018-06-02T14:32:14+02:00 http_helper.go:27: Making an HTTP GET call to URL http://redeploy-test-V7X9hL-1612592690.eu-west-1.elb.amazonaws.com:80
TestTerraformRedeployExample 2018-06-02T14:32:14+02:00 retry.go:109: Sleeping for 1s before repeating action 'Check URL http://redeploy-test-V7X9hL-1612592690.eu-west-1.elb.amazonaws.com:80'
TestTerraformRedeployExample 2018-06-02T14:32:14+02:00 command.go:96: [0m[1maws_alb_listener.http: Refreshing state... (ID: arn:aws:elasticloadbalancing:eu-west-1:...X9hL/54f89d7604a68165/9c88499680beec4b)[0m
TestTerraformPackerExample 2018-06-02T14:32:15+02:00 command.go:96: [0m[1mdata.template_file.user_data: Refreshing state...[0m
TestTerraformRedeployExample 2018-06-02T14:32:15+02:00 command.go:96: [0m[1maws_alb_listener_rule.send_all_to_web_servers: Refreshing state... (ID: arn:aws:elasticloadbalancing:eu-west-1:...8165/9c88499680beec4b/95103b258a48cadd)[0m
TestTerraformRedeployExample 2018-06-02T14:32:15+02:00 command.go:96: [0m[1maws_autoscaling_group.web_servers: Refreshing state... (ID: terraform-20180602122834468600000001)[0m
TestTerraformRedeployExample 2018-06-02T14:32:15+02:00 retry.go:105: Executing action 'Check URL http://redeploy-test-V7X9hL-1612592690.eu-west-1.elb.amazonaws.com:80'
TestTerraformRedeployExample 2018-06-02T14:32:15+02:00 http_helper.go:27: Making an HTTP GET call to URL http://redeploy-test-V7X9hL-1612592690.eu-west-1.elb.amazonaws.com:80
TestTerraformRedeployExample 2018-06-02T14:32:15+02:00 retry.go:109: Sleeping for 1s before repeating action 'Check URL http://redeploy-test-V7X9hL-1612592690.eu-west-1.elb.amazonaws.com:80'
TestTerraformRedeployExample 2018-06-02T14:32:16+02:00 retry.go:105: Executing action 'Check URL http://redeploy-test-V7X9hL-1612592690.eu-west-1.elb.amazonaws.com:80'
TestTerraformRedeployExample 2018-06-02T14:32:16+02:00 http_helper.go:27: Making an HTTP GET call to URL http://redeploy-test-V7X9hL-1612592690.eu-west-1.elb.amazonaws.com:80
TestTerraformRedeployExample 2018-06-02T14:32:16+02:00 retry.go:109: Sleeping for 1s before repeating action 'Check URL http://redeploy-test-V7X9hL-1612592690.eu-west-1.elb.amazonaws.com:80'
TestTerraformRedeployExample 2018-06-02T14:32:17+02:00 retry.go:105: Executing action 'Check URL http://redeploy-test-V7X9hL-1612592690.eu-west-1.elb.amazonaws.com:80'
TestTerraformRedeployExample 2018-06-02T14:32:17+02:00 http_helper.go:27: Making an HTTP GET call to URL http://redeploy-test-V7X9hL-1612592690.eu-west-1.elb.amazonaws.com:80
TestTerraformRedeployExample 2018-06-02T14:32:17+02:00 retry.go:109: Sleeping for 1s before repeating action 'Check URL http://redeploy-test-V7X9hL-1612592690.eu-west-1.elb.amazonaws.com:80'
TestTerraformRedeployExample 2018-06-02T14:32:18+02:00 retry.go:105: Executing action 'Check URL http://redeploy-test-V7X9hL-1612592690.eu-west-1.elb.amazonaws.com:80'
TestTerraformRedeployExample 2018-06-02T14:32:18+02:00 http_helper.go:27: Making an HTTP GET call to URL http://redeploy-test-V7X9hL-1612592690.eu-west-1.elb.amazonaws.com:80
TestTerraformRedeployExample 2018-06-02T14:32:18+02:00 retry.go:109: Sleeping for 1s before repeating action 'Check URL http://redeploy-test-V7X9hL-1612592690.eu-west-1.elb.amazonaws.com:80'
TestTerraformRedeployExample 2018-06-02T14:32:19+02:00 command.go:96: [0m[1maws_launch_configuration.web_servers: Creating...[0m
TestTerraformRedeployExample 2018-06-02T14:32:19+02:00 command.go:96:   associate_public_ip_address: "" => "false"
TestTerraformRedeployExample 2018-06-02T14:32:19+02:00 command.go:96:   ebs_block_device.#:          "" => "<computed>"
TestTerraformRedeployExample 2018-06-02T14:32:19+02:00 command.go:96:   ebs_optimized:               "" => "<computed>"
TestTerraformRedeployExample 2018-06-02T14:32:19+02:00 command.go:96:   enable_monitoring:           "" => "true"
TestTerraformRedeployExample 2018-06-02T14:32:19+02:00 command.go:96:   image_id:                    "" => "ami-58d7e821"
TestTerraformRedeployExample 2018-06-02T14:32:19+02:00 command.go:96:   instance_type:               "" => "t2.micro"
TestTerraformRedeployExample 2018-06-02T14:32:19+02:00 command.go:96:   key_name:                    "" => "<computed>"
TestTerraformRedeployExample 2018-06-02T14:32:19+02:00 command.go:96:   name:                        "" => "<computed>"
TestTerraformRedeployExample 2018-06-02T14:32:19+02:00 command.go:96:   root_block_device.#:         "" => "<computed>"
TestTerraformRedeployExample 2018-06-02T14:32:19+02:00 command.go:96:   security_groups.#:           "" => "1"
TestTerraformRedeployExample 2018-06-02T14:32:19+02:00 command.go:96:   security_groups.13247846:    "" => "sg-1a720967"
TestTerraformRedeployExample 2018-06-02T14:32:19+02:00 command.go:96:   user_data:                   "" => "769e187e0f3ef1322a1205f4737baf4187fbde11"[0m
TestTerraformRedeployExample 2018-06-02T14:32:19+02:00 retry.go:105: Executing action 'Check URL http://redeploy-test-V7X9hL-1612592690.eu-west-1.elb.amazonaws.com:80'
TestTerraformRedeployExample 2018-06-02T14:32:19+02:00 http_helper.go:27: Making an HTTP GET call to URL http://redeploy-test-V7X9hL-1612592690.eu-west-1.elb.amazonaws.com:80
TestTerraformRedeployExample 2018-06-02T14:32:19+02:00 retry.go:109: Sleeping for 1s before repeating action 'Check URL http://redeploy-test-V7X9hL-1612592690.eu-west-1.elb.amazonaws.com:80'
TestTerraformRedeployExample 2018-06-02T14:32:20+02:00 command.go:96: [0m[1maws_launch_configuration.web_servers: Creation complete after 1s (ID: terraform-20180602123219506500000001)[0m[0m
TestTerraformRedeployExample 2018-06-02T14:32:20+02:00 command.go:96: [0m[1maws_autoscaling_group.web_servers: Creating...[0m
TestTerraformRedeployExample 2018-06-02T14:32:20+02:00 command.go:96:   arn:                                "" => "<computed>"
TestTerraformRedeployExample 2018-06-02T14:32:20+02:00 command.go:96:   default_cooldown:                   "" => "<computed>"
TestTerraformRedeployExample 2018-06-02T14:32:20+02:00 command.go:96:   desired_capacity:                   "" => "3"
TestTerraformRedeployExample 2018-06-02T14:32:20+02:00 command.go:96:   force_delete:                       "" => "false"
TestTerraformRedeployExample 2018-06-02T14:32:20+02:00 command.go:96:   health_check_grace_period:          "" => "300"
TestTerraformRedeployExample 2018-06-02T14:32:20+02:00 command.go:96:   health_check_type:                  "" => "ELB"
TestTerraformRedeployExample 2018-06-02T14:32:20+02:00 command.go:96:   launch_configuration:               "" => "terraform-20180602123219506500000001"
TestTerraformRedeployExample 2018-06-02T14:32:20+02:00 command.go:96:   load_balancers.#:                   "" => "<computed>"
TestTerraformRedeployExample 2018-06-02T14:32:20+02:00 command.go:96:   max_size:                           "" => "3"
TestTerraformRedeployExample 2018-06-02T14:32:20+02:00 command.go:96:   metrics_granularity:                "" => "1Minute"
TestTerraformRedeployExample 2018-06-02T14:32:20+02:00 command.go:96:   min_elb_capacity:                   "" => "3"
TestTerraformRedeployExample 2018-06-02T14:32:20+02:00 command.go:96:   min_size:                           "" => "3"
TestTerraformRedeployExample 2018-06-02T14:32:20+02:00 command.go:96:   name:                               "" => "terraform-20180602123219506500000001"
TestTerraformRedeployExample 2018-06-02T14:32:20+02:00 command.go:96:   protect_from_scale_in:              "" => "false"
TestTerraformRedeployExample 2018-06-02T14:32:20+02:00 command.go:96:   service_linked_role_arn:            "" => "<computed>"
TestTerraformRedeployExample 2018-06-02T14:32:20+02:00 command.go:96:   tag.#:                              "" => "1"
TestTerraformRedeployExample 2018-06-02T14:32:20+02:00 command.go:96:   tag.3405262604.key:                 "" => "Name"
TestTerraformRedeployExample 2018-06-02T14:32:20+02:00 command.go:96:   tag.3405262604.propagate_at_launch: "" => "true"
TestTerraformRedeployExample 2018-06-02T14:32:20+02:00 command.go:96:   tag.3405262604.value:               "" => "redeploy-test-V7X9hL"
TestTerraformRedeployExample 2018-06-02T14:32:20+02:00 command.go:96:   target_group_arns.#:                "" => "1"
TestTerraformRedeployExample 2018-06-02T14:32:20+02:00 command.go:96:   target_group_arns.3255687746:       "" => "arn:aws:elasticloadbalancing:eu-west-1:814024550722:targetgroup/redeploy-test-V7X9hL/431bd458f1687ba0"
TestTerraformRedeployExample 2018-06-02T14:32:20+02:00 command.go:96:   vpc_zone_identifier.#:              "" => "3"
TestTerraformRedeployExample 2018-06-02T14:32:20+02:00 command.go:96:   vpc_zone_identifier.1885255111:     "" => "subnet-0e4c3e56"
TestTerraformRedeployExample 2018-06-02T14:32:20+02:00 command.go:96:   vpc_zone_identifier.1965569355:     "" => "subnet-55251431"
TestTerraformRedeployExample 2018-06-02T14:32:20+02:00 command.go:96:   vpc_zone_identifier.2857832009:     "" => "subnet-17467361"
TestTerraformRedeployExample 2018-06-02T14:32:20+02:00 command.go:96:   wait_for_capacity_timeout:          "" => "10m"[0m
TestTerraformRedeployExample 2018-06-02T14:32:20+02:00 retry.go:105: Executing action 'Check URL http://redeploy-test-V7X9hL-1612592690.eu-west-1.elb.amazonaws.com:80'
TestTerraformRedeployExample 2018-06-02T14:32:20+02:00 http_helper.go:27: Making an HTTP GET call to URL http://redeploy-test-V7X9hL-1612592690.eu-west-1.elb.amazonaws.com:80
TestTerraformRedeployExample 2018-06-02T14:32:20+02:00 retry.go:109: Sleeping for 1s before repeating action 'Check URL http://redeploy-test-V7X9hL-1612592690.eu-west-1.elb.amazonaws.com:80'
TestTerraformRedeployExample 2018-06-02T14:32:21+02:00 retry.go:105: Executing action 'Check URL http://redeploy-test-V7X9hL-1612592690.eu-west-1.elb.amazonaws.com:80'
TestTerraformRedeployExample 2018-06-02T14:32:21+02:00 http_helper.go:27: Making an HTTP GET call to URL http://redeploy-test-V7X9hL-1612592690.eu-west-1.elb.amazonaws.com:80
TestTerraformRedeployExample 2018-06-02T14:32:21+02:00 retry.go:109: Sleeping for 1s before repeating action 'Check URL http://redeploy-test-V7X9hL-1612592690.eu-west-1.elb.amazonaws.com:80'
TestTerraformPackerExample 2018-06-02T14:32:22+02:00 command.go:96: [0m[1maws_security_group.example: Creating...[0m
TestTerraformPackerExample 2018-06-02T14:32:22+02:00 command.go:96:   arn:                                  "" => "<computed>"
TestTerraformPackerExample 2018-06-02T14:32:22+02:00 command.go:96:   description:                          "" => "Managed by Terraform"
TestTerraformPackerExample 2018-06-02T14:32:22+02:00 command.go:96:   egress.#:                             "" => "<computed>"
TestTerraformPackerExample 2018-06-02T14:32:22+02:00 command.go:96:   ingress.#:                            "" => "1"
TestTerraformPackerExample 2018-06-02T14:32:22+02:00 command.go:96:   ingress.516175195.cidr_blocks.#:      "" => "1"
TestTerraformPackerExample 2018-06-02T14:32:22+02:00 command.go:96:   ingress.516175195.cidr_blocks.0:      "" => "0.0.0.0/0"
TestTerraformPackerExample 2018-06-02T14:32:22+02:00 command.go:96:   ingress.516175195.description:        "" => ""
TestTerraformPackerExample 2018-06-02T14:32:22+02:00 command.go:96:   ingress.516175195.from_port:          "" => "8080"
TestTerraformPackerExample 2018-06-02T14:32:22+02:00 command.go:96:   ingress.516175195.ipv6_cidr_blocks.#: "" => "0"
TestTerraformPackerExample 2018-06-02T14:32:22+02:00 command.go:96:   ingress.516175195.protocol:           "" => "tcp"
TestTerraformPackerExample 2018-06-02T14:32:22+02:00 command.go:96:   ingress.516175195.security_groups.#:  "" => "0"
TestTerraformPackerExample 2018-06-02T14:32:22+02:00 command.go:96:   ingress.516175195.self:               "" => "false"
TestTerraformPackerExample 2018-06-02T14:32:22+02:00 command.go:96:   ingress.516175195.to_port:            "" => "8080"
TestTerraformPackerExample 2018-06-02T14:32:22+02:00 command.go:96:   name:                                 "" => "terratest-http-example-UeEJKX"
TestTerraformPackerExample 2018-06-02T14:32:22+02:00 command.go:96:   owner_id:                             "" => "<computed>"
TestTerraformPackerExample 2018-06-02T14:32:22+02:00 command.go:96:   revoke_rules_on_delete:               "" => "false"
TestTerraformPackerExample 2018-06-02T14:32:22+02:00 command.go:96:   vpc_id:                               "" => "<computed>"[0m
TestTerraformRedeployExample 2018-06-02T14:32:22+02:00 retry.go:105: Executing action 'Check URL http://redeploy-test-V7X9hL-1612592690.eu-west-1.elb.amazonaws.com:80'
TestTerraformRedeployExample 2018-06-02T14:32:22+02:00 http_helper.go:27: Making an HTTP GET call to URL http://redeploy-test-V7X9hL-1612592690.eu-west-1.elb.amazonaws.com:80
TestTerraformRedeployExample 2018-06-02T14:32:22+02:00 retry.go:109: Sleeping for 1s before repeating action 'Check URL http://redeploy-test-V7X9hL-1612592690.eu-west-1.elb.amazonaws.com:80'
TestTerraformRedeployExample 2018-06-02T14:32:23+02:00 retry.go:105: Executing action 'Check URL http://redeploy-test-V7X9hL-1612592690.eu-west-1.elb.amazonaws.com:80'
TestTerraformRedeployExample 2018-06-02T14:32:23+02:00 http_helper.go:27: Making an HTTP GET call to URL http://redeploy-test-V7X9hL-1612592690.eu-west-1.elb.amazonaws.com:80
TestTerraformRedeployExample 2018-06-02T14:32:23+02:00 retry.go:109: Sleeping for 1s before repeating action 'Check URL http://redeploy-test-V7X9hL-1612592690.eu-west-1.elb.amazonaws.com:80'
TestTerraformRedeployExample 2018-06-02T14:32:24+02:00 retry.go:105: Executing action 'Check URL http://redeploy-test-V7X9hL-1612592690.eu-west-1.elb.amazonaws.com:80'
TestTerraformRedeployExample 2018-06-02T14:32:24+02:00 http_helper.go:27: Making an HTTP GET call to URL http://redeploy-test-V7X9hL-1612592690.eu-west-1.elb.amazonaws.com:80
TestTerraformRedeployExample 2018-06-02T14:32:24+02:00 retry.go:109: Sleeping for 1s before repeating action 'Check URL http://redeploy-test-V7X9hL-1612592690.eu-west-1.elb.amazonaws.com:80'
TestTerraformRedeployExample 2018-06-02T14:32:25+02:00 retry.go:105: Executing action 'Check URL http://redeploy-test-V7X9hL-1612592690.eu-west-1.elb.amazonaws.com:80'
TestTerraformRedeployExample 2018-06-02T14:32:25+02:00 http_helper.go:27: Making an HTTP GET call to URL http://redeploy-test-V7X9hL-1612592690.eu-west-1.elb.amazonaws.com:80
TestTerraformRedeployExample 2018-06-02T14:32:26+02:00 retry.go:109: Sleeping for 1s before repeating action 'Check URL http://redeploy-test-V7X9hL-1612592690.eu-west-1.elb.amazonaws.com:80'
TestTerraformRedeployExample 2018-06-02T14:32:27+02:00 retry.go:105: Executing action 'Check URL http://redeploy-test-V7X9hL-1612592690.eu-west-1.elb.amazonaws.com:80'
TestTerraformRedeployExample 2018-06-02T14:32:27+02:00 http_helper.go:27: Making an HTTP GET call to URL http://redeploy-test-V7X9hL-1612592690.eu-west-1.elb.amazonaws.com:80
TestTerraformRedeployExample 2018-06-02T14:32:27+02:00 retry.go:109: Sleeping for 1s before repeating action 'Check URL http://redeploy-test-V7X9hL-1612592690.eu-west-1.elb.amazonaws.com:80'
TestTerraformRedeployExample 2018-06-02T14:32:28+02:00 retry.go:105: Executing action 'Check URL http://redeploy-test-V7X9hL-1612592690.eu-west-1.elb.amazonaws.com:80'
TestTerraformRedeployExample 2018-06-02T14:32:28+02:00 http_helper.go:27: Making an HTTP GET call to URL http://redeploy-test-V7X9hL-1612592690.eu-west-1.elb.amazonaws.com:80
TestTerraformRedeployExample 2018-06-02T14:32:28+02:00 retry.go:109: Sleeping for 1s before repeating action 'Check URL http://redeploy-test-V7X9hL-1612592690.eu-west-1.elb.amazonaws.com:80'
TestTerraformRedeployExample 2018-06-02T14:32:29+02:00 retry.go:105: Executing action 'Check URL http://redeploy-test-V7X9hL-1612592690.eu-west-1.elb.amazonaws.com:80'
TestTerraformRedeployExample 2018-06-02T14:32:29+02:00 http_helper.go:27: Making an HTTP GET call to URL http://redeploy-test-V7X9hL-1612592690.eu-west-1.elb.amazonaws.com:80
TestTerraformRedeployExample 2018-06-02T14:32:29+02:00 retry.go:109: Sleeping for 1s before repeating action 'Check URL http://redeploy-test-V7X9hL-1612592690.eu-west-1.elb.amazonaws.com:80'
TestTerraformRedeployExample 2018-06-02T14:32:30+02:00 retry.go:105: Executing action 'Check URL http://redeploy-test-V7X9hL-1612592690.eu-west-1.elb.amazonaws.com:80'
TestTerraformRedeployExample 2018-06-02T14:32:30+02:00 http_helper.go:27: Making an HTTP GET call to URL http://redeploy-test-V7X9hL-1612592690.eu-west-1.elb.amazonaws.com:80
TestTerraformRedeployExample 2018-06-02T14:32:30+02:00 retry.go:109: Sleeping for 1s before repeating action 'Check URL http://redeploy-test-V7X9hL-1612592690.eu-west-1.elb.amazonaws.com:80'
TestTerraformRedeployExample 2018-06-02T14:32:30+02:00 command.go:96: [0m[1maws_autoscaling_group.web_servers: Still creating... (10s elapsed)[0m[0m
TestTerraformRedeployExample 2018-06-02T14:32:31+02:00 retry.go:105: Executing action 'Check URL http://redeploy-test-V7X9hL-1612592690.eu-west-1.elb.amazonaws.com:80'
TestTerraformRedeployExample 2018-06-02T14:32:31+02:00 http_helper.go:27: Making an HTTP GET call to URL http://redeploy-test-V7X9hL-1612592690.eu-west-1.elb.amazonaws.com:80
TestTerraformRedeployExample 2018-06-02T14:32:31+02:00 retry.go:109: Sleeping for 1s before repeating action 'Check URL http://redeploy-test-V7X9hL-1612592690.eu-west-1.elb.amazonaws.com:80'
TestTerraformPackerExample 2018-06-02T14:32:32+02:00 command.go:96: [0m[1maws_security_group.example: Still creating... (10s elapsed)[0m[0m
TestTerraformRedeployExample 2018-06-02T14:32:32+02:00 retry.go:105: Executing action 'Check URL http://redeploy-test-V7X9hL-1612592690.eu-west-1.elb.amazonaws.com:80'
TestTerraformRedeployExample 2018-06-02T14:32:32+02:00 http_helper.go:27: Making an HTTP GET call to URL http://redeploy-test-V7X9hL-1612592690.eu-west-1.elb.amazonaws.com:80
TestTerraformRedeployExample 2018-06-02T14:32:32+02:00 retry.go:109: Sleeping for 1s before repeating action 'Check URL http://redeploy-test-V7X9hL-1612592690.eu-west-1.elb.amazonaws.com:80'
TestTerraformRedeployExample 2018-06-02T14:32:33+02:00 retry.go:105: Executing action 'Check URL http://redeploy-test-V7X9hL-1612592690.eu-west-1.elb.amazonaws.com:80'
TestTerraformRedeployExample 2018-06-02T14:32:33+02:00 http_helper.go:27: Making an HTTP GET call to URL http://redeploy-test-V7X9hL-1612592690.eu-west-1.elb.amazonaws.com:80
TestTerraformRedeployExample 2018-06-02T14:32:33+02:00 retry.go:109: Sleeping for 1s before repeating action 'Check URL http://redeploy-test-V7X9hL-1612592690.eu-west-1.elb.amazonaws.com:80'
TestTerraformRedeployExample 2018-06-02T14:32:34+02:00 retry.go:105: Executing action 'Check URL http://redeploy-test-V7X9hL-1612592690.eu-west-1.elb.amazonaws.com:80'
TestTerraformRedeployExample 2018-06-02T14:32:34+02:00 http_helper.go:27: Making an HTTP GET call to URL http://redeploy-test-V7X9hL-1612592690.eu-west-1.elb.amazonaws.com:80
TestTerraformRedeployExample 2018-06-02T14:32:34+02:00 retry.go:109: Sleeping for 1s before repeating action 'Check URL http://redeploy-test-V7X9hL-1612592690.eu-west-1.elb.amazonaws.com:80'
TestTerraformRedeployExample 2018-06-02T14:32:35+02:00 retry.go:105: Executing action 'Check URL http://redeploy-test-V7X9hL-1612592690.eu-west-1.elb.amazonaws.com:80'
TestTerraformRedeployExample 2018-06-02T14:32:35+02:00 http_helper.go:27: Making an HTTP GET call to URL http://redeploy-test-V7X9hL-1612592690.eu-west-1.elb.amazonaws.com:80
TestTerraformRedeployExample 2018-06-02T14:32:35+02:00 retry.go:109: Sleeping for 1s before repeating action 'Check URL http://redeploy-test-V7X9hL-1612592690.eu-west-1.elb.amazonaws.com:80'
TestTerraformPackerExample 2018-06-02T14:32:35+02:00 command.go:96: [0m[1maws_security_group.example: Creation complete after 14s (ID: sg-0495987d)[0m[0m
TestTerraformPackerExample 2018-06-02T14:32:35+02:00 command.go:96: [0m[1maws_instance.example: Creating...[0m
TestTerraformPackerExample 2018-06-02T14:32:35+02:00 command.go:96:   ami:                               "" => "ami-62b0891e"
TestTerraformPackerExample 2018-06-02T14:32:35+02:00 command.go:96:   associate_public_ip_address:       "" => "<computed>"
TestTerraformPackerExample 2018-06-02T14:32:35+02:00 command.go:96:   availability_zone:                 "" => "<computed>"
TestTerraformPackerExample 2018-06-02T14:32:35+02:00 command.go:96:   ebs_block_device.#:                "" => "<computed>"
TestTerraformPackerExample 2018-06-02T14:32:35+02:00 command.go:96:   ephemeral_block_device.#:          "" => "<computed>"
TestTerraformPackerExample 2018-06-02T14:32:35+02:00 command.go:96:   get_password_data:                 "" => "false"
TestTerraformPackerExample 2018-06-02T14:32:35+02:00 command.go:96:   instance_state:                    "" => "<computed>"
TestTerraformPackerExample 2018-06-02T14:32:35+02:00 command.go:96:   instance_type:                     "" => "t2.micro"
TestTerraformPackerExample 2018-06-02T14:32:35+02:00 command.go:96:   ipv6_address_count:                "" => "<computed>"
TestTerraformPackerExample 2018-06-02T14:32:35+02:00 command.go:96:   ipv6_addresses.#:                  "" => "<computed>"
TestTerraformPackerExample 2018-06-02T14:32:35+02:00 command.go:96:   key_name:                          "" => "<computed>"
TestTerraformPackerExample 2018-06-02T14:32:35+02:00 command.go:96:   network_interface.#:               "" => "<computed>"
TestTerraformPackerExample 2018-06-02T14:32:35+02:00 command.go:96:   network_interface_id:              "" => "<computed>"
TestTerraformPackerExample 2018-06-02T14:32:35+02:00 command.go:96:   password_data:                     "" => "<computed>"
TestTerraformPackerExample 2018-06-02T14:32:35+02:00 command.go:96:   placement_group:                   "" => "<computed>"
TestTerraformPackerExample 2018-06-02T14:32:35+02:00 command.go:96:   primary_network_interface_id:      "" => "<computed>"
TestTerraformPackerExample 2018-06-02T14:32:35+02:00 command.go:96:   private_dns:                       "" => "<computed>"
TestTerraformPackerExample 2018-06-02T14:32:35+02:00 command.go:96:   private_ip:                        "" => "<computed>"
TestTerraformPackerExample 2018-06-02T14:32:35+02:00 command.go:96:   public_dns:                        "" => "<computed>"
TestTerraformPackerExample 2018-06-02T14:32:35+02:00 command.go:96:   public_ip:                         "" => "<computed>"
TestTerraformPackerExample 2018-06-02T14:32:35+02:00 command.go:96:   root_block_device.#:               "" => "<computed>"
TestTerraformPackerExample 2018-06-02T14:32:35+02:00 command.go:96:   security_groups.#:                 "" => "<computed>"
TestTerraformPackerExample 2018-06-02T14:32:35+02:00 command.go:96:   source_dest_check:                 "" => "true"
TestTerraformPackerExample 2018-06-02T14:32:35+02:00 command.go:96:   subnet_id:                         "" => "<computed>"
TestTerraformPackerExample 2018-06-02T14:32:35+02:00 command.go:96:   tags.%:                            "" => "1"
TestTerraformPackerExample 2018-06-02T14:32:35+02:00 command.go:96:   tags.Name:                         "" => "terratest-http-example-UeEJKX"
TestTerraformPackerExample 2018-06-02T14:32:35+02:00 command.go:96:   tenancy:                           "" => "<computed>"
TestTerraformPackerExample 2018-06-02T14:32:35+02:00 command.go:96:   user_data:                         "" => "77222aadb9e787707d0c61efb8f75418c0965814"
TestTerraformPackerExample 2018-06-02T14:32:35+02:00 command.go:96:   volume_tags.%:                     "" => "<computed>"
TestTerraformPackerExample 2018-06-02T14:32:35+02:00 command.go:96:   vpc_security_group_ids.#:          "" => "1"
TestTerraformPackerExample 2018-06-02T14:32:35+02:00 command.go:96:   vpc_security_group_ids.2719238714: "" => "sg-0495987d"[0m
TestTerraformRedeployExample 2018-06-02T14:32:36+02:00 retry.go:105: Executing action 'Check URL http://redeploy-test-V7X9hL-1612592690.eu-west-1.elb.amazonaws.com:80'
TestTerraformRedeployExample 2018-06-02T14:32:36+02:00 http_helper.go:27: Making an HTTP GET call to URL http://redeploy-test-V7X9hL-1612592690.eu-west-1.elb.amazonaws.com:80
TestTerraformRedeployExample 2018-06-02T14:32:36+02:00 retry.go:109: Sleeping for 1s before repeating action 'Check URL http://redeploy-test-V7X9hL-1612592690.eu-west-1.elb.amazonaws.com:80'
TestTerraformRedeployExample 2018-06-02T14:32:37+02:00 retry.go:105: Executing action 'Check URL http://redeploy-test-V7X9hL-1612592690.eu-west-1.elb.amazonaws.com:80'
TestTerraformRedeployExample 2018-06-02T14:32:37+02:00 http_helper.go:27: Making an HTTP GET call to URL http://redeploy-test-V7X9hL-1612592690.eu-west-1.elb.amazonaws.com:80
TestTerraformRedeployExample 2018-06-02T14:32:37+02:00 retry.go:109: Sleeping for 1s before repeating action 'Check URL http://redeploy-test-V7X9hL-1612592690.eu-west-1.elb.amazonaws.com:80'
TestTerraformRedeployExample 2018-06-02T14:32:38+02:00 retry.go:105: Executing action 'Check URL http://redeploy-test-V7X9hL-1612592690.eu-west-1.elb.amazonaws.com:80'
TestTerraformRedeployExample 2018-06-02T14:32:38+02:00 http_helper.go:27: Making an HTTP GET call to URL http://redeploy-test-V7X9hL-1612592690.eu-west-1.elb.amazonaws.com:80
TestTerraformRedeployExample 2018-06-02T14:32:38+02:00 retry.go:109: Sleeping for 1s before repeating action 'Check URL http://redeploy-test-V7X9hL-1612592690.eu-west-1.elb.amazonaws.com:80'
TestTerraformRedeployExample 2018-06-02T14:32:39+02:00 retry.go:105: Executing action 'Check URL http://redeploy-test-V7X9hL-1612592690.eu-west-1.elb.amazonaws.com:80'
TestTerraformRedeployExample 2018-06-02T14:32:39+02:00 http_helper.go:27: Making an HTTP GET call to URL http://redeploy-test-V7X9hL-1612592690.eu-west-1.elb.amazonaws.com:80
TestTerraformRedeployExample 2018-06-02T14:32:39+02:00 retry.go:109: Sleeping for 1s before repeating action 'Check URL http://redeploy-test-V7X9hL-1612592690.eu-west-1.elb.amazonaws.com:80'
TestTerraformRedeployExample 2018-06-02T14:32:40+02:00 command.go:96: [0m[1maws_autoscaling_group.web_servers: Still creating... (20s elapsed)[0m[0m
TestTerraformRedeployExample 2018-06-02T14:32:40+02:00 retry.go:105: Executing action 'Check URL http://redeploy-test-V7X9hL-1612592690.eu-west-1.elb.amazonaws.com:80'
TestTerraformRedeployExample 2018-06-02T14:32:40+02:00 http_helper.go:27: Making an HTTP GET call to URL http://redeploy-test-V7X9hL-1612592690.eu-west-1.elb.amazonaws.com:80
TestTerraformRedeployExample 2018-06-02T14:32:40+02:00 retry.go:109: Sleeping for 1s before repeating action 'Check URL http://redeploy-test-V7X9hL-1612592690.eu-west-1.elb.amazonaws.com:80'
TestTerraformRedeployExample 2018-06-02T14:32:41+02:00 retry.go:105: Executing action 'Check URL http://redeploy-test-V7X9hL-1612592690.eu-west-1.elb.amazonaws.com:80'
TestTerraformRedeployExample 2018-06-02T14:32:41+02:00 http_helper.go:27: Making an HTTP GET call to URL http://redeploy-test-V7X9hL-1612592690.eu-west-1.elb.amazonaws.com:80
TestTerraformRedeployExample 2018-06-02T14:32:41+02:00 retry.go:109: Sleeping for 1s before repeating action 'Check URL http://redeploy-test-V7X9hL-1612592690.eu-west-1.elb.amazonaws.com:80'
TestTerraformRedeployExample 2018-06-02T14:32:42+02:00 retry.go:105: Executing action 'Check URL http://redeploy-test-V7X9hL-1612592690.eu-west-1.elb.amazonaws.com:80'
TestTerraformRedeployExample 2018-06-02T14:32:42+02:00 http_helper.go:27: Making an HTTP GET call to URL http://redeploy-test-V7X9hL-1612592690.eu-west-1.elb.amazonaws.com:80
TestTerraformRedeployExample 2018-06-02T14:32:42+02:00 retry.go:109: Sleeping for 1s before repeating action 'Check URL http://redeploy-test-V7X9hL-1612592690.eu-west-1.elb.amazonaws.com:80'
TestTerraformRedeployExample 2018-06-02T14:32:43+02:00 retry.go:105: Executing action 'Check URL http://redeploy-test-V7X9hL-1612592690.eu-west-1.elb.amazonaws.com:80'
TestTerraformRedeployExample 2018-06-02T14:32:43+02:00 http_helper.go:27: Making an HTTP GET call to URL http://redeploy-test-V7X9hL-1612592690.eu-west-1.elb.amazonaws.com:80
TestTerraformRedeployExample 2018-06-02T14:32:43+02:00 retry.go:109: Sleeping for 1s before repeating action 'Check URL http://redeploy-test-V7X9hL-1612592690.eu-west-1.elb.amazonaws.com:80'
TestTerraformRedeployExample 2018-06-02T14:32:44+02:00 retry.go:105: Executing action 'Check URL http://redeploy-test-V7X9hL-1612592690.eu-west-1.elb.amazonaws.com:80'
TestTerraformRedeployExample 2018-06-02T14:32:44+02:00 http_helper.go:27: Making an HTTP GET call to URL http://redeploy-test-V7X9hL-1612592690.eu-west-1.elb.amazonaws.com:80
TestTerraformRedeployExample 2018-06-02T14:32:44+02:00 retry.go:109: Sleeping for 1s before repeating action 'Check URL http://redeploy-test-V7X9hL-1612592690.eu-west-1.elb.amazonaws.com:80'
TestTerraformPackerExample 2018-06-02T14:32:45+02:00 command.go:96: [0m[1maws_instance.example: Still creating... (10s elapsed)[0m[0m
TestTerraformRedeployExample 2018-06-02T14:32:45+02:00 retry.go:105: Executing action 'Check URL http://redeploy-test-V7X9hL-1612592690.eu-west-1.elb.amazonaws.com:80'
TestTerraformRedeployExample 2018-06-02T14:32:45+02:00 http_helper.go:27: Making an HTTP GET call to URL http://redeploy-test-V7X9hL-1612592690.eu-west-1.elb.amazonaws.com:80
TestTerraformRedeployExample 2018-06-02T14:32:46+02:00 retry.go:109: Sleeping for 1s before repeating action 'Check URL http://redeploy-test-V7X9hL-1612592690.eu-west-1.elb.amazonaws.com:80'
TestTerraformRedeployExample 2018-06-02T14:32:47+02:00 retry.go:105: Executing action 'Check URL http://redeploy-test-V7X9hL-1612592690.eu-west-1.elb.amazonaws.com:80'
TestTerraformRedeployExample 2018-06-02T14:32:47+02:00 http_helper.go:27: Making an HTTP GET call to URL http://redeploy-test-V7X9hL-1612592690.eu-west-1.elb.amazonaws.com:80
TestTerraformRedeployExample 2018-06-02T14:32:47+02:00 retry.go:109: Sleeping for 1s before repeating action 'Check URL http://redeploy-test-V7X9hL-1612592690.eu-west-1.elb.amazonaws.com:80'
TestTerraformRedeployExample 2018-06-02T14:32:48+02:00 retry.go:105: Executing action 'Check URL http://redeploy-test-V7X9hL-1612592690.eu-west-1.elb.amazonaws.com:80'
TestTerraformRedeployExample 2018-06-02T14:32:48+02:00 http_helper.go:27: Making an HTTP GET call to URL http://redeploy-test-V7X9hL-1612592690.eu-west-1.elb.amazonaws.com:80
TestTerraformRedeployExample 2018-06-02T14:32:48+02:00 retry.go:109: Sleeping for 1s before repeating action 'Check URL http://redeploy-test-V7X9hL-1612592690.eu-west-1.elb.amazonaws.com:80'
TestTerraformRedeployExample 2018-06-02T14:32:49+02:00 retry.go:105: Executing action 'Check URL http://redeploy-test-V7X9hL-1612592690.eu-west-1.elb.amazonaws.com:80'
TestTerraformRedeployExample 2018-06-02T14:32:49+02:00 http_helper.go:27: Making an HTTP GET call to URL http://redeploy-test-V7X9hL-1612592690.eu-west-1.elb.amazonaws.com:80
TestTerraformRedeployExample 2018-06-02T14:32:49+02:00 retry.go:109: Sleeping for 1s before repeating action 'Check URL http://redeploy-test-V7X9hL-1612592690.eu-west-1.elb.amazonaws.com:80'
TestTerraformRedeployExample 2018-06-02T14:32:50+02:00 retry.go:105: Executing action 'Check URL http://redeploy-test-V7X9hL-1612592690.eu-west-1.elb.amazonaws.com:80'
TestTerraformRedeployExample 2018-06-02T14:32:50+02:00 http_helper.go:27: Making an HTTP GET call to URL http://redeploy-test-V7X9hL-1612592690.eu-west-1.elb.amazonaws.com:80
TestTerraformRedeployExample 2018-06-02T14:32:50+02:00 retry.go:109: Sleeping for 1s before repeating action 'Check URL http://redeploy-test-V7X9hL-1612592690.eu-west-1.elb.amazonaws.com:80'
TestTerraformRedeployExample 2018-06-02T14:32:50+02:00 command.go:96: [0m[1maws_autoscaling_group.web_servers: Still creating... (30s elapsed)[0m[0m
TestTerraformRedeployExample 2018-06-02T14:32:51+02:00 retry.go:105: Executing action 'Check URL http://redeploy-test-V7X9hL-1612592690.eu-west-1.elb.amazonaws.com:80'
TestTerraformRedeployExample 2018-06-02T14:32:51+02:00 http_helper.go:27: Making an HTTP GET call to URL http://redeploy-test-V7X9hL-1612592690.eu-west-1.elb.amazonaws.com:80
TestTerraformRedeployExample 2018-06-02T14:32:51+02:00 retry.go:109: Sleeping for 1s before repeating action 'Check URL http://redeploy-test-V7X9hL-1612592690.eu-west-1.elb.amazonaws.com:80'
TestTerraformRedeployExample 2018-06-02T14:32:52+02:00 retry.go:105: Executing action 'Check URL http://redeploy-test-V7X9hL-1612592690.eu-west-1.elb.amazonaws.com:80'
TestTerraformRedeployExample 2018-06-02T14:32:52+02:00 http_helper.go:27: Making an HTTP GET call to URL http://redeploy-test-V7X9hL-1612592690.eu-west-1.elb.amazonaws.com:80
TestTerraformRedeployExample 2018-06-02T14:32:52+02:00 retry.go:109: Sleeping for 1s before repeating action 'Check URL http://redeploy-test-V7X9hL-1612592690.eu-west-1.elb.amazonaws.com:80'
TestTerraformRedeployExample 2018-06-02T14:32:53+02:00 retry.go:105: Executing action 'Check URL http://redeploy-test-V7X9hL-1612592690.eu-west-1.elb.amazonaws.com:80'
TestTerraformRedeployExample 2018-06-02T14:32:53+02:00 http_helper.go:27: Making an HTTP GET call to URL http://redeploy-test-V7X9hL-1612592690.eu-west-1.elb.amazonaws.com:80
TestTerraformRedeployExample 2018-06-02T14:32:53+02:00 retry.go:109: Sleeping for 1s before repeating action 'Check URL http://redeploy-test-V7X9hL-1612592690.eu-west-1.elb.amazonaws.com:80'
TestTerraformRedeployExample 2018-06-02T14:32:54+02:00 retry.go:105: Executing action 'Check URL http://redeploy-test-V7X9hL-1612592690.eu-west-1.elb.amazonaws.com:80'
TestTerraformRedeployExample 2018-06-02T14:32:54+02:00 http_helper.go:27: Making an HTTP GET call to URL http://redeploy-test-V7X9hL-1612592690.eu-west-1.elb.amazonaws.com:80
TestTerraformRedeployExample 2018-06-02T14:32:54+02:00 retry.go:109: Sleeping for 1s before repeating action 'Check URL http://redeploy-test-V7X9hL-1612592690.eu-west-1.elb.amazonaws.com:80'
TestTerraformRedeployExample 2018-06-02T14:32:55+02:00 retry.go:105: Executing action 'Check URL http://redeploy-test-V7X9hL-1612592690.eu-west-1.elb.amazonaws.com:80'
TestTerraformRedeployExample 2018-06-02T14:32:55+02:00 http_helper.go:27: Making an HTTP GET call to URL http://redeploy-test-V7X9hL-1612592690.eu-west-1.elb.amazonaws.com:80
TestTerraformRedeployExample 2018-06-02T14:32:55+02:00 retry.go:109: Sleeping for 1s before repeating action 'Check URL http://redeploy-test-V7X9hL-1612592690.eu-west-1.elb.amazonaws.com:80'
TestTerraformPackerExample 2018-06-02T14:32:55+02:00 command.go:96: [0m[1maws_instance.example: Still creating... (20s elapsed)[0m[0m
TestTerraformRedeployExample 2018-06-02T14:32:56+02:00 retry.go:105: Executing action 'Check URL http://redeploy-test-V7X9hL-1612592690.eu-west-1.elb.amazonaws.com:80'
TestTerraformRedeployExample 2018-06-02T14:32:56+02:00 http_helper.go:27: Making an HTTP GET call to URL http://redeploy-test-V7X9hL-1612592690.eu-west-1.elb.amazonaws.com:80
TestTerraformRedeployExample 2018-06-02T14:32:56+02:00 retry.go:109: Sleeping for 1s before repeating action 'Check URL http://redeploy-test-V7X9hL-1612592690.eu-west-1.elb.amazonaws.com:80'
TestTerraformRedeployExample 2018-06-02T14:32:57+02:00 retry.go:105: Executing action 'Check URL http://redeploy-test-V7X9hL-1612592690.eu-west-1.elb.amazonaws.com:80'
TestTerraformRedeployExample 2018-06-02T14:32:57+02:00 http_helper.go:27: Making an HTTP GET call to URL http://redeploy-test-V7X9hL-1612592690.eu-west-1.elb.amazonaws.com:80
TestTerraformRedeployExample 2018-06-02T14:32:57+02:00 retry.go:109: Sleeping for 1s before repeating action 'Check URL http://redeploy-test-V7X9hL-1612592690.eu-west-1.elb.amazonaws.com:80'
TestTerraformRedeployExample 2018-06-02T14:32:58+02:00 retry.go:105: Executing action 'Check URL http://redeploy-test-V7X9hL-1612592690.eu-west-1.elb.amazonaws.com:80'
TestTerraformRedeployExample 2018-06-02T14:32:58+02:00 http_helper.go:27: Making an HTTP GET call to URL http://redeploy-test-V7X9hL-1612592690.eu-west-1.elb.amazonaws.com:80
TestTerraformRedeployExample 2018-06-02T14:32:58+02:00 retry.go:109: Sleeping for 1s before repeating action 'Check URL http://redeploy-test-V7X9hL-1612592690.eu-west-1.elb.amazonaws.com:80'
TestTerraformRedeployExample 2018-06-02T14:32:59+02:00 retry.go:105: Executing action 'Check URL http://redeploy-test-V7X9hL-1612592690.eu-west-1.elb.amazonaws.com:80'
TestTerraformRedeployExample 2018-06-02T14:32:59+02:00 http_helper.go:27: Making an HTTP GET call to URL http://redeploy-test-V7X9hL-1612592690.eu-west-1.elb.amazonaws.com:80
TestTerraformRedeployExample 2018-06-02T14:32:59+02:00 retry.go:109: Sleeping for 1s before repeating action 'Check URL http://redeploy-test-V7X9hL-1612592690.eu-west-1.elb.amazonaws.com:80'
TestTerraformRedeployExample 2018-06-02T14:33:00+02:00 command.go:96: [0m[1maws_autoscaling_group.web_servers: Still creating... (40s elapsed)[0m[0m
TestTerraformRedeployExample 2018-06-02T14:33:00+02:00 retry.go:105: Executing action 'Check URL http://redeploy-test-V7X9hL-1612592690.eu-west-1.elb.amazonaws.com:80'
TestTerraformRedeployExample 2018-06-02T14:33:00+02:00 http_helper.go:27: Making an HTTP GET call to URL http://redeploy-test-V7X9hL-1612592690.eu-west-1.elb.amazonaws.com:80
TestTerraformRedeployExample 2018-06-02T14:33:00+02:00 retry.go:109: Sleeping for 1s before repeating action 'Check URL http://redeploy-test-V7X9hL-1612592690.eu-west-1.elb.amazonaws.com:80'
TestTerraformRedeployExample 2018-06-02T14:33:01+02:00 retry.go:105: Executing action 'Check URL http://redeploy-test-V7X9hL-1612592690.eu-west-1.elb.amazonaws.com:80'
TestTerraformRedeployExample 2018-06-02T14:33:01+02:00 http_helper.go:27: Making an HTTP GET call to URL http://redeploy-test-V7X9hL-1612592690.eu-west-1.elb.amazonaws.com:80
TestTerraformRedeployExample 2018-06-02T14:33:01+02:00 retry.go:109: Sleeping for 1s before repeating action 'Check URL http://redeploy-test-V7X9hL-1612592690.eu-west-1.elb.amazonaws.com:80'
TestTerraformRedeployExample 2018-06-02T14:33:02+02:00 retry.go:105: Executing action 'Check URL http://redeploy-test-V7X9hL-1612592690.eu-west-1.elb.amazonaws.com:80'
TestTerraformRedeployExample 2018-06-02T14:33:02+02:00 http_helper.go:27: Making an HTTP GET call to URL http://redeploy-test-V7X9hL-1612592690.eu-west-1.elb.amazonaws.com:80
TestTerraformRedeployExample 2018-06-02T14:33:03+02:00 retry.go:109: Sleeping for 1s before repeating action 'Check URL http://redeploy-test-V7X9hL-1612592690.eu-west-1.elb.amazonaws.com:80'
TestTerraformRedeployExample 2018-06-02T14:33:04+02:00 retry.go:105: Executing action 'Check URL http://redeploy-test-V7X9hL-1612592690.eu-west-1.elb.amazonaws.com:80'
TestTerraformRedeployExample 2018-06-02T14:33:04+02:00 http_helper.go:27: Making an HTTP GET call to URL http://redeploy-test-V7X9hL-1612592690.eu-west-1.elb.amazonaws.com:80
TestTerraformRedeployExample 2018-06-02T14:33:04+02:00 retry.go:109: Sleeping for 1s before repeating action 'Check URL http://redeploy-test-V7X9hL-1612592690.eu-west-1.elb.amazonaws.com:80'
TestTerraformRedeployExample 2018-06-02T14:33:05+02:00 retry.go:105: Executing action 'Check URL http://redeploy-test-V7X9hL-1612592690.eu-west-1.elb.amazonaws.com:80'
TestTerraformRedeployExample 2018-06-02T14:33:05+02:00 http_helper.go:27: Making an HTTP GET call to URL http://redeploy-test-V7X9hL-1612592690.eu-west-1.elb.amazonaws.com:80
TestTerraformRedeployExample 2018-06-02T14:33:05+02:00 retry.go:109: Sleeping for 1s before repeating action 'Check URL http://redeploy-test-V7X9hL-1612592690.eu-west-1.elb.amazonaws.com:80'
TestTerraformPackerExample 2018-06-02T14:33:05+02:00 command.go:96: [0m[1maws_instance.example: Still creating... (30s elapsed)[0m[0m
TestTerraformRedeployExample 2018-06-02T14:33:06+02:00 retry.go:105: Executing action 'Check URL http://redeploy-test-V7X9hL-1612592690.eu-west-1.elb.amazonaws.com:80'
TestTerraformRedeployExample 2018-06-02T14:33:06+02:00 http_helper.go:27: Making an HTTP GET call to URL http://redeploy-test-V7X9hL-1612592690.eu-west-1.elb.amazonaws.com:80
TestTerraformRedeployExample 2018-06-02T14:33:06+02:00 retry.go:109: Sleeping for 1s before repeating action 'Check URL http://redeploy-test-V7X9hL-1612592690.eu-west-1.elb.amazonaws.com:80'
TestTerraformRedeployExample 2018-06-02T14:33:07+02:00 retry.go:105: Executing action 'Check URL http://redeploy-test-V7X9hL-1612592690.eu-west-1.elb.amazonaws.com:80'
TestTerraformRedeployExample 2018-06-02T14:33:07+02:00 http_helper.go:27: Making an HTTP GET call to URL http://redeploy-test-V7X9hL-1612592690.eu-west-1.elb.amazonaws.com:80
TestTerraformRedeployExample 2018-06-02T14:33:07+02:00 retry.go:109: Sleeping for 1s before repeating action 'Check URL http://redeploy-test-V7X9hL-1612592690.eu-west-1.elb.amazonaws.com:80'
TestTerraformRedeployExample 2018-06-02T14:33:08+02:00 retry.go:105: Executing action 'Check URL http://redeploy-test-V7X9hL-1612592690.eu-west-1.elb.amazonaws.com:80'
TestTerraformRedeployExample 2018-06-02T14:33:08+02:00 http_helper.go:27: Making an HTTP GET call to URL http://redeploy-test-V7X9hL-1612592690.eu-west-1.elb.amazonaws.com:80
TestTerraformRedeployExample 2018-06-02T14:33:08+02:00 retry.go:109: Sleeping for 1s before repeating action 'Check URL http://redeploy-test-V7X9hL-1612592690.eu-west-1.elb.amazonaws.com:80'
TestTerraformRedeployExample 2018-06-02T14:33:09+02:00 retry.go:105: Executing action 'Check URL http://redeploy-test-V7X9hL-1612592690.eu-west-1.elb.amazonaws.com:80'
TestTerraformRedeployExample 2018-06-02T14:33:09+02:00 http_helper.go:27: Making an HTTP GET call to URL http://redeploy-test-V7X9hL-1612592690.eu-west-1.elb.amazonaws.com:80
TestTerraformRedeployExample 2018-06-02T14:33:09+02:00 retry.go:109: Sleeping for 1s before repeating action 'Check URL http://redeploy-test-V7X9hL-1612592690.eu-west-1.elb.amazonaws.com:80'
TestTerraformRedeployExample 2018-06-02T14:33:10+02:00 command.go:96: [0m[1maws_autoscaling_group.web_servers: Still creating... (50s elapsed)[0m[0m
TestTerraformRedeployExample 2018-06-02T14:33:10+02:00 retry.go:105: Executing action 'Check URL http://redeploy-test-V7X9hL-1612592690.eu-west-1.elb.amazonaws.com:80'
TestTerraformRedeployExample 2018-06-02T14:33:10+02:00 http_helper.go:27: Making an HTTP GET call to URL http://redeploy-test-V7X9hL-1612592690.eu-west-1.elb.amazonaws.com:80
TestTerraformRedeployExample 2018-06-02T14:33:10+02:00 retry.go:109: Sleeping for 1s before repeating action 'Check URL http://redeploy-test-V7X9hL-1612592690.eu-west-1.elb.amazonaws.com:80'
TestTerraformRedeployExample 2018-06-02T14:33:11+02:00 retry.go:105: Executing action 'Check URL http://redeploy-test-V7X9hL-1612592690.eu-west-1.elb.amazonaws.com:80'
TestTerraformRedeployExample 2018-06-02T14:33:11+02:00 http_helper.go:27: Making an HTTP GET call to URL http://redeploy-test-V7X9hL-1612592690.eu-west-1.elb.amazonaws.com:80
TestTerraformRedeployExample 2018-06-02T14:33:11+02:00 retry.go:109: Sleeping for 1s before repeating action 'Check URL http://redeploy-test-V7X9hL-1612592690.eu-west-1.elb.amazonaws.com:80'
TestTerraformRedeployExample 2018-06-02T14:33:12+02:00 command.go:96: [0m[1maws_autoscaling_group.web_servers: Creation complete after 52s (ID: terraform-20180602123219506500000001)[0m[0m
TestTerraformRedeployExample 2018-06-02T14:33:12+02:00 command.go:96: [0m[1maws_autoscaling_group.web_servers.deposed: Destroying... (ID: terraform-20180602122834468600000001)[0m[0m
TestTerraformRedeployExample 2018-06-02T14:33:12+02:00 retry.go:105: Executing action 'Check URL http://redeploy-test-V7X9hL-1612592690.eu-west-1.elb.amazonaws.com:80'
TestTerraformRedeployExample 2018-06-02T14:33:12+02:00 http_helper.go:27: Making an HTTP GET call to URL http://redeploy-test-V7X9hL-1612592690.eu-west-1.elb.amazonaws.com:80
TestTerraformRedeployExample 2018-06-02T14:33:12+02:00 retry.go:109: Sleeping for 1s before repeating action 'Check URL http://redeploy-test-V7X9hL-1612592690.eu-west-1.elb.amazonaws.com:80'
TestTerraformRedeployExample 2018-06-02T14:33:13+02:00 retry.go:105: Executing action 'Check URL http://redeploy-test-V7X9hL-1612592690.eu-west-1.elb.amazonaws.com:80'
TestTerraformRedeployExample 2018-06-02T14:33:13+02:00 http_helper.go:27: Making an HTTP GET call to URL http://redeploy-test-V7X9hL-1612592690.eu-west-1.elb.amazonaws.com:80
TestTerraformRedeployExample 2018-06-02T14:33:13+02:00 retry.go:109: Sleeping for 1s before repeating action 'Check URL http://redeploy-test-V7X9hL-1612592690.eu-west-1.elb.amazonaws.com:80'
TestTerraformRedeployExample 2018-06-02T14:33:14+02:00 retry.go:105: Executing action 'Check URL http://redeploy-test-V7X9hL-1612592690.eu-west-1.elb.amazonaws.com:80'
TestTerraformRedeployExample 2018-06-02T14:33:14+02:00 http_helper.go:27: Making an HTTP GET call to URL http://redeploy-test-V7X9hL-1612592690.eu-west-1.elb.amazonaws.com:80
TestTerraformRedeployExample 2018-06-02T14:33:14+02:00 retry.go:109: Sleeping for 1s before repeating action 'Check URL http://redeploy-test-V7X9hL-1612592690.eu-west-1.elb.amazonaws.com:80'
TestTerraformRedeployExample 2018-06-02T14:33:15+02:00 retry.go:105: Executing action 'Check URL http://redeploy-test-V7X9hL-1612592690.eu-west-1.elb.amazonaws.com:80'
TestTerraformRedeployExample 2018-06-02T14:33:15+02:00 http_helper.go:27: Making an HTTP GET call to URL http://redeploy-test-V7X9hL-1612592690.eu-west-1.elb.amazonaws.com:80
TestTerraformPackerExample 2018-06-02T14:33:15+02:00 command.go:96: [0m[1maws_instance.example: Still creating... (40s elapsed)[0m[0m
TestTerraformRedeployExample 2018-06-02T14:33:15+02:00 retry.go:109: Sleeping for 1s before repeating action 'Check URL http://redeploy-test-V7X9hL-1612592690.eu-west-1.elb.amazonaws.com:80'
TestTerraformRedeployExample 2018-06-02T14:33:16+02:00 retry.go:105: Executing action 'Check URL http://redeploy-test-V7X9hL-1612592690.eu-west-1.elb.amazonaws.com:80'
TestTerraformRedeployExample 2018-06-02T14:33:16+02:00 http_helper.go:27: Making an HTTP GET call to URL http://redeploy-test-V7X9hL-1612592690.eu-west-1.elb.amazonaws.com:80
TestTerraformRedeployExample 2018-06-02T14:33:17+02:00 retry.go:109: Sleeping for 1s before repeating action 'Check URL http://redeploy-test-V7X9hL-1612592690.eu-west-1.elb.amazonaws.com:80'
TestTerraformPackerExample 2018-06-02T14:33:17+02:00 command.go:96: [0m[1maws_instance.example: Creation complete after 41s (ID: i-03b1e6f65ac9657f0)[0m[0m
TestTerraformPackerExample 2018-06-02T14:33:17+02:00 command.go:96: [0m[1m[32m
TestTerraformPackerExample 2018-06-02T14:33:17+02:00 command.go:96: Apply complete! Resources: 2 added, 0 changed, 0 destroyed.[0m
TestTerraformPackerExample 2018-06-02T14:33:17+02:00 command.go:96: [0m[1m[32m
TestTerraformPackerExample 2018-06-02T14:33:17+02:00 command.go:96: Outputs:
TestTerraformPackerExample 2018-06-02T14:33:17+02:00 command.go:96: 
TestTerraformPackerExample 2018-06-02T14:33:17+02:00 command.go:96: instance_id = i-03b1e6f65ac9657f0
TestTerraformPackerExample 2018-06-02T14:33:17+02:00 command.go:96: instance_url = http://13.229.198.138:8080
TestTerraformPackerExample 2018-06-02T14:33:17+02:00 command.go:96: public_ip = 13.229.198.138[0m
TestTerraformPackerExample 2018-06-02T14:33:17+02:00 test_structure.go:23: The 'SKIP_validate' environment variable is not set, so executing stage 'validate'.
TestTerraformPackerExample 2018-06-02T14:33:17+02:00 save_test_data.go:159: Loading test data from ../examples/terraform-packer-example/.test-data/TerraformOptions.json
TestTerraformPackerExample 2018-06-02T14:33:17+02:00 retry.go:69: Running terraform [output -no-color instance_url]
TestTerraformPackerExample 2018-06-02T14:33:17+02:00 command.go:52: Running command terraform with args [output -no-color instance_url]
TestTerraformPackerExample 2018-06-02T14:33:17+02:00 command.go:96: http://13.229.198.138:8080
TestTerraformPackerExample 2018-06-02T14:33:17+02:00 retry.go:69: HTTP GET to URL http://13.229.198.138:8080
TestTerraformPackerExample 2018-06-02T14:33:17+02:00 http_helper.go:27: Making an HTTP GET call to URL http://13.229.198.138:8080
TestTerraformRedeployExample 2018-06-02T14:33:18+02:00 retry.go:105: Executing action 'Check URL http://redeploy-test-V7X9hL-1612592690.eu-west-1.elb.amazonaws.com:80'
TestTerraformRedeployExample 2018-06-02T14:33:18+02:00 http_helper.go:27: Making an HTTP GET call to URL http://redeploy-test-V7X9hL-1612592690.eu-west-1.elb.amazonaws.com:80
TestTerraformRedeployExample 2018-06-02T14:33:18+02:00 retry.go:109: Sleeping for 1s before repeating action 'Check URL http://redeploy-test-V7X9hL-1612592690.eu-west-1.elb.amazonaws.com:80'
TestTerraformPackerExample 2018-06-02T14:33:18+02:00 test_structure.go:23: The 'SKIP_logs' environment variable is not set, so executing stage 'logs'.
TestTerraformPackerExample 2018-06-02T14:33:18+02:00 save_test_data.go:159: Loading test data from ../examples/terraform-packer-example/.test-data/TerraformOptions.json
TestTerraformPackerExample 2018-06-02T14:33:18+02:00 retry.go:69: Running terraform [output -no-color instance_id]
TestTerraformPackerExample 2018-06-02T14:33:18+02:00 command.go:52: Running command terraform with args [output -no-color instance_id]
TestTerraformPackerExample 2018-06-02T14:33:18+02:00 command.go:96: i-03b1e6f65ac9657f0
TestTerraformPackerExample 2018-06-02T14:33:18+02:00 ec2-syslog.go:32: Fetching syslog for Instance i-03b1e6f65ac9657f0 in ap-southeast-1
TestTerraformPackerExample 2018-06-02T14:33:18+02:00 retry.go:69: Fetching syslog for Instance i-03b1e6f65ac9657f0 in ap-southeast-1
TestTerraformRedeployExample 2018-06-02T14:33:19+02:00 retry.go:105: Executing action 'Check URL http://redeploy-test-V7X9hL-1612592690.eu-west-1.elb.amazonaws.com:80'
TestTerraformRedeployExample 2018-06-02T14:33:19+02:00 http_helper.go:27: Making an HTTP GET call to URL http://redeploy-test-V7X9hL-1612592690.eu-west-1.elb.amazonaws.com:80
TestTerraformRedeployExample 2018-06-02T14:33:19+02:00 retry.go:109: Sleeping for 1s before repeating action 'Check URL http://redeploy-test-V7X9hL-1612592690.eu-west-1.elb.amazonaws.com:80'
TestTerraformPackerExample 2018-06-02T14:33:20+02:00 retry.go:81: Fetching syslog for Instance i-03b1e6f65ac9657f0 in ap-southeast-1 returned an error: Syslog is not yet available for instance i-03b1e6f65ac9657f0 in ap-southeast-1. Sleeping for 5s and will try again.
TestTerraformRedeployExample 2018-06-02T14:33:20+02:00 retry.go:105: Executing action 'Check URL http://redeploy-test-V7X9hL-1612592690.eu-west-1.elb.amazonaws.com:80'
TestTerraformRedeployExample 2018-06-02T14:33:20+02:00 http_helper.go:27: Making an HTTP GET call to URL http://redeploy-test-V7X9hL-1612592690.eu-west-1.elb.amazonaws.com:80
TestTerraformRedeployExample 2018-06-02T14:33:20+02:00 retry.go:109: Sleeping for 1s before repeating action 'Check URL http://redeploy-test-V7X9hL-1612592690.eu-west-1.elb.amazonaws.com:80'
TestTerraformRedeployExample 2018-06-02T14:33:21+02:00 retry.go:105: Executing action 'Check URL http://redeploy-test-V7X9hL-1612592690.eu-west-1.elb.amazonaws.com:80'
TestTerraformRedeployExample 2018-06-02T14:33:21+02:00 http_helper.go:27: Making an HTTP GET call to URL http://redeploy-test-V7X9hL-1612592690.eu-west-1.elb.amazonaws.com:80
TestTerraformRedeployExample 2018-06-02T14:33:21+02:00 retry.go:109: Sleeping for 1s before repeating action 'Check URL http://redeploy-test-V7X9hL-1612592690.eu-west-1.elb.amazonaws.com:80'
TestTerraformRedeployExample 2018-06-02T14:33:22+02:00 command.go:96: [0m[1maws_autoscaling_group.web_servers (deposed #0): Still destroying... (ID: terraform-20180602122834468600000001, 10s elapsed)[0m[0m
TestTerraformRedeployExample 2018-06-02T14:33:22+02:00 retry.go:105: Executing action 'Check URL http://redeploy-test-V7X9hL-1612592690.eu-west-1.elb.amazonaws.com:80'
TestTerraformRedeployExample 2018-06-02T14:33:22+02:00 http_helper.go:27: Making an HTTP GET call to URL http://redeploy-test-V7X9hL-1612592690.eu-west-1.elb.amazonaws.com:80
TestTerraformRedeployExample 2018-06-02T14:33:22+02:00 retry.go:109: Sleeping for 1s before repeating action 'Check URL http://redeploy-test-V7X9hL-1612592690.eu-west-1.elb.amazonaws.com:80'
TestTerraformRedeployExample 2018-06-02T14:33:23+02:00 retry.go:105: Executing action 'Check URL http://redeploy-test-V7X9hL-1612592690.eu-west-1.elb.amazonaws.com:80'
TestTerraformRedeployExample 2018-06-02T14:33:23+02:00 http_helper.go:27: Making an HTTP GET call to URL http://redeploy-test-V7X9hL-1612592690.eu-west-1.elb.amazonaws.com:80
TestTerraformRedeployExample 2018-06-02T14:33:23+02:00 retry.go:109: Sleeping for 1s before repeating action 'Check URL http://redeploy-test-V7X9hL-1612592690.eu-west-1.elb.amazonaws.com:80'
TestTerraformRedeployExample 2018-06-02T14:33:24+02:00 retry.go:105: Executing action 'Check URL http://redeploy-test-V7X9hL-1612592690.eu-west-1.elb.amazonaws.com:80'
TestTerraformRedeployExample 2018-06-02T14:33:24+02:00 http_helper.go:27: Making an HTTP GET call to URL http://redeploy-test-V7X9hL-1612592690.eu-west-1.elb.amazonaws.com:80
TestTerraformRedeployExample 2018-06-02T14:33:24+02:00 retry.go:109: Sleeping for 1s before repeating action 'Check URL http://redeploy-test-V7X9hL-1612592690.eu-west-1.elb.amazonaws.com:80'
TestTerraformPackerExample 2018-06-02T14:33:25+02:00 retry.go:69: Fetching syslog for Instance i-03b1e6f65ac9657f0 in ap-southeast-1
TestTerraformRedeployExample 2018-06-02T14:33:25+02:00 retry.go:105: Executing action 'Check URL http://redeploy-test-V7X9hL-1612592690.eu-west-1.elb.amazonaws.com:80'
TestTerraformRedeployExample 2018-06-02T14:33:25+02:00 http_helper.go:27: Making an HTTP GET call to URL http://redeploy-test-V7X9hL-1612592690.eu-west-1.elb.amazonaws.com:80
TestTerraformPackerExample 2018-06-02T14:33:25+02:00 retry.go:81: Fetching syslog for Instance i-03b1e6f65ac9657f0 in ap-southeast-1 returned an error: Syslog is not yet available for instance i-03b1e6f65ac9657f0 in ap-southeast-1. Sleeping for 5s and will try again.
TestTerraformRedeployExample 2018-06-02T14:33:25+02:00 retry.go:109: Sleeping for 1s before repeating action 'Check URL http://redeploy-test-V7X9hL-1612592690.eu-west-1.elb.amazonaws.com:80'
TestTerraformRedeployExample 2018-06-02T14:33:26+02:00 retry.go:105: Executing action 'Check URL http://redeploy-test-V7X9hL-1612592690.eu-west-1.elb.amazonaws.com:80'
TestTerraformRedeployExample 2018-06-02T14:33:26+02:00 http_helper.go:27: Making an HTTP GET call to URL http://redeploy-test-V7X9hL-1612592690.eu-west-1.elb.amazonaws.com:80
TestTerraformRedeployExample 2018-06-02T14:33:26+02:00 retry.go:109: Sleeping for 1s before repeating action 'Check URL http://redeploy-test-V7X9hL-1612592690.eu-west-1.elb.amazonaws.com:80'
TestTerraformRedeployExample 2018-06-02T14:33:27+02:00 retry.go:105: Executing action 'Check URL http://redeploy-test-V7X9hL-1612592690.eu-west-1.elb.amazonaws.com:80'
TestTerraformRedeployExample 2018-06-02T14:33:27+02:00 http_helper.go:27: Making an HTTP GET call to URL http://redeploy-test-V7X9hL-1612592690.eu-west-1.elb.amazonaws.com:80
TestTerraformRedeployExample 2018-06-02T14:33:27+02:00 retry.go:109: Sleeping for 1s before repeating action 'Check URL http://redeploy-test-V7X9hL-1612592690.eu-west-1.elb.amazonaws.com:80'
TestTerraformRedeployExample 2018-06-02T14:33:28+02:00 retry.go:105: Executing action 'Check URL http://redeploy-test-V7X9hL-1612592690.eu-west-1.elb.amazonaws.com:80'
TestTerraformRedeployExample 2018-06-02T14:33:28+02:00 http_helper.go:27: Making an HTTP GET call to URL http://redeploy-test-V7X9hL-1612592690.eu-west-1.elb.amazonaws.com:80
TestTerraformRedeployExample 2018-06-02T14:33:28+02:00 retry.go:109: Sleeping for 1s before repeating action 'Check URL http://redeploy-test-V7X9hL-1612592690.eu-west-1.elb.amazonaws.com:80'
TestTerraformRedeployExample 2018-06-02T14:33:29+02:00 retry.go:105: Executing action 'Check URL http://redeploy-test-V7X9hL-1612592690.eu-west-1.elb.amazonaws.com:80'
TestTerraformRedeployExample 2018-06-02T14:33:29+02:00 http_helper.go:27: Making an HTTP GET call to URL http://redeploy-test-V7X9hL-1612592690.eu-west-1.elb.amazonaws.com:80
TestTerraformRedeployExample 2018-06-02T14:33:29+02:00 retry.go:109: Sleeping for 1s before repeating action 'Check URL http://redeploy-test-V7X9hL-1612592690.eu-west-1.elb.amazonaws.com:80'
TestTerraformPackerExample 2018-06-02T14:33:30+02:00 retry.go:69: Fetching syslog for Instance i-03b1e6f65ac9657f0 in ap-southeast-1
TestTerraformRedeployExample 2018-06-02T14:33:30+02:00 retry.go:105: Executing action 'Check URL http://redeploy-test-V7X9hL-1612592690.eu-west-1.elb.amazonaws.com:80'
TestTerraformRedeployExample 2018-06-02T14:33:30+02:00 http_helper.go:27: Making an HTTP GET call to URL http://redeploy-test-V7X9hL-1612592690.eu-west-1.elb.amazonaws.com:80
TestTerraformRedeployExample 2018-06-02T14:33:30+02:00 retry.go:109: Sleeping for 1s before repeating action 'Check URL http://redeploy-test-V7X9hL-1612592690.eu-west-1.elb.amazonaws.com:80'
TestTerraformPackerExample 2018-06-02T14:33:30+02:00 retry.go:81: Fetching syslog for Instance i-03b1e6f65ac9657f0 in ap-southeast-1 returned an error: Syslog is not yet available for instance i-03b1e6f65ac9657f0 in ap-southeast-1. Sleeping for 5s and will try again.
TestTerraformRedeployExample 2018-06-02T14:33:31+02:00 retry.go:105: Executing action 'Check URL http://redeploy-test-V7X9hL-1612592690.eu-west-1.elb.amazonaws.com:80'
TestTerraformRedeployExample 2018-06-02T14:33:31+02:00 http_helper.go:27: Making an HTTP GET call to URL http://redeploy-test-V7X9hL-1612592690.eu-west-1.elb.amazonaws.com:80
TestTerraformRedeployExample 2018-06-02T14:33:31+02:00 retry.go:109: Sleeping for 1s before repeating action 'Check URL http://redeploy-test-V7X9hL-1612592690.eu-west-1.elb.amazonaws.com:80'
TestTerraformRedeployExample 2018-06-02T14:33:32+02:00 command.go:96: [0m[1maws_autoscaling_group.web_servers (deposed #0): Still destroying... (ID: terraform-20180602122834468600000001, 20s elapsed)[0m[0m
TestTerraformRedeployExample 2018-06-02T14:33:32+02:00 retry.go:105: Executing action 'Check URL http://redeploy-test-V7X9hL-1612592690.eu-west-1.elb.amazonaws.com:80'
TestTerraformRedeployExample 2018-06-02T14:33:32+02:00 http_helper.go:27: Making an HTTP GET call to URL http://redeploy-test-V7X9hL-1612592690.eu-west-1.elb.amazonaws.com:80
TestTerraformRedeployExample 2018-06-02T14:33:32+02:00 retry.go:109: Sleeping for 1s before repeating action 'Check URL http://redeploy-test-V7X9hL-1612592690.eu-west-1.elb.amazonaws.com:80'
TestTerraformRedeployExample 2018-06-02T14:33:33+02:00 retry.go:105: Executing action 'Check URL http://redeploy-test-V7X9hL-1612592690.eu-west-1.elb.amazonaws.com:80'
TestTerraformRedeployExample 2018-06-02T14:33:33+02:00 http_helper.go:27: Making an HTTP GET call to URL http://redeploy-test-V7X9hL-1612592690.eu-west-1.elb.amazonaws.com:80
TestTerraformRedeployExample 2018-06-02T14:33:33+02:00 retry.go:109: Sleeping for 1s before repeating action 'Check URL http://redeploy-test-V7X9hL-1612592690.eu-west-1.elb.amazonaws.com:80'
TestTerraformRedeployExample 2018-06-02T14:33:34+02:00 retry.go:105: Executing action 'Check URL http://redeploy-test-V7X9hL-1612592690.eu-west-1.elb.amazonaws.com:80'
TestTerraformRedeployExample 2018-06-02T14:33:34+02:00 http_helper.go:27: Making an HTTP GET call to URL http://redeploy-test-V7X9hL-1612592690.eu-west-1.elb.amazonaws.com:80
TestTerraformRedeployExample 2018-06-02T14:33:35+02:00 retry.go:109: Sleeping for 1s before repeating action 'Check URL http://redeploy-test-V7X9hL-1612592690.eu-west-1.elb.amazonaws.com:80'
TestTerraformPackerExample 2018-06-02T14:33:35+02:00 retry.go:69: Fetching syslog for Instance i-03b1e6f65ac9657f0 in ap-southeast-1
TestTerraformRedeployExample 2018-06-02T14:33:36+02:00 retry.go:105: Executing action 'Check URL http://redeploy-test-V7X9hL-1612592690.eu-west-1.elb.amazonaws.com:80'
TestTerraformRedeployExample 2018-06-02T14:33:36+02:00 http_helper.go:27: Making an HTTP GET call to URL http://redeploy-test-V7X9hL-1612592690.eu-west-1.elb.amazonaws.com:80
TestTerraformRedeployExample 2018-06-02T14:33:36+02:00 retry.go:109: Sleeping for 1s before repeating action 'Check URL http://redeploy-test-V7X9hL-1612592690.eu-west-1.elb.amazonaws.com:80'
TestTerraformPackerExample 2018-06-02T14:33:36+02:00 retry.go:81: Fetching syslog for Instance i-03b1e6f65ac9657f0 in ap-southeast-1 returned an error: Syslog is not yet available for instance i-03b1e6f65ac9657f0 in ap-southeast-1. Sleeping for 5s and will try again.
TestTerraformRedeployExample 2018-06-02T14:33:37+02:00 retry.go:105: Executing action 'Check URL http://redeploy-test-V7X9hL-1612592690.eu-west-1.elb.amazonaws.com:80'
TestTerraformRedeployExample 2018-06-02T14:33:37+02:00 http_helper.go:27: Making an HTTP GET call to URL http://redeploy-test-V7X9hL-1612592690.eu-west-1.elb.amazonaws.com:80
TestTerraformRedeployExample 2018-06-02T14:33:37+02:00 retry.go:109: Sleeping for 1s before repeating action 'Check URL http://redeploy-test-V7X9hL-1612592690.eu-west-1.elb.amazonaws.com:80'
TestTerraformRedeployExample 2018-06-02T14:33:38+02:00 retry.go:105: Executing action 'Check URL http://redeploy-test-V7X9hL-1612592690.eu-west-1.elb.amazonaws.com:80'
TestTerraformRedeployExample 2018-06-02T14:33:38+02:00 http_helper.go:27: Making an HTTP GET call to URL http://redeploy-test-V7X9hL-1612592690.eu-west-1.elb.amazonaws.com:80
TestTerraformRedeployExample 2018-06-02T14:33:38+02:00 retry.go:109: Sleeping for 1s before repeating action 'Check URL http://redeploy-test-V7X9hL-1612592690.eu-west-1.elb.amazonaws.com:80'
TestTerraformRedeployExample 2018-06-02T14:33:39+02:00 retry.go:105: Executing action 'Check URL http://redeploy-test-V7X9hL-1612592690.eu-west-1.elb.amazonaws.com:80'
TestTerraformRedeployExample 2018-06-02T14:33:39+02:00 http_helper.go:27: Making an HTTP GET call to URL http://redeploy-test-V7X9hL-1612592690.eu-west-1.elb.amazonaws.com:80
TestTerraformRedeployExample 2018-06-02T14:33:39+02:00 retry.go:109: Sleeping for 1s before repeating action 'Check URL http://redeploy-test-V7X9hL-1612592690.eu-west-1.elb.amazonaws.com:80'
TestTerraformRedeployExample 2018-06-02T14:33:40+02:00 retry.go:105: Executing action 'Check URL http://redeploy-test-V7X9hL-1612592690.eu-west-1.elb.amazonaws.com:80'
TestTerraformRedeployExample 2018-06-02T14:33:40+02:00 http_helper.go:27: Making an HTTP GET call to URL http://redeploy-test-V7X9hL-1612592690.eu-west-1.elb.amazonaws.com:80
TestTerraformRedeployExample 2018-06-02T14:33:40+02:00 retry.go:109: Sleeping for 1s before repeating action 'Check URL http://redeploy-test-V7X9hL-1612592690.eu-west-1.elb.amazonaws.com:80'
TestTerraformPackerExample 2018-06-02T14:33:41+02:00 retry.go:69: Fetching syslog for Instance i-03b1e6f65ac9657f0 in ap-southeast-1
TestTerraformRedeployExample 2018-06-02T14:33:41+02:00 retry.go:105: Executing action 'Check URL http://redeploy-test-V7X9hL-1612592690.eu-west-1.elb.amazonaws.com:80'
TestTerraformRedeployExample 2018-06-02T14:33:41+02:00 http_helper.go:27: Making an HTTP GET call to URL http://redeploy-test-V7X9hL-1612592690.eu-west-1.elb.amazonaws.com:80
TestTerraformRedeployExample 2018-06-02T14:33:41+02:00 retry.go:109: Sleeping for 1s before repeating action 'Check URL http://redeploy-test-V7X9hL-1612592690.eu-west-1.elb.amazonaws.com:80'
TestTerraformPackerExample 2018-06-02T14:33:41+02:00 retry.go:81: Fetching syslog for Instance i-03b1e6f65ac9657f0 in ap-southeast-1 returned an error: Syslog is not yet available for instance i-03b1e6f65ac9657f0 in ap-southeast-1. Sleeping for 5s and will try again.
TestTerraformRedeployExample 2018-06-02T14:33:42+02:00 command.go:96: [0m[1maws_autoscaling_group.web_servers (deposed #0): Still destroying... (ID: terraform-20180602122834468600000001, 30s elapsed)[0m[0m
TestTerraformRedeployExample 2018-06-02T14:33:42+02:00 retry.go:105: Executing action 'Check URL http://redeploy-test-V7X9hL-1612592690.eu-west-1.elb.amazonaws.com:80'
TestTerraformRedeployExample 2018-06-02T14:33:42+02:00 http_helper.go:27: Making an HTTP GET call to URL http://redeploy-test-V7X9hL-1612592690.eu-west-1.elb.amazonaws.com:80
TestTerraformRedeployExample 2018-06-02T14:33:42+02:00 retry.go:109: Sleeping for 1s before repeating action 'Check URL http://redeploy-test-V7X9hL-1612592690.eu-west-1.elb.amazonaws.com:80'
TestTerraformRedeployExample 2018-06-02T14:33:43+02:00 retry.go:105: Executing action 'Check URL http://redeploy-test-V7X9hL-1612592690.eu-west-1.elb.amazonaws.com:80'
TestTerraformRedeployExample 2018-06-02T14:33:43+02:00 http_helper.go:27: Making an HTTP GET call to URL http://redeploy-test-V7X9hL-1612592690.eu-west-1.elb.amazonaws.com:80
TestTerraformRedeployExample 2018-06-02T14:33:43+02:00 retry.go:109: Sleeping for 1s before repeating action 'Check URL http://redeploy-test-V7X9hL-1612592690.eu-west-1.elb.amazonaws.com:80'
TestTerraformRedeployExample 2018-06-02T14:33:44+02:00 retry.go:105: Executing action 'Check URL http://redeploy-test-V7X9hL-1612592690.eu-west-1.elb.amazonaws.com:80'
TestTerraformRedeployExample 2018-06-02T14:33:44+02:00 http_helper.go:27: Making an HTTP GET call to URL http://redeploy-test-V7X9hL-1612592690.eu-west-1.elb.amazonaws.com:80
TestTerraformRedeployExample 2018-06-02T14:33:44+02:00 retry.go:109: Sleeping for 1s before repeating action 'Check URL http://redeploy-test-V7X9hL-1612592690.eu-west-1.elb.amazonaws.com:80'
TestTerraformRedeployExample 2018-06-02T14:33:45+02:00 retry.go:105: Executing action 'Check URL http://redeploy-test-V7X9hL-1612592690.eu-west-1.elb.amazonaws.com:80'
TestTerraformRedeployExample 2018-06-02T14:33:45+02:00 http_helper.go:27: Making an HTTP GET call to URL http://redeploy-test-V7X9hL-1612592690.eu-west-1.elb.amazonaws.com:80
TestTerraformRedeployExample 2018-06-02T14:33:45+02:00 retry.go:109: Sleeping for 1s before repeating action 'Check URL http://redeploy-test-V7X9hL-1612592690.eu-west-1.elb.amazonaws.com:80'
TestTerraformRedeployExample 2018-06-02T14:33:46+02:00 retry.go:105: Executing action 'Check URL http://redeploy-test-V7X9hL-1612592690.eu-west-1.elb.amazonaws.com:80'
TestTerraformRedeployExample 2018-06-02T14:33:46+02:00 http_helper.go:27: Making an HTTP GET call to URL http://redeploy-test-V7X9hL-1612592690.eu-west-1.elb.amazonaws.com:80
TestTerraformRedeployExample 2018-06-02T14:33:46+02:00 retry.go:109: Sleeping for 1s before repeating action 'Check URL http://redeploy-test-V7X9hL-1612592690.eu-west-1.elb.amazonaws.com:80'
TestTerraformPackerExample 2018-06-02T14:33:46+02:00 retry.go:69: Fetching syslog for Instance i-03b1e6f65ac9657f0 in ap-southeast-1
TestTerraformPackerExample 2018-06-02T14:33:47+02:00 retry.go:81: Fetching syslog for Instance i-03b1e6f65ac9657f0 in ap-southeast-1 returned an error: Syslog is not yet available for instance i-03b1e6f65ac9657f0 in ap-southeast-1. Sleeping for 5s and will try again.
TestTerraformRedeployExample 2018-06-02T14:33:47+02:00 retry.go:105: Executing action 'Check URL http://redeploy-test-V7X9hL-1612592690.eu-west-1.elb.amazonaws.com:80'
TestTerraformRedeployExample 2018-06-02T14:33:47+02:00 http_helper.go:27: Making an HTTP GET call to URL http://redeploy-test-V7X9hL-1612592690.eu-west-1.elb.amazonaws.com:80
TestTerraformRedeployExample 2018-06-02T14:33:47+02:00 retry.go:109: Sleeping for 1s before repeating action 'Check URL http://redeploy-test-V7X9hL-1612592690.eu-west-1.elb.amazonaws.com:80'
TestTerraformRedeployExample 2018-06-02T14:33:48+02:00 retry.go:105: Executing action 'Check URL http://redeploy-test-V7X9hL-1612592690.eu-west-1.elb.amazonaws.com:80'
TestTerraformRedeployExample 2018-06-02T14:33:48+02:00 http_helper.go:27: Making an HTTP GET call to URL http://redeploy-test-V7X9hL-1612592690.eu-west-1.elb.amazonaws.com:80
TestTerraformRedeployExample 2018-06-02T14:33:48+02:00 retry.go:109: Sleeping for 1s before repeating action 'Check URL http://redeploy-test-V7X9hL-1612592690.eu-west-1.elb.amazonaws.com:80'
TestTerraformRedeployExample 2018-06-02T14:33:49+02:00 retry.go:105: Executing action 'Check URL http://redeploy-test-V7X9hL-1612592690.eu-west-1.elb.amazonaws.com:80'
TestTerraformRedeployExample 2018-06-02T14:33:49+02:00 http_helper.go:27: Making an HTTP GET call to URL http://redeploy-test-V7X9hL-1612592690.eu-west-1.elb.amazonaws.com:80
TestTerraformRedeployExample 2018-06-02T14:33:49+02:00 retry.go:109: Sleeping for 1s before repeating action 'Check URL http://redeploy-test-V7X9hL-1612592690.eu-west-1.elb.amazonaws.com:80'
TestTerraformRedeployExample 2018-06-02T14:33:50+02:00 retry.go:105: Executing action 'Check URL http://redeploy-test-V7X9hL-1612592690.eu-west-1.elb.amazonaws.com:80'
TestTerraformRedeployExample 2018-06-02T14:33:50+02:00 http_helper.go:27: Making an HTTP GET call to URL http://redeploy-test-V7X9hL-1612592690.eu-west-1.elb.amazonaws.com:80
TestTerraformRedeployExample 2018-06-02T14:33:50+02:00 retry.go:109: Sleeping for 1s before repeating action 'Check URL http://redeploy-test-V7X9hL-1612592690.eu-west-1.elb.amazonaws.com:80'
TestTerraformRedeployExample 2018-06-02T14:33:51+02:00 retry.go:105: Executing action 'Check URL http://redeploy-test-V7X9hL-1612592690.eu-west-1.elb.amazonaws.com:80'
TestTerraformRedeployExample 2018-06-02T14:33:51+02:00 http_helper.go:27: Making an HTTP GET call to URL http://redeploy-test-V7X9hL-1612592690.eu-west-1.elb.amazonaws.com:80
TestTerraformRedeployExample 2018-06-02T14:33:51+02:00 retry.go:109: Sleeping for 1s before repeating action 'Check URL http://redeploy-test-V7X9hL-1612592690.eu-west-1.elb.amazonaws.com:80'
TestTerraformPackerExample 2018-06-02T14:33:52+02:00 retry.go:69: Fetching syslog for Instance i-03b1e6f65ac9657f0 in ap-southeast-1
TestTerraformRedeployExample 2018-06-02T14:33:52+02:00 command.go:96: [0m[1maws_autoscaling_group.web_servers (deposed #0): Still destroying... (ID: terraform-20180602122834468600000001, 40s elapsed)[0m[0m
TestTerraformPackerExample 2018-06-02T14:33:52+02:00 retry.go:81: Fetching syslog for Instance i-03b1e6f65ac9657f0 in ap-southeast-1 returned an error: Syslog is not yet available for instance i-03b1e6f65ac9657f0 in ap-southeast-1. Sleeping for 5s and will try again.
TestTerraformRedeployExample 2018-06-02T14:33:52+02:00 retry.go:105: Executing action 'Check URL http://redeploy-test-V7X9hL-1612592690.eu-west-1.elb.amazonaws.com:80'
TestTerraformRedeployExample 2018-06-02T14:33:52+02:00 http_helper.go:27: Making an HTTP GET call to URL http://redeploy-test-V7X9hL-1612592690.eu-west-1.elb.amazonaws.com:80
TestTerraformRedeployExample 2018-06-02T14:33:52+02:00 retry.go:109: Sleeping for 1s before repeating action 'Check URL http://redeploy-test-V7X9hL-1612592690.eu-west-1.elb.amazonaws.com:80'
TestTerraformRedeployExample 2018-06-02T14:33:53+02:00 retry.go:105: Executing action 'Check URL http://redeploy-test-V7X9hL-1612592690.eu-west-1.elb.amazonaws.com:80'
TestTerraformRedeployExample 2018-06-02T14:33:53+02:00 http_helper.go:27: Making an HTTP GET call to URL http://redeploy-test-V7X9hL-1612592690.eu-west-1.elb.amazonaws.com:80
TestTerraformRedeployExample 2018-06-02T14:33:53+02:00 retry.go:109: Sleeping for 1s before repeating action 'Check URL http://redeploy-test-V7X9hL-1612592690.eu-west-1.elb.amazonaws.com:80'
TestTerraformRedeployExample 2018-06-02T14:33:54+02:00 retry.go:105: Executing action 'Check URL http://redeploy-test-V7X9hL-1612592690.eu-west-1.elb.amazonaws.com:80'
TestTerraformRedeployExample 2018-06-02T14:33:54+02:00 http_helper.go:27: Making an HTTP GET call to URL http://redeploy-test-V7X9hL-1612592690.eu-west-1.elb.amazonaws.com:80
TestTerraformRedeployExample 2018-06-02T14:33:55+02:00 retry.go:109: Sleeping for 1s before repeating action 'Check URL http://redeploy-test-V7X9hL-1612592690.eu-west-1.elb.amazonaws.com:80'
TestTerraformRedeployExample 2018-06-02T14:33:56+02:00 retry.go:105: Executing action 'Check URL http://redeploy-test-V7X9hL-1612592690.eu-west-1.elb.amazonaws.com:80'
TestTerraformRedeployExample 2018-06-02T14:33:56+02:00 http_helper.go:27: Making an HTTP GET call to URL http://redeploy-test-V7X9hL-1612592690.eu-west-1.elb.amazonaws.com:80
TestTerraformRedeployExample 2018-06-02T14:33:56+02:00 retry.go:109: Sleeping for 1s before repeating action 'Check URL http://redeploy-test-V7X9hL-1612592690.eu-west-1.elb.amazonaws.com:80'
TestTerraformRedeployExample 2018-06-02T14:33:57+02:00 retry.go:105: Executing action 'Check URL http://redeploy-test-V7X9hL-1612592690.eu-west-1.elb.amazonaws.com:80'
TestTerraformRedeployExample 2018-06-02T14:33:57+02:00 http_helper.go:27: Making an HTTP GET call to URL http://redeploy-test-V7X9hL-1612592690.eu-west-1.elb.amazonaws.com:80
TestTerraformRedeployExample 2018-06-02T14:33:57+02:00 retry.go:109: Sleeping for 1s before repeating action 'Check URL http://redeploy-test-V7X9hL-1612592690.eu-west-1.elb.amazonaws.com:80'
TestTerraformPackerExample 2018-06-02T14:33:57+02:00 retry.go:69: Fetching syslog for Instance i-03b1e6f65ac9657f0 in ap-southeast-1
TestTerraformPackerExample 2018-06-02T14:33:58+02:00 retry.go:81: Fetching syslog for Instance i-03b1e6f65ac9657f0 in ap-southeast-1 returned an error: Syslog is not yet available for instance i-03b1e6f65ac9657f0 in ap-southeast-1. Sleeping for 5s and will try again.
TestTerraformRedeployExample 2018-06-02T14:33:58+02:00 retry.go:105: Executing action 'Check URL http://redeploy-test-V7X9hL-1612592690.eu-west-1.elb.amazonaws.com:80'
TestTerraformRedeployExample 2018-06-02T14:33:58+02:00 http_helper.go:27: Making an HTTP GET call to URL http://redeploy-test-V7X9hL-1612592690.eu-west-1.elb.amazonaws.com:80
TestTerraformRedeployExample 2018-06-02T14:33:58+02:00 retry.go:109: Sleeping for 1s before repeating action 'Check URL http://redeploy-test-V7X9hL-1612592690.eu-west-1.elb.amazonaws.com:80'
TestTerraformRedeployExample 2018-06-02T14:33:59+02:00 retry.go:105: Executing action 'Check URL http://redeploy-test-V7X9hL-1612592690.eu-west-1.elb.amazonaws.com:80'
TestTerraformRedeployExample 2018-06-02T14:33:59+02:00 http_helper.go:27: Making an HTTP GET call to URL http://redeploy-test-V7X9hL-1612592690.eu-west-1.elb.amazonaws.com:80
TestTerraformRedeployExample 2018-06-02T14:33:59+02:00 retry.go:109: Sleeping for 1s before repeating action 'Check URL http://redeploy-test-V7X9hL-1612592690.eu-west-1.elb.amazonaws.com:80'
TestTerraformRedeployExample 2018-06-02T14:34:00+02:00 retry.go:105: Executing action 'Check URL http://redeploy-test-V7X9hL-1612592690.eu-west-1.elb.amazonaws.com:80'
TestTerraformRedeployExample 2018-06-02T14:34:00+02:00 http_helper.go:27: Making an HTTP GET call to URL http://redeploy-test-V7X9hL-1612592690.eu-west-1.elb.amazonaws.com:80
TestTerraformRedeployExample 2018-06-02T14:34:00+02:00 retry.go:109: Sleeping for 1s before repeating action 'Check URL http://redeploy-test-V7X9hL-1612592690.eu-west-1.elb.amazonaws.com:80'
TestTerraformRedeployExample 2018-06-02T14:34:01+02:00 retry.go:105: Executing action 'Check URL http://redeploy-test-V7X9hL-1612592690.eu-west-1.elb.amazonaws.com:80'
TestTerraformRedeployExample 2018-06-02T14:34:01+02:00 http_helper.go:27: Making an HTTP GET call to URL http://redeploy-test-V7X9hL-1612592690.eu-west-1.elb.amazonaws.com:80
TestTerraformRedeployExample 2018-06-02T14:34:01+02:00 retry.go:109: Sleeping for 1s before repeating action 'Check URL http://redeploy-test-V7X9hL-1612592690.eu-west-1.elb.amazonaws.com:80'
TestTerraformRedeployExample 2018-06-02T14:34:02+02:00 command.go:96: [0m[1maws_autoscaling_group.web_servers (deposed #0): Still destroying... (ID: terraform-20180602122834468600000001, 50s elapsed)[0m[0m
TestTerraformRedeployExample 2018-06-02T14:34:02+02:00 retry.go:105: Executing action 'Check URL http://redeploy-test-V7X9hL-1612592690.eu-west-1.elb.amazonaws.com:80'
TestTerraformRedeployExample 2018-06-02T14:34:02+02:00 http_helper.go:27: Making an HTTP GET call to URL http://redeploy-test-V7X9hL-1612592690.eu-west-1.elb.amazonaws.com:80
TestTerraformRedeployExample 2018-06-02T14:34:02+02:00 retry.go:109: Sleeping for 1s before repeating action 'Check URL http://redeploy-test-V7X9hL-1612592690.eu-west-1.elb.amazonaws.com:80'
TestTerraformPackerExample 2018-06-02T14:34:03+02:00 retry.go:69: Fetching syslog for Instance i-03b1e6f65ac9657f0 in ap-southeast-1
TestTerraformRedeployExample 2018-06-02T14:34:03+02:00 retry.go:105: Executing action 'Check URL http://redeploy-test-V7X9hL-1612592690.eu-west-1.elb.amazonaws.com:80'
TestTerraformRedeployExample 2018-06-02T14:34:03+02:00 http_helper.go:27: Making an HTTP GET call to URL http://redeploy-test-V7X9hL-1612592690.eu-west-1.elb.amazonaws.com:80
TestTerraformPackerExample 2018-06-02T14:34:03+02:00 retry.go:81: Fetching syslog for Instance i-03b1e6f65ac9657f0 in ap-southeast-1 returned an error: Syslog is not yet available for instance i-03b1e6f65ac9657f0 in ap-southeast-1. Sleeping for 5s and will try again.
TestTerraformRedeployExample 2018-06-02T14:34:03+02:00 retry.go:109: Sleeping for 1s before repeating action 'Check URL http://redeploy-test-V7X9hL-1612592690.eu-west-1.elb.amazonaws.com:80'
TestTerraformRedeployExample 2018-06-02T14:34:04+02:00 retry.go:105: Executing action 'Check URL http://redeploy-test-V7X9hL-1612592690.eu-west-1.elb.amazonaws.com:80'
TestTerraformRedeployExample 2018-06-02T14:34:04+02:00 http_helper.go:27: Making an HTTP GET call to URL http://redeploy-test-V7X9hL-1612592690.eu-west-1.elb.amazonaws.com:80
TestTerraformRedeployExample 2018-06-02T14:34:04+02:00 retry.go:109: Sleeping for 1s before repeating action 'Check URL http://redeploy-test-V7X9hL-1612592690.eu-west-1.elb.amazonaws.com:80'
TestTerraformRedeployExample 2018-06-02T14:34:05+02:00 retry.go:105: Executing action 'Check URL http://redeploy-test-V7X9hL-1612592690.eu-west-1.elb.amazonaws.com:80'
TestTerraformRedeployExample 2018-06-02T14:34:05+02:00 http_helper.go:27: Making an HTTP GET call to URL http://redeploy-test-V7X9hL-1612592690.eu-west-1.elb.amazonaws.com:80
TestTerraformRedeployExample 2018-06-02T14:34:05+02:00 retry.go:109: Sleeping for 1s before repeating action 'Check URL http://redeploy-test-V7X9hL-1612592690.eu-west-1.elb.amazonaws.com:80'
TestTerraformRedeployExample 2018-06-02T14:34:06+02:00 retry.go:105: Executing action 'Check URL http://redeploy-test-V7X9hL-1612592690.eu-west-1.elb.amazonaws.com:80'
TestTerraformRedeployExample 2018-06-02T14:34:06+02:00 http_helper.go:27: Making an HTTP GET call to URL http://redeploy-test-V7X9hL-1612592690.eu-west-1.elb.amazonaws.com:80
TestTerraformRedeployExample 2018-06-02T14:34:06+02:00 retry.go:109: Sleeping for 1s before repeating action 'Check URL http://redeploy-test-V7X9hL-1612592690.eu-west-1.elb.amazonaws.com:80'
TestTerraformRedeployExample 2018-06-02T14:34:07+02:00 retry.go:105: Executing action 'Check URL http://redeploy-test-V7X9hL-1612592690.eu-west-1.elb.amazonaws.com:80'
TestTerraformRedeployExample 2018-06-02T14:34:07+02:00 http_helper.go:27: Making an HTTP GET call to URL http://redeploy-test-V7X9hL-1612592690.eu-west-1.elb.amazonaws.com:80
TestTerraformRedeployExample 2018-06-02T14:34:07+02:00 retry.go:109: Sleeping for 1s before repeating action 'Check URL http://redeploy-test-V7X9hL-1612592690.eu-west-1.elb.amazonaws.com:80'
TestTerraformPackerExample 2018-06-02T14:34:08+02:00 retry.go:69: Fetching syslog for Instance i-03b1e6f65ac9657f0 in ap-southeast-1
TestTerraformRedeployExample 2018-06-02T14:34:08+02:00 retry.go:105: Executing action 'Check URL http://redeploy-test-V7X9hL-1612592690.eu-west-1.elb.amazonaws.com:80'
TestTerraformRedeployExample 2018-06-02T14:34:08+02:00 http_helper.go:27: Making an HTTP GET call to URL http://redeploy-test-V7X9hL-1612592690.eu-west-1.elb.amazonaws.com:80
TestTerraformRedeployExample 2018-06-02T14:34:08+02:00 retry.go:109: Sleeping for 1s before repeating action 'Check URL http://redeploy-test-V7X9hL-1612592690.eu-west-1.elb.amazonaws.com:80'
TestTerraformPackerExample 2018-06-02T14:34:08+02:00 retry.go:81: Fetching syslog for Instance i-03b1e6f65ac9657f0 in ap-southeast-1 returned an error: Syslog is not yet available for instance i-03b1e6f65ac9657f0 in ap-southeast-1. Sleeping for 5s and will try again.
TestTerraformRedeployExample 2018-06-02T14:34:09+02:00 retry.go:105: Executing action 'Check URL http://redeploy-test-V7X9hL-1612592690.eu-west-1.elb.amazonaws.com:80'
TestTerraformRedeployExample 2018-06-02T14:34:09+02:00 http_helper.go:27: Making an HTTP GET call to URL http://redeploy-test-V7X9hL-1612592690.eu-west-1.elb.amazonaws.com:80
TestTerraformRedeployExample 2018-06-02T14:34:09+02:00 retry.go:109: Sleeping for 1s before repeating action 'Check URL http://redeploy-test-V7X9hL-1612592690.eu-west-1.elb.amazonaws.com:80'
TestTerraformRedeployExample 2018-06-02T14:34:10+02:00 retry.go:105: Executing action 'Check URL http://redeploy-test-V7X9hL-1612592690.eu-west-1.elb.amazonaws.com:80'
TestTerraformRedeployExample 2018-06-02T14:34:10+02:00 http_helper.go:27: Making an HTTP GET call to URL http://redeploy-test-V7X9hL-1612592690.eu-west-1.elb.amazonaws.com:80
TestTerraformRedeployExample 2018-06-02T14:34:10+02:00 retry.go:109: Sleeping for 1s before repeating action 'Check URL http://redeploy-test-V7X9hL-1612592690.eu-west-1.elb.amazonaws.com:80'
TestTerraformRedeployExample 2018-06-02T14:34:11+02:00 retry.go:105: Executing action 'Check URL http://redeploy-test-V7X9hL-1612592690.eu-west-1.elb.amazonaws.com:80'
TestTerraformRedeployExample 2018-06-02T14:34:11+02:00 http_helper.go:27: Making an HTTP GET call to URL http://redeploy-test-V7X9hL-1612592690.eu-west-1.elb.amazonaws.com:80
TestTerraformRedeployExample 2018-06-02T14:34:11+02:00 retry.go:109: Sleeping for 1s before repeating action 'Check URL http://redeploy-test-V7X9hL-1612592690.eu-west-1.elb.amazonaws.com:80'
TestTerraformRedeployExample 2018-06-02T14:34:12+02:00 command.go:96: [0m[1maws_autoscaling_group.web_servers (deposed #0): Still destroying... (ID: terraform-20180602122834468600000001, 1m0s elapsed)[0m[0m
TestTerraformRedeployExample 2018-06-02T14:34:12+02:00 retry.go:105: Executing action 'Check URL http://redeploy-test-V7X9hL-1612592690.eu-west-1.elb.amazonaws.com:80'
TestTerraformRedeployExample 2018-06-02T14:34:12+02:00 http_helper.go:27: Making an HTTP GET call to URL http://redeploy-test-V7X9hL-1612592690.eu-west-1.elb.amazonaws.com:80
TestTerraformRedeployExample 2018-06-02T14:34:12+02:00 retry.go:109: Sleeping for 1s before repeating action 'Check URL http://redeploy-test-V7X9hL-1612592690.eu-west-1.elb.amazonaws.com:80'
TestTerraformPackerExample 2018-06-02T14:34:13+02:00 retry.go:69: Fetching syslog for Instance i-03b1e6f65ac9657f0 in ap-southeast-1
TestTerraformRedeployExample 2018-06-02T14:34:13+02:00 retry.go:105: Executing action 'Check URL http://redeploy-test-V7X9hL-1612592690.eu-west-1.elb.amazonaws.com:80'
TestTerraformRedeployExample 2018-06-02T14:34:13+02:00 http_helper.go:27: Making an HTTP GET call to URL http://redeploy-test-V7X9hL-1612592690.eu-west-1.elb.amazonaws.com:80
TestTerraformRedeployExample 2018-06-02T14:34:14+02:00 retry.go:109: Sleeping for 1s before repeating action 'Check URL http://redeploy-test-V7X9hL-1612592690.eu-west-1.elb.amazonaws.com:80'
TestTerraformPackerExample 2018-06-02T14:34:14+02:00 retry.go:81: Fetching syslog for Instance i-03b1e6f65ac9657f0 in ap-southeast-1 returned an error: Syslog is not yet available for instance i-03b1e6f65ac9657f0 in ap-southeast-1. Sleeping for 5s and will try again.
TestTerraformRedeployExample 2018-06-02T14:34:15+02:00 retry.go:105: Executing action 'Check URL http://redeploy-test-V7X9hL-1612592690.eu-west-1.elb.amazonaws.com:80'
TestTerraformRedeployExample 2018-06-02T14:34:15+02:00 http_helper.go:27: Making an HTTP GET call to URL http://redeploy-test-V7X9hL-1612592690.eu-west-1.elb.amazonaws.com:80
TestTerraformRedeployExample 2018-06-02T14:34:15+02:00 retry.go:109: Sleeping for 1s before repeating action 'Check URL http://redeploy-test-V7X9hL-1612592690.eu-west-1.elb.amazonaws.com:80'
TestTerraformRedeployExample 2018-06-02T14:34:16+02:00 retry.go:105: Executing action 'Check URL http://redeploy-test-V7X9hL-1612592690.eu-west-1.elb.amazonaws.com:80'
TestTerraformRedeployExample 2018-06-02T14:34:16+02:00 http_helper.go:27: Making an HTTP GET call to URL http://redeploy-test-V7X9hL-1612592690.eu-west-1.elb.amazonaws.com:80
TestTerraformRedeployExample 2018-06-02T14:34:16+02:00 retry.go:109: Sleeping for 1s before repeating action 'Check URL http://redeploy-test-V7X9hL-1612592690.eu-west-1.elb.amazonaws.com:80'
TestTerraformRedeployExample 2018-06-02T14:34:17+02:00 retry.go:105: Executing action 'Check URL http://redeploy-test-V7X9hL-1612592690.eu-west-1.elb.amazonaws.com:80'
TestTerraformRedeployExample 2018-06-02T14:34:17+02:00 http_helper.go:27: Making an HTTP GET call to URL http://redeploy-test-V7X9hL-1612592690.eu-west-1.elb.amazonaws.com:80
TestTerraformRedeployExample 2018-06-02T14:34:17+02:00 retry.go:109: Sleeping for 1s before repeating action 'Check URL http://redeploy-test-V7X9hL-1612592690.eu-west-1.elb.amazonaws.com:80'
TestTerraformRedeployExample 2018-06-02T14:34:18+02:00 retry.go:105: Executing action 'Check URL http://redeploy-test-V7X9hL-1612592690.eu-west-1.elb.amazonaws.com:80'
TestTerraformRedeployExample 2018-06-02T14:34:18+02:00 http_helper.go:27: Making an HTTP GET call to URL http://redeploy-test-V7X9hL-1612592690.eu-west-1.elb.amazonaws.com:80
TestTerraformRedeployExample 2018-06-02T14:34:18+02:00 retry.go:109: Sleeping for 1s before repeating action 'Check URL http://redeploy-test-V7X9hL-1612592690.eu-west-1.elb.amazonaws.com:80'
TestTerraformPackerExample 2018-06-02T14:34:19+02:00 retry.go:69: Fetching syslog for Instance i-03b1e6f65ac9657f0 in ap-southeast-1
TestTerraformRedeployExample 2018-06-02T14:34:19+02:00 retry.go:105: Executing action 'Check URL http://redeploy-test-V7X9hL-1612592690.eu-west-1.elb.amazonaws.com:80'
TestTerraformRedeployExample 2018-06-02T14:34:19+02:00 http_helper.go:27: Making an HTTP GET call to URL http://redeploy-test-V7X9hL-1612592690.eu-west-1.elb.amazonaws.com:80
TestTerraformRedeployExample 2018-06-02T14:34:19+02:00 retry.go:109: Sleeping for 1s before repeating action 'Check URL http://redeploy-test-V7X9hL-1612592690.eu-west-1.elb.amazonaws.com:80'
TestTerraformPackerExample 2018-06-02T14:34:19+02:00 retry.go:81: Fetching syslog for Instance i-03b1e6f65ac9657f0 in ap-southeast-1 returned an error: Syslog is not yet available for instance i-03b1e6f65ac9657f0 in ap-southeast-1. Sleeping for 5s and will try again.
TestTerraformRedeployExample 2018-06-02T14:34:20+02:00 retry.go:105: Executing action 'Check URL http://redeploy-test-V7X9hL-1612592690.eu-west-1.elb.amazonaws.com:80'
TestTerraformRedeployExample 2018-06-02T14:34:20+02:00 http_helper.go:27: Making an HTTP GET call to URL http://redeploy-test-V7X9hL-1612592690.eu-west-1.elb.amazonaws.com:80
TestTerraformRedeployExample 2018-06-02T14:34:20+02:00 retry.go:109: Sleeping for 1s before repeating action 'Check URL http://redeploy-test-V7X9hL-1612592690.eu-west-1.elb.amazonaws.com:80'
TestTerraformRedeployExample 2018-06-02T14:34:21+02:00 retry.go:105: Executing action 'Check URL http://redeploy-test-V7X9hL-1612592690.eu-west-1.elb.amazonaws.com:80'
TestTerraformRedeployExample 2018-06-02T14:34:21+02:00 http_helper.go:27: Making an HTTP GET call to URL http://redeploy-test-V7X9hL-1612592690.eu-west-1.elb.amazonaws.com:80
TestTerraformRedeployExample 2018-06-02T14:34:21+02:00 retry.go:109: Sleeping for 1s before repeating action 'Check URL http://redeploy-test-V7X9hL-1612592690.eu-west-1.elb.amazonaws.com:80'
TestTerraformRedeployExample 2018-06-02T14:34:22+02:00 command.go:96: [0m[1maws_autoscaling_group.web_servers (deposed #0): Still destroying... (ID: terraform-20180602122834468600000001, 1m10s elapsed)[0m[0m
TestTerraformRedeployExample 2018-06-02T14:34:22+02:00 retry.go:105: Executing action 'Check URL http://redeploy-test-V7X9hL-1612592690.eu-west-1.elb.amazonaws.com:80'
TestTerraformRedeployExample 2018-06-02T14:34:22+02:00 http_helper.go:27: Making an HTTP GET call to URL http://redeploy-test-V7X9hL-1612592690.eu-west-1.elb.amazonaws.com:80
TestTerraformRedeployExample 2018-06-02T14:34:22+02:00 retry.go:109: Sleeping for 1s before repeating action 'Check URL http://redeploy-test-V7X9hL-1612592690.eu-west-1.elb.amazonaws.com:80'
TestTerraformRedeployExample 2018-06-02T14:34:23+02:00 retry.go:105: Executing action 'Check URL http://redeploy-test-V7X9hL-1612592690.eu-west-1.elb.amazonaws.com:80'
TestTerraformRedeployExample 2018-06-02T14:34:23+02:00 http_helper.go:27: Making an HTTP GET call to URL http://redeploy-test-V7X9hL-1612592690.eu-west-1.elb.amazonaws.com:80
TestTerraformRedeployExample 2018-06-02T14:34:23+02:00 retry.go:109: Sleeping for 1s before repeating action 'Check URL http://redeploy-test-V7X9hL-1612592690.eu-west-1.elb.amazonaws.com:80'
TestTerraformRedeployExample 2018-06-02T14:34:24+02:00 retry.go:105: Executing action 'Check URL http://redeploy-test-V7X9hL-1612592690.eu-west-1.elb.amazonaws.com:80'
TestTerraformRedeployExample 2018-06-02T14:34:24+02:00 http_helper.go:27: Making an HTTP GET call to URL http://redeploy-test-V7X9hL-1612592690.eu-west-1.elb.amazonaws.com:80
TestTerraformRedeployExample 2018-06-02T14:34:24+02:00 retry.go:109: Sleeping for 1s before repeating action 'Check URL http://redeploy-test-V7X9hL-1612592690.eu-west-1.elb.amazonaws.com:80'
TestTerraformPackerExample 2018-06-02T14:34:24+02:00 retry.go:69: Fetching syslog for Instance i-03b1e6f65ac9657f0 in ap-southeast-1
TestTerraformPackerExample 2018-06-02T14:34:25+02:00 retry.go:81: Fetching syslog for Instance i-03b1e6f65ac9657f0 in ap-southeast-1 returned an error: Syslog is not yet available for instance i-03b1e6f65ac9657f0 in ap-southeast-1. Sleeping for 5s and will try again.
TestTerraformRedeployExample 2018-06-02T14:34:25+02:00 retry.go:105: Executing action 'Check URL http://redeploy-test-V7X9hL-1612592690.eu-west-1.elb.amazonaws.com:80'
TestTerraformRedeployExample 2018-06-02T14:34:25+02:00 http_helper.go:27: Making an HTTP GET call to URL http://redeploy-test-V7X9hL-1612592690.eu-west-1.elb.amazonaws.com:80
TestTerraformRedeployExample 2018-06-02T14:34:25+02:00 retry.go:109: Sleeping for 1s before repeating action 'Check URL http://redeploy-test-V7X9hL-1612592690.eu-west-1.elb.amazonaws.com:80'
TestTerraformRedeployExample 2018-06-02T14:34:26+02:00 retry.go:105: Executing action 'Check URL http://redeploy-test-V7X9hL-1612592690.eu-west-1.elb.amazonaws.com:80'
TestTerraformRedeployExample 2018-06-02T14:34:26+02:00 http_helper.go:27: Making an HTTP GET call to URL http://redeploy-test-V7X9hL-1612592690.eu-west-1.elb.amazonaws.com:80
TestTerraformRedeployExample 2018-06-02T14:34:26+02:00 retry.go:109: Sleeping for 1s before repeating action 'Check URL http://redeploy-test-V7X9hL-1612592690.eu-west-1.elb.amazonaws.com:80'
TestTerraformRedeployExample 2018-06-02T14:34:27+02:00 retry.go:105: Executing action 'Check URL http://redeploy-test-V7X9hL-1612592690.eu-west-1.elb.amazonaws.com:80'
TestTerraformRedeployExample 2018-06-02T14:34:27+02:00 http_helper.go:27: Making an HTTP GET call to URL http://redeploy-test-V7X9hL-1612592690.eu-west-1.elb.amazonaws.com:80
TestTerraformRedeployExample 2018-06-02T14:34:27+02:00 retry.go:109: Sleeping for 1s before repeating action 'Check URL http://redeploy-test-V7X9hL-1612592690.eu-west-1.elb.amazonaws.com:80'
TestTerraformRedeployExample 2018-06-02T14:34:28+02:00 retry.go:105: Executing action 'Check URL http://redeploy-test-V7X9hL-1612592690.eu-west-1.elb.amazonaws.com:80'
TestTerraformRedeployExample 2018-06-02T14:34:28+02:00 http_helper.go:27: Making an HTTP GET call to URL http://redeploy-test-V7X9hL-1612592690.eu-west-1.elb.amazonaws.com:80
TestTerraformRedeployExample 2018-06-02T14:34:28+02:00 retry.go:109: Sleeping for 1s before repeating action 'Check URL http://redeploy-test-V7X9hL-1612592690.eu-west-1.elb.amazonaws.com:80'
TestTerraformRedeployExample 2018-06-02T14:34:29+02:00 retry.go:105: Executing action 'Check URL http://redeploy-test-V7X9hL-1612592690.eu-west-1.elb.amazonaws.com:80'
TestTerraformRedeployExample 2018-06-02T14:34:29+02:00 http_helper.go:27: Making an HTTP GET call to URL http://redeploy-test-V7X9hL-1612592690.eu-west-1.elb.amazonaws.com:80
TestTerraformRedeployExample 2018-06-02T14:34:29+02:00 retry.go:109: Sleeping for 1s before repeating action 'Check URL http://redeploy-test-V7X9hL-1612592690.eu-west-1.elb.amazonaws.com:80'
TestTerraformPackerExample 2018-06-02T14:34:30+02:00 retry.go:69: Fetching syslog for Instance i-03b1e6f65ac9657f0 in ap-southeast-1
TestTerraformPackerExample 2018-06-02T14:34:30+02:00 retry.go:81: Fetching syslog for Instance i-03b1e6f65ac9657f0 in ap-southeast-1 returned an error: Syslog is not yet available for instance i-03b1e6f65ac9657f0 in ap-southeast-1. Sleeping for 5s and will try again.
TestTerraformRedeployExample 2018-06-02T14:34:30+02:00 retry.go:105: Executing action 'Check URL http://redeploy-test-V7X9hL-1612592690.eu-west-1.elb.amazonaws.com:80'
TestTerraformRedeployExample 2018-06-02T14:34:30+02:00 http_helper.go:27: Making an HTTP GET call to URL http://redeploy-test-V7X9hL-1612592690.eu-west-1.elb.amazonaws.com:80
TestTerraformRedeployExample 2018-06-02T14:34:30+02:00 retry.go:109: Sleeping for 1s before repeating action 'Check URL http://redeploy-test-V7X9hL-1612592690.eu-west-1.elb.amazonaws.com:80'
TestTerraformRedeployExample 2018-06-02T14:34:31+02:00 retry.go:105: Executing action 'Check URL http://redeploy-test-V7X9hL-1612592690.eu-west-1.elb.amazonaws.com:80'
TestTerraformRedeployExample 2018-06-02T14:34:31+02:00 http_helper.go:27: Making an HTTP GET call to URL http://redeploy-test-V7X9hL-1612592690.eu-west-1.elb.amazonaws.com:80
TestTerraformRedeployExample 2018-06-02T14:34:31+02:00 retry.go:109: Sleeping for 1s before repeating action 'Check URL http://redeploy-test-V7X9hL-1612592690.eu-west-1.elb.amazonaws.com:80'
TestTerraformRedeployExample 2018-06-02T14:34:32+02:00 command.go:96: [0m[1maws_autoscaling_group.web_servers (deposed #0): Still destroying... (ID: terraform-20180602122834468600000001, 1m20s elapsed)[0m[0m
TestTerraformRedeployExample 2018-06-02T14:34:32+02:00 retry.go:105: Executing action 'Check URL http://redeploy-test-V7X9hL-1612592690.eu-west-1.elb.amazonaws.com:80'
TestTerraformRedeployExample 2018-06-02T14:34:32+02:00 http_helper.go:27: Making an HTTP GET call to URL http://redeploy-test-V7X9hL-1612592690.eu-west-1.elb.amazonaws.com:80
TestTerraformRedeployExample 2018-06-02T14:34:32+02:00 retry.go:109: Sleeping for 1s before repeating action 'Check URL http://redeploy-test-V7X9hL-1612592690.eu-west-1.elb.amazonaws.com:80'
TestTerraformRedeployExample 2018-06-02T14:34:33+02:00 retry.go:105: Executing action 'Check URL http://redeploy-test-V7X9hL-1612592690.eu-west-1.elb.amazonaws.com:80'
TestTerraformRedeployExample 2018-06-02T14:34:33+02:00 http_helper.go:27: Making an HTTP GET call to URL http://redeploy-test-V7X9hL-1612592690.eu-west-1.elb.amazonaws.com:80
TestTerraformRedeployExample 2018-06-02T14:34:33+02:00 retry.go:109: Sleeping for 1s before repeating action 'Check URL http://redeploy-test-V7X9hL-1612592690.eu-west-1.elb.amazonaws.com:80'
TestTerraformRedeployExample 2018-06-02T14:34:35+02:00 retry.go:105: Executing action 'Check URL http://redeploy-test-V7X9hL-1612592690.eu-west-1.elb.amazonaws.com:80'
TestTerraformRedeployExample 2018-06-02T14:34:35+02:00 http_helper.go:27: Making an HTTP GET call to URL http://redeploy-test-V7X9hL-1612592690.eu-west-1.elb.amazonaws.com:80
TestTerraformRedeployExample 2018-06-02T14:34:35+02:00 retry.go:109: Sleeping for 1s before repeating action 'Check URL http://redeploy-test-V7X9hL-1612592690.eu-west-1.elb.amazonaws.com:80'
TestTerraformPackerExample 2018-06-02T14:34:35+02:00 retry.go:69: Fetching syslog for Instance i-03b1e6f65ac9657f0 in ap-southeast-1
TestTerraformPackerExample 2018-06-02T14:34:36+02:00 retry.go:81: Fetching syslog for Instance i-03b1e6f65ac9657f0 in ap-southeast-1 returned an error: Syslog is not yet available for instance i-03b1e6f65ac9657f0 in ap-southeast-1. Sleeping for 5s and will try again.
TestTerraformRedeployExample 2018-06-02T14:34:36+02:00 retry.go:105: Executing action 'Check URL http://redeploy-test-V7X9hL-1612592690.eu-west-1.elb.amazonaws.com:80'
TestTerraformRedeployExample 2018-06-02T14:34:36+02:00 http_helper.go:27: Making an HTTP GET call to URL http://redeploy-test-V7X9hL-1612592690.eu-west-1.elb.amazonaws.com:80
TestTerraformRedeployExample 2018-06-02T14:34:36+02:00 retry.go:109: Sleeping for 1s before repeating action 'Check URL http://redeploy-test-V7X9hL-1612592690.eu-west-1.elb.amazonaws.com:80'
TestTerraformRedeployExample 2018-06-02T14:34:37+02:00 retry.go:105: Executing action 'Check URL http://redeploy-test-V7X9hL-1612592690.eu-west-1.elb.amazonaws.com:80'
TestTerraformRedeployExample 2018-06-02T14:34:37+02:00 http_helper.go:27: Making an HTTP GET call to URL http://redeploy-test-V7X9hL-1612592690.eu-west-1.elb.amazonaws.com:80
TestTerraformRedeployExample 2018-06-02T14:34:37+02:00 retry.go:109: Sleeping for 1s before repeating action 'Check URL http://redeploy-test-V7X9hL-1612592690.eu-west-1.elb.amazonaws.com:80'
TestTerraformRedeployExample 2018-06-02T14:34:38+02:00 retry.go:105: Executing action 'Check URL http://redeploy-test-V7X9hL-1612592690.eu-west-1.elb.amazonaws.com:80'
TestTerraformRedeployExample 2018-06-02T14:34:38+02:00 http_helper.go:27: Making an HTTP GET call to URL http://redeploy-test-V7X9hL-1612592690.eu-west-1.elb.amazonaws.com:80
TestTerraformRedeployExample 2018-06-02T14:34:38+02:00 retry.go:109: Sleeping for 1s before repeating action 'Check URL http://redeploy-test-V7X9hL-1612592690.eu-west-1.elb.amazonaws.com:80'
TestTerraformRedeployExample 2018-06-02T14:34:39+02:00 retry.go:105: Executing action 'Check URL http://redeploy-test-V7X9hL-1612592690.eu-west-1.elb.amazonaws.com:80'
TestTerraformRedeployExample 2018-06-02T14:34:39+02:00 http_helper.go:27: Making an HTTP GET call to URL http://redeploy-test-V7X9hL-1612592690.eu-west-1.elb.amazonaws.com:80
TestTerraformRedeployExample 2018-06-02T14:34:39+02:00 retry.go:109: Sleeping for 1s before repeating action 'Check URL http://redeploy-test-V7X9hL-1612592690.eu-west-1.elb.amazonaws.com:80'
TestTerraformRedeployExample 2018-06-02T14:34:40+02:00 retry.go:105: Executing action 'Check URL http://redeploy-test-V7X9hL-1612592690.eu-west-1.elb.amazonaws.com:80'
TestTerraformRedeployExample 2018-06-02T14:34:40+02:00 http_helper.go:27: Making an HTTP GET call to URL http://redeploy-test-V7X9hL-1612592690.eu-west-1.elb.amazonaws.com:80
TestTerraformRedeployExample 2018-06-02T14:34:40+02:00 retry.go:109: Sleeping for 1s before repeating action 'Check URL http://redeploy-test-V7X9hL-1612592690.eu-west-1.elb.amazonaws.com:80'
TestTerraformPackerExample 2018-06-02T14:34:41+02:00 retry.go:69: Fetching syslog for Instance i-03b1e6f65ac9657f0 in ap-southeast-1
TestTerraformRedeployExample 2018-06-02T14:34:41+02:00 retry.go:105: Executing action 'Check URL http://redeploy-test-V7X9hL-1612592690.eu-west-1.elb.amazonaws.com:80'
TestTerraformRedeployExample 2018-06-02T14:34:41+02:00 http_helper.go:27: Making an HTTP GET call to URL http://redeploy-test-V7X9hL-1612592690.eu-west-1.elb.amazonaws.com:80
TestTerraformRedeployExample 2018-06-02T14:34:41+02:00 retry.go:109: Sleeping for 1s before repeating action 'Check URL http://redeploy-test-V7X9hL-1612592690.eu-west-1.elb.amazonaws.com:80'
TestTerraformPackerExample 2018-06-02T14:34:41+02:00 retry.go:81: Fetching syslog for Instance i-03b1e6f65ac9657f0 in ap-southeast-1 returned an error: Syslog is not yet available for instance i-03b1e6f65ac9657f0 in ap-southeast-1. Sleeping for 5s and will try again.
TestTerraformRedeployExample 2018-06-02T14:34:42+02:00 command.go:96: [0m[1maws_autoscaling_group.web_servers (deposed #0): Still destroying... (ID: terraform-20180602122834468600000001, 1m30s elapsed)[0m[0m
TestTerraformRedeployExample 2018-06-02T14:34:42+02:00 retry.go:105: Executing action 'Check URL http://redeploy-test-V7X9hL-1612592690.eu-west-1.elb.amazonaws.com:80'
TestTerraformRedeployExample 2018-06-02T14:34:42+02:00 http_helper.go:27: Making an HTTP GET call to URL http://redeploy-test-V7X9hL-1612592690.eu-west-1.elb.amazonaws.com:80
TestTerraformRedeployExample 2018-06-02T14:34:42+02:00 retry.go:109: Sleeping for 1s before repeating action 'Check URL http://redeploy-test-V7X9hL-1612592690.eu-west-1.elb.amazonaws.com:80'
TestTerraformRedeployExample 2018-06-02T14:34:43+02:00 retry.go:105: Executing action 'Check URL http://redeploy-test-V7X9hL-1612592690.eu-west-1.elb.amazonaws.com:80'
TestTerraformRedeployExample 2018-06-02T14:34:43+02:00 http_helper.go:27: Making an HTTP GET call to URL http://redeploy-test-V7X9hL-1612592690.eu-west-1.elb.amazonaws.com:80
TestTerraformRedeployExample 2018-06-02T14:34:43+02:00 retry.go:109: Sleeping for 1s before repeating action 'Check URL http://redeploy-test-V7X9hL-1612592690.eu-west-1.elb.amazonaws.com:80'
TestTerraformRedeployExample 2018-06-02T14:34:44+02:00 retry.go:105: Executing action 'Check URL http://redeploy-test-V7X9hL-1612592690.eu-west-1.elb.amazonaws.com:80'
TestTerraformRedeployExample 2018-06-02T14:34:44+02:00 http_helper.go:27: Making an HTTP GET call to URL http://redeploy-test-V7X9hL-1612592690.eu-west-1.elb.amazonaws.com:80
TestTerraformRedeployExample 2018-06-02T14:34:44+02:00 retry.go:109: Sleeping for 1s before repeating action 'Check URL http://redeploy-test-V7X9hL-1612592690.eu-west-1.elb.amazonaws.com:80'
TestTerraformRedeployExample 2018-06-02T14:34:45+02:00 retry.go:105: Executing action 'Check URL http://redeploy-test-V7X9hL-1612592690.eu-west-1.elb.amazonaws.com:80'
TestTerraformRedeployExample 2018-06-02T14:34:45+02:00 http_helper.go:27: Making an HTTP GET call to URL http://redeploy-test-V7X9hL-1612592690.eu-west-1.elb.amazonaws.com:80
TestTerraformRedeployExample 2018-06-02T14:34:45+02:00 retry.go:109: Sleeping for 1s before repeating action 'Check URL http://redeploy-test-V7X9hL-1612592690.eu-west-1.elb.amazonaws.com:80'
TestTerraformPackerExample 2018-06-02T14:34:46+02:00 retry.go:69: Fetching syslog for Instance i-03b1e6f65ac9657f0 in ap-southeast-1
TestTerraformRedeployExample 2018-06-02T14:34:46+02:00 retry.go:105: Executing action 'Check URL http://redeploy-test-V7X9hL-1612592690.eu-west-1.elb.amazonaws.com:80'
TestTerraformRedeployExample 2018-06-02T14:34:46+02:00 http_helper.go:27: Making an HTTP GET call to URL http://redeploy-test-V7X9hL-1612592690.eu-west-1.elb.amazonaws.com:80
TestTerraformRedeployExample 2018-06-02T14:34:46+02:00 retry.go:109: Sleeping for 1s before repeating action 'Check URL http://redeploy-test-V7X9hL-1612592690.eu-west-1.elb.amazonaws.com:80'
TestTerraformPackerExample 2018-06-02T14:34:46+02:00 retry.go:81: Fetching syslog for Instance i-03b1e6f65ac9657f0 in ap-southeast-1 returned an error: Syslog is not yet available for instance i-03b1e6f65ac9657f0 in ap-southeast-1. Sleeping for 5s and will try again.
TestTerraformRedeployExample 2018-06-02T14:34:47+02:00 retry.go:105: Executing action 'Check URL http://redeploy-test-V7X9hL-1612592690.eu-west-1.elb.amazonaws.com:80'
TestTerraformRedeployExample 2018-06-02T14:34:47+02:00 http_helper.go:27: Making an HTTP GET call to URL http://redeploy-test-V7X9hL-1612592690.eu-west-1.elb.amazonaws.com:80
TestTerraformRedeployExample 2018-06-02T14:34:47+02:00 retry.go:109: Sleeping for 1s before repeating action 'Check URL http://redeploy-test-V7X9hL-1612592690.eu-west-1.elb.amazonaws.com:80'
TestTerraformRedeployExample 2018-06-02T14:34:48+02:00 retry.go:105: Executing action 'Check URL http://redeploy-test-V7X9hL-1612592690.eu-west-1.elb.amazonaws.com:80'
TestTerraformRedeployExample 2018-06-02T14:34:48+02:00 http_helper.go:27: Making an HTTP GET call to URL http://redeploy-test-V7X9hL-1612592690.eu-west-1.elb.amazonaws.com:80
TestTerraformRedeployExample 2018-06-02T14:34:48+02:00 retry.go:109: Sleeping for 1s before repeating action 'Check URL http://redeploy-test-V7X9hL-1612592690.eu-west-1.elb.amazonaws.com:80'
TestTerraformRedeployExample 2018-06-02T14:34:49+02:00 retry.go:105: Executing action 'Check URL http://redeploy-test-V7X9hL-1612592690.eu-west-1.elb.amazonaws.com:80'
TestTerraformRedeployExample 2018-06-02T14:34:49+02:00 http_helper.go:27: Making an HTTP GET call to URL http://redeploy-test-V7X9hL-1612592690.eu-west-1.elb.amazonaws.com:80
TestTerraformRedeployExample 2018-06-02T14:34:49+02:00 retry.go:109: Sleeping for 1s before repeating action 'Check URL http://redeploy-test-V7X9hL-1612592690.eu-west-1.elb.amazonaws.com:80'
TestTerraformRedeployExample 2018-06-02T14:34:50+02:00 retry.go:105: Executing action 'Check URL http://redeploy-test-V7X9hL-1612592690.eu-west-1.elb.amazonaws.com:80'
TestTerraformRedeployExample 2018-06-02T14:34:50+02:00 http_helper.go:27: Making an HTTP GET call to URL http://redeploy-test-V7X9hL-1612592690.eu-west-1.elb.amazonaws.com:80
TestTerraformRedeployExample 2018-06-02T14:34:50+02:00 retry.go:109: Sleeping for 1s before repeating action 'Check URL http://redeploy-test-V7X9hL-1612592690.eu-west-1.elb.amazonaws.com:80'
TestTerraformPackerExample 2018-06-02T14:34:51+02:00 retry.go:69: Fetching syslog for Instance i-03b1e6f65ac9657f0 in ap-southeast-1
TestTerraformRedeployExample 2018-06-02T14:34:51+02:00 retry.go:105: Executing action 'Check URL http://redeploy-test-V7X9hL-1612592690.eu-west-1.elb.amazonaws.com:80'
TestTerraformRedeployExample 2018-06-02T14:34:51+02:00 http_helper.go:27: Making an HTTP GET call to URL http://redeploy-test-V7X9hL-1612592690.eu-west-1.elb.amazonaws.com:80
TestTerraformRedeployExample 2018-06-02T14:34:51+02:00 retry.go:109: Sleeping for 1s before repeating action 'Check URL http://redeploy-test-V7X9hL-1612592690.eu-west-1.elb.amazonaws.com:80'
TestTerraformPackerExample 2018-06-02T14:34:52+02:00 retry.go:81: Fetching syslog for Instance i-03b1e6f65ac9657f0 in ap-southeast-1 returned an error: Syslog is not yet available for instance i-03b1e6f65ac9657f0 in ap-southeast-1. Sleeping for 5s and will try again.
TestTerraformRedeployExample 2018-06-02T14:34:52+02:00 command.go:96: [0m[1maws_autoscaling_group.web_servers (deposed #0): Still destroying... (ID: terraform-20180602122834468600000001, 1m40s elapsed)[0m[0m
TestTerraformRedeployExample 2018-06-02T14:34:52+02:00 retry.go:105: Executing action 'Check URL http://redeploy-test-V7X9hL-1612592690.eu-west-1.elb.amazonaws.com:80'
TestTerraformRedeployExample 2018-06-02T14:34:52+02:00 http_helper.go:27: Making an HTTP GET call to URL http://redeploy-test-V7X9hL-1612592690.eu-west-1.elb.amazonaws.com:80
TestTerraformRedeployExample 2018-06-02T14:34:52+02:00 retry.go:109: Sleeping for 1s before repeating action 'Check URL http://redeploy-test-V7X9hL-1612592690.eu-west-1.elb.amazonaws.com:80'
TestTerraformRedeployExample 2018-06-02T14:34:53+02:00 retry.go:105: Executing action 'Check URL http://redeploy-test-V7X9hL-1612592690.eu-west-1.elb.amazonaws.com:80'
TestTerraformRedeployExample 2018-06-02T14:34:53+02:00 http_helper.go:27: Making an HTTP GET call to URL http://redeploy-test-V7X9hL-1612592690.eu-west-1.elb.amazonaws.com:80
TestTerraformRedeployExample 2018-06-02T14:34:54+02:00 retry.go:109: Sleeping for 1s before repeating action 'Check URL http://redeploy-test-V7X9hL-1612592690.eu-west-1.elb.amazonaws.com:80'
TestTerraformRedeployExample 2018-06-02T14:34:55+02:00 retry.go:105: Executing action 'Check URL http://redeploy-test-V7X9hL-1612592690.eu-west-1.elb.amazonaws.com:80'
TestTerraformRedeployExample 2018-06-02T14:34:55+02:00 http_helper.go:27: Making an HTTP GET call to URL http://redeploy-test-V7X9hL-1612592690.eu-west-1.elb.amazonaws.com:80
TestTerraformRedeployExample 2018-06-02T14:34:55+02:00 retry.go:109: Sleeping for 1s before repeating action 'Check URL http://redeploy-test-V7X9hL-1612592690.eu-west-1.elb.amazonaws.com:80'
TestTerraformRedeployExample 2018-06-02T14:34:56+02:00 retry.go:105: Executing action 'Check URL http://redeploy-test-V7X9hL-1612592690.eu-west-1.elb.amazonaws.com:80'
TestTerraformRedeployExample 2018-06-02T14:34:56+02:00 http_helper.go:27: Making an HTTP GET call to URL http://redeploy-test-V7X9hL-1612592690.eu-west-1.elb.amazonaws.com:80
TestTerraformRedeployExample 2018-06-02T14:34:56+02:00 retry.go:109: Sleeping for 1s before repeating action 'Check URL http://redeploy-test-V7X9hL-1612592690.eu-west-1.elb.amazonaws.com:80'
TestTerraformRedeployExample 2018-06-02T14:34:57+02:00 retry.go:105: Executing action 'Check URL http://redeploy-test-V7X9hL-1612592690.eu-west-1.elb.amazonaws.com:80'
TestTerraformRedeployExample 2018-06-02T14:34:57+02:00 http_helper.go:27: Making an HTTP GET call to URL http://redeploy-test-V7X9hL-1612592690.eu-west-1.elb.amazonaws.com:80
TestTerraformPackerExample 2018-06-02T14:34:57+02:00 retry.go:69: Fetching syslog for Instance i-03b1e6f65ac9657f0 in ap-southeast-1
TestTerraformRedeployExample 2018-06-02T14:34:57+02:00 retry.go:109: Sleeping for 1s before repeating action 'Check URL http://redeploy-test-V7X9hL-1612592690.eu-west-1.elb.amazonaws.com:80'
TestTerraformPackerExample 2018-06-02T14:34:57+02:00 retry.go:81: Fetching syslog for Instance i-03b1e6f65ac9657f0 in ap-southeast-1 returned an error: Syslog is not yet available for instance i-03b1e6f65ac9657f0 in ap-southeast-1. Sleeping for 5s and will try again.
TestTerraformRedeployExample 2018-06-02T14:34:58+02:00 retry.go:105: Executing action 'Check URL http://redeploy-test-V7X9hL-1612592690.eu-west-1.elb.amazonaws.com:80'
TestTerraformRedeployExample 2018-06-02T14:34:58+02:00 http_helper.go:27: Making an HTTP GET call to URL http://redeploy-test-V7X9hL-1612592690.eu-west-1.elb.amazonaws.com:80
TestTerraformRedeployExample 2018-06-02T14:34:58+02:00 retry.go:109: Sleeping for 1s before repeating action 'Check URL http://redeploy-test-V7X9hL-1612592690.eu-west-1.elb.amazonaws.com:80'
TestTerraformRedeployExample 2018-06-02T14:34:59+02:00 retry.go:105: Executing action 'Check URL http://redeploy-test-V7X9hL-1612592690.eu-west-1.elb.amazonaws.com:80'
TestTerraformRedeployExample 2018-06-02T14:34:59+02:00 http_helper.go:27: Making an HTTP GET call to URL http://redeploy-test-V7X9hL-1612592690.eu-west-1.elb.amazonaws.com:80
TestTerraformRedeployExample 2018-06-02T14:34:59+02:00 retry.go:109: Sleeping for 1s before repeating action 'Check URL http://redeploy-test-V7X9hL-1612592690.eu-west-1.elb.amazonaws.com:80'
TestTerraformRedeployExample 2018-06-02T14:35:00+02:00 retry.go:105: Executing action 'Check URL http://redeploy-test-V7X9hL-1612592690.eu-west-1.elb.amazonaws.com:80'
TestTerraformRedeployExample 2018-06-02T14:35:00+02:00 http_helper.go:27: Making an HTTP GET call to URL http://redeploy-test-V7X9hL-1612592690.eu-west-1.elb.amazonaws.com:80
TestTerraformRedeployExample 2018-06-02T14:35:00+02:00 retry.go:109: Sleeping for 1s before repeating action 'Check URL http://redeploy-test-V7X9hL-1612592690.eu-west-1.elb.amazonaws.com:80'
TestTerraformRedeployExample 2018-06-02T14:35:01+02:00 retry.go:105: Executing action 'Check URL http://redeploy-test-V7X9hL-1612592690.eu-west-1.elb.amazonaws.com:80'
TestTerraformRedeployExample 2018-06-02T14:35:01+02:00 http_helper.go:27: Making an HTTP GET call to URL http://redeploy-test-V7X9hL-1612592690.eu-west-1.elb.amazonaws.com:80
TestTerraformRedeployExample 2018-06-02T14:35:01+02:00 retry.go:109: Sleeping for 1s before repeating action 'Check URL http://redeploy-test-V7X9hL-1612592690.eu-west-1.elb.amazonaws.com:80'
TestTerraformRedeployExample 2018-06-02T14:35:02+02:00 command.go:96: [0m[1maws_autoscaling_group.web_servers (deposed #0): Still destroying... (ID: terraform-20180602122834468600000001, 1m50s elapsed)[0m[0m
TestTerraformRedeployExample 2018-06-02T14:35:02+02:00 retry.go:105: Executing action 'Check URL http://redeploy-test-V7X9hL-1612592690.eu-west-1.elb.amazonaws.com:80'
TestTerraformRedeployExample 2018-06-02T14:35:02+02:00 http_helper.go:27: Making an HTTP GET call to URL http://redeploy-test-V7X9hL-1612592690.eu-west-1.elb.amazonaws.com:80
TestTerraformRedeployExample 2018-06-02T14:35:02+02:00 retry.go:109: Sleeping for 1s before repeating action 'Check URL http://redeploy-test-V7X9hL-1612592690.eu-west-1.elb.amazonaws.com:80'
TestTerraformPackerExample 2018-06-02T14:35:02+02:00 retry.go:69: Fetching syslog for Instance i-03b1e6f65ac9657f0 in ap-southeast-1
TestTerraformPackerExample 2018-06-02T14:35:02+02:00 retry.go:81: Fetching syslog for Instance i-03b1e6f65ac9657f0 in ap-southeast-1 returned an error: Syslog is not yet available for instance i-03b1e6f65ac9657f0 in ap-southeast-1. Sleeping for 5s and will try again.
TestTerraformRedeployExample 2018-06-02T14:35:03+02:00 retry.go:105: Executing action 'Check URL http://redeploy-test-V7X9hL-1612592690.eu-west-1.elb.amazonaws.com:80'
TestTerraformRedeployExample 2018-06-02T14:35:03+02:00 http_helper.go:27: Making an HTTP GET call to URL http://redeploy-test-V7X9hL-1612592690.eu-west-1.elb.amazonaws.com:80
TestTerraformRedeployExample 2018-06-02T14:35:03+02:00 retry.go:109: Sleeping for 1s before repeating action 'Check URL http://redeploy-test-V7X9hL-1612592690.eu-west-1.elb.amazonaws.com:80'
TestTerraformRedeployExample 2018-06-02T14:35:04+02:00 retry.go:105: Executing action 'Check URL http://redeploy-test-V7X9hL-1612592690.eu-west-1.elb.amazonaws.com:80'
TestTerraformRedeployExample 2018-06-02T14:35:04+02:00 http_helper.go:27: Making an HTTP GET call to URL http://redeploy-test-V7X9hL-1612592690.eu-west-1.elb.amazonaws.com:80
TestTerraformRedeployExample 2018-06-02T14:35:04+02:00 retry.go:109: Sleeping for 1s before repeating action 'Check URL http://redeploy-test-V7X9hL-1612592690.eu-west-1.elb.amazonaws.com:80'
TestTerraformRedeployExample 2018-06-02T14:35:05+02:00 retry.go:105: Executing action 'Check URL http://redeploy-test-V7X9hL-1612592690.eu-west-1.elb.amazonaws.com:80'
TestTerraformRedeployExample 2018-06-02T14:35:05+02:00 http_helper.go:27: Making an HTTP GET call to URL http://redeploy-test-V7X9hL-1612592690.eu-west-1.elb.amazonaws.com:80
TestTerraformRedeployExample 2018-06-02T14:35:05+02:00 retry.go:109: Sleeping for 1s before repeating action 'Check URL http://redeploy-test-V7X9hL-1612592690.eu-west-1.elb.amazonaws.com:80'
TestTerraformRedeployExample 2018-06-02T14:35:06+02:00 retry.go:105: Executing action 'Check URL http://redeploy-test-V7X9hL-1612592690.eu-west-1.elb.amazonaws.com:80'
TestTerraformRedeployExample 2018-06-02T14:35:06+02:00 http_helper.go:27: Making an HTTP GET call to URL http://redeploy-test-V7X9hL-1612592690.eu-west-1.elb.amazonaws.com:80
TestTerraformRedeployExample 2018-06-02T14:35:06+02:00 retry.go:109: Sleeping for 1s before repeating action 'Check URL http://redeploy-test-V7X9hL-1612592690.eu-west-1.elb.amazonaws.com:80'
TestTerraformRedeployExample 2018-06-02T14:35:07+02:00 retry.go:105: Executing action 'Check URL http://redeploy-test-V7X9hL-1612592690.eu-west-1.elb.amazonaws.com:80'
TestTerraformRedeployExample 2018-06-02T14:35:07+02:00 http_helper.go:27: Making an HTTP GET call to URL http://redeploy-test-V7X9hL-1612592690.eu-west-1.elb.amazonaws.com:80
TestTerraformRedeployExample 2018-06-02T14:35:07+02:00 retry.go:109: Sleeping for 1s before repeating action 'Check URL http://redeploy-test-V7X9hL-1612592690.eu-west-1.elb.amazonaws.com:80'
TestTerraformPackerExample 2018-06-02T14:35:07+02:00 retry.go:69: Fetching syslog for Instance i-03b1e6f65ac9657f0 in ap-southeast-1
TestTerraformPackerExample 2018-06-02T14:35:08+02:00 retry.go:81: Fetching syslog for Instance i-03b1e6f65ac9657f0 in ap-southeast-1 returned an error: Syslog is not yet available for instance i-03b1e6f65ac9657f0 in ap-southeast-1. Sleeping for 5s and will try again.
TestTerraformRedeployExample 2018-06-02T14:35:08+02:00 retry.go:105: Executing action 'Check URL http://redeploy-test-V7X9hL-1612592690.eu-west-1.elb.amazonaws.com:80'
TestTerraformRedeployExample 2018-06-02T14:35:08+02:00 http_helper.go:27: Making an HTTP GET call to URL http://redeploy-test-V7X9hL-1612592690.eu-west-1.elb.amazonaws.com:80
TestTerraformRedeployExample 2018-06-02T14:35:08+02:00 retry.go:109: Sleeping for 1s before repeating action 'Check URL http://redeploy-test-V7X9hL-1612592690.eu-west-1.elb.amazonaws.com:80'
TestTerraformRedeployExample 2018-06-02T14:35:09+02:00 retry.go:105: Executing action 'Check URL http://redeploy-test-V7X9hL-1612592690.eu-west-1.elb.amazonaws.com:80'
TestTerraformRedeployExample 2018-06-02T14:35:09+02:00 http_helper.go:27: Making an HTTP GET call to URL http://redeploy-test-V7X9hL-1612592690.eu-west-1.elb.amazonaws.com:80
TestTerraformRedeployExample 2018-06-02T14:35:09+02:00 retry.go:109: Sleeping for 1s before repeating action 'Check URL http://redeploy-test-V7X9hL-1612592690.eu-west-1.elb.amazonaws.com:80'
TestTerraformRedeployExample 2018-06-02T14:35:10+02:00 retry.go:105: Executing action 'Check URL http://redeploy-test-V7X9hL-1612592690.eu-west-1.elb.amazonaws.com:80'
TestTerraformRedeployExample 2018-06-02T14:35:10+02:00 http_helper.go:27: Making an HTTP GET call to URL http://redeploy-test-V7X9hL-1612592690.eu-west-1.elb.amazonaws.com:80
TestTerraformRedeployExample 2018-06-02T14:35:10+02:00 retry.go:109: Sleeping for 1s before repeating action 'Check URL http://redeploy-test-V7X9hL-1612592690.eu-west-1.elb.amazonaws.com:80'
TestTerraformRedeployExample 2018-06-02T14:35:11+02:00 retry.go:105: Executing action 'Check URL http://redeploy-test-V7X9hL-1612592690.eu-west-1.elb.amazonaws.com:80'
TestTerraformRedeployExample 2018-06-02T14:35:11+02:00 http_helper.go:27: Making an HTTP GET call to URL http://redeploy-test-V7X9hL-1612592690.eu-west-1.elb.amazonaws.com:80
TestTerraformRedeployExample 2018-06-02T14:35:11+02:00 retry.go:109: Sleeping for 1s before repeating action 'Check URL http://redeploy-test-V7X9hL-1612592690.eu-west-1.elb.amazonaws.com:80'
TestTerraformRedeployExample 2018-06-02T14:35:12+02:00 command.go:96: [0m[1maws_autoscaling_group.web_servers (deposed #0): Still destroying... (ID: terraform-20180602122834468600000001, 2m0s elapsed)[0m[0m
TestTerraformRedeployExample 2018-06-02T14:35:12+02:00 retry.go:105: Executing action 'Check URL http://redeploy-test-V7X9hL-1612592690.eu-west-1.elb.amazonaws.com:80'
TestTerraformRedeployExample 2018-06-02T14:35:12+02:00 http_helper.go:27: Making an HTTP GET call to URL http://redeploy-test-V7X9hL-1612592690.eu-west-1.elb.amazonaws.com:80
TestTerraformRedeployExample 2018-06-02T14:35:13+02:00 retry.go:109: Sleeping for 1s before repeating action 'Check URL http://redeploy-test-V7X9hL-1612592690.eu-west-1.elb.amazonaws.com:80'
TestTerraformPackerExample 2018-06-02T14:35:13+02:00 retry.go:69: Fetching syslog for Instance i-03b1e6f65ac9657f0 in ap-southeast-1
TestTerraformPackerExample 2018-06-02T14:35:13+02:00 retry.go:81: Fetching syslog for Instance i-03b1e6f65ac9657f0 in ap-southeast-1 returned an error: Syslog is not yet available for instance i-03b1e6f65ac9657f0 in ap-southeast-1. Sleeping for 5s and will try again.
TestTerraformRedeployExample 2018-06-02T14:35:14+02:00 retry.go:105: Executing action 'Check URL http://redeploy-test-V7X9hL-1612592690.eu-west-1.elb.amazonaws.com:80'
TestTerraformRedeployExample 2018-06-02T14:35:14+02:00 http_helper.go:27: Making an HTTP GET call to URL http://redeploy-test-V7X9hL-1612592690.eu-west-1.elb.amazonaws.com:80
TestTerraformRedeployExample 2018-06-02T14:35:14+02:00 retry.go:109: Sleeping for 1s before repeating action 'Check URL http://redeploy-test-V7X9hL-1612592690.eu-west-1.elb.amazonaws.com:80'
TestTerraformRedeployExample 2018-06-02T14:35:15+02:00 retry.go:105: Executing action 'Check URL http://redeploy-test-V7X9hL-1612592690.eu-west-1.elb.amazonaws.com:80'
TestTerraformRedeployExample 2018-06-02T14:35:15+02:00 http_helper.go:27: Making an HTTP GET call to URL http://redeploy-test-V7X9hL-1612592690.eu-west-1.elb.amazonaws.com:80
TestTerraformRedeployExample 2018-06-02T14:35:15+02:00 retry.go:109: Sleeping for 1s before repeating action 'Check URL http://redeploy-test-V7X9hL-1612592690.eu-west-1.elb.amazonaws.com:80'
TestTerraformRedeployExample 2018-06-02T14:35:16+02:00 retry.go:105: Executing action 'Check URL http://redeploy-test-V7X9hL-1612592690.eu-west-1.elb.amazonaws.com:80'
TestTerraformRedeployExample 2018-06-02T14:35:16+02:00 http_helper.go:27: Making an HTTP GET call to URL http://redeploy-test-V7X9hL-1612592690.eu-west-1.elb.amazonaws.com:80
TestTerraformRedeployExample 2018-06-02T14:35:16+02:00 retry.go:109: Sleeping for 1s before repeating action 'Check URL http://redeploy-test-V7X9hL-1612592690.eu-west-1.elb.amazonaws.com:80'
TestTerraformRedeployExample 2018-06-02T14:35:17+02:00 retry.go:105: Executing action 'Check URL http://redeploy-test-V7X9hL-1612592690.eu-west-1.elb.amazonaws.com:80'
TestTerraformRedeployExample 2018-06-02T14:35:17+02:00 http_helper.go:27: Making an HTTP GET call to URL http://redeploy-test-V7X9hL-1612592690.eu-west-1.elb.amazonaws.com:80
TestTerraformRedeployExample 2018-06-02T14:35:17+02:00 retry.go:109: Sleeping for 1s before repeating action 'Check URL http://redeploy-test-V7X9hL-1612592690.eu-west-1.elb.amazonaws.com:80'
TestTerraformRedeployExample 2018-06-02T14:35:18+02:00 retry.go:105: Executing action 'Check URL http://redeploy-test-V7X9hL-1612592690.eu-west-1.elb.amazonaws.com:80'
TestTerraformRedeployExample 2018-06-02T14:35:18+02:00 http_helper.go:27: Making an HTTP GET call to URL http://redeploy-test-V7X9hL-1612592690.eu-west-1.elb.amazonaws.com:80
TestTerraformRedeployExample 2018-06-02T14:35:18+02:00 retry.go:109: Sleeping for 1s before repeating action 'Check URL http://redeploy-test-V7X9hL-1612592690.eu-west-1.elb.amazonaws.com:80'
TestTerraformPackerExample 2018-06-02T14:35:18+02:00 retry.go:69: Fetching syslog for Instance i-03b1e6f65ac9657f0 in ap-southeast-1
TestTerraformRedeployExample 2018-06-02T14:35:19+02:00 retry.go:105: Executing action 'Check URL http://redeploy-test-V7X9hL-1612592690.eu-west-1.elb.amazonaws.com:80'
TestTerraformRedeployExample 2018-06-02T14:35:19+02:00 http_helper.go:27: Making an HTTP GET call to URL http://redeploy-test-V7X9hL-1612592690.eu-west-1.elb.amazonaws.com:80
TestTerraformPackerExample 2018-06-02T14:35:19+02:00 retry.go:81: Fetching syslog for Instance i-03b1e6f65ac9657f0 in ap-southeast-1 returned an error: Syslog is not yet available for instance i-03b1e6f65ac9657f0 in ap-southeast-1. Sleeping for 5s and will try again.
TestTerraformRedeployExample 2018-06-02T14:35:19+02:00 retry.go:109: Sleeping for 1s before repeating action 'Check URL http://redeploy-test-V7X9hL-1612592690.eu-west-1.elb.amazonaws.com:80'
TestTerraformRedeployExample 2018-06-02T14:35:20+02:00 retry.go:105: Executing action 'Check URL http://redeploy-test-V7X9hL-1612592690.eu-west-1.elb.amazonaws.com:80'
TestTerraformRedeployExample 2018-06-02T14:35:20+02:00 http_helper.go:27: Making an HTTP GET call to URL http://redeploy-test-V7X9hL-1612592690.eu-west-1.elb.amazonaws.com:80
TestTerraformRedeployExample 2018-06-02T14:35:20+02:00 retry.go:109: Sleeping for 1s before repeating action 'Check URL http://redeploy-test-V7X9hL-1612592690.eu-west-1.elb.amazonaws.com:80'
TestTerraformRedeployExample 2018-06-02T14:35:21+02:00 retry.go:105: Executing action 'Check URL http://redeploy-test-V7X9hL-1612592690.eu-west-1.elb.amazonaws.com:80'
TestTerraformRedeployExample 2018-06-02T14:35:21+02:00 http_helper.go:27: Making an HTTP GET call to URL http://redeploy-test-V7X9hL-1612592690.eu-west-1.elb.amazonaws.com:80
TestTerraformRedeployExample 2018-06-02T14:35:21+02:00 retry.go:109: Sleeping for 1s before repeating action 'Check URL http://redeploy-test-V7X9hL-1612592690.eu-west-1.elb.amazonaws.com:80'
TestTerraformRedeployExample 2018-06-02T14:35:22+02:00 command.go:96: [0m[1maws_autoscaling_group.web_servers (deposed #0): Still destroying... (ID: terraform-20180602122834468600000001, 2m10s elapsed)[0m[0m
TestTerraformRedeployExample 2018-06-02T14:35:22+02:00 retry.go:105: Executing action 'Check URL http://redeploy-test-V7X9hL-1612592690.eu-west-1.elb.amazonaws.com:80'
TestTerraformRedeployExample 2018-06-02T14:35:22+02:00 http_helper.go:27: Making an HTTP GET call to URL http://redeploy-test-V7X9hL-1612592690.eu-west-1.elb.amazonaws.com:80
TestTerraformRedeployExample 2018-06-02T14:35:22+02:00 retry.go:109: Sleeping for 1s before repeating action 'Check URL http://redeploy-test-V7X9hL-1612592690.eu-west-1.elb.amazonaws.com:80'
TestTerraformRedeployExample 2018-06-02T14:35:23+02:00 retry.go:105: Executing action 'Check URL http://redeploy-test-V7X9hL-1612592690.eu-west-1.elb.amazonaws.com:80'
TestTerraformRedeployExample 2018-06-02T14:35:23+02:00 http_helper.go:27: Making an HTTP GET call to URL http://redeploy-test-V7X9hL-1612592690.eu-west-1.elb.amazonaws.com:80
TestTerraformRedeployExample 2018-06-02T14:35:23+02:00 retry.go:109: Sleeping for 1s before repeating action 'Check URL http://redeploy-test-V7X9hL-1612592690.eu-west-1.elb.amazonaws.com:80'
TestTerraformPackerExample 2018-06-02T14:35:24+02:00 retry.go:69: Fetching syslog for Instance i-03b1e6f65ac9657f0 in ap-southeast-1
TestTerraformRedeployExample 2018-06-02T14:35:24+02:00 retry.go:105: Executing action 'Check URL http://redeploy-test-V7X9hL-1612592690.eu-west-1.elb.amazonaws.com:80'
TestTerraformRedeployExample 2018-06-02T14:35:24+02:00 http_helper.go:27: Making an HTTP GET call to URL http://redeploy-test-V7X9hL-1612592690.eu-west-1.elb.amazonaws.com:80
TestTerraformRedeployExample 2018-06-02T14:35:24+02:00 retry.go:109: Sleeping for 1s before repeating action 'Check URL http://redeploy-test-V7X9hL-1612592690.eu-west-1.elb.amazonaws.com:80'
TestTerraformPackerExample 2018-06-02T14:35:24+02:00 retry.go:81: Fetching syslog for Instance i-03b1e6f65ac9657f0 in ap-southeast-1 returned an error: Syslog is not yet available for instance i-03b1e6f65ac9657f0 in ap-southeast-1. Sleeping for 5s and will try again.
TestTerraformRedeployExample 2018-06-02T14:35:25+02:00 retry.go:105: Executing action 'Check URL http://redeploy-test-V7X9hL-1612592690.eu-west-1.elb.amazonaws.com:80'
TestTerraformRedeployExample 2018-06-02T14:35:25+02:00 http_helper.go:27: Making an HTTP GET call to URL http://redeploy-test-V7X9hL-1612592690.eu-west-1.elb.amazonaws.com:80
TestTerraformRedeployExample 2018-06-02T14:35:25+02:00 retry.go:109: Sleeping for 1s before repeating action 'Check URL http://redeploy-test-V7X9hL-1612592690.eu-west-1.elb.amazonaws.com:80'
TestTerraformRedeployExample 2018-06-02T14:35:26+02:00 retry.go:105: Executing action 'Check URL http://redeploy-test-V7X9hL-1612592690.eu-west-1.elb.amazonaws.com:80'
TestTerraformRedeployExample 2018-06-02T14:35:26+02:00 http_helper.go:27: Making an HTTP GET call to URL http://redeploy-test-V7X9hL-1612592690.eu-west-1.elb.amazonaws.com:80
TestTerraformRedeployExample 2018-06-02T14:35:26+02:00 retry.go:109: Sleeping for 1s before repeating action 'Check URL http://redeploy-test-V7X9hL-1612592690.eu-west-1.elb.amazonaws.com:80'
TestTerraformRedeployExample 2018-06-02T14:35:27+02:00 retry.go:105: Executing action 'Check URL http://redeploy-test-V7X9hL-1612592690.eu-west-1.elb.amazonaws.com:80'
TestTerraformRedeployExample 2018-06-02T14:35:27+02:00 http_helper.go:27: Making an HTTP GET call to URL http://redeploy-test-V7X9hL-1612592690.eu-west-1.elb.amazonaws.com:80
TestTerraformRedeployExample 2018-06-02T14:35:27+02:00 retry.go:109: Sleeping for 1s before repeating action 'Check URL http://redeploy-test-V7X9hL-1612592690.eu-west-1.elb.amazonaws.com:80'
TestTerraformRedeployExample 2018-06-02T14:35:28+02:00 retry.go:105: Executing action 'Check URL http://redeploy-test-V7X9hL-1612592690.eu-west-1.elb.amazonaws.com:80'
TestTerraformRedeployExample 2018-06-02T14:35:28+02:00 http_helper.go:27: Making an HTTP GET call to URL http://redeploy-test-V7X9hL-1612592690.eu-west-1.elb.amazonaws.com:80
TestTerraformRedeployExample 2018-06-02T14:35:28+02:00 retry.go:109: Sleeping for 1s before repeating action 'Check URL http://redeploy-test-V7X9hL-1612592690.eu-west-1.elb.amazonaws.com:80'
TestTerraformPackerExample 2018-06-02T14:35:29+02:00 retry.go:69: Fetching syslog for Instance i-03b1e6f65ac9657f0 in ap-southeast-1
TestTerraformRedeployExample 2018-06-02T14:35:29+02:00 retry.go:105: Executing action 'Check URL http://redeploy-test-V7X9hL-1612592690.eu-west-1.elb.amazonaws.com:80'
TestTerraformRedeployExample 2018-06-02T14:35:29+02:00 http_helper.go:27: Making an HTTP GET call to URL http://redeploy-test-V7X9hL-1612592690.eu-west-1.elb.amazonaws.com:80
TestTerraformRedeployExample 2018-06-02T14:35:29+02:00 retry.go:109: Sleeping for 1s before repeating action 'Check URL http://redeploy-test-V7X9hL-1612592690.eu-west-1.elb.amazonaws.com:80'
TestTerraformPackerExample 2018-06-02T14:35:30+02:00 retry.go:81: Fetching syslog for Instance i-03b1e6f65ac9657f0 in ap-southeast-1 returned an error: Syslog is not yet available for instance i-03b1e6f65ac9657f0 in ap-southeast-1. Sleeping for 5s and will try again.
TestTerraformRedeployExample 2018-06-02T14:35:30+02:00 retry.go:105: Executing action 'Check URL http://redeploy-test-V7X9hL-1612592690.eu-west-1.elb.amazonaws.com:80'
TestTerraformRedeployExample 2018-06-02T14:35:30+02:00 http_helper.go:27: Making an HTTP GET call to URL http://redeploy-test-V7X9hL-1612592690.eu-west-1.elb.amazonaws.com:80
TestTerraformRedeployExample 2018-06-02T14:35:30+02:00 retry.go:109: Sleeping for 1s before repeating action 'Check URL http://redeploy-test-V7X9hL-1612592690.eu-west-1.elb.amazonaws.com:80'
TestTerraformRedeployExample 2018-06-02T14:35:31+02:00 retry.go:105: Executing action 'Check URL http://redeploy-test-V7X9hL-1612592690.eu-west-1.elb.amazonaws.com:80'
TestTerraformRedeployExample 2018-06-02T14:35:31+02:00 http_helper.go:27: Making an HTTP GET call to URL http://redeploy-test-V7X9hL-1612592690.eu-west-1.elb.amazonaws.com:80
TestTerraformRedeployExample 2018-06-02T14:35:31+02:00 retry.go:109: Sleeping for 1s before repeating action 'Check URL http://redeploy-test-V7X9hL-1612592690.eu-west-1.elb.amazonaws.com:80'
TestTerraformRedeployExample 2018-06-02T14:35:32+02:00 command.go:96: [0m[1maws_autoscaling_group.web_servers (deposed #0): Still destroying... (ID: terraform-20180602122834468600000001, 2m20s elapsed)[0m[0m
TestTerraformRedeployExample 2018-06-02T14:35:32+02:00 retry.go:105: Executing action 'Check URL http://redeploy-test-V7X9hL-1612592690.eu-west-1.elb.amazonaws.com:80'
TestTerraformRedeployExample 2018-06-02T14:35:32+02:00 http_helper.go:27: Making an HTTP GET call to URL http://redeploy-test-V7X9hL-1612592690.eu-west-1.elb.amazonaws.com:80
TestTerraformRedeployExample 2018-06-02T14:35:32+02:00 retry.go:109: Sleeping for 1s before repeating action 'Check URL http://redeploy-test-V7X9hL-1612592690.eu-west-1.elb.amazonaws.com:80'
TestTerraformRedeployExample 2018-06-02T14:35:34+02:00 retry.go:105: Executing action 'Check URL http://redeploy-test-V7X9hL-1612592690.eu-west-1.elb.amazonaws.com:80'
TestTerraformRedeployExample 2018-06-02T14:35:34+02:00 http_helper.go:27: Making an HTTP GET call to URL http://redeploy-test-V7X9hL-1612592690.eu-west-1.elb.amazonaws.com:80
TestTerraformRedeployExample 2018-06-02T14:35:34+02:00 retry.go:109: Sleeping for 1s before repeating action 'Check URL http://redeploy-test-V7X9hL-1612592690.eu-west-1.elb.amazonaws.com:80'
TestTerraformPackerExample 2018-06-02T14:35:35+02:00 retry.go:69: Fetching syslog for Instance i-03b1e6f65ac9657f0 in ap-southeast-1
TestTerraformRedeployExample 2018-06-02T14:35:35+02:00 retry.go:105: Executing action 'Check URL http://redeploy-test-V7X9hL-1612592690.eu-west-1.elb.amazonaws.com:80'
TestTerraformRedeployExample 2018-06-02T14:35:35+02:00 http_helper.go:27: Making an HTTP GET call to URL http://redeploy-test-V7X9hL-1612592690.eu-west-1.elb.amazonaws.com:80
TestTerraformRedeployExample 2018-06-02T14:35:35+02:00 retry.go:109: Sleeping for 1s before repeating action 'Check URL http://redeploy-test-V7X9hL-1612592690.eu-west-1.elb.amazonaws.com:80'
TestTerraformPackerExample 2018-06-02T14:35:35+02:00 retry.go:81: Fetching syslog for Instance i-03b1e6f65ac9657f0 in ap-southeast-1 returned an error: Syslog is not yet available for instance i-03b1e6f65ac9657f0 in ap-southeast-1. Sleeping for 5s and will try again.
TestTerraformRedeployExample 2018-06-02T14:35:36+02:00 retry.go:105: Executing action 'Check URL http://redeploy-test-V7X9hL-1612592690.eu-west-1.elb.amazonaws.com:80'
TestTerraformRedeployExample 2018-06-02T14:35:36+02:00 http_helper.go:27: Making an HTTP GET call to URL http://redeploy-test-V7X9hL-1612592690.eu-west-1.elb.amazonaws.com:80
TestTerraformRedeployExample 2018-06-02T14:35:36+02:00 retry.go:109: Sleeping for 1s before repeating action 'Check URL http://redeploy-test-V7X9hL-1612592690.eu-west-1.elb.amazonaws.com:80'
TestTerraformRedeployExample 2018-06-02T14:35:37+02:00 retry.go:105: Executing action 'Check URL http://redeploy-test-V7X9hL-1612592690.eu-west-1.elb.amazonaws.com:80'
TestTerraformRedeployExample 2018-06-02T14:35:37+02:00 http_helper.go:27: Making an HTTP GET call to URL http://redeploy-test-V7X9hL-1612592690.eu-west-1.elb.amazonaws.com:80
TestTerraformRedeployExample 2018-06-02T14:35:37+02:00 retry.go:109: Sleeping for 1s before repeating action 'Check URL http://redeploy-test-V7X9hL-1612592690.eu-west-1.elb.amazonaws.com:80'
TestTerraformRedeployExample 2018-06-02T14:35:38+02:00 retry.go:105: Executing action 'Check URL http://redeploy-test-V7X9hL-1612592690.eu-west-1.elb.amazonaws.com:80'
TestTerraformRedeployExample 2018-06-02T14:35:38+02:00 http_helper.go:27: Making an HTTP GET call to URL http://redeploy-test-V7X9hL-1612592690.eu-west-1.elb.amazonaws.com:80
TestTerraformRedeployExample 2018-06-02T14:35:38+02:00 retry.go:109: Sleeping for 1s before repeating action 'Check URL http://redeploy-test-V7X9hL-1612592690.eu-west-1.elb.amazonaws.com:80'
TestTerraformRedeployExample 2018-06-02T14:35:39+02:00 retry.go:105: Executing action 'Check URL http://redeploy-test-V7X9hL-1612592690.eu-west-1.elb.amazonaws.com:80'
TestTerraformRedeployExample 2018-06-02T14:35:39+02:00 http_helper.go:27: Making an HTTP GET call to URL http://redeploy-test-V7X9hL-1612592690.eu-west-1.elb.amazonaws.com:80
TestTerraformRedeployExample 2018-06-02T14:35:39+02:00 retry.go:109: Sleeping for 1s before repeating action 'Check URL http://redeploy-test-V7X9hL-1612592690.eu-west-1.elb.amazonaws.com:80'
TestTerraformRedeployExample 2018-06-02T14:35:40+02:00 retry.go:105: Executing action 'Check URL http://redeploy-test-V7X9hL-1612592690.eu-west-1.elb.amazonaws.com:80'
TestTerraformRedeployExample 2018-06-02T14:35:40+02:00 http_helper.go:27: Making an HTTP GET call to URL http://redeploy-test-V7X9hL-1612592690.eu-west-1.elb.amazonaws.com:80
TestTerraformRedeployExample 2018-06-02T14:35:40+02:00 retry.go:109: Sleeping for 1s before repeating action 'Check URL http://redeploy-test-V7X9hL-1612592690.eu-west-1.elb.amazonaws.com:80'
TestTerraformPackerExample 2018-06-02T14:35:40+02:00 retry.go:69: Fetching syslog for Instance i-03b1e6f65ac9657f0 in ap-southeast-1
TestTerraformPackerExample 2018-06-02T14:35:40+02:00 retry.go:81: Fetching syslog for Instance i-03b1e6f65ac9657f0 in ap-southeast-1 returned an error: Syslog is not yet available for instance i-03b1e6f65ac9657f0 in ap-southeast-1. Sleeping for 5s and will try again.
TestTerraformRedeployExample 2018-06-02T14:35:41+02:00 retry.go:105: Executing action 'Check URL http://redeploy-test-V7X9hL-1612592690.eu-west-1.elb.amazonaws.com:80'
TestTerraformRedeployExample 2018-06-02T14:35:41+02:00 http_helper.go:27: Making an HTTP GET call to URL http://redeploy-test-V7X9hL-1612592690.eu-west-1.elb.amazonaws.com:80
TestTerraformRedeployExample 2018-06-02T14:35:41+02:00 retry.go:109: Sleeping for 1s before repeating action 'Check URL http://redeploy-test-V7X9hL-1612592690.eu-west-1.elb.amazonaws.com:80'
TestTerraformRedeployExample 2018-06-02T14:35:41+02:00 command.go:96: [0m[1maws_autoscaling_group.web_servers.deposed: Destruction complete after 2m30s[0m[0m
TestTerraformRedeployExample 2018-06-02T14:35:41+02:00 command.go:96: [0m[1maws_launch_configuration.web_servers.deposed: Destroying... (ID: terraform-20180602122834468600000001)[0m[0m
TestTerraformRedeployExample 2018-06-02T14:35:42+02:00 command.go:96: [0m[1maws_launch_configuration.web_servers.deposed: Destruction complete after 0s[0m[0m
TestTerraformRedeployExample 2018-06-02T14:35:42+02:00 command.go:96: [0m[1m[32m
TestTerraformRedeployExample 2018-06-02T14:35:42+02:00 command.go:96: Apply complete! Resources: 2 added, 0 changed, 2 destroyed.[0m
TestTerraformRedeployExample 2018-06-02T14:35:42+02:00 command.go:96: [0m[1m[32m
TestTerraformRedeployExample 2018-06-02T14:35:42+02:00 command.go:96: Outputs:
TestTerraformRedeployExample 2018-06-02T14:35:42+02:00 command.go:96: 
TestTerraformRedeployExample 2018-06-02T14:35:42+02:00 command.go:96: alb_dns_name = redeploy-test-V7X9hL-1612592690.eu-west-1.elb.amazonaws.com
TestTerraformRedeployExample 2018-06-02T14:35:42+02:00 command.go:96: asg_name = terraform-20180602123219506500000001
TestTerraformRedeployExample 2018-06-02T14:35:42+02:00 command.go:96: url = http://redeploy-test-V7X9hL-1612592690.eu-west-1.elb.amazonaws.com:80[0m
TestTerraformRedeployExample 2018-06-02T14:35:42+02:00 test_structure.go:23: The 'SKIP_logs' environment variable is not set, so executing stage 'logs'.
TestTerraformRedeployExample 2018-06-02T14:35:42+02:00 save_test_data.go:159: Loading test data from ../examples/terraform-redeploy-example/.test-data/TerraformOptions.json
TestTerraformRedeployExample 2018-06-02T14:35:42+02:00 retry.go:115: Received stop signal for action 'Check URL http://redeploy-test-V7X9hL-1612592690.eu-west-1.elb.amazonaws.com:80'.
TestTerraformRedeployExample 2018-06-02T14:35:42+02:00 retry.go:69: Running terraform [output -no-color asg_name]
TestTerraformRedeployExample 2018-06-02T14:35:42+02:00 command.go:52: Running command terraform with args [output -no-color asg_name]
TestTerraformRedeployExample 2018-06-02T14:35:42+02:00 command.go:96: terraform-20180602123219506500000001
TestTerraformRedeployExample 2018-06-02T14:35:42+02:00 ec2-syslog.go:84: Fetching syslog for each Instance in ASG terraform-20180602123219506500000001 in eu-west-1
TestTerraformRedeployExample 2018-06-02T14:35:42+02:00 ec2-syslog.go:32: Fetching syslog for Instance i-0fe4e8ed39c398c6e in eu-west-1
TestTerraformRedeployExample 2018-06-02T14:35:42+02:00 retry.go:69: Fetching syslog for Instance i-0fe4e8ed39c398c6e in eu-west-1
TestTerraformRedeployExample 2018-06-02T14:35:43+02:00 retry.go:81: Fetching syslog for Instance i-0fe4e8ed39c398c6e in eu-west-1 returned an error: Syslog is not yet available for instance i-0fe4e8ed39c398c6e in eu-west-1. Sleeping for 5s and will try again.
TestTerraformPackerExample 2018-06-02T14:35:45+02:00 retry.go:69: Fetching syslog for Instance i-03b1e6f65ac9657f0 in ap-southeast-1
TestTerraformPackerExample 2018-06-02T14:35:46+02:00 retry.go:81: Fetching syslog for Instance i-03b1e6f65ac9657f0 in ap-southeast-1 returned an error: Syslog is not yet available for instance i-03b1e6f65ac9657f0 in ap-southeast-1. Sleeping for 5s and will try again.
TestTerraformRedeployExample 2018-06-02T14:35:48+02:00 retry.go:69: Fetching syslog for Instance i-0fe4e8ed39c398c6e in eu-west-1
TestTerraformRedeployExample 2018-06-02T14:35:48+02:00 retry.go:81: Fetching syslog for Instance i-0fe4e8ed39c398c6e in eu-west-1 returned an error: Syslog is not yet available for instance i-0fe4e8ed39c398c6e in eu-west-1. Sleeping for 5s and will try again.
TestTerraformPackerExample 2018-06-02T14:35:51+02:00 retry.go:69: Fetching syslog for Instance i-03b1e6f65ac9657f0 in ap-southeast-1
TestTerraformPackerExample 2018-06-02T14:35:51+02:00 retry.go:81: Fetching syslog for Instance i-03b1e6f65ac9657f0 in ap-southeast-1 returned an error: Syslog is not yet available for instance i-03b1e6f65ac9657f0 in ap-southeast-1. Sleeping for 5s and will try again.
TestTerraformRedeployExample 2018-06-02T14:35:53+02:00 retry.go:69: Fetching syslog for Instance i-0fe4e8ed39c398c6e in eu-west-1
TestTerraformRedeployExample 2018-06-02T14:35:53+02:00 retry.go:81: Fetching syslog for Instance i-0fe4e8ed39c398c6e in eu-west-1 returned an error: Syslog is not yet available for instance i-0fe4e8ed39c398c6e in eu-west-1. Sleeping for 5s and will try again.
TestTerraformPackerExample 2018-06-02T14:35:56+02:00 retry.go:69: Fetching syslog for Instance i-03b1e6f65ac9657f0 in ap-southeast-1
TestTerraformPackerExample 2018-06-02T14:35:57+02:00 terraform_packer_example_test.go:149: Most recent syslog for Instance i-03b1e6f65ac9657f0:

[    0.000000] Initializing cgroup subsys cpuset
[    0.000000] Initializing cgroup subsys cpu
[    0.000000] Initializing cgroup subsys cpuacct
[    0.000000] Linux version 4.4.0-1060-aws (buildd@lgw01-amd64-036) (gcc version 5.4.0 20160609 (Ubuntu 5.4.0-6ubuntu1~16.04.9) ) #69-Ubuntu SMP Sun May 20 13:42:07 UTC 2018 (Ubuntu 4.4.0-1060.69-aws 4.4.128)
[    0.000000] Command line: BOOT_IMAGE=/boot/vmlinuz-4.4.0-1060-aws root=LABEL=cloudimg-rootfs ro console=tty1 console=ttyS0 nvme.io_timeout=4294967295
[    0.000000] KERNEL supported cpus:
[    0.000000]   Intel GenuineIntel
[    0.000000]   AMD AuthenticAMD
[    0.000000]   Centaur CentaurHauls
[    0.000000] x86/fpu: xstate_offset[2]:  576, xstate_sizes[2]:  256
[    0.000000] x86/fpu: Supporting XSAVE feature 0x01: 'x87 floating point registers'
[    0.000000] x86/fpu: Supporting XSAVE feature 0x02: 'SSE registers'
[    0.000000] x86/fpu: Supporting XSAVE feature 0x04: 'AVX registers'
[    0.000000] x86/fpu: Enabled xstate features 0x7, context size is 832 bytes, using 'standard' format.
[    0.000000] x86/fpu: Using 'eager' FPU context switches.
[    0.000000] e820: BIOS-provided physical RAM map:
[    0.000000] BIOS-e820: [mem 0x0000000000000000-0x000000000009dfff] usable
[    0.000000] BIOS-e820: [mem 0x000000000009e000-0x000000000009ffff] reserved
[    0.000000] BIOS-e820: [mem 0x00000000000e0000-0x00000000000fffff] reserved
[    0.000000] BIOS-e820: [mem 0x0000000000100000-0x000000003fffffff] usable
[    0.000000] BIOS-e820: [mem 0x00000000fc000000-0x00000000ffffffff] reserved
[    0.000000] NX (Execute Disable) protection: active
[    0.000000] SMBIOS 2.7 present.
[    0.000000] Hypervisor detected: Xen
[    0.000000] Xen version 4.2.
[    0.000000] Netfront and the Xen platform PCI driver have been compiled for this kernel: unplug emulated NICs.
[    0.000000] Blkfront and the Xen platform PCI driver have been compiled for this kernel: unplug emulated disks.
[    0.000000] You might have to change the root device
[    0.000000] from /dev/hd[a-d] to /dev/xvd[a-d]
[    0.000000] in your root= kernel command line option
[    0.000000] e820: last_pfn = 0x40000 max_arch_pfn = 0x400000000
[    0.000000] x86/PAT: Configuration [0-7]: WB  WC  UC- UC  WB  WC  UC- WT  
[    0.000000] found SMP MP-table at [mem 0x000fbc20-0x000fbc2f] mapped at [ffff8800000fbc20]
[    0.000000] Scanning 1 areas for low memory corruption
[    0.000000] RAMDISK: [mem 0x367b6000-0x373d2fff]
[    0.000000] ACPI: Early table checksum verification disabled
[    0.000000] ACPI: RSDP 0x00000000000EA020 000024 (v02 Xen   )
[    0.000000] ACPI: XSDT 0x00000000FC00DDC0 000054 (v01 Xen    HVM      00000000 HVML 00000000)
[    0.000000] ACPI: FACP 0x00000000FC00DA80 0000F4 (v04 Xen    HVM      00000000 HVML 00000000)
[    0.000000] ACPI: DSDT 0x00000000FC001CE0 00BD19 (v02 Xen    HVM      00000000 INTL 20090123)
[    0.000000] ACPI: FACS 0x00000000FC001CA0 000040
[    0.000000] ACPI: FACS 0x00000000FC001CA0 000040
[    0.000000] ACPI: APIC 0x00000000FC00DB80 0000D8 (v02 Xen    HVM      00000000 HVML 00000000)
[    0.000000] ACPI: HPET 0x00000000FC00DCD0 000038 (v01 Xen    HVM      00000000 HVML 00000000)
[    0.000000] ACPI: WAET 0x00000000FC00DD10 000028 (v01 Xen    HVM      00000000 HVML 00000000)
[    0.000000] ACPI: SSDT 0x00000000FC00DD40 000031 (v02 Xen    HVM      00000000 INTL 20090123)
[    0.000000] ACPI: SSDT 0x00000000FC00DD80 000031 (v02 Xen    HVM      00000000 INTL 20090123)
[    0.000000] No NUMA configuration found
[    0.000000] Faking a node at [mem 0x0000000000000000-0x000000003fffffff]
[    0.000000] NODE_DATA(0) allocated [mem 0x3fffb000-0x3fffffff]
[    0.000000] Zone ranges:
[    0.000000]   DMA      [mem 0x0000000000001000-0x0000000000ffffff]
[    0.000000]   DMA32    [mem 0x0000000001000000-0x000000003fffffff]
[    0.000000]   Normal   empty
[    0.000000]   Device   empty
[    0.000000] Movable zone start for each node
[    0.000000] Early memory node ranges
[    0.000000]   node   0: [mem 0x0000000000001000-0x000000000009dfff]
[    0.000000]   node   0: [mem 0x0000000000100000-0x000000003fffffff]
[    0.000000] Initmem setup node 0 [mem 0x0000000000001000-0x000000003fffffff]
[    0.000000] ACPI: PM-Timer IO Port: 0xb008
[    0.000000] IOAPIC[0]: apic_id 1, version 17, address 0xfec00000, GSI 0-47
[    0.000000] ACPI: INT_SRC_OVR (bus 0 bus_irq 0 global_irq 2 dfl dfl)
[    0.000000] ACPI: INT_SRC_OVR (bus 0 bus_irq 5 global_irq 5 low level)
[    0.000000] ACPI: INT_SRC_OVR (bus 0 bus_irq 10 global_irq 10 low level)
[    0.000000] ACPI: INT_SRC_OVR (bus 0 bus_irq 11 global_irq 11 low level)
[    0.000000] Using ACPI (MADT) for SMP configuration information
[    0.000000] ACPI: HPET id: 0x8086a201 base: 0xfed00000
[    0.000000] smpboot: Allowing 15 CPUs, 14 hotplug CPUs
[    0.000000] PM: Registered nosave memory: [mem 0x00000000-0x00000fff]
[    0.000000] PM: Registered nosave memory: [mem 0x0009e000-0x0009ffff]
[    0.000000] PM: Registered nosave memory: [mem 0x000a0000-0x000dffff]
[    0.000000] PM: Registered nosave memory: [mem 0x000e0000-0x000fffff]
[    0.000000] e820: [mem 0x40000000-0xfbffffff] available for PCI devices
[    0.000000] Booting paravirtualized kernel on Xen HVM
[    0.000000] clocksource: refined-jiffies: mask: 0xffffffff max_cycles: 0xffffffff, max_idle_ns: 7645519600211568 ns
[    0.000000] setup_percpu: NR_CPUS:256 nr_cpumask_bits:256 nr_cpu_ids:15 nr_node_ids:1
[    0.000000] PERCPU: Embedded 34 pages/cpu @ffff88003e200000 s99160 r8192 d31912 u262144
[    0.000000] PV qspinlock hash table entries: 256 (order: 0, 4096 bytes)
[    0.000000] Built 1 zonelists in Node order, mobility grouping on.  Total pages: 257927
[    0.000000] Policy zone: DMA32
[    0.000000] Kernel command line: BOOT_IMAGE=/boot/vmlinuz-4.4.0-1060-aws root=LABEL=cloudimg-rootfs ro console=tty1 console=ttyS0 nvme.io_timeout=4294967295
[    0.000000] PID hash table entries: 4096 (order: 3, 32768 bytes)
[    0.000000] Memory: 998536K/1048180K available (8358K kernel code, 1280K rwdata, 3884K rodata, 1496K init, 1264K bss, 49644K reserved, 0K cma-reserved)
[    0.000000] SLUB: HWalign=64, Order=0-3, MinObjects=0, CPUs=15, Nodes=1
[    0.000000] Kernel/User page tables isolation: enabled
[    0.000000] Hierarchical RCU implementation.
[    0.000000] 	Build-time adjustment of leaf fanout to 64.
[    0.000000] 	RCU restricting CPUs from NR_CPUS=256 to nr_cpu_ids=15.
[    0.000000] RCU: Adjusting geometry for rcu_fanout_leaf=64, nr_cpu_ids=15
[    0.000000] NR_IRQS:16640 nr_irqs:952 16
[    0.000000] xen:events: Using 2-level ABI
[    0.000000] xen:events: Xen HVM callback vector for event delivery is enabled
[    0.000000] Console: colour VGA+ 80x25
[    0.000000] console [tty1] enabled
[    0.000000] Cannot get hvm parameter CONSOLE_EVTCHN (18): -22!
[    0.000000] console [ttyS0] enabled
[    0.000000] clocksource: hpet: mask: 0xffffffff max_cycles: 0xffffffff, max_idle_ns: 30580167144 ns
[    0.000000] tsc: Detected 2400.080 MHz processor
[    0.012000] Calibrating delay loop (skipped), value calculated using timer frequency.. 4800.16 BogoMIPS (lpj=9600320)
[    0.014325] pid_max: default: 32768 minimum: 301
[    0.016010] ACPI: Core revision 20150930
[    0.027938] ACPI: 3 ACPI AML tables successfully acquired and loaded
[    0.032960] Security Framework initialized
[    0.036005] Yama: becoming mindful.
[    0.040025] AppArmor: AppArmor initialized
[    0.043304] Dentry cache hash table entries: 131072 (order: 8, 1048576 bytes)
[    0.048179] Inode-cache hash table entries: 65536 (order: 7, 524288 bytes)
[    0.052081] Mount-cache hash table entries: 2048 (order: 2, 16384 bytes)
[    0.056004] Mountpoint-cache hash table entries: 2048 (order: 2, 16384 bytes)
[    0.064176] Initializing cgroup subsys io
[    0.067489] Initializing cgroup subsys memory
[    0.068014] Initializing cgroup subsys devices
[    0.072007] Initializing cgroup subsys freezer
[    0.076008] Initializing cgroup subsys net_cls
[    0.080007] Initializing cgroup subsys perf_event
[    0.084006] Initializing cgroup subsys net_prio
[    0.088010] Initializing cgroup subsys hugetlb
[    0.092006] Initializing cgroup subsys pids
[    0.095212] CPU: Physical Processor ID: 0
[    0.096781] mce: CPU supports 2 MCE banks
[    0.100027] Last level iTLB entries: 4KB 1024, 2MB 1024, 4MB 1024
[    0.108004] Last level dTLB entries: 4KB 1024, 2MB 1024, 4MB 1024, 1GB 4
[    0.112005] Spectre V2 : Mitigation: Full generic retpoline
[    0.116004] Spectre V2 : Speculation control IBPB not-supported IBRS not-supported
[    0.120003] Speculative Store Bypass: Vulnerable
[    0.146427] ftrace: allocating 31342 entries in 123 pages
[    0.188085] smpboot: APIC(0) Converting physical 0 to logical package 0
[    0.196002] smpboot: Max logical packages: 15
[    0.200766] x2apic: IRQ remapping doesn't support X2APIC mode
[    0.204004] Switched APIC routing to physical flat.
[    0.210574] ..TIMER: vector=0x30 apic1=0 pin1=2 apic2=0 pin2=0
[    0.216003] clocksource: xen: mask: 0xffffffffffffffff max_cycles: 0x1cd42e4dffb, max_idle_ns: 881590591483 ns
[    0.220016] installing Xen timer for CPU 0
[    0.224079] smpboot: CPU0: Intel(R) Xeon(R) CPU E5-2676 v3 @ 2.40GHz (family: 0x6, model: 0x3f, stepping: 0x2)
[    0.232038] cpu 0 spinlock event irq 53
[    0.235214] Performance Events: unsupported p6 CPU model 63 no PMU driver, software events only.
[    0.240787] x86: Booted up 1 node, 1 CPUs
[    0.244006] smpboot: Total of 1 processors activated (4800.16 BogoMIPS)
[    0.248015] NMI watchdog: disabled (cpu0): hardware events not enabled
[    0.252007] NMI watchdog: Shutting down hard lockup detector on all cpus
[    0.256427] devtmpfs: initialized
[    0.261088] evm: security.selinux
[    0.264009] evm: security.SMACK64
[    0.267046] evm: security.SMACK64EXEC
[    0.268006] evm: security.SMACK64TRANSMUTE
[    0.271353] evm: security.SMACK64MMAP
[    0.272006] evm: security.ima
[    0.274877] evm: security.capability
[    0.276147] clocksource: jiffies: mask: 0xffffffff max_cycles: 0xffffffff, max_idle_ns: 7645041785100000 ns
[    0.280033] futex hash table entries: 4096 (order: 6, 262144 bytes)
[    0.284262] RTC time: 12:32:56, date: 06/02/18
[    0.287878] NET: Registered protocol family 16
[    0.288156] cpuidle: using governor ladder
[    0.292010] cpuidle: using governor menu
[    0.296010] PCCT header not found.
[    0.298897] ACPI: bus type PCI registered
[    0.300007] acpiphp: ACPI Hot Plug PCI Controller Driver version: 0.5
[    0.304327] PCI: Using configuration type 1 for base access
[    0.309054] ACPI: Added _OSI(Module Device)
[    0.312005] ACPI: Added _OSI(Processor Device)
[    0.315924] ACPI: Added _OSI(3.0 _SCP Extensions)
[    0.316007] ACPI: Added _OSI(Processor Aggregator Device)
[    0.323820] ACPI: Interpreter enabled
[    0.324018] ACPI: (supports S0 S4 S5)
[    0.327236] ACPI: Using IOAPIC for interrupt routing
[    0.328033] PCI: Using host bridge windows from ACPI; if necessary, use "pci=nocrs" and report a bug
[    0.378956] ACPI: PCI Root Bridge [PCI0] (domain 0000 [bus 00-ff])
[    0.380014] acpi PNP0A03:00: _OSC: OS supports [ASPM ClockPM Segments MSI]
[    0.384017] acpi PNP0A03:00: _OSC failed (AE_NOT_FOUND); disabling ASPM
[    0.388016] acpi PNP0A03:00: fail to add MMCONFIG information, can't access extended PCI configuration space under this bridge.
[    0.392942] acpiphp: Slot [0] registered
[    0.397004] acpiphp: Slot [3] registered
[    0.400311] acpiphp: Slot [4] registered
[    0.403867] acpiphp: Slot [5] registered
[    0.404391] acpiphp: Slot [6] registered
[    0.408056] acpiphp: Slot [7] registered
[    0.411714] acpiphp: Slot [8] registered
[    0.412324] acpiphp: Slot [9] registered
[    0.415855] acpiphp: Slot [10] registered
[    0.416286] acpiphp: Slot [11] registered
[    0.419937] acpiphp: Slot [12] registered
[    0.420322] acpiphp: Slot [13] registered
[    0.424134] acpiphp: Slot [14] registered
[    0.427757] acpiphp: Slot [15] registered
[    0.428308] acpiphp: Slot [16] registered
[    0.431871] acpiphp: Slot [17] registered
[    0.432302] acpiphp: Slot [18] registered
[    0.436143] acpiphp: Slot [19] registered
[    0.439789] acpiphp: Slot [20] registered
[    0.440308] acpiphp: Slot [21] registered
[    0.444289] acpiphp: Slot [22] registered
[    0.447908] acpiphp: Slot [23] registered
[    0.448378] acpiphp: Slot [24] registered
[    0.452085] acpiphp: Slot [25] registered
[    0.456256] acpiphp: Slot [26] registered
[    0.460007] acpiphp: Slot [27] registered
[    0.463425] acpiphp: Slot [28] registered
[    0.464287] acpiphp: Slot [29] registered
[    0.467398] acpiphp: Slot [30] registered
[    0.468320] acpiphp: Slot [31] registered
[    0.471630] PCI host bridge to bus 0000:00
[    0.472007] pci_bus 0000:00: root bus resource [io  0x0000-0x0cf7 window]
[    0.476008] pci_bus 0000:00: root bus resource [io  0x0d00-0xffff window]
[    0.480009] pci_bus 0000:00: root bus resource [mem 0x000a0000-0x000bffff window]
[    0.484005] pci_bus 0000:00: root bus resource [mem 0xf0000000-0xfbffffff window]
[    0.488005] pci_bus 0000:00: root bus resource [bus 00-ff]
[    0.497610] pci 0000:00:01.1: legacy IDE quirk: reg 0x10: [io  0x01f0-0x01f7]
[    0.500008] pci 0000:00:01.1: legacy IDE quirk: reg 0x14: [io  0x03f6]
[    0.504005] pci 0000:00:01.1: legacy IDE quirk: reg 0x18: [io  0x0170-0x0177]
[    0.508008] pci 0000:00:01.1: legacy IDE quirk: reg 0x1c: [io  0x0376]
[    0.512733] * Found PM-Timer Bug on the chipset. Due to workarounds for a bug,
[    0.512733] * this clock source is slow. Consider trying other clock sources
[    0.517381] pci 0000:00:01.3: quirk: [io  0xb000-0xb03f] claimed by PIIX4 ACPI
[    0.526780] ACPI: PCI Interrupt Link [LNKA] (IRQs *5 10 11)
[    0.531292] ACPI: PCI Interrupt Link [LNKB] (IRQs 5 *10 11)
[    0.535272] ACPI: PCI Interrupt Link [LNKC] (IRQs 5 10 *11)
[    0.539250] ACPI: PCI Interrupt Link [LNKD] (IRQs *5 10 11)
[    0.561303] ACPI: Enabled 2 GPEs in block 00 to 0F
[    0.564075] xen:balloon: Initialising balloon driver
[    0.568143] vgaarb: setting as boot device: PCI:0000:00:02.0
[    0.572000] vgaarb: device added: PCI:0000:00:02.0,decodes=io+mem,owns=io+mem,locks=none
[    0.572006] vgaarb: loaded
[    0.574931] vgaarb: bridge control possible 0000:00:02.0
[    0.576195] SCSI subsystem initialized
[    0.579549] ACPI: bus type USB registered
[    0.580028] usbcore: registered new interface driver usbfs
[    0.584023] usbcore: registered new interface driver hub
[    0.588028] usbcore: registered new device driver usb
[    0.592154] PCI: Using ACPI for IRQ routing
[    0.596134] NetLabel: Initializing
[    0.599020] NetLabel:  domain hash size = 128
[    0.600006] NetLabel:  protocols = UNLABELED CIPSOv4
[    0.604000] NetLabel:  unlabeled traffic allowed by default
[    0.604122] HPET: 3 timers in total, 0 timers will be used for per-cpu timer
[    0.608020] hpet0: at MMIO 0xfed00000, IRQs 2, 8, 0
[    0.613691] hpet0: 3 comparators, 64-bit 62.500000 MHz counter
[    0.619076] amd_nb: Cannot enumerate AMD northbridges
[    0.620021] clocksource: Switched to clocksource xen
[    0.629274] AppArmor: AppArmor Filesystem Enabled
[    0.633378] pnp: PnP ACPI init
[    0.636320] system 00:00: [mem 0x00000000-0x0009ffff] could not be reserved
[    0.641711] system 00:01: [io  0x08a0-0x08a3] has been reserved
[    0.646350] system 00:01: [io  0x0cc0-0x0ccf] has been reserved
[    0.650878] system 00:01: [io  0x04d0-0x04d1] has been reserved
[    0.655881] system 00:07: [io  0x10c0-0x1141] has been reserved
[    0.660564] system 00:07: [io  0xb044-0xb047] has been reserved
[    0.685366] pnp: PnP ACPI: found 8 devices
[    0.694438] clocksource: acpi_pm: mask: 0xffffff max_cycles: 0xffffff, max_idle_ns: 2085701024 ns
[    0.701740] NET: Registered protocol family 2
[    0.705798] TCP established hash table entries: 8192 (order: 4, 65536 bytes)
[    0.711107] TCP bind hash table entries: 8192 (order: 5, 131072 bytes)
[    0.716000] TCP: Hash tables configured (established 8192 bind 8192)
[    0.721404] UDP hash table entries: 512 (order: 2, 16384 bytes)
[    0.725991] UDP-Lite hash table entries: 512 (order: 2, 16384 bytes)
[    0.730886] NET: Registered protocol family 1
[    0.734730] pci 0000:00:00.0: Limiting direct PCI/PCI transfers
[    0.739570] pci 0000:00:01.0: PIIX3: Enabling Passive Release
[    0.744238] pci 0000:00:01.0: Activating ISA DMA hang workarounds
[    0.749315] Trying to unpack rootfs image as initramfs...
[    0.932189] Freeing initrd memory: 12404K
[    0.935638] RAPL PMU detected, API unit is 2^-32 Joules, 3 fixed counters 655360 ms ovfl timer
[    0.942042] hw unit of domain pp0-core 2^-14 Joules
[    0.945912] hw unit of domain package 2^-14 Joules
[    0.949697] hw unit of domain dram 2^-16 Joules
[    0.953315] Scanning for low memory corruption every 60 seconds
[    0.958224] audit: initializing netlink subsys (disabled)
[    0.962278] audit: type=2000 audit(1527942777.137:1): initialized
[    0.967518] Initialise system trusted keyring
[    0.971094] HugeTLB registered 2 MB page size, pre-allocated 0 pages
[    0.977068] zbud: loaded
[    0.979721] VFS: Disk quotas dquot_6.6.0
[    0.983112] VFS: Dquot-cache hash table entries: 512 (order 0, 4096 bytes)
[    0.988455] squashfs: version 4.0 (2009/01/31) Phillip Lougher
[    0.993253] fuse init (API version 7.23)
[    0.996828] Key type big_key registered
[    0.999993] Allocating IMA MOK and blacklist keyrings.
[    1.004612] Key type asymmetric registered
[    1.007948] Asymmetric key parser 'x509' registered
[    1.012004] Block layer SCSI generic (bsg) driver version 0.4 loaded (major 249)
[    1.018387] io scheduler noop registered
[    1.021628] io scheduler deadline registered (default)
[    1.028675] io scheduler cfq registered
[    1.032148] pci_hotplug: PCI Hot Plug PCI Core version: 0.5
[    1.036460] pciehp: PCI Express Hot Plug Controller Driver version: 0.4
[    1.041497] input: Power Button as /devices/LNXSYSTM:00/LNXPWRBN:00/input/input0
[    1.047146] ACPI: Power Button [PWRF]
[    1.050210] input: Sleep Button as /devices/LNXSYSTM:00/LNXSLPBN:00/input/input1
[    1.056239] ACPI: Sleep Button [SLPF]
[    1.059829] xen:grant_table: Grant tables using version 1 layout
[    1.064392] Grant table initialized
[    1.067524] Cannot get hvm parameter CONSOLE_EVTCHN (18): -22!
[    1.071943] Serial: 8250/16550 driver, 4 ports, IRQ sharing enabled
[    1.106093] 00:06: ttyS0 at I/O 0x3f8 (irq = 4, base_baud = 115200) is a 16550A
[    1.113082] Linux agpgart interface v0.103
[    1.118310] brd: module loaded
[    1.121824] loop: module loaded
[    1.124681] Invalid max_queues (4), will use default max: 1.
[    1.133285] scsi host0: ata_piix
[    1.136386] scsi host1: ata_piix
[    1.141644] ata1: PATA max MWDMA2 cmd 0x1f0 ctl 0x3f6 bmdma 0xc100 irq 14
[    1.147664] ata2: PATA max MWDMA2 cmd 0x170 ctl 0x376 bmdma 0xc108 irq 15
[    1.164232] libphy: Fixed MDIO Bus: probed
[    1.169790] tun: Universal TUN/TAP device driver, 1.6
[    1.175309] tun: (C) 1999-2004 Max Krasnyansky <maxk@qualcomm.com>
[    1.183214] PPP generic driver version 2.4.2
[    1.188281] xen_netfront: Initialising Xen virtual ethernet driver
[    1.195641] blkfront: xvda: barrier or flush: disabled; persistent grants: disabled; indirect descriptors: enabled;
[    1.205618] ehci_hcd: USB 2.0 'Enhanced' Host Controller (EHCI) Driver
[    1.209978] ehci-pci: EHCI PCI platform driver
[    1.213843] ehci-platform: EHCI generic platform driver
[    1.217549] ohci_hcd: USB 1.1 'Open' Host Controller (OHCI) Driver
[    1.221811] ohci-pci: OHCI PCI platform driver
[    1.225908] ohci-platform: OHCI generic platform driver
[    1.230024]  xvda: xvda1
[    1.232218] uhci_hcd: USB Universal Host Controller Interface driver
[    1.236729] i8042: PNP: PS/2 Controller [PNP0303:PS2K,PNP0f13:PS2M] at 0x60,0x64 irq 1,12
[    1.245155] serio: i8042 KBD port at 0x60,0x64 irq 1
[    1.248800] serio: i8042 AUX port at 0x60,0x64 irq 12
[    1.252523] mousedev: PS/2 mouse device common for all mice
[    1.274756] input: AT Translated Set 2 keyboard as /devices/platform/i8042/serio0/input/input2
[    1.280662] rtc_cmos 00:02: rtc core: registered rtc_cmos as rtc0
[    1.285563] rtc_cmos 00:02: alarms up to one day, 114 bytes nvram, hpet irqs
[    1.290326] i2c /dev entries driver
[    1.293479] device-mapper: uevent: version 1.0.3
[    1.298427] device-mapper: ioctl: 4.34.0-ioctl (2015-10-28) initialised: dm-devel@redhat.com
[    1.304575] NET: Registered protocol family 10
[    1.308180] NET: Registered protocol family 17
[    1.312329] Key type dns_resolver registered
[    1.316016] registered taskstats version 1
[    1.322416] Loading compiled-in X.509 certificates
[    1.327059] Loaded X.509 cert 'Build time autogenerated kernel key: ae0d9fee363f3babb6e358452e6c0c8b65099724'
[    1.333408] zswap: loaded using pool lzo/zbud
[    1.337838] Key type trusted registered
[    1.342800] Key type encrypted registered
[    1.345689] AppArmor: AppArmor sha1 policy hashing enabled
[    1.349244] ima: No TPM chip found, activating TPM-bypass!
[    1.352945] evm: HMAC attrs: 0x1
[    1.355981]   Magic number: 6:897:530
[    1.359019] rtc_cmos 00:02: setting system clock to 2018-06-02 12:32:57 UTC (1527942777)
[    1.364675] BIOS EDD facility v0.16 2004-Jun-25, 0 devices found
[    1.368586] EDD information not available.
[    1.373338] Freeing unused kernel memory: 1496K
[    1.376459] Write protecting the kernel read-only data: 14336k
[    1.380797] Freeing unused kernel memory: 1868K
[    1.384397] Freeing unused kernel memory: 212K
Loading, please wait...
starting version 229
[    1.399483] random: udevadm: uninitialized urandom read (16 bytes read, 9 bits of entropy available)
[    1.405965] random: systemd-udevd: uninitialized urandom read (16 bytes read, 9 bits of entropy available)
[    1.412350] random: systemd-udevd: uninitialized urandom read (16 bytes read, 9 bits of entropy available)
[    1.418722] random: udevadm: uninitialized urandom read (16 bytes read, 9 bits of entropy available)
[    1.424623] random: systemd-udevd: uninitialized urandom read (16 bytes read, 9 bits of entropy available)
[    1.436091] random: systemd-udevd: uninitialized urandom read (16 bytes read, 9 bits of entropy available)
[    1.444036] random: udevadm: uninitialized urandom read (16 bytes read, 9 bits of entropy available)
[    1.450847] random: systemd-udevd: uninitialized urandom read (16 bytes read, 9 bits of entropy available)
[    1.457073] random: udevadm: uninitialized urandom read (16 bytes read, 9 bits of entropy available)
[    1.463041] random: systemd-udevd: uninitialized urandom read (16 bytes read, 9 bits of entropy available)
[    1.582569] AVX2 version of gcm_enc/dec engaged.
[    1.585941] AES CTR mode by8 optimization enabled
[    1.952119] tsc: Refined TSC clocksource calibration: 2399.998 MHz
[    1.956366] clocksource: tsc: mask: 0xffffffffffffffff max_cycles: 0x229835b7123, max_idle_ns: 440795242976 ns
Begin: Loading essential drivers ... [    3.169129] md: linear personality registered for level -1
[    3.176001] md: multipath personality registered for level -4
[    3.183044] md: raid0 personality registered for level 0
[    3.190444] md: raid1 personality registered for level 1
[    3.244073] raid6: sse2x1   gen()  8292 MB/s
[    3.292064] raid6: sse2x1   xor()  6479 MB/s
[    3.340063] raid6: sse2x2   gen() 10483 MB/s
[    3.388062] raid6: sse2x2   xor()  7112 MB/s
[    3.436064] raid6: sse2x4   gen() 12218 MB/s
[    3.488066] raid6: sse2x4   xor()  8580 MB/s
[    3.540061] raid6: avx2x1   gen() 16217 MB/s
[    3.592063] raid6: avx2x2   gen() 18736 MB/s
[    3.644062] raid6: avx2x4   gen() 21741 MB/s
[    3.649066] raid6: using algorithm avx2x4 gen() 21741 MB/s
[    3.666743] raid6: using avx2x2 recovery algorithm
[    3.674470] xor: automatically using best checksumming function:
[    3.720064]    avx       : 24551.000 MB/sec
[    3.728700] async_tx: api initialized (async)
[    3.746156] md: raid6 personality registered for level 6
[    3.753520] md: raid5 personality registered for level 5
[    3.760094] md: raid4 personality registered for level 4
[    3.772500] md: raid10 personality registered for level 10
done.
Begin: Running /scripts/init-premount ... done.
Begin: Mounting root file system ... Begin: Running /scripts/local-top ... done.
Begin: Running /scripts/local-premount ... [    3.821762] Btrfs loaded
Scanning for Btrfs filesystems
done.
Warning: fsck not present, so skipping root file system
[    3.885253] EXT4-fs (xvda1): mounted filesystem with ordered data mode. Opts: (null)
done.
Begin: Running /scripts/local-bottom ... done.
Begin: Running /scripts/init-bottom ... done.
[    4.487941] systemd[1]: systemd 229 running in system mode. (+PAM +AUDIT +SELINUX +IMA +APPARMOR +SMACK +SYSVINIT +UTMP +LIBCRYPTSETUP +GCRYPT +GNUTLS +ACL +XZ -LZ4 +SECCOMP +BLKID +ELFUTILS +KMOD -IDN)
[    4.502069] systemd[1]: Detected virtualization xen.
[    4.506688] systemd[1]: Detected architecture x86-64.

Welcome to [1mUbuntu 16.04.4 LTS[0m!

[    4.518425] systemd[1]: Set hostname to <ip-172-31-26-12>.
[    4.787623] systemd[1]: Created slice User and Session Slice.
[[0;32m  OK  [0m] Created slice User and Session Slice.
[    4.797653] systemd[1]: Listening on Journal Socket.
[[0;32m  OK  [0m] Listening on Journal Socket.
[    4.806608] systemd[1]: Listening on LVM2 metadata daemon socket.
[[0;32m  OK  [0m] Listening on LVM2 metadata daemon socket.
[    4.823804] systemd[1]: Started Forward Password Requests to Wall Directory Watch.
[[0;32m  OK  [0m] Started Forward Password Requests to Wall Directory Watch.
[    4.842741] systemd[1]: Listening on /dev/initctl Compatibility Named Pipe.
[[0;32m  OK  [0m] Listening on /dev/initctl Compatibility Named Pipe.
[    4.859358] systemd[1]: Reached target Encrypted Volumes.
[[0;32m  OK  [0m] Reached target Encrypted Volumes.
[    4.872559] systemd[1]: Listening on LVM2 poll daemon socket.
[[0;32m  OK  [0m] Listening on LVM2 poll daemon socket.
[    4.888419] systemd[1]: Listening on Device-mapper event daemon FIFOs.
[[0;32m  OK  [0m] Listening on Device-mapper event daemon FIFOs.
[    4.903419] systemd[1]: Listening on udev Control Socket.
[[0;32m  OK  [0m] Listening on udev Control Socket.
[    4.915097] systemd[1]: Reached target Swap.
[[0;32m  OK  [0m] Reached target Swap.
[    4.926232] systemd[1]: Created slice System Slice.
[[0;32m  OK  [0m] Created slice System Slice.
[    4.938019] systemd[1]: Starting Create list of required static device nodes for the current kernel...
         Starting Create list of required st... nodes for the current kernel...
[    4.957511] systemd[1]: Starting Set console keymap...
         Starting Set console keymap...
[    4.971734] systemd[1]: Mounting Debug File System...
         Mounting Debug File System...
[    4.984867] systemd[1]: Starting Monitoring of LVM2 mirrors, snapshots etc. using dmeventd or progress polling...
         Starting Monitoring of LVM2 mirrors... dmeventd or progress polling...
[    5.005609] systemd[1]: Created slice system-serial\x2dgetty.slice.
[[0;32m  OK  [0m] Created slice system-serial\x2dgetty.slice.
[    5.034246] systemd[1]: Mounting POSIX Message Queue File System...
         Mounting POSIX Message Queue File System...
[    5.051327] systemd[1]: Reached target Slices.
[[0;32m  OK  [0m] Reached target Slices.
[    5.069276] systemd[1]: Starting Uncomplicated firewall...
         Starting Uncomplicated firewall...
[    5.092614] systemd[1]: Starting Load Kernel Modules...
         Starting Load Kernel Modules...
[    5.115027] systemd[1]: Starting Nameserver information manager...
         Starting Nameserver information manager...
[    5.141435] systemd[1]: Set up automount Arbitrary Executable File Formats File System Automount Point.
[[0;32m  OK  [0m] Set up automount Arbitrary Executab...ats File System Automount Point.
[    5.162568] systemd[1]: Listening on Journal Audit Socket.
[    5.171920] Loading iSCSI transport class v2.0-870.
[[0;32m  OK  [0m] Listening on Journal Audit Socket.
[    5.184557] systemd[1]: Reached target User and Group Name Lookups.
[[0;32m  OK  [0m] Reached target User and Group Name Lookups.
[    5.197904] systemd[1]: Listening on Syslog Socket.
[    5.206287] iscsi: registered transport (tcp)
[[0;32m  OK  [0m] Listening on Syslog Socket.
[    5.218875] systemd[1]: Starting Remount Root and Kernel File Systems...
         [    5.230340] EXT4-fs (xvda1): re-mounted. Opts: discard
Starting Remount Root and Kernel File Systems...
[    5.263169] systemd[1]: Listening on Journal Socket (/dev/log).
[[0;32m  OK  [0m] Listening on Journal Socket (/dev/log).
[    5.296277] systemd[1]: Starting Journal Service...
[    5.305191] iscsi: registered transport (iser)
         Starting Journal Service...
[    5.318981] systemd[1]: Mounting Huge Pages File System...
         Mounting Huge Pages File System...
[    5.334633] systemd[1]: Started Trigger resolvconf update for networkd DNS.
[[0;32m  OK  [0m] Started Trigger resolvconf update for networkd DNS.
[    5.350335] systemd[1]: Listening on udev Kernel Socket.
[[0;32m  OK  [0m] Listening on udev Kernel Socket.
[    5.370188] systemd[1]: Mounted Huge Pages File System.
[[0;32m  OK  [0m] Mounted Huge Pages File System.
[    5.387436] systemd[1]: Mounted Debug File System.
[[0;32m  OK  [0m] Mounted Debug File System.
[    5.401286] systemd[1]: Mounted POSIX Message Queue File System.
[[0;32m  OK  [0m] Mounted POSIX Message Queue File System.
[    5.417351] systemd[1]: Started Journal Service.
[[0;32m  OK  [0m] Started Journal Service.
[[0;32m  OK  [0m] Started Create list of required sta...ce nodes for the current kernel.
[[0;32m  OK  [0m] Started Set console keymap.
[[0;32m  OK  [0m] Started Uncomplicated firewall.
[[0;32m  OK  [0m] Started Load Kernel Modules.
[[0;32m  OK  [0m] Started Remount Root and Kernel File Systems.
[[0;32m  OK  [0m] Started Nameserver information manager.
[[0;32m  OK  [0m] Started LVM2 metadata daemon.
         Starting udev Coldplug all Devices...
         Starting Load/Save Random Seed...
         Starting Apply Kernel Variables...
         Mounting FUSE Control File System...
         Starting Create Static Device Nodes in /dev...
         Starting Flush Journal to Persistent Storage...
[[0;32m  OK  [0m] Mounted FUSE Control File System.
[[0;32m  OK  [0m] Started Load/Save Random Seed.
[[0;32m  OK  [0m] Started Apply Kernel Variables.
[[0;32m  OK  [0m] Started Create Static Device Nodes in /dev.
[[0;32m  OK  [0m] Started Monitoring of LVM2 mirrors,...ng dmeventd or progress polling.
[[0;32m  OK  [0m] Started udev Coldplug all Devices.
         Starting udev Kernel Device Manager...
[[0;32m  OK  [0m] Started Flush Journal to Persistent Storage.
[[0;32m  OK  [0m] Started udev Kernel Device Manager.
[[0;32m  OK  [0m] Started Dispatch Password Requests to Console Directory Watch.
[[0;32m  OK  [0m] Reached target Local File Systems (Pre).
[[0;32m  OK  [0m] Reached target Local File Systems.
         Starting Tell Plymouth To Write Out Runtime Data...
         Starting Initial cloud-init job (pre-networking)...
         Starting Set console font and keymap...
         Starting LSB: AppArmor initialization...
         Starting Create Volatile Files and Directories...
[[0;32m  OK  [0m] Started Tell Plymouth To Write Out Runtime Data.
[[0;32m  OK  [0m] Started Create Volatile Files and Directories.
         Starting Update UTMP about System Boot/Shutdown...
         Starting Network Time Synchronization...
[[0;32m  OK  [0m] Started Update UTMP about System Boot/Shutdown.
[[0;32m  OK  [0m] Started Network Time Synchronization.
[[0;32m  OK  [0m] Reached target System Time Synchronized.
[[0;32m  OK  [0m] Started LSB: AppArmor initialization.
[[0;32m  OK  [0m] Found device /dev/ttyS0.
[[0;32m  OK  [0m] Found device /sys/subsystem/net/devices/eth0.
[[0;32m  OK  [0m] Started Set console font and keymap.
[[0;32m  OK  [0m] Created slice system-getty.slice.
[[0;32m  OK  [0m] Listening on Load/Save RF Kill Switch Status /dev/rfkill Watch.
[    8.196691] cloud-init[476]: Cloud-init v. 18.2 running 'init-local' at Sat, 02 Jun 2018 12:33:03 +0000. Up 7.14 seconds.[[0;32m  OK  [0m] Started Initial cloud-init job (pre-networking).
[[0;32m  OK  [0m] Reached target Network (Pre).

[[0;32m  OK  [0m] Started ifup for eth0.
         Starting Raise network interfaces...
[[0;32m  OK  [0m] Started Raise network interfaces.
[[0;32m  OK  [0m] Reached target Network.
         Starting Initial cloud-init job (metadata service crawler)...
[    9.770492] cloud-init[1044]: Cloud-init v. 18.2 running 'init' at Sat, 02 Jun 2018 12:33:05 +0000. Up 9.18 seconds.
[    9.785260] cloud-init[1044]: ci-info: +++++++++++++++++++++++++++++++++++++Net device info++++++++++++++++++++++++++++++++++++++
[    9.801095] cloud-init[1044]: ci-info: +--------+------+----------------------------+---------------+-------+-------------------+
[    9.816300] cloud-init[1044]: ci-info: | Device |  Up  |          Address           |      Mask     | Scope |     Hw-Address    |
[    9.832289] cloud-init[1044]: ci-info: +--------+------+----------------------------+---------------+-------+-------------------+
[    9.848740] cloud-init[1044]: ci-info: |  eth0  | True |       172.31.29.237        | 255.255.240.0 |   .   | 02:e9:b0:9f:30:dc |[[0;32m  OK  [0m] Started Initial cloud-init job (metadata service crawler).
[    9.860850] cloud-init[1044]: ci-info: |  eth0  | True | fe80::e9:b0ff:fe9f:30dc/64 |       .       |  link | 02:e9:b0:9f:30:dc |
[[0;32m  OK  [0m] Reached target Network is Online.

         Starting iSCSI initiator daemon (iscsid)...[    9.876928] cloud-init[1044]: ci-info: |   lo   | True |         127.0.0.1          |   255.0.0.0   |   .   |         .         |
[[0;32m  OK  [0m] Reached target System Initialization.

[[0;32m  OK  [0m] [    9.896970] cloud-init[1044]: ci-info: |   lo   | True |          ::1/128           |       .       |  host |         .         |Listening on UUID daemon activation socket.
         Starting Socket activation for snappy daemon.
[    9.909596] cloud-init[1044]: ci-info: +--------+------+----------------------------+---------------+-------+-------------------+

         Starting LXD - unix socket.
[[    9.920297] cloud-init[1044]: ci-info: +++++++++++++++++++++++++++++Route IPv4 info+++++++++++++++++++++++++++++[0;32m  OK  [0m] Started Daily Cleanup of Temporary Directories.

[[0;32m  OK  [0m] Started ACPI Events Check.
[[    9.931473] cloud-init[1044]: ci-info: +-------+-------------+-------------+---------------+-----------+-------+[0;32m  OK  [0m] Reached target Paths.
[[0;32m  OK  [0m] Listening on D-Bus System Message Bus Socket.

[    9.949022] cloud-init[1044]: ci-info: | Route | Destination |   Gateway   |    Genmask    | Interface | Flags |[[0;32m  OK  [0m] Listening on ACPID Listen Socket.

[    9.958936] [[0;32m  OK  [0m] Started Daily apt download activities.cloud-init[1044]: ci-info: +-------+-------------+-------------+---------------+-----------+-------+
[[0;32m  OK  [0m] Started Daily apt upgrade and clean activities.
[    9.974832] cloud-init
[[0;32m  OK  [0m] Reached target Timers.
[1044]: ci-info: |   0   |   0.0.0.0   | 172.31.16.1 |    0.0.0.0    |    eth0   |   UG  |[[0;32m  OK  [0m] Reached target Cloud-config availability.

[    9.988778] cloud-init[1044]: ci-info: |   1   | 172.31.16.0 |   0.0.0.0   | 255.255.240.0 |    eth0   |   U   |[[0;32m  OK  [0m] Listening on Socket activation for snappy daemon.

[   10.002217] cloud-init[1044]: [[0;32m  OK  [0m] Listening on LXD - unix socket.
ci-info: +-------+-------------+-------------+---------------+-----------+-------+[[0;32m  OK  [0m] Started iSCSI initiator daemon (iscsid).
[   10.018401] cloud-init[1044]: Generating public/private rsa key pair.
[   10.022573] cloud-init
[1044]: Your identification has been saved in /etc/ssh/ssh_host_rsa_key.
[   10.037921] cloud-init         Starting Login to default iSCSI targets...
[[0;32m  OK  [0m[1044]: Your public key has been saved in /etc/ssh/ssh_host_rsa_key.pub.
] Reached target Sockets.[   10.052529] cloud-init[1044]: The key fingerprint is:

[[0;32m  OK  [0m] Reached target Basic System.[   10.061137] cloud-init[1044]: SHA256:ShuX6ivr8aPEbF9IIjMlkeQnkmD6rcFqSg87Nqvx6g4 root@ip-172-31-29-237
         Starting Login Service...
         Starting LSB: MD monitoring daemon...
[   10.073348] cloud-init[1044]: The key's randomart image is:
         Starting System Logging Service...
         Starting LSB: Record successful boot for GRUB...
[   10.090815] cloud-init[1044]: +---[RSA 2048]----+
[   10.095376] 
         Starting OpenBSD Secure Shell server...cloud-init
[[0;32m  OK  [0m] Started D-Bus System Message Bus.[1044]: 
|.oo.             |
[   10.121238] cloud-init[1044]: |+o..             |
[   10.128164] cloud-init[1044]: |+ + o            |
[   10.134412] cloud-init[1044]: | + *     .       |
[   10.141189] cloud-init[1044]: |  B o + S        |
[   10.146082] cloud-init[1044]: | . O + B         |
[   10.151876] cloud-init[1044]: |E+. * = .        |
[   10.162372] cloud-init[1044]: |=*+o.=..         |
[   10.172106] cloud-init[1044]: |O*=o++=o         |
         Starting /etc/rc.local Compatibility...
[[0;32m  OK  [0m] Started FUSE filesystem for LXC.[   10.189060] cloud-init[1044]: +----[SHA256]-----+
[   10.193980] cloud-init[1044]: Generating public/private dsa key pair.
         Starting Apply the settings specified in cloud-config...

[   10.204745] [[0;32m  OK  [0m] Started ACPI event daemon.
[[0;32m  OK  [0m] cloud-initStarted Regular background program processing daemon.
[1044]:          Your identification has been saved in /etc/ssh/ssh_host_dsa_key.Starting Snappy daemon...
[[0;32m  OK  [0m] Started Unattended Upgrades Shutdown.
         Starting LXD - container startup/shutdown...

         Starting Accounts Service...[   10.260895] cloud-init[1044]: Your public key has been saved in /etc/ssh/ssh_host_dsa_key.pub.
[[0;32m  OK  [0m] Started Deferred execution scheduler.

[[0;32m  OK  [0m] [   10.291249] cloud-init[1044]: The key fingerprint is:
Started System Logging Service.
[[0;32m  OK  [0m] [   10.302220] cloud-initStarted OpenBSD Secure Shell server.
[[0;32m  OK  [0m[1044]: ] Started /etc/rc.local Compatibility.
SHA256:RwruCqnmbWYIVI+PbfMfkiDv9sE77zys1RfLkNba4SI root@ip-172-31-29-237
[   10.339882] cloud-init[1044]: The key's randomart image is:[[0;32m  OK  [0m] Started Login to default iSCSI targets.

[[0;32m  OK  [0m] Started LSB: MD monitoring daemon.[   10.405317] 
cloud-init[1044]: [[0;32m  OK  [0m] Started LSB: Record successful boot for GRUB.+---[DSA 1024]----+

[   10.438854] cloud-init[1044]: |                 |
[   10.464566] [[0;32m  OK  [0m] Started Login Service.
         Starting Authenticate and Authorize Users to Run Privileged Tasks...cloud-init[1044]: |   .             |

[[0;32m  OK  [0m] Reached target Remote File Systems (Pre).[   10.490507] 
[[0;32m  OK  [0m] Reached target Remote File Systems.
         Starting LSB: automatic crash report generation...cloud-init[1044]: |  . o .   .      |
         Starting Permit User Sessions...

[   10.538182]          Starting LSB: daemon to balance interrupts for SMP systems...
         Starting LSB: Set the CPU Frequency Scaling governor to "ondemand"...cloud-init[1044]: 
[[0;32m  OK  [0m] Started Permit User Sessions.
[[0;32m  OK  [0m] | . . o . o  o    |Started Authenticate and Authorize Users to Run Privileged Tasks.

[[0;32m  OK  [0m] Started Accounts Service.[   10.581488] cloud-init
[1044]: |.  .+.. S .+ +   |
[[0;32m  OK  [0m[   10.616369] cloud-init[1044]: |.  oo*o ..o * +  |
] Started LXD - container startup/shutdown.
         Starting Hold until boot process finishes up...
         Starting Terminate Plymouth Boot Screen...
[[0;32m  OK  [0m] Started Snappy daemon.
[[0;32m  OK  [0m] Started LSB: Set the CPU Frequency Scaling governor to "ondemand".[   10.674891] 
[[0;32m  OK  [0m] Started LSB: automatic crash report generation.cloud-init[1044]: |. + ..+=.E + *   |

[[0;32m  OK  [0m[   10.696682] cloud-init[1044]: | +.=.o o*oo o    |
] Started LSB: daemon to balance interrupts for SMP systems.
[[0;32m  OK  [0m] Started Hold until boot process finishes up.
[   10.712590] cloud-init[1044]: |+.+.o..+*=.      |[[0;32m  OK  [0m] Started Terminate Plymouth Boot Screen.

[   10.730804] cloud-init[1044]: +----[SHA256]-----+[[0;32m  OK  [0m] 
Started Serial Getty on ttyS0.[   10.752458] cloud-init[1044]: Generating public/private ecdsa key pair.
         Starting Set console scheme...
[[0;32m  OK  [0m] Started Getty on tty1.
[
[   10.770473] cloud-init[1044]: [0;32m  OK  [0m] Reached target Login Prompts.
[[0;32m  OK  [0m] Reached target Multi-User System.
[[0;32m  OK  [0m] Reached target Graphical Interface.Your identification has been saved in /etc/ssh/ssh_host_ecdsa_key.
         Starting Update UTMP about System Runlevel Changes...
[   10.797738] cloud-init[1044]: Your public key has been saved in /etc/ssh/ssh_host_ecdsa_key.pub.
[[0;32m  OK  [0m] Started Set console scheme.

[   10.825875] cloud-init[[0;32m  OK  [0m] Started Update UTMP about System Runlevel Changes.[1044]: The key fingerprint is:

[   10.846163] cloud-init[1044]: SHA256:AcuxC1jglZtRiPHvUbfxWOPLHemlSUaOwZ8R3QxYguU root@ip-172-31-29-237
[   10.861087] cloud-init[1044]: The key's randomart image is:
[   10.872252] cloud-init[1044]: +---[ECDSA 256]---+
[   10.880972] cloud-init[1044]: |  o+o++    ooo++.|
[   10.889064] cloud-init[1044]: | ..=+. =  .o.. .+|
[   10.900200] cloud-init[1044]: |  o o++ o o E o  |
[   10.908484] cloud-init[1044]: |    oo o o B B + |
[   10.916922] cloud-init[1044]: |      + S o + O .|
[   10.925048] cloud-init[1044]: |     . .   . * = |
[   10.937118] cloud-init[1044]: |      .     o =  |
[   10.945290] cloud-init[1044]: |                 |
[   10.954126] cloud-init[1044]: |                 |
[   10.964213] cloud-init[1044]: +----[SHA256]-----+
[   10.972948] cloud-init[1044]: Generating public/private ed25519 key pair.
[   10.984987] cloud-init[1044]: Your identification has been saved in /etc/ssh/ssh_host_ed25519_key.
[   10.997156] cloud-init[1044]: Your public key has been saved in /etc/ssh/ssh_host_ed25519_key.pub.
[   11.009223] cloud-init[1044]: The key fingerprint is:
[   11.020248] cloud-init[1044]: SHA256:FInFVjz1DO5jDd+QsUcTlP7x/12fZG03sattmeAi35w root@ip-172-31-29-237
[   11.036250] cloud-init[1044]: The key's randomart image is:
[   11.045150] cloud-init[1044]: +--[ED25519 256]--+
[   11.052932] cloud-init[1044]: |       +o+..o o++|
[   11.060971] cloud-init[1044]: |      . +.o. + *.|
[   11.072193] cloud-init[1044]: |       ..  .o B .|
[   11.080511] cloud-init[1044]: |       .   . + * |
[   11.089006] cloud-init[1044]: |        S   + o.=|
[   11.101018] cloud-init[1044]: |           . o  *|
[   11.109918] cloud-init[1044]: |            . .=O|
[   11.119198] cloud-init[1044]: |         . .o.==X|
[   11.132885] cloud-init[1044]: |          o..Eo+=|
[   11.141215] cloud-init[1044]: +----[SHA256]-----+
[   11.880115] cloud-init[1147]: Cloud-init v. 18.2 running 'modules:config' at Sat, 02 Jun 2018 12:33:07 +0000. Up 11.17 seconds.
[[0;32m  OK  [0m] Started Apply the settings specified in cloud-config.
         Starting Execute cloud user/final scripts...
ci-info: +++++++++++++++++++++++Authorized keys from /home/ubuntu/.ssh/authorized_keys for user ubuntu++++++++++++++++++++++++
ci-info: +---------+-------------------------------------------------+---------+---------------------------------------------+
ci-info: | Keytype |                Fingerprint (md5)                | Options |                   Comment                   |
ci-info: +---------+-------------------------------------------------+---------+---------------------------------------------+
ci-info: | ssh-rsa | 15:c8:d4:4a:6d:a2:96:56:7a:39:b1:42:bc:39:3e:a5 |    -    | packer_5b128d56-24af-b978-d686-b57da1b81991 |
ci-info: +---------+-------------------------------------------------+---------+---------------------------------------------+
<14>Jun  2 12:33:08 ec2: 
<14>Jun  2 12:33:08 ec2: #############################################################
<14>Jun  2 12:33:08 ec2: -----BEGIN SSH HOST KEY FINGERPRINTS-----
<14>Jun  2 12:33:08 ec2: 1024 SHA256:RwruCqnmbWYIVI+PbfMfkiDv9sE77zys1RfLkNba4SI root@ip-172-31-29-237 (DSA)
<14>Jun  2 12:33:08 ec2: 256 SHA256:AcuxC1jglZtRiPHvUbfxWOPLHemlSUaOwZ8R3QxYguU root@ip-172-31-29-237 (ECDSA)
<14>Jun  2 12:33:08 ec2: 256 SHA256:FInFVjz1DO5jDd+QsUcTlP7x/12fZG03sattmeAi35w root@ip-172-31-29-237 (ED25519)
<14>Jun  2 12:33:08 ec2: 2048 SHA256:ShuX6ivr8aPEbF9IIjMlkeQnkmD6rcFqSg87Nqvx6g4 root@ip-172-31-29-237 (RSA)
<14>Jun  2 12:33:08 ec2: -----END SSH HOST KEY FINGERPRINTS-----
<14>Jun  2 12:33:08 ec2: #############################################################
-----BEGIN SSH HOST KEY KEYS-----
ecdsa-sha2-nistp256 AAAAE2VjZHNhLXNoYTItbmlzdHAyNTYAAAAIbmlzdHAyNTYAAABBBEwMWreTsupCJLtMxRho0BbgVtcEgMlySB/TYYnvBb+2i0sR1HfhntX8UzReljjRaHG/xA8S+sXfn1m/0/ox1Qs= root@ip-172-31-29-237
ssh-ed25519 AAAAC3NzaC1lZDI1NTE5AAAAIAv143tb9Dk67QJX4XnThqHKyZF/8X+g0J4kWtZFmCR/ root@ip-172-31-29-237
ssh-rsa AAAAB3NzaC1yc2EAAAADAQABAAABAQDQt59YQRWG4Z5kZhSOpIry6Hjgyi12T0Gt8/rzy4bOx3nJceEfhJWiTbDPHMMHvETEoYuNAqbLIDPlSvFVPSSaMWALvY/pnr2zV9nB2BsVT0ox24l/fcWzA6Oyg6kSKZqSylC/pkBoNguuLeHi2vNvzhENCBD1i4PjzI8FV/os4AXFZhtpW1c82+8R2hnWNCzHzJZUI6EfuqyHd74994PBB083r+gDD1BEujjgWaUNWHs9hFw9x2lsYzNXkOmv+x8sXsFt62aMT+W/yvxGDkspQEvx1JLzS/8bsg0lNzX1FFVKIZ/5UwvDq4jxUHdlb1ZUK5va10dscR+I/mpnogRh root@ip-172-31-29-237
-----END SSH HOST KEY KEYS-----
[   12.420220] cloud-init[1281]: Cloud-init v. 18.2 running 'modules:final' at Sat, 02 Jun 2018 12:33:08 +0000. Up 12.18 seconds.
[   12.432076] cloud-init[1281]: Cloud-init v. 18.2 finished at Sat, 02 Jun 2018 12:33:08 +0000. Datasource DataSourceEc2Local.  Up 12.40 seconds
[[0;32m  OK  [0m] Started Execute cloud user/final scripts.
[[0;32m  OK  [0m] Reached target Cloud-init target.
<13>Jun  2 12:33:08 user-data: [2018-06-02 12:33:09] INFO  WEBrick 1.3.1
<13>Jun  2 12:33:08 user-data: [2018-06-02 12:33:09] INFO  ruby 2.3.1 (2016-04-26) [x86_64-linux-gnu]
<13>Jun  2 12:33:08 user-data: == Sinatra (v2.0.1) has taken the stage on 8080 for development with backup from WEBrick
<13>Jun  2 12:33:08 user-data: [2018-06-02 12:33:09] INFO  WEBrick::HTTPServer#start: pid=1292 port=8080

Ubuntu 16.04.4 LTS ip-172-31-29-237 ttyS0

ip-172-31-29-237 login: <13>Jun  2 12:33:08 user-data: 31.10.139.61 - - [02/Jun/2018:12:33:16 +0000] "GET / HTTP/1.1" 200 14 0.0044
<13>Jun  2 12:33:08 user-data: 31.10.139.61 - - [02/Jun/2018:12:33:16 UTC] "GET / HTTP/1.1" 200 14
<13>Jun  2 12:33:08 user-data: - -> /


TestTerraformPackerExample 2018-06-02T14:35:57+02:00 test_structure.go:23: The 'SKIP_cleanup_terraform' environment variable is not set, so executing stage 'cleanup_terraform'.
TestTerraformPackerExample 2018-06-02T14:35:57+02:00 save_test_data.go:159: Loading test data from ../examples/terraform-packer-example/.test-data/TerraformOptions.json
TestTerraformPackerExample 2018-06-02T14:35:57+02:00 retry.go:69: Running terraform [destroy -force -input=false -lock=false -var instance_text="Hello, UeEJKX!" -var ami_id="ami-62b0891e" -var aws_region="ap-southeast-1" -var instance_name="terratest-http-example-UeEJKX"]
TestTerraformPackerExample 2018-06-02T14:35:57+02:00 command.go:52: Running command terraform with args [destroy -force -input=false -lock=false -var instance_text="Hello, UeEJKX!" -var ami_id="ami-62b0891e" -var aws_region="ap-southeast-1" -var instance_name="terratest-http-example-UeEJKX"]
TestTerraformRedeployExample 2018-06-02T14:35:58+02:00 retry.go:69: Fetching syslog for Instance i-0fe4e8ed39c398c6e in eu-west-1
TestTerraformRedeployExample 2018-06-02T14:35:58+02:00 retry.go:81: Fetching syslog for Instance i-0fe4e8ed39c398c6e in eu-west-1 returned an error: Syslog is not yet available for instance i-0fe4e8ed39c398c6e in eu-west-1. Sleeping for 5s and will try again.
TestTerraformPackerExample 2018-06-02T14:35:58+02:00 command.go:96: [0m[1mdata.template_file.user_data: Refreshing state...[0m
TestTerraformPackerExample 2018-06-02T14:36:03+02:00 command.go:96: [0m[1maws_security_group.example: Refreshing state... (ID: sg-0495987d)[0m
TestTerraformRedeployExample 2018-06-02T14:36:03+02:00 retry.go:69: Fetching syslog for Instance i-0fe4e8ed39c398c6e in eu-west-1
TestTerraformRedeployExample 2018-06-02T14:36:03+02:00 retry.go:81: Fetching syslog for Instance i-0fe4e8ed39c398c6e in eu-west-1 returned an error: Syslog is not yet available for instance i-0fe4e8ed39c398c6e in eu-west-1. Sleeping for 5s and will try again.
TestTerraformPackerExample 2018-06-02T14:36:05+02:00 command.go:96: [0m[1maws_instance.example: Refreshing state... (ID: i-03b1e6f65ac9657f0)[0m
TestTerraformRedeployExample 2018-06-02T14:36:08+02:00 retry.go:69: Fetching syslog for Instance i-0fe4e8ed39c398c6e in eu-west-1
TestTerraformRedeployExample 2018-06-02T14:36:08+02:00 retry.go:81: Fetching syslog for Instance i-0fe4e8ed39c398c6e in eu-west-1 returned an error: Syslog is not yet available for instance i-0fe4e8ed39c398c6e in eu-west-1. Sleeping for 5s and will try again.
TestTerraformRedeployExample 2018-06-02T14:36:13+02:00 retry.go:69: Fetching syslog for Instance i-0fe4e8ed39c398c6e in eu-west-1
TestTerraformRedeployExample 2018-06-02T14:36:13+02:00 retry.go:81: Fetching syslog for Instance i-0fe4e8ed39c398c6e in eu-west-1 returned an error: Syslog is not yet available for instance i-0fe4e8ed39c398c6e in eu-west-1. Sleeping for 5s and will try again.
TestTerraformRedeployExample 2018-06-02T14:36:18+02:00 retry.go:69: Fetching syslog for Instance i-0fe4e8ed39c398c6e in eu-west-1
TestTerraformRedeployExample 2018-06-02T14:36:18+02:00 retry.go:81: Fetching syslog for Instance i-0fe4e8ed39c398c6e in eu-west-1 returned an error: Syslog is not yet available for instance i-0fe4e8ed39c398c6e in eu-west-1. Sleeping for 5s and will try again.
TestTerraformPackerExample 2018-06-02T14:36:23+02:00 command.go:96: [0m[1maws_instance.example: Destroying... (ID: i-03b1e6f65ac9657f0)[0m[0m
TestTerraformRedeployExample 2018-06-02T14:36:23+02:00 retry.go:69: Fetching syslog for Instance i-0fe4e8ed39c398c6e in eu-west-1
TestTerraformRedeployExample 2018-06-02T14:36:23+02:00 retry.go:81: Fetching syslog for Instance i-0fe4e8ed39c398c6e in eu-west-1 returned an error: Syslog is not yet available for instance i-0fe4e8ed39c398c6e in eu-west-1. Sleeping for 5s and will try again.
TestTerraformRedeployExample 2018-06-02T14:36:28+02:00 retry.go:69: Fetching syslog for Instance i-0fe4e8ed39c398c6e in eu-west-1
TestTerraformRedeployExample 2018-06-02T14:36:28+02:00 retry.go:81: Fetching syslog for Instance i-0fe4e8ed39c398c6e in eu-west-1 returned an error: Syslog is not yet available for instance i-0fe4e8ed39c398c6e in eu-west-1. Sleeping for 5s and will try again.
TestTerraformPackerExample 2018-06-02T14:36:33+02:00 command.go:96: [0m[1maws_instance.example: Still destroying... (ID: i-03b1e6f65ac9657f0, 10s elapsed)[0m[0m
TestTerraformRedeployExample 2018-06-02T14:36:33+02:00 retry.go:69: Fetching syslog for Instance i-0fe4e8ed39c398c6e in eu-west-1
TestTerraformRedeployExample 2018-06-02T14:36:33+02:00 retry.go:81: Fetching syslog for Instance i-0fe4e8ed39c398c6e in eu-west-1 returned an error: Syslog is not yet available for instance i-0fe4e8ed39c398c6e in eu-west-1. Sleeping for 5s and will try again.
TestTerraformRedeployExample 2018-06-02T14:36:38+02:00 retry.go:69: Fetching syslog for Instance i-0fe4e8ed39c398c6e in eu-west-1
TestTerraformRedeployExample 2018-06-02T14:36:38+02:00 retry.go:81: Fetching syslog for Instance i-0fe4e8ed39c398c6e in eu-west-1 returned an error: Syslog is not yet available for instance i-0fe4e8ed39c398c6e in eu-west-1. Sleeping for 5s and will try again.
TestTerraformPackerExample 2018-06-02T14:36:43+02:00 command.go:96: [0m[1maws_instance.example: Still destroying... (ID: i-03b1e6f65ac9657f0, 20s elapsed)[0m[0m
TestTerraformRedeployExample 2018-06-02T14:36:43+02:00 retry.go:69: Fetching syslog for Instance i-0fe4e8ed39c398c6e in eu-west-1
TestTerraformRedeployExample 2018-06-02T14:36:44+02:00 retry.go:81: Fetching syslog for Instance i-0fe4e8ed39c398c6e in eu-west-1 returned an error: Syslog is not yet available for instance i-0fe4e8ed39c398c6e in eu-west-1. Sleeping for 5s and will try again.
TestTerraformRedeployExample 2018-06-02T14:36:49+02:00 retry.go:69: Fetching syslog for Instance i-0fe4e8ed39c398c6e in eu-west-1
TestTerraformRedeployExample 2018-06-02T14:36:49+02:00 retry.go:81: Fetching syslog for Instance i-0fe4e8ed39c398c6e in eu-west-1 returned an error: Syslog is not yet available for instance i-0fe4e8ed39c398c6e in eu-west-1. Sleeping for 5s and will try again.
TestTerraformPackerExample 2018-06-02T14:36:53+02:00 command.go:96: [0m[1maws_instance.example: Still destroying... (ID: i-03b1e6f65ac9657f0, 30s elapsed)[0m[0m
TestTerraformRedeployExample 2018-06-02T14:36:54+02:00 retry.go:69: Fetching syslog for Instance i-0fe4e8ed39c398c6e in eu-west-1
TestTerraformRedeployExample 2018-06-02T14:36:54+02:00 retry.go:81: Fetching syslog for Instance i-0fe4e8ed39c398c6e in eu-west-1 returned an error: Syslog is not yet available for instance i-0fe4e8ed39c398c6e in eu-west-1. Sleeping for 5s and will try again.
TestTerraformRedeployExample 2018-06-02T14:36:59+02:00 retry.go:69: Fetching syslog for Instance i-0fe4e8ed39c398c6e in eu-west-1
TestTerraformRedeployExample 2018-06-02T14:36:59+02:00 retry.go:81: Fetching syslog for Instance i-0fe4e8ed39c398c6e in eu-west-1 returned an error: Syslog is not yet available for instance i-0fe4e8ed39c398c6e in eu-west-1. Sleeping for 5s and will try again.
TestTerraformPackerExample 2018-06-02T14:37:03+02:00 command.go:96: [0m[1maws_instance.example: Still destroying... (ID: i-03b1e6f65ac9657f0, 40s elapsed)[0m[0m
TestTerraformRedeployExample 2018-06-02T14:37:04+02:00 retry.go:69: Fetching syslog for Instance i-0fe4e8ed39c398c6e in eu-west-1
TestTerraformRedeployExample 2018-06-02T14:37:04+02:00 retry.go:81: Fetching syslog for Instance i-0fe4e8ed39c398c6e in eu-west-1 returned an error: Syslog is not yet available for instance i-0fe4e8ed39c398c6e in eu-west-1. Sleeping for 5s and will try again.
TestTerraformRedeployExample 2018-06-02T14:37:09+02:00 retry.go:69: Fetching syslog for Instance i-0fe4e8ed39c398c6e in eu-west-1
TestTerraformRedeployExample 2018-06-02T14:37:09+02:00 retry.go:81: Fetching syslog for Instance i-0fe4e8ed39c398c6e in eu-west-1 returned an error: Syslog is not yet available for instance i-0fe4e8ed39c398c6e in eu-west-1. Sleeping for 5s and will try again.
TestTerraformPackerExample 2018-06-02T14:37:13+02:00 command.go:96: [0m[1maws_instance.example: Still destroying... (ID: i-03b1e6f65ac9657f0, 50s elapsed)[0m[0m
TestTerraformPackerExample 2018-06-02T14:37:14+02:00 command.go:96: [0m[1maws_instance.example: Destruction complete after 50s[0m[0m
TestTerraformPackerExample 2018-06-02T14:37:14+02:00 command.go:96: [0m[1maws_security_group.example: Destroying... (ID: sg-0495987d)[0m[0m
TestTerraformRedeployExample 2018-06-02T14:37:14+02:00 retry.go:69: Fetching syslog for Instance i-0fe4e8ed39c398c6e in eu-west-1
TestTerraformRedeployExample 2018-06-02T14:37:14+02:00 retry.go:81: Fetching syslog for Instance i-0fe4e8ed39c398c6e in eu-west-1 returned an error: Syslog is not yet available for instance i-0fe4e8ed39c398c6e in eu-west-1. Sleeping for 5s and will try again.
TestTerraformPackerExample 2018-06-02T14:37:18+02:00 command.go:96: [0m[1maws_security_group.example: Destruction complete after 4s[0m[0m
TestTerraformPackerExample 2018-06-02T14:37:18+02:00 command.go:96: [0m[1m[32m
TestTerraformPackerExample 2018-06-02T14:37:18+02:00 command.go:96: Destroy complete! Resources: 2 destroyed.[0m
TestTerraformPackerExample 2018-06-02T14:37:18+02:00 test_structure.go:23: The 'SKIP_cleanup_ami' environment variable is not set, so executing stage 'cleanup_ami'.
TestTerraformPackerExample 2018-06-02T14:37:18+02:00 save_test_data.go:159: Loading test data from ../examples/terraform-packer-example/.test-data/AMI.json
TestTerraformPackerExample 2018-06-02T14:37:18+02:00 ec2.go:156: Deregistering AMI ami-62b0891e
TestTerraformRedeployExample 2018-06-02T14:37:19+02:00 retry.go:69: Fetching syslog for Instance i-0fe4e8ed39c398c6e in eu-west-1
TestTerraformRedeployExample 2018-06-02T14:37:19+02:00 retry.go:81: Fetching syslog for Instance i-0fe4e8ed39c398c6e in eu-west-1 returned an error: Syslog is not yet available for instance i-0fe4e8ed39c398c6e in eu-west-1. Sleeping for 5s and will try again.
--- PASS: TestTerraformPackerExample (555.04s)
	save_test_data.go:143: Marshalled JSON: {"Template":"../examples/packer-docker-example/build.json","Vars":{"aws_region":"ap-southeast-1"},"Only":"ubuntu-ami","Env":null}
	save_test_data.go:143: Marshalled JSON: "ami-62b0891e"
	save_test_data.go:143: Marshalled JSON: {"TerraformDir":"../examples/terraform-packer-example","Vars":{"ami_id":"ami-62b0891e","aws_region":"ap-southeast-1","instance_name":"terratest-http-example-UeEJKX","instance_text":"Hello, UeEJKX!"},"EnvVars":null,"RetryableTerraformErrors":null,"MaxRetries":0,"TimeBetweenRetries":0}
TestTerraformRedeployExample 2018-06-02T14:37:24+02:00 retry.go:69: Fetching syslog for Instance i-0fe4e8ed39c398c6e in eu-west-1
TestTerraformRedeployExample 2018-06-02T14:37:24+02:00 retry.go:81: Fetching syslog for Instance i-0fe4e8ed39c398c6e in eu-west-1 returned an error: Syslog is not yet available for instance i-0fe4e8ed39c398c6e in eu-west-1. Sleeping for 5s and will try again.
TestTerraformRedeployExample 2018-06-02T14:37:29+02:00 retry.go:69: Fetching syslog for Instance i-0fe4e8ed39c398c6e in eu-west-1
TestTerraformRedeployExample 2018-06-02T14:37:29+02:00 retry.go:81: Fetching syslog for Instance i-0fe4e8ed39c398c6e in eu-west-1 returned an error: Syslog is not yet available for instance i-0fe4e8ed39c398c6e in eu-west-1. Sleeping for 5s and will try again.
TestTerraformRedeployExample 2018-06-02T14:37:34+02:00 retry.go:69: Fetching syslog for Instance i-0fe4e8ed39c398c6e in eu-west-1
TestTerraformRedeployExample 2018-06-02T14:37:34+02:00 retry.go:81: Fetching syslog for Instance i-0fe4e8ed39c398c6e in eu-west-1 returned an error: Syslog is not yet available for instance i-0fe4e8ed39c398c6e in eu-west-1. Sleeping for 5s and will try again.
TestTerraformRedeployExample 2018-06-02T14:37:39+02:00 retry.go:69: Fetching syslog for Instance i-0fe4e8ed39c398c6e in eu-west-1
TestTerraformRedeployExample 2018-06-02T14:37:40+02:00 retry.go:81: Fetching syslog for Instance i-0fe4e8ed39c398c6e in eu-west-1 returned an error: Syslog is not yet available for instance i-0fe4e8ed39c398c6e in eu-west-1. Sleeping for 5s and will try again.
TestTerraformRedeployExample 2018-06-02T14:37:45+02:00 retry.go:69: Fetching syslog for Instance i-0fe4e8ed39c398c6e in eu-west-1
TestTerraformRedeployExample 2018-06-02T14:37:45+02:00 retry.go:81: Fetching syslog for Instance i-0fe4e8ed39c398c6e in eu-west-1 returned an error: Syslog is not yet available for instance i-0fe4e8ed39c398c6e in eu-west-1. Sleeping for 5s and will try again.
TestTerraformRedeployExample 2018-06-02T14:37:50+02:00 retry.go:69: Fetching syslog for Instance i-0fe4e8ed39c398c6e in eu-west-1
TestTerraformRedeployExample 2018-06-02T14:37:50+02:00 retry.go:81: Fetching syslog for Instance i-0fe4e8ed39c398c6e in eu-west-1 returned an error: Syslog is not yet available for instance i-0fe4e8ed39c398c6e in eu-west-1. Sleeping for 5s and will try again.
TestTerraformRedeployExample 2018-06-02T14:37:55+02:00 retry.go:69: Fetching syslog for Instance i-0fe4e8ed39c398c6e in eu-west-1
TestTerraformRedeployExample 2018-06-02T14:37:55+02:00 retry.go:81: Fetching syslog for Instance i-0fe4e8ed39c398c6e in eu-west-1 returned an error: Syslog is not yet available for instance i-0fe4e8ed39c398c6e in eu-west-1. Sleeping for 5s and will try again.
TestTerraformRedeployExample 2018-06-02T14:38:00+02:00 retry.go:69: Fetching syslog for Instance i-0fe4e8ed39c398c6e in eu-west-1
TestTerraformRedeployExample 2018-06-02T14:38:00+02:00 retry.go:81: Fetching syslog for Instance i-0fe4e8ed39c398c6e in eu-west-1 returned an error: Syslog is not yet available for instance i-0fe4e8ed39c398c6e in eu-west-1. Sleeping for 5s and will try again.
TestTerraformRedeployExample 2018-06-02T14:38:05+02:00 retry.go:69: Fetching syslog for Instance i-0fe4e8ed39c398c6e in eu-west-1
TestTerraformRedeployExample 2018-06-02T14:38:05+02:00 retry.go:81: Fetching syslog for Instance i-0fe4e8ed39c398c6e in eu-west-1 returned an error: Syslog is not yet available for instance i-0fe4e8ed39c398c6e in eu-west-1. Sleeping for 5s and will try again.
TestTerraformRedeployExample 2018-06-02T14:38:10+02:00 retry.go:69: Fetching syslog for Instance i-0fe4e8ed39c398c6e in eu-west-1
TestTerraformRedeployExample 2018-06-02T14:38:10+02:00 retry.go:81: Fetching syslog for Instance i-0fe4e8ed39c398c6e in eu-west-1 returned an error: Syslog is not yet available for instance i-0fe4e8ed39c398c6e in eu-west-1. Sleeping for 5s and will try again.
TestTerraformRedeployExample 2018-06-02T14:38:15+02:00 retry.go:69: Fetching syslog for Instance i-0fe4e8ed39c398c6e in eu-west-1
TestTerraformRedeployExample 2018-06-02T14:38:15+02:00 retry.go:81: Fetching syslog for Instance i-0fe4e8ed39c398c6e in eu-west-1 returned an error: Syslog is not yet available for instance i-0fe4e8ed39c398c6e in eu-west-1. Sleeping for 5s and will try again.
TestTerraformRedeployExample 2018-06-02T14:38:20+02:00 retry.go:69: Fetching syslog for Instance i-0fe4e8ed39c398c6e in eu-west-1
TestTerraformRedeployExample 2018-06-02T14:38:20+02:00 ec2-syslog.go:32: Fetching syslog for Instance i-0f0fd3cbaaf8b695a in eu-west-1
TestTerraformRedeployExample 2018-06-02T14:38:20+02:00 retry.go:69: Fetching syslog for Instance i-0f0fd3cbaaf8b695a in eu-west-1
TestTerraformRedeployExample 2018-06-02T14:38:20+02:00 ec2-syslog.go:32: Fetching syslog for Instance i-05f2b65a8d2e8651c in eu-west-1
TestTerraformRedeployExample 2018-06-02T14:38:20+02:00 retry.go:69: Fetching syslog for Instance i-05f2b65a8d2e8651c in eu-west-1
TestTerraformRedeployExample 2018-06-02T14:38:21+02:00 terraform_redeploy_example_test.go:153: ===== Syslog for instances in ASG terraform-20180602123219506500000001 =====


TestTerraformRedeployExample 2018-06-02T14:38:21+02:00 terraform_redeploy_example_test.go:156: Most recent syslog for Instance i-05f2b65a8d2e8651c:

[    0.000000] Initializing cgroup subsys cpuset
[    0.000000] Initializing cgroup subsys cpu
[    0.000000] Initializing cgroup subsys cpuacct
[    0.000000] Linux version 4.4.0-1060-aws (buildd@lgw01-amd64-036) (gcc version 5.4.0 20160609 (Ubuntu 5.4.0-6ubuntu1~16.04.9) ) #69-Ubuntu SMP Sun May 20 13:42:07 UTC 2018 (Ubuntu 4.4.0-1060.69-aws 4.4.128)
[    0.000000] Command line: BOOT_IMAGE=/boot/vmlinuz-4.4.0-1060-aws root=LABEL=cloudimg-rootfs ro console=tty1 console=ttyS0 nvme.io_timeout=4294967295
[    0.000000] KERNEL supported cpus:
[    0.000000]   Intel GenuineIntel
[    0.000000]   AMD AuthenticAMD
[    0.000000]   Centaur CentaurHauls
[    0.000000] x86/fpu: xstate_offset[2]:  576, xstate_sizes[2]:  256
[    0.000000] x86/fpu: Supporting XSAVE feature 0x01: 'x87 floating point registers'
[    0.000000] x86/fpu: Supporting XSAVE feature 0x02: 'SSE registers'
[    0.000000] x86/fpu: Supporting XSAVE feature 0x04: 'AVX registers'
[    0.000000] x86/fpu: Enabled xstate features 0x7, context size is 832 bytes, using 'standard' format.
[    0.000000] x86/fpu: Using 'eager' FPU context switches.
[    0.000000] e820: BIOS-provided physical RAM map:
[    0.000000] BIOS-e820: [mem 0x0000000000000000-0x000000000009dfff] usable
[    0.000000] BIOS-e820: [mem 0x000000000009e000-0x000000000009ffff] reserved
[    0.000000] BIOS-e820: [mem 0x00000000000e0000-0x00000000000fffff] reserved
[    0.000000] BIOS-e820: [mem 0x0000000000100000-0x000000003fffffff] usable
[    0.000000] BIOS-e820: [mem 0x00000000fc000000-0x00000000ffffffff] reserved
[    0.000000] NX (Execute Disable) protection: active
[    0.000000] SMBIOS 2.7 present.
[    0.000000] Hypervisor detected: Xen
[    0.000000] Xen version 4.2.
[    0.000000] Netfront and the Xen platform PCI driver have been compiled for this kernel: unplug emulated NICs.
[    0.000000] Blkfront and the Xen platform PCI driver have been compiled for this kernel: unplug emulated disks.
[    0.000000] You might have to change the root device
[    0.000000] from /dev/hd[a-d] to /dev/xvd[a-d]
[    0.000000] in your root= kernel command line option
[    0.000000] e820: last_pfn = 0x40000 max_arch_pfn = 0x400000000
[    0.000000] x86/PAT: Configuration [0-7]: WB  WC  UC- UC  WB  WC  UC- WT  
[    0.000000] found SMP MP-table at [mem 0x000fbc20-0x000fbc2f] mapped at [ffff8800000fbc20]
[    0.000000] Scanning 1 areas for low memory corruption
[    0.000000] RAMDISK: [mem 0x367b6000-0x373d2fff]
[    0.000000] ACPI: Early table checksum verification disabled
[    0.000000] ACPI: RSDP 0x00000000000EA020 000024 (v02 Xen   )
[    0.000000] ACPI: XSDT 0x00000000FC00DDC0 000054 (v01 Xen    HVM      00000000 HVML 00000000)
[    0.000000] ACPI: FACP 0x00000000FC00DA80 0000F4 (v04 Xen    HVM      00000000 HVML 00000000)
[    0.000000] ACPI: DSDT 0x00000000FC001CE0 00BD19 (v02 Xen    HVM      00000000 INTL 20090123)
[    0.000000] ACPI: FACS 0x00000000FC001CA0 000040
[    0.000000] ACPI: FACS 0x00000000FC001CA0 000040
[    0.000000] ACPI: APIC 0x00000000FC00DB80 0000D8 (v02 Xen    HVM      00000000 HVML 00000000)
[    0.000000] ACPI: HPET 0x00000000FC00DCD0 000038 (v01 Xen    HVM      00000000 HVML 00000000)
[    0.000000] ACPI: WAET 0x00000000FC00DD10 000028 (v01 Xen    HVM      00000000 HVML 00000000)
[    0.000000] ACPI: SSDT 0x00000000FC00DD40 000031 (v02 Xen    HVM      00000000 INTL 20090123)
[    0.000000] ACPI: SSDT 0x00000000FC00DD80 000031 (v02 Xen    HVM      00000000 INTL 20090123)
[    0.000000] No NUMA configuration found
[    0.000000] Faking a node at [mem 0x0000000000000000-0x000000003fffffff]
[    0.000000] NODE_DATA(0) allocated [mem 0x3fffb000-0x3fffffff]
[    0.000000] Zone ranges:
[    0.000000]   DMA      [mem 0x0000000000001000-0x0000000000ffffff]
[    0.000000]   DMA32    [mem 0x0000000001000000-0x000000003fffffff]
[    0.000000]   Normal   empty
[    0.000000]   Device   empty
[    0.000000] Movable zone start for each node
[    0.000000] Early memory node ranges
[    0.000000]   node   0: [mem 0x0000000000001000-0x000000000009dfff]
[    0.000000]   node   0: [mem 0x0000000000100000-0x000000003fffffff]
[    0.000000] Initmem setup node 0 [mem 0x0000000000001000-0x000000003fffffff]
[    0.000000] ACPI: PM-Timer IO Port: 0xb008
[    0.000000] IOAPIC[0]: apic_id 1, version 17, address 0xfec00000, GSI 0-47
[    0.000000] ACPI: INT_SRC_OVR (bus 0 bus_irq 0 global_irq 2 dfl dfl)
[    0.000000] ACPI: INT_SRC_OVR (bus 0 bus_irq 5 global_irq 5 low level)
[    0.000000] ACPI: INT_SRC_OVR (bus 0 bus_irq 10 global_irq 10 low level)
[    0.000000] ACPI: INT_SRC_OVR (bus 0 bus_irq 11 global_irq 11 low level)
[    0.000000] Using ACPI (MADT) for SMP configuration information
[    0.000000] ACPI: HPET id: 0x8086a201 base: 0xfed00000
[    0.000000] smpboot: Allowing 15 CPUs, 14 hotplug CPUs
[    0.000000] PM: Registered nosave memory: [mem 0x00000000-0x00000fff]
[    0.000000] PM: Registered nosave memory: [mem 0x0009e000-0x0009ffff]
[    0.000000] PM: Registered nosave memory: [mem 0x000a0000-0x000dffff]
[    0.000000] PM: Registered nosave memory: [mem 0x000e0000-0x000fffff]
[    0.000000] e820: [mem 0x40000000-0xfbffffff] available for PCI devices
[    0.000000] Booting paravirtualized kernel on Xen HVM
[    0.000000] clocksource: refined-jiffies: mask: 0xffffffff max_cycles: 0xffffffff, max_idle_ns: 7645519600211568 ns
[    0.000000] setup_percpu: NR_CPUS:256 nr_cpumask_bits:256 nr_cpu_ids:15 nr_node_ids:1
[    0.000000] PERCPU: Embedded 34 pages/cpu @ffff88003e200000 s99160 r8192 d31912 u262144
[    0.000000] PV qspinlock hash table entries: 256 (order: 0, 4096 bytes)
[    0.000000] Built 1 zonelists in Node order, mobility grouping on.  Total pages: 257927
[    0.000000] Policy zone: DMA32
[    0.000000] Kernel command line: BOOT_IMAGE=/boot/vmlinuz-4.4.0-1060-aws root=LABEL=cloudimg-rootfs ro console=tty1 console=ttyS0 nvme.io_timeout=4294967295
[    0.000000] PID hash table entries: 4096 (order: 3, 32768 bytes)
[    0.000000] Memory: 998536K/1048180K available (8358K kernel code, 1280K rwdata, 3884K rodata, 1496K init, 1264K bss, 49644K reserved, 0K cma-reserved)
[    0.000000] SLUB: HWalign=64, Order=0-3, MinObjects=0, CPUs=15, Nodes=1
[    0.000000] Kernel/User page tables isolation: enabled
[    0.000000] Hierarchical RCU implementation.
[    0.000000] 	Build-time adjustment of leaf fanout to 64.
[    0.000000] 	RCU restricting CPUs from NR_CPUS=256 to nr_cpu_ids=15.
[    0.000000] RCU: Adjusting geometry for rcu_fanout_leaf=64, nr_cpu_ids=15
[    0.000000] NR_IRQS:16640 nr_irqs:952 16
[    0.000000] xen:events: Using 2-level ABI
[    0.000000] xen:events: Xen HVM callback vector for event delivery is enabled
[    0.000000] Console: colour VGA+ 80x25
[    0.000000] console [tty1] enabled
[    0.000000] Cannot get hvm parameter CONSOLE_EVTCHN (18): -22!
[    0.000000] console [ttyS0] enabled
[    0.000000] clocksource: hpet: mask: 0xffffffff max_cycles: 0xffffffff, max_idle_ns: 30580167144 ns
[    0.000000] tsc: Detected 2400.052 MHz processor
[    0.008000] Calibrating delay loop (skipped), value calculated using timer frequency.. 4800.10 BogoMIPS (lpj=9600208)
[    0.010013] pid_max: default: 32768 minimum: 301
[    0.012016] ACPI: Core revision 20150930
[    0.022416] ACPI: 3 ACPI AML tables successfully acquired and loaded
[    0.024887] Security Framework initialized
[    0.028002] Yama: becoming mindful.
[    0.032027] AppArmor: AppArmor initialized
[    0.034813] Dentry cache hash table entries: 131072 (order: 8, 1048576 bytes)
[    0.036185] Inode-cache hash table entries: 65536 (order: 7, 524288 bytes)
[    0.040088] Mount-cache hash table entries: 2048 (order: 2, 16384 bytes)
[    0.044009] Mountpoint-cache hash table entries: 2048 (order: 2, 16384 bytes)
[    0.048188] Initializing cgroup subsys io
[    0.052009] Initializing cgroup subsys memory
[    0.054587] Initializing cgroup subsys devices
[    0.056007] Initializing cgroup subsys freezer
[    0.060008] Initializing cgroup subsys net_cls
[    0.062454] Initializing cgroup subsys perf_event
[    0.064006] Initializing cgroup subsys net_prio
[    0.068008] Initializing cgroup subsys hugetlb
[    0.070503] Initializing cgroup subsys pids
[    0.072053] CPU: Physical Processor ID: 0
[    0.076730] mce: CPU supports 2 MCE banks
[    0.079019] Last level iTLB entries: 4KB 1024, 2MB 1024, 4MB 1024
[    0.080003] Last level dTLB entries: 4KB 1024, 2MB 1024, 4MB 1024, 1GB 4
[    0.084004] Spectre V2 : Mitigation: Full generic retpoline
[    0.088002] Spectre V2 : Speculation control IBPB not-supported IBRS not-supported
[    0.092005] Speculative Store Bypass: Vulnerable
[    0.115675] ftrace: allocating 31342 entries in 123 pages
[    0.160100] smpboot: APIC(0) Converting physical 0 to logical package 0
[    0.163703] smpboot: Max logical packages: 15
[    0.164763] x2apic: IRQ remapping doesn't support X2APIC mode
[    0.168005] Switched APIC routing to physical flat.
[    0.174556] ..TIMER: vector=0x30 apic1=0 pin1=2 apic2=0 pin2=0
[    0.180004] clocksource: xen: mask: 0xffffffffffffffff max_cycles: 0x1cd42e4dffb, max_idle_ns: 881590591483 ns
[    0.184019] installing Xen timer for CPU 0
[    0.188074] smpboot: CPU0: Intel(R) Xeon(R) CPU E5-2676 v3 @ 2.40GHz (family: 0x6, model: 0x3f, stepping: 0x2)
[    0.193572] cpu 0 spinlock event irq 53
[    0.196016] Performance Events: unsupported p6 CPU model 63 no PMU driver, software events only.
[    0.200794] x86: Booted up 1 node, 1 CPUs
[    0.203614] smpboot: Total of 1 processors activated (4800.10 BogoMIPS)
[    0.204010] NMI watchdog: disabled (cpu0): hardware events not enabled
[    0.207951] NMI watchdog: Shutting down hard lockup detector on all cpus
[    0.208422] devtmpfs: initialized
[    0.212223] evm: security.selinux
[    0.214868] evm: security.SMACK64
[    0.216009] evm: security.SMACK64EXEC
[    0.218705] evm: security.SMACK64TRANSMUTE
[    0.220007] evm: security.SMACK64MMAP
[    0.222593] evm: security.ima
[    0.224005] evm: security.capability
[    0.226646] clocksource: jiffies: mask: 0xffffffff max_cycles: 0xffffffff, max_idle_ns: 7645041785100000 ns
[    0.228036] futex hash table entries: 4096 (order: 6, 262144 bytes)
[    0.232081] RTC time: 12:32:41, date: 06/02/18
[    0.234977] NET: Registered protocol family 16
[    0.236162] cpuidle: using governor ladder
[    0.238789] cpuidle: using governor menu
[    0.240024] PCCT header not found.
[    0.242520] ACPI: bus type PCI registered
[    0.244007] acpiphp: ACPI Hot Plug PCI Controller Driver version: 0.5
[    0.248092] PCI: Using configuration type 1 for base access
[    0.252671] ACPI: Added _OSI(Module Device)
[    0.255537] ACPI: Added _OSI(Processor Device)
[    0.256006] ACPI: Added _OSI(3.0 _SCP Extensions)
[    0.259011] ACPI: Added _OSI(Processor Aggregator Device)
[    0.263820] ACPI: Interpreter enabled
[    0.264014] ACPI: (supports S0 S4 S5)
[    0.266528] ACPI: Using IOAPIC for interrupt routing
[    0.268026] PCI: Using host bridge windows from ACPI; if necessary, use "pci=nocrs" and report a bug
[    0.315410] ACPI: PCI Root Bridge [PCI0] (domain 0000 [bus 00-ff])
[    0.316013] acpi PNP0A03:00: _OSC: OS supports [ASPM ClockPM Segments MSI]
[    0.320017] acpi PNP0A03:00: _OSC failed (AE_NOT_FOUND); disabling ASPM
[    0.324018] acpi PNP0A03:00: fail to add MMCONFIG information, can't access extended PCI configuration space under this bridge.
[    0.328931] acpiphp: Slot [0] registered
[    0.332334] acpiphp: Slot [3] registered
[    0.335300] acpiphp: Slot [4] registered
[    0.336275] acpiphp: Slot [5] registered
[    0.339143] acpiphp: Slot [6] registered
[    0.340269] acpiphp: Slot [7] registered
[    0.343275] acpiphp: Slot [8] registered
[    0.344262] acpiphp: Slot [9] registered
[    0.347122] acpiphp: Slot [10] registered
[    0.348275] acpiphp: Slot [11] registered
[    0.351136] acpiphp: Slot [12] registered
[    0.352273] acpiphp: Slot [13] registered
[    0.355262] acpiphp: Slot [14] registered
[    0.356252] acpiphp: Slot [15] registered
[    0.359093] acpiphp: Slot [16] registered
[    0.360259] acpiphp: Slot [17] registered
[    0.363142] acpiphp: Slot [18] registered
[    0.364269] acpiphp: Slot [19] registered
[    0.367123] acpiphp: Slot [20] registered
[    0.368271] acpiphp: Slot [21] registered
[    0.371218] acpiphp: Slot [22] registered
[    0.372258] acpiphp: Slot [23] registered
[    0.375188] acpiphp: Slot [24] registered
[    0.376273] acpiphp: Slot [25] registered
[    0.379097] acpiphp: Slot [26] registered
[    0.380273] acpiphp: Slot [27] registered
[    0.383237] acpiphp: Slot [28] registered
[    0.384327] acpiphp: Slot [29] registered
[    0.387301] acpiphp: Slot [30] registered
[    0.388253] acpiphp: Slot [31] registered
[    0.391180] PCI host bridge to bus 0000:00
[    0.392009] pci_bus 0000:00: root bus resource [io  0x0000-0x0cf7 window]
[    0.396008] pci_bus 0000:00: root bus resource [io  0x0d00-0xffff window]
[    0.400006] pci_bus 0000:00: root bus resource [mem 0x000a0000-0x000bffff window]
[    0.404008] pci_bus 0000:00: root bus resource [mem 0xf0000000-0xfbffffff window]
[    0.408005] pci_bus 0000:00: root bus resource [bus 00-ff]
[    0.416881] pci 0000:00:01.1: legacy IDE quirk: reg 0x10: [io  0x01f0-0x01f7]
[    0.420008] pci 0000:00:01.1: legacy IDE quirk: reg 0x14: [io  0x03f6]
[    0.423847] pci 0000:00:01.1: legacy IDE quirk: reg 0x18: [io  0x0170-0x0177]
[    0.424006] pci 0000:00:01.1: legacy IDE quirk: reg 0x1c: [io  0x0376]
[    0.428438] * Found PM-Timer Bug on the chipset. Due to workarounds for a bug,
[    0.428438] * this clock source is slow. Consider trying other clock sources
[    0.433135] pci 0000:00:01.3: quirk: [io  0xb000-0xb03f] claimed by PIIX4 ACPI
[    0.442630] ACPI: PCI Interrupt Link [LNKA] (IRQs *5 10 11)
[    0.446859] ACPI: PCI Interrupt Link [LNKB] (IRQs 5 *10 11)
[    0.451069] ACPI: PCI Interrupt Link [LNKC] (IRQs 5 10 *11)
[    0.454818] ACPI: PCI Interrupt Link [LNKD] (IRQs *5 10 11)
[    0.473967] ACPI: Enabled 2 GPEs in block 00 to 0F
[    0.476081] xen:balloon: Initialising balloon driver
[    0.480143] vgaarb: setting as boot device: PCI:0000:00:02.0
[    0.483860] vgaarb: device added: PCI:0000:00:02.0,decodes=io+mem,owns=io+mem,locks=none
[    0.484005] vgaarb: loaded
[    0.486086] vgaarb: bridge control possible 0000:00:02.0
[    0.488213] SCSI subsystem initialized
[    0.490905] ACPI: bus type USB registered
[    0.492032] usbcore: registered new interface driver usbfs
[    0.495494] usbcore: registered new interface driver hub
[    0.496036] usbcore: registered new device driver usb
[    0.499360] PCI: Using ACPI for IRQ routing
[    0.500503] NetLabel: Initializing
[    0.502886] NetLabel:  domain hash size = 128
[    0.504005] NetLabel:  protocols = UNLABELED CIPSOv4
[    0.507080] NetLabel:  unlabeled traffic allowed by default
[    0.508110] HPET: 3 timers in total, 0 timers will be used for per-cpu timer
[    0.512020] hpet0: at MMIO 0xfed00000, IRQs 2, 8, 0
[    0.516008] hpet0: 3 comparators, 64-bit 62.500000 MHz counter
[    0.521043] amd_nb: Cannot enumerate AMD northbridges
[    0.524026] clocksource: Switched to clocksource xen
[    0.532462] AppArmor: AppArmor Filesystem Enabled
[    0.535565] pnp: PnP ACPI init
[    0.537820] system 00:00: [mem 0x00000000-0x0009ffff] could not be reserved
[    0.542012] system 00:01: [io  0x08a0-0x08a3] has been reserved
[    0.545685] system 00:01: [io  0x0cc0-0x0ccf] has been reserved
[    0.549310] system 00:01: [io  0x04d0-0x04d1] has been reserved
[    0.553146] system 00:07: [io  0x10c0-0x1141] has been reserved
[    0.556945] system 00:07: [io  0xb044-0xb047] has been reserved
[    0.576177] pnp: PnP ACPI: found 8 devices
[    0.584406] clocksource: acpi_pm: mask: 0xffffff max_cycles: 0xffffff, max_idle_ns: 2085701024 ns
[    0.589722] NET: Registered protocol family 2
[    0.592702] TCP established hash table entries: 8192 (order: 4, 65536 bytes)
[    0.596658] TCP bind hash table entries: 8192 (order: 5, 131072 bytes)
[    0.600401] TCP: Hash tables configured (established 8192 bind 8192)
[    0.604095] UDP hash table entries: 512 (order: 2, 16384 bytes)
[    0.607550] UDP-Lite hash table entries: 512 (order: 2, 16384 bytes)
[    0.611385] NET: Registered protocol family 1
[    0.614182] pci 0000:00:00.0: Limiting direct PCI/PCI transfers
[    0.617824] pci 0000:00:01.0: PIIX3: Enabling Passive Release
[    0.621273] pci 0000:00:01.0: Activating ISA DMA hang workarounds
[    0.625207] Trying to unpack rootfs image as initramfs...
[    0.808189] Freeing initrd memory: 12404K
[    0.811073] RAPL PMU detected, API unit is 2^-32 Joules, 3 fixed counters 655360 ms ovfl timer
[    0.816493] hw unit of domain pp0-core 2^-14 Joules
[    0.819737] hw unit of domain package 2^-14 Joules
[    0.822766] hw unit of domain dram 2^-16 Joules
[    0.825879] Scanning for low memory corruption every 60 seconds
[    0.829861] audit: initializing netlink subsys (disabled)
[    0.833319] audit: type=2000 audit(1527942761.942:1): initialized
[    0.837611] Initialise system trusted keyring
[    0.840897] HugeTLB registered 2 MB page size, pre-allocated 0 pages
[    0.846227] zbud: loaded
[    0.848404] VFS: Disk quotas dquot_6.6.0
[    0.850985] VFS: Dquot-cache hash table entries: 512 (order 0, 4096 bytes)
[    0.855387] squashfs: version 4.0 (2009/01/31) Phillip Lougher
[    0.859137] fuse init (API version 7.23)
[    0.861983] Key type big_key registered
[    0.864654] Allocating IMA MOK and blacklist keyrings.
[    0.868185] Key type asymmetric registered
[    0.870860] Asymmetric key parser 'x509' registered
[    0.874118] Block layer SCSI generic (bsg) driver version 0.4 loaded (major 249)
[    0.878844] io scheduler noop registered
[    0.881654] io scheduler deadline registered (default)
[    0.885245] io scheduler cfq registered
[    0.888011] pci_hotplug: PCI Hot Plug PCI Core version: 0.5
[    0.891513] pciehp: PCI Express Hot Plug Controller Driver version: 0.4
[    0.895867] input: Power Button as /devices/LNXSYSTM:00/LNXPWRBN:00/input/input0
[    0.900636] ACPI: Power Button [PWRF]
[    0.903202] input: Sleep Button as /devices/LNXSYSTM:00/LNXSLPBN:00/input/input1
[    0.908084] ACPI: Sleep Button [SLPF]
[    0.911023] xen:grant_table: Grant tables using version 1 layout
[    0.914727] Grant table initialized
[    0.917225] Cannot get hvm parameter CONSOLE_EVTCHN (18): -22!
[    0.920843] Serial: 8250/16550 driver, 4 ports, IRQ sharing enabled
[    0.951017] 00:06: ttyS0 at I/O 0x3f8 (irq = 4, base_baud = 115200) is a 16550A
[    0.956279] Linux agpgart interface v0.103
[    0.960869] brd: module loaded
[    0.963931] loop: module loaded
[    0.966184] Invalid max_queues (4), will use default max: 1.
[    0.971484] scsi host0: ata_piix
[    0.974215] scsi host1: ata_piix
[    0.976642] ata1: PATA max MWDMA2 cmd 0x1f0 ctl 0x3f6 bmdma 0xc100 irq 14
[    0.980816] ata2: PATA max MWDMA2 cmd 0x170 ctl 0x376 bmdma 0xc108 irq 15
[    0.986821] libphy: Fixed MDIO Bus: probed
[    0.989745] tun: Universal TUN/TAP device driver, 1.6
[    0.993936] tun: (C) 1999-2004 Max Krasnyansky <maxk@qualcomm.com>
[    0.997849] PPP generic driver version 2.4.2
[    1.001980] xen_netfront: Initialising Xen virtual ethernet driver
[    1.007919] ehci_hcd: USB 2.0 'Enhanced' Host Controller (EHCI) Driver
[    1.015010] ehci-pci: EHCI PCI platform driver
[    1.019642] ehci-platform: EHCI generic platform driver
[    1.023215] ohci_hcd: USB 1.1 'Open' Host Controller (OHCI) Driver
[    1.027476] ohci-pci: OHCI PCI platform driver
[    1.030664] ohci-platform: OHCI generic platform driver
[    1.034374] uhci_hcd: USB Universal Host Controller Interface driver
[    1.039135] i8042: PNP: PS/2 Controller [PNP0303:PS2K,PNP0f13:PS2M] at 0x60,0x64 irq 1,12
[    1.046480] serio: i8042 KBD port at 0x60,0x64 irq 1
[    1.049906] serio: i8042 AUX port at 0x60,0x64 irq 12
[    1.053416] mousedev: PS/2 mouse device common for all mice
[    1.058234] input: AT Translated Set 2 keyboard as /devices/platform/i8042/serio0/input/input2
[    1.064080] rtc_cmos 00:02: rtc core: registered rtc_cmos as rtc0
[    1.085503] rtc_cmos 00:02: alarms up to one day, 114 bytes nvram, hpet irqs
[    1.091792] i2c /dev entries driver
[    1.094610] device-mapper: uevent: version 1.0.3
[    1.097993] device-mapper: ioctl: 4.34.0-ioctl (2015-10-28) initialised: dm-devel@redhat.com
[    1.104205] NET: Registered protocol family 10
[    1.107248] NET: Registered protocol family 17
[    1.111205] Key type dns_resolver registered
[    1.114409] registered taskstats version 1
[    1.117384] Loading compiled-in X.509 certificates
[    1.121386] Loaded X.509 cert 'Build time autogenerated kernel key: ae0d9fee363f3babb6e358452e6c0c8b65099724'
[    1.127578] blkfront: xvda: barrier or flush: disabled; persistent grants: disabled; indirect descriptors: enabled;
[    1.133794] zswap: loaded using pool lzo/zbud
[    1.138629]  xvda: xvda1
[    1.141983] Key type trusted registered
[    1.146985] Key type encrypted registered
[    1.149681] AppArmor: AppArmor sha1 policy hashing enabled
[    1.153123] ima: No TPM chip found, activating TPM-bypass!
[    1.156564] evm: HMAC attrs: 0x1
[    1.159281]   Magic number: 6:897:530
[    1.161899] rtc_cmos 00:02: setting system clock to 2018-06-02 12:32:42 UTC (1527942762)
[    1.167000] BIOS EDD facility v0.16 2004-Jun-25, 0 devices found
[    1.170509] EDD information not available.
[    1.174929] Freeing unused kernel memory: 1496K
[    1.177803] Write protecting the kernel read-only data: 14336k
[    1.181930] Freeing unused kernel memory: 1868K
[    1.185314] Freeing unused kernel memory: 212K
Loading, please wait...
starting version 229
[    1.199803] random: udevadm: uninitialized urandom read (16 bytes read, 9 bits of entropy available)
[    1.205789] random: systemd-udevd: uninitialized urandom read (16 bytes read, 9 bits of entropy available)
[    1.211765] random: systemd-udevd: uninitialized urandom read (16 bytes read, 9 bits of entropy available)
[    1.217758] random: udevadm: uninitialized urandom read (16 bytes read, 9 bits of entropy available)
[    1.223315] random: systemd-udevd: uninitialized urandom read (16 bytes read, 9 bits of entropy available)
[    1.234868] random: systemd-udevd: uninitialized urandom read (16 bytes read, 9 bits of entropy available)
[    1.241818] random: udevadm: uninitialized urandom read (16 bytes read, 9 bits of entropy available)
[    1.248408] random: systemd-udevd: uninitialized urandom read (16 bytes read, 9 bits of entropy available)
[    1.254111] random: udevadm: uninitialized urandom read (16 bytes read, 9 bits of entropy available)
[    1.259679] random: systemd-udevd: uninitialized urandom read (16 bytes read, 9 bits of entropy available)
[    1.383474] AVX2 version of gcm_enc/dec engaged.
[    1.386545] AES CTR mode by8 optimization enabled
[    1.824125] tsc: Refined TSC clocksource calibration: 2400.000 MHz
[    1.827955] clocksource: tsc: mask: 0xffffffffffffffff max_cycles: 0x22983777dd9, max_idle_ns: 440795300422 ns
Begin: Loading essential drivers ... [    2.961572] md: linear personality registered for level -1
[    2.967930] md: multipath personality registered for level -4
[    2.974296] md: raid0 personality registered for level 0
[    2.981114] md: raid1 personality registered for level 1
[    3.036016] raid6: sse2x1   gen()  8251 MB/s
[    3.084066] raid6: sse2x1   xor()  6486 MB/s
[    3.132062] raid6: sse2x2   gen() 10437 MB/s
[    3.180060] raid6: sse2x2   xor()  7066 MB/s
[    3.228061] raid6: sse2x4   gen() 12148 MB/s
[    3.276069] raid6: sse2x4   xor()  8491 MB/s
[    3.324063] raid6: avx2x1   gen() 16195 MB/s
[    3.372065] raid6: avx2x2   gen() 18736 MB/s
[    3.420065] raid6: avx2x4   gen() 21773 MB/s
[    3.422903] raid6: using algorithm avx2x4 gen() 21773 MB/s
[    3.426314] raid6: using avx2x2 recovery algorithm
[    3.431560] xor: automatically using best checksumming function:
[    3.472064]    avx       : 24534.000 MB/sec
[    3.477254] async_tx: api initialized (async)
[    3.491752] md: raid6 personality registered for level 6
[    3.495130] md: raid5 personality registered for level 5
[    3.498418] md: raid4 personality registered for level 4
[    3.507078] md: raid10 personality registered for level 10
done.
Begin: Running /scripts/init-premount ... done.
Begin: Mounting root file system ... Begin: Running /scripts/local-top ... done.
Begin: Running /scripts/local-premount ... [    3.547422] Btrfs loaded
Scanning for Btrfs filesystems
done.
Warning: fsck not present, so skipping root file system
[    3.589760] EXT4-fs (xvda1): mounted filesystem with ordered data mode. Opts: (null)
done.
Begin: Running /scripts/local-bottom ... done.
Begin: Running /scripts/init-bottom ... done.
[    3.691506] systemd[1]: systemd 229 running in system mode. (+PAM +AUDIT +SELINUX +IMA +APPARMOR +SMACK +SYSVINIT +UTMP +LIBCRYPTSETUP +GCRYPT +GNUTLS +ACL +XZ -LZ4 +SECCOMP +BLKID +ELFUTILS +KMOD -IDN)
[    3.702569] systemd[1]: Detected virtualization xen.
[    3.705843] systemd[1]: Detected architecture x86-64.

Welcome to [1mUbuntu 16.04.4 LTS[0m!

[    3.715821] systemd[1]: Set hostname to <ubuntu>.
[    3.723463] systemd[1]: Initializing machine ID from random generator.
[    3.728065] systemd[1]: Installed transient /etc/machine-id file.
[    3.855224] systemd[1]: Listening on /dev/initctl Compatibility Named Pipe.
[[0;32m  OK  [0m] Listening on /dev/initctl Compatibility Named Pipe.
[    3.864605] systemd[1]: Started Forward Password Requests to Wall Directory Watch.
[[0;32m  OK  [0m] Started Forward Password Requests to Wall Directory Watch.
[    3.874520] systemd[1]: Listening on Journal Socket (/dev/log).
[[0;32m  OK  [0m] Listening on Journal Socket (/dev/log).
[    3.882608] systemd[1]: Listening on Device-mapper event daemon FIFOs.
[[0;32m  OK  [0m] Listening on Device-mapper event daemon FIFOs.
[    3.891491] systemd[1]: Listening on udev Kernel Socket.
[[0;32m  OK  [0m] Listening on udev Kernel Socket.
[    3.899123] systemd[1]: Listening on Journal Socket.
[[0;32m  OK  [0m] Listening on Journal Socket.
[    3.906495] systemd[1]: Set up automount Arbitrary Executable File Formats File System Automount Point.
[[0;32m  OK  [0m] Set up automount Arbitrary Executab...ats File System Automount Point.
[    3.917070] systemd[1]: Listening on Syslog Socket.
[[0;32m  OK  [0m] Listening on Syslog Socket.
[    3.924216] systemd[1]: Created slice User and Session Slice.
[[0;32m  OK  [0m] Created slice User and Session Slice.
[    3.932477] systemd[1]: Listening on udev Control Socket.
[[0;32m  OK  [0m] Listening on udev Control Socket.
[    3.940746] systemd[1]: Created slice System Slice.
[[0;32m  OK  [0m] Created slice System Slice.
[    3.950152] systemd[1]: Starting Load Kernel Modules...
         Starting Load Kernel Modules...
[    3.959550] systemd[1]: Mounting Debug File System...
[    3.967937] Loading iSCSI transport class v2.0-870.
         Mounting Debug File System...
[    3.974939] systemd[1]: Reached target Slices.
[[0;32m  OK  [0m] [    3.985264] iscsi: registered transport (tcp)
Reached target Slices.
[    3.990763] systemd[1]: Starting Set console keymap...
         Starting Set console keymap...
[    4.007574] systemd[1]: Listening on Journal Audit Socket.
[[0;32m  OK  [0m] Listening on Journal Audit Socket.
[    4.022902] systemd[1]: Starting Journal Service...
         Starting Journal Service...
[    4.038849] systemd[1]: Listening on LVM2 poll daemon socket.
[[0;32m  OK  [0m] Listening on LVM2 poll daemon socket.
[    4.055946] systemd[1]: Mounting Huge Pages File System...
         Mounting Huge Pages File System...
[    4.071872] systemd[1]: Starting Nameserver information manager...
         Starting Nameserver information manager...
[    4.088107] iscsi: registered transport (iser)
[    4.091877] systemd[1]: Starting Uncomplicated firewall...
         Starting Uncomplicated firewall...
[    4.105855] systemd[1]: Reached target Encrypted Volumes.
[[0;32m  OK  [0m] Reached target Encrypted Volumes.
[    4.115963] systemd[1]: Mounting POSIX Message Queue File System...
         Mounting POSIX Message Queue File System...
[    4.126486] systemd[1]: Created slice system-serial\x2dgetty.slice.
[[0;32m  OK  [0m] Created slice system-serial\x2dgetty.slice.
[    4.135143] systemd[1]: Starting Create list of required static device nodes for the current kernel...
         Starting Create list of required st... nodes for the current kernel...
[    4.149378] systemd[1]: Reached target Swap.
[[0;32m  OK  [0m] Reached target Swap.
[    4.157324] systemd[1]: Started Trigger resolvconf update for networkd DNS.
[[0;32m  OK  [0m] Started Trigger resolvconf update for networkd DNS.
[    4.166501] systemd[1]: Reached target User and Group Name Lookups.
[[0;32m  OK  [0m] Reached target User and Group Name Lookups.
[    4.175425] systemd[1]: Starting Remount Root and Kernel File Systems...
         Starting Remount Root and Kernel File Systems...
[    4.186546] systemd[1]: Listening on LVM2 metadata daemon socket.
[    4.190922] EXT4-fs (xvda1): re-mounted. Opts: discard
[[0;32m  OK  [0m] Listening on LVM2 metadata daemon socket.
[    4.200714] systemd[1]: Starting Monitoring of LVM2 mirrors, snapshots etc. using dmeventd or progress polling...
         Starting Monitoring of LVM2 mirrors... dmeventd or progress polling...
[    4.215632] systemd[1]: Mounted Huge Pages File System.
[[0;32m  OK  [0m] Mounted Huge Pages File System.
[    4.225905] systemd[1]: Mounted Debug File System.
[[0;32m  OK  [0m] Mounted Debug File System.
[    4.234748] systemd[1]: Mounted POSIX Message Queue File System.
[[0;32m  OK  [0m] Mounted POSIX Message Queue File System.
[    4.242966] systemd[1]: Started Journal Service.
[[0;32m  OK  [0m] Started Journal Service.
[[0;32m  OK  [0m] Started Load Kernel Modules.
[[0;32m  OK  [0m] Started Set console keymap.
[[0;32m  OK  [0m] Started Uncomplicated firewall.
[[0;32m  OK  [0m] Started Create list of required sta...ce nodes for the current kernel.
[[0;32m  OK  [0m] Started Remount Root and Kernel File Systems.
[[0;32m  OK  [0m] Started Nameserver information manager.
[[0;32m  OK  [0m] Started LVM2 metadata daemon.
         Starting udev Coldplug all Devices...
         Starting Load/Save Random Seed...
         Starting Create Static Device Nodes in /dev...
         Mounting FUSE Control File System...
         Starting Apply Kernel Variables...
         Starting Flush Journal to Persistent Storage...
[[0;32m  OK  [0m] Mounted FUSE Control File System.
[[0;32m  OK  [0m] Started Load/Save Random Seed.
[[0;32m  OK  [0m] Started Create Static Device Nodes in /dev.
[[0;32m  OK  [0m] Started Apply Kernel Variables.
[[0;32m  OK  [0m] Started udev Coldplug all Devices.
[[0;32m  OK  [0m] Started Flush Journal to Persistent Storage.
         Starting udev Kernel Device Manager...
[[0;32m  OK  [0m] Started udev Kernel Device Manager.
[[0;32m  OK  [0m] Started Dispatch Password Requests to Console Directory Watch.
[[0;32m  OK  [0m] Started Monitoring of LVM2 mirrors,...ng dmeventd or progress polling.
[[0;32m  OK  [0m] Reached target Local File Systems (Pre).
[[0;32m  OK  [0m] Reached target Local File Systems.
         Starting LSB: AppArmor initialization...
         Starting Tell Plymouth To Write Out Runtime Data...
         Starting Set console font and keymap...
         Starting Initial cloud-init job (pre-networking)...
         Starting Create Volatile Files and Directories...
         Starting Commit a transient machine-id on disk...
[[0;32m  OK  [0m] Started Tell Plymouth To Write Out Runtime Data.
[[0;32m  OK  [0m] Started Create Volatile Files and Directories.
[[0;32m  OK  [0m] Started Commit a transient machine-id on disk.
         Starting Update UTMP about System Boot/Shutdown...
         Starting Network Time Synchronization...
[[0;32m  OK  [0m] Started Update UTMP about System Boot/Shutdown.
[[0;32m  OK  [0m] Started Network Time Synchronization.
[[0;32m  OK  [0m] Reached target System Time Synchronized.
[[0;32m  OK  [0m] Found device /dev/ttyS0.
[[0;32m  OK  [0m] Listening on Load/Save RF Kill Switch Status /dev/rfkill Watch.
[[0;32m  OK  [0m] Started LSB: AppArmor initialization.
[    7.569315] cloud-init[485]: Cloud-init v. 18.2 running 'init-local' at Sat, 02 Jun 2018 12:32:47 +0000. Up 5.85 seconds.
[[0;32m  OK  [0m] Started Initial cloud-init job (pre-networking).
[[0;32m  OK  [0m] Reached target Network (Pre).
         Starting Raise network interfaces...
[[0;32m  OK  [0m] Started Set console font and keymap.
[[0;32m  OK  [0m] Created slice system-getty.slice.
[[0;32m  OK  [0m] Started Raise network interfaces.
[[0;32m  OK  [0m] Reached target Network.
         Starting Initial cloud-init job (metadata service crawler)...
[    9.449318] cloud-init[1007]: Cloud-init v. 18.2 running 'init' at Sat, 02 Jun 2018 12:32:50 +0000. Up 9.02 seconds.
[    9.460271] cloud-init[1007]: ci-info: ++++++++++++++++++++++++++++++++++++++Net device info++++++++++++++++++++++++++++++++++++++
[    9.468870] cloud-init[1007]: ci-info: +--------+------+-----------------------------+---------------+-------+-------------------+
[    9.480876] cloud-init[1007]: ci-info: | Device |  Up  |           Address           |      Mask     | Scope |     Hw-Address    |
[    9.492908] cloud-init[1007]: ci-info: +--------+------+-----------------------------+---------------+-------+-------------------+
[    9.504795] cloud-init[1007]: ci-info: |  eth0  | True |        172.31.40.193        | 255.255.240.0 |   .   | 0a:70:87:d5:7a:f8 |
[    9.515594] cloud-init[1007]: ci-info: |  eth0  | True | fe80::870:87ff:fed5:7af8/64 |       .       |  link | 0a:70:87:d5:7a:f8 |[[0;32m  OK  [0m] Started Initial cloud-init job (metadata service crawler).

[    9.524764] cloud-init[1007]: ci-info: |   lo   | True |          127.0.0.1          |   255.0.0.0   |   .   |         .         |[[0;32m  OK  [0m] Reached target Network is Online.
         Starting iSCSI initiator daemon (iscsid)...
[[0;32m  OK  [0m
[    9.537059] cloud-init[1007]: ci-info: |   lo   | True |           ::1/128           |       .       |  host |         .         |] Reached target Cloud-config availability.
[[0;32m  OK  [0m] Reached target System Initialization.

[[0;32m  OK  [0m] Started ACPI Events Check.
[    9.549221] cloud-init[1007]: ci-info: +--------+------+-----------------------------+---------------+-------+-------------------+[[0;32m  OK  [0m] Reached target Paths.
[[0;32m  OK  [0m] 
[    9.568724] cloud-init[1007]: ci-info: +++++++++++++++++++++++++++++Route IPv4 info+++++++++++++++++++++++++++++Started Daily apt download activities.
[[0;32m  OK  [0m] Started Daily apt upgrade and clean activities.
[    9.580613] cloud-init[1007]: ci-info: +-------+-------------+-------------+---------------+-----------+-------+
[[0;32m  OK  [0m] Listening on ACPID Listen Socket.
[    9.589439] cloud-init[1007]: ci-info: | Route | Destination |   Gateway   |    Genmask    | Interface | Flags |
[[0;32m  OK  [0m] Started Daily Cleanup of Temporary Directories.
[[0;32m  OK  [0m] 
[    9.600823] cloud-init[1007]: ci-info: +-------+-------------+-------------+---------------+-----------+-------+Listening on D-Bus System Message Bus Socket.
[[0;32m  OK  [0m] Listening on UUID daemon activation socket.
         
[    9.613073] cloud-init[1007]: ci-info: |   0   |   0.0.0.0   | 172.31.32.1 |    0.0.0.0    |    eth0   |   UG  |Starting Socket activation for snappy daemon.
[[0;32m  OK  [0m] Reached target Timers.

[    9.624886] cloud-init[1007]: ci-info: |   1   | 172.31.32.0 |   0.0.0.0   | 255.255.240.0 |    eth0   |   U   |         Starting LXD - unix socket.

[[0;32m  OK  [0m[    9.636471] cloud-init[1007]: ci-info: +-------+-------------+-------------+---------------+-----------+-------+] Listening on Socket activation for snappy daemon.
[[0;32m  OK  [0m] Listening on LXD - unix socket.

[    9.649259] cloud-init[1007]: Generating public/private rsa key pair.
[    9.660895] cloud-init[1007]: Your identification has been saved in /etc/ssh/ssh_host_rsa_key.[[0;32m  OK  [0m] Started iSCSI initiator daemon (iscsid).

[    9.670863] cloud-init         Starting Login to default iSCSI targets...[1007]: Your public key has been saved in /etc/ssh/ssh_host_rsa_key.pub.
[    9.679896] cloud-init[1007]: The key fingerprint is:
[    9.683960] 
[[0;32m  OK  [0m] Reached target Sockets.
[[0;32m  OK  [0mcloud-init[1007]: SHA256:lTITIjEqyHgMp3SlHfvg/DwlY7HuBkhIhkMhUwAMz3M root@ip-172-31-40-193] Reached target Basic System.

         Starting Pollinate to seed the pseudo random number generator...[    9.697590] cloud-init[1007]: The key's randomart image is:

[[0;32m  OK  [0m] Started Unattended Upgrades Shutdown.
         Starting Accounts Service...
[    9.711848] cloud-init[1007]:          Starting Apply the settings specified in cloud-config...
         Starting /etc/rc.local Compatibility...+---[RSA 2048]----+
[    9.723421] cloud-init[1007]: |&*+.=+. .        |

[[0;32m  OK  [0m] Started ACPI event daemon.
[[0;32m  OK  [0m] Started Deferred execution scheduler.
         Starting System Logging Service...
[[0;32m  OK  [0m] Started Regular background program processing daemon.[    9.770020] cloud-init[1007]: 
         Starting LXD - container startup/shutdown...
         Starting Login Service...
[[0;32m  OK  [0m] |O%..ooo. . .     |Started FUSE filesystem for LXC.
         Starting LSB: MD monitoring daemon...
[[0;32m  OK  [0m] Started D-Bus System Message Bus.

[    9.820524] cloud-init[1007]: |BoO.E+ .+ o      |         Starting LSB: Record successful boot for GRUB...

[    9.846500] cloud-init         Starting Snappy daemon...
[[0;32m  OK  [0m] Started System Logging Service.
[[0;32m  OK  [0m] Started /etc/rc.local Compatibility.
[1007]: | + +o o o=       |
[    9.909177] [[0;32m  OK  [0mcloud-init] Started Login to default iSCSI targets.
[1007]: |  . .o *S.       |
[    9.949169] cloud-init[1007]: |   . .= +        |
[[0;32m  OK  [0m[   10.003354] ] Started LXD - container startup/shutdown.
[[0;32m  OK  [0mcloud-init[1007]: |      .=         |] Started LSB: MD monitoring daemon.
[[0;32m  OK  [0m] Started LSB: Record successful boot for GRUB.
[   10.021832] 
cloud-init[1007]: |      ...        |[[0;32m  OK  [0m] Started Login Service.
         
[   10.041558] cloud-initStarting Authenticate and Authorize Users to Run Privileged Tasks...
[[0;32m  OK  [0m] Reached target Remote File Systems (Pre).[1007]: |      ..         |
[[0;32m  OK  [0m] Reached target Remote File Systems.
         Starting LSB: automatic crash report generation...

         Starting Permit User Sessions...
         Starting LSB: daemon to balance interrupts for SMP systems...
         Starting LSB: Set the CPU Frequency Scaling governor to "ondemand"...
[[0;32m  OK  [0m] Started Permit User Sessions.
[   10.112104] cloud-init[1007]: +----[SHA256]-----+
[[0;32m  OK  [0m] Started Authenticate and Authorize Users to Run Privileged Tasks.
[[0;32m  OK  [0m] Started Accounts Service.
         Starting Hold until boot process finishes up...
         [   10.165290] Starting Terminate Plymouth Boot Screen...
[cloud-init[0;32m  OK  [0m] Started LSB: daemon to balance interrupts for SMP systems.[1007]: Generating public/private dsa key pair.

[[0;32m  OK  [0m] Started LSB: Set the CPU Frequency Scaling governor to "ondemand".
[[0;32m  OK  [0m] Started Hold until boot process finishes up.
[[0;32m  OK  [0m] Started Terminate Plymouth Boot Screen.[   10.204478] cloud-init[1007]: Your identification has been saved in /etc/ssh/ssh_host_dsa_key.
[[0;32m  OK  [0m] Started Snappy daemon.

         Starting Set console scheme...
[[0;32m  OK  [0m] Started Getty on tty1.
[[0;32m  OK  [0m[   10.240718] cloud-init] Started Serial Getty on ttyS0.
[[0;32m  OK  [0m] Reached target Login Prompts.
[[0;32m  OK  [0m] Started LSB: automatic crash report generation.[1007]: Your public key has been saved in /etc/ssh/ssh_host_dsa_key.pub.
[[0;32m  OK  [0m] Started Set console scheme.

[   10.291157] cloud-init[1007]: The key fingerprint is:
[   10.304559] cloud-init[1007]: SHA256:fD0QhdLXYQwEPtdYag53JYVqS0cb/dl6usNUVvtFnOY root@ip-172-31-40-193
[   10.319057] cloud-init[1007]: The key's randomart image is:
[   10.332488] cloud-init[1007]: +---[DSA 1024]----+
[   10.350926] cloud-init[1007]: |         .o=++=*+|
[   10.357437] cloud-init[1007]: |        ..o..**==|
[   10.372764] cloud-init[1007]: |         .=.*o=+*|
[   10.384790] cloud-init[1007]: |       .   X+.oE*|
[   10.398014] cloud-init[1007]: |        S .o+o +o|
[   10.406085] cloud-init[1007]: |         .  ..o o|
[   10.412180] cloud-init[1007]: |             o o |
[   10.420169] cloud-init[1007]: |              +  |
[   10.424163] cloud-init[1007]: |              .o |
[   10.432205] cloud-init[1007]: +----[SHA256]-----+
[   10.440187] cloud-init[1007]: Generating public/private ecdsa key pair.
[   10.448226] cloud-init[1007]: Your identification has been saved in /etc/ssh/ssh_host_ecdsa_key.
[   10.456792] cloud-init[1007]: Your public key has been saved in /etc/ssh/ssh_host_ecdsa_key.pub.
[   10.468176] cloud-init[1007]: The key fingerprint is:
[   10.472162] cloud-init[1007]: SHA256:rKKiFup3qq4Uj75lidYf03u3vEuTC2rCdC5ponxvyS0 root@ip-172-31-40-193
[   10.484955] cloud-init[1007]: The key's randomart image is:
[   10.492185] cloud-init[1007]: +---[ECDSA 256]---+
[   10.505534] cloud-init[1007]: |                 |[[0;32m  OK  [0m] Started Pollinate to seed the pseudo random number generator.
         Starting OpenBSD Secure Shell server...

[   10.524856] cloud-init[1007]: |                 |
[   10.530596] cloud-init[1007]: |                 |
[[0;32m  OK  [0m] Started OpenBSD Secure Shell server.
[[0;32m  OK  [0m] Reached target Multi-User System.
[[0;32m  OK  [0m[   10.556243] cloud-init[1007]: |       .         |
] Reached target Graphical Interface.
         Starting Update UTMP about System Runlevel Changes...[   10.564590] cloud-init[1007]: | .      S        |

[   10.575302] [[0;32m  OK  [0m] Started Update UTMP about System Runlevel Changes.
cloud-init[1007]: | .* ...o    .    |
[   10.592647] cloud-init[1007]: |.=.*=oB. . +     |
[   10.600202] cloud-init[1007]: |B.o=.Eo+o.+.o    |
[   10.604170] cloud-init[1007]: |OXB.Bo=o. .*+    |
[   10.612160] cloud-init[1007]: +----[SHA256]-----+
[   10.620191] cloud-init[1007]: Generating public/private ed25519 key pair.
[   10.628221] cloud-init[1007]: Your identification has been saved in /etc/ssh/ssh_host_ed25519_key.
[   10.636975] cloud-init[1007]: Your public key has been saved in /etc/ssh/ssh_host_ed25519_key.pub.
[   10.648433] cloud-init[1007]: The key fingerprint is:
[   10.656173] cloud-init[1007]: SHA256:+bhV39ugTsYacLG0bh+oyc+iGAR1v4pfAgJkwaXUlB4 root@ip-172-31-40-193
[   10.664029] cloud-init[1007]: The key's randomart image is:
[   10.672186] cloud-init[1007]: +--[ED25519 256]--+
[   10.680175] cloud-init[1007]: |.==oo .          |
[   10.688359] cloud-init[1007]: |+..E . .         |
[   10.697923] cloud-init[1007]: |..o .   . o      |
[   10.704182] cloud-init[1007]: | . o     + +     |
[   10.711704] cloud-init[1007]: |  . o   S + .    |
[   10.720179] cloud-init[1007]: |   o o . * + . . |
[   10.723504] cloud-init[1007]: |    o o o B = o .|
[   10.732195] cloud-init[1007]: |     + +.B * o .o|
[   10.742042] cloud-init[1007]: |    . o.=o+.+  ..|
[   10.749553] cloud-init[1007]: +----[SHA256]-----+
[   10.971262] cloud-init[1096]: Generating locales (this might take a while)...
[   11.655022] cloud-init[1096]:   en_US.UTF-8... done
[   11.660682] cloud-init[1096]: Generation complete.
[   11.977272] cloud-init[1096]: Cloud-init v. 18.2 running 'modules:config' at Sat, 02 Jun 2018 12:32:52 +0000. Up 10.83 seconds.
[[0;32m  OK  [0m] Started Apply the settings specified in cloud-config.
         Starting Execute cloud user/final scripts...
ci-info: no authorized ssh keys fingerprints found for user ubuntu.
<14>Jun  2 12:32:53 ec2: 
<14>Jun  2 12:32:53 ec2: #############################################################
<14>Jun  2 12:32:53 ec2: -----BEGIN SSH HOST KEY FINGERPRINTS-----
<14>Jun  2 12:32:53 ec2: 1024 SHA256:fD0QhdLXYQwEPtdYag53JYVqS0cb/dl6usNUVvtFnOY root@ip-172-31-40-193 (DSA)
<14>Jun  2 12:32:53 ec2: 256 SHA256:rKKiFup3qq4Uj75lidYf03u3vEuTC2rCdC5ponxvyS0 root@ip-172-31-40-193 (ECDSA)
<14>Jun  2 12:32:53 ec2: 256 SHA256:+bhV39ugTsYacLG0bh+oyc+iGAR1v4pfAgJkwaXUlB4 root@ip-172-31-40-193 (ED25519)
<14>Jun  2 12:32:53 ec2: 2048 SHA256:lTITIjEqyHgMp3SlHfvg/DwlY7HuBkhIhkMhUwAMz3M root@ip-172-31-40-193 (RSA)
<14>Jun  2 12:32:53 ec2: -----END SSH HOST KEY FINGERPRINTS-----
<14>Jun  2 12:32:53 ec2: #############################################################
-----BEGIN SSH HOST KEY KEYS-----
ecdsa-sha2-nistp256 AAAAE2VjZHNhLXNoYTItbmlzdHAyNTYAAAAIbmlzdHAyNTYAAABBBOAbx1E3ED85TQo8/GHErDA6YZ+Zs83XuC7Pqp8SkTC7LVIBcyKfGsNZtGRMxdUvzHJCwYXxGqZHPfAAMEDfGd0= root@ip-172-31-40-193
ssh-ed25519 AAAAC3NzaC1lZDI1NTE5AAAAIMwePgv81amHj+uQXPvt7CtG42DSTLaJ9M7O4qe2s9S+ root@ip-172-31-40-193
ssh-rsa AAAAB3NzaC1yc2EAAAADAQABAAABAQC06suV0TQsQ0O/4A2L47VVHHk5paXBpzJvXFpWaEnotZPTQAhsjN1/ZSSMKTya+XGcwJoXQNvoLZ0LLtr2kDLaUTYmA3rS0dAcyibBR3u4HiFTZqn8j7t+D0VFA5G0diGq0ohDdIehytlBlnGs7wVsVcG6NEOd+pxjQ1eHDF0aZ4PIm17Hsu5WuOx+FKuAdD+kgFVBKqH2NnvW5YZIC7ZqBH0Mx3L8dHk/sz+FdmyhY6cBI1DpBjIN3z5RZ+lUgd7Q/8LtsYdBFE8xSSdCrAkSm72eMMUrVegIvOnDiumyeFpKmbcuSUpftV15QHBhb94BJ4dljaJrMoiQSZqXdtqV root@ip-172-31-40-193
-----END SSH HOST KEY KEYS-----
[   12.459821] cloud-init[1331]: Cloud-init v. 18.2 running 'modules:final' at Sat, 02 Jun 2018 12:32:53 +0000. Up 12.26 seconds.
[   12.468694] cloud-init[1331]: ci-info: no authorized ssh keys fingerprints found for user ubuntu.
[   12.476820] cloud-init[1331]: Cloud-init v. 18.2 finished at Sat, 02 Jun 2018 12:32:53 +0000. Datasource DataSourceEc2Local.  Up 12.45 seconds
[[0;32m  OK  [0m] Started Execute cloud user/final scripts.
[[0;32m  OK  [0m] Reached target Cloud-init target.

Ubuntu 16.04.4 LTS ip-172-31-40-193 ttyS0

ip-172-31-40-193 login: 

TestTerraformRedeployExample 2018-06-02T14:38:21+02:00 terraform_redeploy_example_test.go:156: Most recent syslog for Instance i-0fe4e8ed39c398c6e:

[    0.000000] Initializing cgroup subsys cpuset
[    0.000000] Initializing cgroup subsys cpu
[    0.000000] Initializing cgroup subsys cpuacct
[    0.000000] Linux version 4.4.0-1060-aws (buildd@lgw01-amd64-036) (gcc version 5.4.0 20160609 (Ubuntu 5.4.0-6ubuntu1~16.04.9) ) #69-Ubuntu SMP Sun May 20 13:42:07 UTC 2018 (Ubuntu 4.4.0-1060.69-aws 4.4.128)
[    0.000000] Command line: BOOT_IMAGE=/boot/vmlinuz-4.4.0-1060-aws root=LABEL=cloudimg-rootfs ro console=tty1 console=ttyS0 nvme.io_timeout=4294967295
[    0.000000] KERNEL supported cpus:
[    0.000000]   Intel GenuineIntel
[    0.000000]   AMD AuthenticAMD
[    0.000000]   Centaur CentaurHauls
[    0.000000] x86/fpu: xstate_offset[2]:  576, xstate_sizes[2]:  256
[    0.000000] x86/fpu: Supporting XSAVE feature 0x01: 'x87 floating point registers'
[    0.000000] x86/fpu: Supporting XSAVE feature 0x02: 'SSE registers'
[    0.000000] x86/fpu: Supporting XSAVE feature 0x04: 'AVX registers'
[    0.000000] x86/fpu: Enabled xstate features 0x7, context size is 832 bytes, using 'standard' format.
[    0.000000] x86/fpu: Using 'eager' FPU context switches.
[    0.000000] e820: BIOS-provided physical RAM map:
[    0.000000] BIOS-e820: [mem 0x0000000000000000-0x000000000009dfff] usable
[    0.000000] BIOS-e820: [mem 0x000000000009e000-0x000000000009ffff] reserved
[    0.000000] BIOS-e820: [mem 0x00000000000e0000-0x00000000000fffff] reserved
[    0.000000] BIOS-e820: [mem 0x0000000000100000-0x000000003fffffff] usable
[    0.000000] BIOS-e820: [mem 0x00000000fc000000-0x00000000ffffffff] reserved
[    0.000000] NX (Execute Disable) protection: active
[    0.000000] SMBIOS 2.7 present.
[    0.000000] Hypervisor detected: Xen
[    0.000000] Xen version 4.2.
[    0.000000] Netfront and the Xen platform PCI driver have been compiled for this kernel: unplug emulated NICs.
[    0.000000] Blkfront and the Xen platform PCI driver have been compiled for this kernel: unplug emulated disks.
[    0.000000] You might have to change the root device
[    0.000000] from /dev/hd[a-d] to /dev/xvd[a-d]
[    0.000000] in your root= kernel command line option
[    0.000000] e820: last_pfn = 0x40000 max_arch_pfn = 0x400000000
[    0.000000] x86/PAT: Configuration [0-7]: WB  WC  UC- UC  WB  WC  UC- WT  
[    0.000000] found SMP MP-table at [mem 0x000fbc20-0x000fbc2f] mapped at [ffff8800000fbc20]
[    0.000000] Scanning 1 areas for low memory corruption
[    0.000000] RAMDISK: [mem 0x367b6000-0x373d2fff]
[    0.000000] ACPI: Early table checksum verification disabled
[    0.000000] ACPI: RSDP 0x00000000000EA020 000024 (v02 Xen   )
[    0.000000] ACPI: XSDT 0x00000000FC00DDC0 000054 (v01 Xen    HVM      00000000 HVML 00000000)
[    0.000000] ACPI: FACP 0x00000000FC00DA80 0000F4 (v04 Xen    HVM      00000000 HVML 00000000)
[    0.000000] ACPI: DSDT 0x00000000FC001CE0 00BD19 (v02 Xen    HVM      00000000 INTL 20090123)
[    0.000000] ACPI: FACS 0x00000000FC001CA0 000040
[    0.000000] ACPI: FACS 0x00000000FC001CA0 000040
[    0.000000] ACPI: APIC 0x00000000FC00DB80 0000D8 (v02 Xen    HVM      00000000 HVML 00000000)
[    0.000000] ACPI: HPET 0x00000000FC00DCD0 000038 (v01 Xen    HVM      00000000 HVML 00000000)
[    0.000000] ACPI: WAET 0x00000000FC00DD10 000028 (v01 Xen    HVM      00000000 HVML 00000000)
[    0.000000] ACPI: SSDT 0x00000000FC00DD40 000031 (v02 Xen    HVM      00000000 INTL 20090123)
[    0.000000] ACPI: SSDT 0x00000000FC00DD80 000031 (v02 Xen    HVM      00000000 INTL 20090123)
[    0.000000] No NUMA configuration found
[    0.000000] Faking a node at [mem 0x0000000000000000-0x000000003fffffff]
[    0.000000] NODE_DATA(0) allocated [mem 0x3fffb000-0x3fffffff]
[    0.000000] Zone ranges:
[    0.000000]   DMA      [mem 0x0000000000001000-0x0000000000ffffff]
[    0.000000]   DMA32    [mem 0x0000000001000000-0x000000003fffffff]
[    0.000000]   Normal   empty
[    0.000000]   Device   empty
[    0.000000] Movable zone start for each node
[    0.000000] Early memory node ranges
[    0.000000]   node   0: [mem 0x0000000000001000-0x000000000009dfff]
[    0.000000]   node   0: [mem 0x0000000000100000-0x000000003fffffff]
[    0.000000] Initmem setup node 0 [mem 0x0000000000001000-0x000000003fffffff]
[    0.000000] ACPI: PM-Timer IO Port: 0xb008
[    0.000000] IOAPIC[0]: apic_id 1, version 17, address 0xfec00000, GSI 0-47
[    0.000000] ACPI: INT_SRC_OVR (bus 0 bus_irq 0 global_irq 2 dfl dfl)
[    0.000000] ACPI: INT_SRC_OVR (bus 0 bus_irq 5 global_irq 5 low level)
[    0.000000] ACPI: INT_SRC_OVR (bus 0 bus_irq 10 global_irq 10 low level)
[    0.000000] ACPI: INT_SRC_OVR (bus 0 bus_irq 11 global_irq 11 low level)
[    0.000000] Using ACPI (MADT) for SMP configuration information
[    0.000000] ACPI: HPET id: 0x8086a201 base: 0xfed00000
[    0.000000] smpboot: Allowing 15 CPUs, 14 hotplug CPUs
[    0.000000] PM: Registered nosave memory: [mem 0x00000000-0x00000fff]
[    0.000000] PM: Registered nosave memory: [mem 0x0009e000-0x0009ffff]
[    0.000000] PM: Registered nosave memory: [mem 0x000a0000-0x000dffff]
[    0.000000] PM: Registered nosave memory: [mem 0x000e0000-0x000fffff]
[    0.000000] e820: [mem 0x40000000-0xfbffffff] available for PCI devices
[    0.000000] Booting paravirtualized kernel on Xen HVM
[    0.000000] clocksource: refined-jiffies: mask: 0xffffffff max_cycles: 0xffffffff, max_idle_ns: 7645519600211568 ns
[    0.000000] setup_percpu: NR_CPUS:256 nr_cpumask_bits:256 nr_cpu_ids:15 nr_node_ids:1
[    0.000000] PERCPU: Embedded 34 pages/cpu @ffff88003e200000 s99160 r8192 d31912 u262144
[    0.000000] PV qspinlock hash table entries: 256 (order: 0, 4096 bytes)
[    0.000000] Built 1 zonelists in Node order, mobility grouping on.  Total pages: 257927
[    0.000000] Policy zone: DMA32
[    0.000000] Kernel command line: BOOT_IMAGE=/boot/vmlinuz-4.4.0-1060-aws root=LABEL=cloudimg-rootfs ro console=tty1 console=ttyS0 nvme.io_timeout=4294967295
[    0.000000] PID hash table entries: 4096 (order: 3, 32768 bytes)
[    0.000000] Memory: 998536K/1048180K available (8358K kernel code, 1280K rwdata, 3884K rodata, 1496K init, 1264K bss, 49644K reserved, 0K cma-reserved)
[    0.000000] SLUB: HWalign=64, Order=0-3, MinObjects=0, CPUs=15, Nodes=1
[    0.000000] Kernel/User page tables isolation: enabled
[    0.000000] Hierarchical RCU implementation.
[    0.000000] 	Build-time adjustment of leaf fanout to 64.
[    0.000000] 	RCU restricting CPUs from NR_CPUS=256 to nr_cpu_ids=15.
[    0.000000] RCU: Adjusting geometry for rcu_fanout_leaf=64, nr_cpu_ids=15
[    0.000000] NR_IRQS:16640 nr_irqs:952 16
[    0.000000] xen:events: Using 2-level ABI
[    0.000000] xen:events: Xen HVM callback vector for event delivery is enabled
[    0.000000] Console: colour VGA+ 80x25
[    0.000000] console [tty1] enabled
[    0.000000] Cannot get hvm parameter CONSOLE_EVTCHN (18): -22!
[    0.000000] console [ttyS0] enabled
[    0.000000] clocksource: hpet: mask: 0xffffffff max_cycles: 0xffffffff, max_idle_ns: 30580167144 ns
[    0.000000] tsc: Detected 2400.072 MHz processor
[    0.008000] Calibrating delay loop (skipped), value calculated using timer frequency.. 4800.14 BogoMIPS (lpj=9600288)
[    0.014015] pid_max: default: 32768 minimum: 301
[    0.016015] ACPI: Core revision 20150930
[    0.026067] ACPI: 3 ACPI AML tables successfully acquired and loaded
[    0.028873] Security Framework initialized
[    0.032003] Yama: becoming mindful.
[    0.036024] AppArmor: AppArmor initialized
[    0.040091] Dentry cache hash table entries: 131072 (order: 8, 1048576 bytes)
[    0.044177] Inode-cache hash table entries: 65536 (order: 7, 524288 bytes)
[    0.048082] Mount-cache hash table entries: 2048 (order: 2, 16384 bytes)
[    0.056004] Mountpoint-cache hash table entries: 2048 (order: 2, 16384 bytes)
[    0.060188] Initializing cgroup subsys io
[    0.064009] Initializing cgroup subsys memory
[    0.068016] Initializing cgroup subsys devices
[    0.070957] Initializing cgroup subsys freezer
[    0.072008] Initializing cgroup subsys net_cls
[    0.076007] Initializing cgroup subsys perf_event
[    0.080006] Initializing cgroup subsys net_prio
[    0.084011] Initializing cgroup subsys hugetlb
[    0.087044] Initializing cgroup subsys pids
[    0.088054] CPU: Physical Processor ID: 0
[    0.092738] mce: CPU supports 2 MCE banks
[    0.096030] Last level iTLB entries: 4KB 1024, 2MB 1024, 4MB 1024
[    0.100004] Last level dTLB entries: 4KB 1024, 2MB 1024, 4MB 1024, 1GB 4
[    0.104004] Spectre V2 : Mitigation: Full generic retpoline
[    0.108005] Spectre V2 : Speculation control IBPB not-supported IBRS not-supported
[    0.112004] Speculative Store Bypass: Vulnerable
[    0.138688] ftrace: allocating 31342 entries in 123 pages
[    0.184096] smpboot: APIC(0) Converting physical 0 to logical package 0
[    0.188004] smpboot: Max logical packages: 15
[    0.192766] x2apic: IRQ remapping doesn't support X2APIC mode
[    0.196003] Switched APIC routing to physical flat.
[    0.202556] ..TIMER: vector=0x30 apic1=0 pin1=2 apic2=0 pin2=0
[    0.208004] clocksource: xen: mask: 0xffffffffffffffff max_cycles: 0x1cd42e4dffb, max_idle_ns: 881590591483 ns
[    0.212019] installing Xen timer for CPU 0
[    0.216075] smpboot: CPU0: Intel(R) Xeon(R) CPU E5-2676 v3 @ 2.40GHz (family: 0x6, model: 0x3f, stepping: 0x2)
[    0.223912] cpu 0 spinlock event irq 53
[    0.224019] Performance Events: unsupported p6 CPU model 63 no PMU driver, software events only.
[    0.228787] x86: Booted up 1 node, 1 CPUs
[    0.231761] smpboot: Total of 1 processors activated (4800.14 BogoMIPS)
[    0.232014] NMI watchdog: disabled (cpu0): hardware events not enabled
[    0.236007] NMI watchdog: Shutting down hard lockup detector on all cpus
[    0.240426] devtmpfs: initialized
[    0.244597] evm: security.selinux
[    0.247141] evm: security.SMACK64
[    0.248013] evm: security.SMACK64EXEC
[    0.250999] evm: security.SMACK64TRANSMUTE
[    0.252005] evm: security.SMACK64MMAP
[    0.255012] evm: security.ima
[    0.256006] evm: security.capability
[    0.259163] clocksource: jiffies: mask: 0xffffffff max_cycles: 0xffffffff, max_idle_ns: 7645041785100000 ns
[    0.260038] futex hash table entries: 4096 (order: 6, 262144 bytes)
[    0.264272] RTC time: 12:32:50, date: 06/02/18
[    0.267745] NET: Registered protocol family 16
[    0.268150] cpuidle: using governor ladder
[    0.272013] cpuidle: using governor menu
[    0.276015] PCCT header not found.
[    0.278762] ACPI: bus type PCI registered
[    0.280010] acpiphp: ACPI Hot Plug PCI Controller Driver version: 0.5
[    0.284331] PCI: Using configuration type 1 for base access
[    0.289055] ACPI: Added _OSI(Module Device)
[    0.292000] ACPI: Added _OSI(Processor Device)
[    0.292006] ACPI: Added _OSI(3.0 _SCP Extensions)
[    0.295174] ACPI: Added _OSI(Processor Aggregator Device)
[    0.299825] ACPI: Interpreter enabled
[    0.300018] ACPI: (supports S0 S4 S5)
[    0.302703] ACPI: Using IOAPIC for interrupt routing
[    0.304034] PCI: Using host bridge windows from ACPI; if necessary, use "pci=nocrs" and report a bug
[    0.355993] ACPI: PCI Root Bridge [PCI0] (domain 0000 [bus 00-ff])
[    0.356014] acpi PNP0A03:00: _OSC: OS supports [ASPM ClockPM Segments MSI]
[    0.360015] acpi PNP0A03:00: _OSC failed (AE_NOT_FOUND); disabling ASPM
[    0.364019] acpi PNP0A03:00: fail to add MMCONFIG information, can't access extended PCI configuration space under this bridge.
[    0.368936] acpiphp: Slot [0] registered
[    0.372946] acpiphp: Slot [3] registered
[    0.376274] acpiphp: Slot [4] registered
[    0.379430] acpiphp: Slot [5] registered
[    0.380276] acpiphp: Slot [6] registered
[    0.383401] acpiphp: Slot [7] registered
[    0.384289] acpiphp: Slot [8] registered
[    0.387441] acpiphp: Slot [9] registered
[    0.388277] acpiphp: Slot [10] registered
[    0.391464] acpiphp: Slot [11] registered
[    0.392268] acpiphp: Slot [12] registered
[    0.395324] acpiphp: Slot [13] registered
[    0.396284] acpiphp: Slot [14] registered
[    0.399322] acpiphp: Slot [15] registered
[    0.400269] acpiphp: Slot [16] registered
[    0.403314] acpiphp: Slot [17] registered
[    0.404288] acpiphp: Slot [18] registered
[    0.407313] acpiphp: Slot [19] registered
[    0.408286] acpiphp: Slot [20] registered
[    0.411422] acpiphp: Slot [21] registered
[    0.412285] acpiphp: Slot [22] registered
[    0.415398] acpiphp: Slot [23] registered
[    0.416287] acpiphp: Slot [24] registered
[    0.419453] acpiphp: Slot [25] registered
[    0.420311] acpiphp: Slot [26] registered
[    0.423645] acpiphp: Slot [27] registered
[    0.424289] acpiphp: Slot [28] registered
[    0.427726] acpiphp: Slot [29] registered
[    0.428338] acpiphp: Slot [30] registered
[    0.431763] acpiphp: Slot [31] registered
[    0.432305] PCI host bridge to bus 0000:00
[    0.435253] pci_bus 0000:00: root bus resource [io  0x0000-0x0cf7 window]
[    0.436010] pci_bus 0000:00: root bus resource [io  0x0d00-0xffff window]
[    0.440008] pci_bus 0000:00: root bus resource [mem 0x000a0000-0x000bffff window]
[    0.444008] pci_bus 0000:00: root bus resource [mem 0xf0000000-0xfbffffff window]
[    0.448008] pci_bus 0000:00: root bus resource [bus 00-ff]
[    0.457631] pci 0000:00:01.1: legacy IDE quirk: reg 0x10: [io  0x01f0-0x01f7]
[    0.460008] pci 0000:00:01.1: legacy IDE quirk: reg 0x14: [io  0x03f6]
[    0.464007] pci 0000:00:01.1: legacy IDE quirk: reg 0x18: [io  0x0170-0x0177]
[    0.468005] pci 0000:00:01.1: legacy IDE quirk: reg 0x1c: [io  0x0376]
[    0.472715] * Found PM-Timer Bug on the chipset. Due to workarounds for a bug,
[    0.472715] * this clock source is slow. Consider trying other clock sources
[    0.477136] pci 0000:00:01.3: quirk: [io  0xb000-0xb03f] claimed by PIIX4 ACPI
[    0.486329] ACPI: PCI Interrupt Link [LNKA] (IRQs *5 10 11)
[    0.491350] ACPI: PCI Interrupt Link [LNKB] (IRQs 5 *10 11)
[    0.495395] ACPI: PCI Interrupt Link [LNKC] (IRQs 5 10 *11)
[    0.499023] ACPI: PCI Interrupt Link [LNKD] (IRQs *5 10 11)
[    0.521980] ACPI: Enabled 2 GPEs in block 00 to 0F
[    0.524078] xen:balloon: Initialising balloon driver
[    0.528287] vgaarb: setting as boot device: PCI:0000:00:02.0
[    0.531973] vgaarb: device added: PCI:0000:00:02.0,decodes=io+mem,owns=io+mem,locks=none
[    0.532011] vgaarb: loaded
[    0.534509] vgaarb: bridge control possible 0000:00:02.0
[    0.536231] SCSI subsystem initialized
[    0.539195] ACPI: bus type USB registered
[    0.540031] usbcore: registered new interface driver usbfs
[    0.543848] usbcore: registered new interface driver hub
[    0.544029] usbcore: registered new device driver usb
[    0.547799] PCI: Using ACPI for IRQ routing
[    0.548495] NetLabel: Initializing
[    0.551189] NetLabel:  domain hash size = 128
[    0.552005] NetLabel:  protocols = UNLABELED CIPSOv4
[    0.555693] NetLabel:  unlabeled traffic allowed by default
[    0.556099] HPET: 3 timers in total, 0 timers will be used for per-cpu timer
[    0.560021] hpet0: at MMIO 0xfed00000, IRQs 2, 8, 0
[    0.564869] hpet0: 3 comparators, 64-bit 62.500000 MHz counter
[    0.570067] amd_nb: Cannot enumerate AMD northbridges
[    0.572023] clocksource: Switched to clocksource xen
[    0.580636] AppArmor: AppArmor Filesystem Enabled
[    0.583947] pnp: PnP ACPI init
[    0.586348] system 00:00: [mem 0x00000000-0x0009ffff] could not be reserved
[    0.590937] system 00:01: [io  0x08a0-0x08a3] has been reserved
[    0.595157] system 00:01: [io  0x0cc0-0x0ccf] has been reserved
[    0.599900] system 00:01: [io  0x04d0-0x04d1] has been reserved
[    0.603913] system 00:07: [io  0x10c0-0x1141] has been reserved
[    0.607931] system 00:07: [io  0xb044-0xb047] has been reserved
[    0.629792] pnp: PnP ACPI: found 8 devices
[    0.638194] clocksource: acpi_pm: mask: 0xffffff max_cycles: 0xffffff, max_idle_ns: 2085701024 ns
[    0.644481] NET: Registered protocol family 2
[    0.647644] TCP established hash table entries: 8192 (order: 4, 65536 bytes)
[    0.652025] TCP bind hash table entries: 8192 (order: 5, 131072 bytes)
[    0.656648] TCP: Hash tables configured (established 8192 bind 8192)
[    0.661012] UDP hash table entries: 512 (order: 2, 16384 bytes)
[    0.665001] UDP-Lite hash table entries: 512 (order: 2, 16384 bytes)
[    0.669811] NET: Registered protocol family 1
[    0.673208] pci 0000:00:00.0: Limiting direct PCI/PCI transfers
[    0.677523] pci 0000:00:01.0: PIIX3: Enabling Passive Release
[    0.681625] pci 0000:00:01.0: Activating ISA DMA hang workarounds
[    0.686189] Trying to unpack rootfs image as initramfs...
[    0.870968] Freeing initrd memory: 12404K
[    0.877486] RAPL PMU detected, API unit is 2^-32 Joules, 3 fixed counters 655360 ms ovfl timer
[    0.888545] hw unit of domain pp0-core 2^-14 Joules
[    0.895143] hw unit of domain package 2^-14 Joules
[    0.903361] hw unit of domain dram 2^-16 Joules
[    0.909987] Scanning for low memory corruption every 60 seconds
[    0.919999] audit: initializing netlink subsys (disabled)
[    0.927466] audit: type=2000 audit(1527942770.661:1): initialized
[    0.936136] Initialise system trusted keyring
[    0.943660] HugeTLB registered 2 MB page size, pre-allocated 0 pages
[    0.953151] zbud: loaded
[    0.957434] VFS: Disk quotas dquot_6.6.0
[    0.962929] VFS: Dquot-cache hash table entries: 512 (order 0, 4096 bytes)
[    0.975090] squashfs: version 4.0 (2009/01/31) Phillip Lougher
[    0.981260] fuse init (API version 7.23)
[    0.985544] Key type big_key registered
[    0.989853] Allocating IMA MOK and blacklist keyrings.
[    0.995398] Key type asymmetric registered
[    0.999993] Asymmetric key parser 'x509' registered
[    1.005033] Block layer SCSI generic (bsg) driver version 0.4 loaded (major 249)
[    1.012869] io scheduler noop registered
[    1.017400] io scheduler deadline registered (default)
[    1.022497] io scheduler cfq registered
[    1.026375] pci_hotplug: PCI Hot Plug PCI Core version: 0.5
[    1.031365] pciehp: PCI Express Hot Plug Controller Driver version: 0.4
[    1.037241] input: Power Button as /devices/LNXSYSTM:00/LNXPWRBN:00/input/input0
[    1.044294] ACPI: Power Button [PWRF]
[    1.048161] input: Sleep Button as /devices/LNXSYSTM:00/LNXSLPBN:00/input/input1
[    1.055751] ACPI: Sleep Button [SLPF]
[    1.061197] xen:grant_table: Grant tables using version 1 layout
[    1.067112] Grant table initialized
[    1.070844] Cannot get hvm parameter CONSOLE_EVTCHN (18): -22!
[    1.076163] Serial: 8250/16550 driver, 4 ports, IRQ sharing enabled
[    1.112867] 00:06: ttyS0 at I/O 0x3f8 (irq = 4, base_baud = 115200) is a 16550A
[    1.121023] Linux agpgart interface v0.103
[    1.128012] brd: module loaded
[    1.132500] loop: module loaded
[    1.136107] Invalid max_queues (4), will use default max: 1.
[    1.143540] scsi host0: ata_piix
[    1.147839] scsi host1: ata_piix
[    1.152185] ata1: PATA max MWDMA2 cmd 0x1f0 ctl 0x3f6 bmdma 0xc100 irq 14
[    1.159922] ata2: PATA max MWDMA2 cmd 0x170 ctl 0x376 bmdma 0xc108 irq 15
[    1.170992] libphy: Fixed MDIO Bus: probed
[    1.176693] tun: Universal TUN/TAP device driver, 1.6
[    1.183269] tun: (C) 1999-2004 Max Krasnyansky <maxk@qualcomm.com>
[    1.189830] PPP generic driver version 2.4.2
[    1.195369] xen_netfront: Initialising Xen virtual ethernet driver
[    1.205782] ehci_hcd: USB 2.0 'Enhanced' Host Controller (EHCI) Driver
[    1.216361] ehci-pci: EHCI PCI platform driver
[    1.221881] ehci-platform: EHCI generic platform driver
[    1.227951] ohci_hcd: USB 1.1 'Open' Host Controller (OHCI) Driver
[    1.235148] ohci-pci: OHCI PCI platform driver
[    1.240556] ohci-platform: OHCI generic platform driver
[    1.247558] uhci_hcd: USB Universal Host Controller Interface driver
[    1.258657] i8042: PNP: PS/2 Controller [PNP0303:PS2K,PNP0f13:PS2M] at 0x60,0x64 irq 1,12
[    1.269662] serio: i8042 KBD port at 0x60,0x64 irq 1
[    1.274840] serio: i8042 AUX port at 0x60,0x64 irq 12
[    1.280095] mousedev: PS/2 mouse device common for all mice
[    1.286605] input: AT Translated Set 2 keyboard as /devices/platform/i8042/serio0/input/input2
[    1.295108] rtc_cmos 00:02: rtc core: registered rtc_cmos as rtc0
[    1.319054] rtc_cmos 00:02: alarms up to one day, 114 bytes nvram, hpet irqs
[    1.327599] i2c /dev entries driver
[    1.332411] device-mapper: uevent: version 1.0.3
[    1.341749] device-mapper: ioctl: 4.34.0-ioctl (2015-10-28) initialised: dm-devel@redhat.com
[    1.352222] NET: Registered protocol family 10
[    1.358397] NET: Registered protocol family 17
[    1.367101] Key type dns_resolver registered
[    1.373021] registered taskstats version 1
[    1.381315] Loading compiled-in X.509 certificates
[    1.388410] Loaded X.509 cert 'Build time autogenerated kernel key: ae0d9fee363f3babb6e358452e6c0c8b65099724'
[    1.400038] zswap: loaded using pool lzo/zbud
[    1.406796] blkfront: xvda: barrier or flush: disabled; persistent grants: disabled; indirect descriptors: enabled;
[    1.420458] Key type trusted registered
[    1.428382] Key type encrypted registered
[    1.434136] AppArmor: AppArmor sha1 policy hashing enabled
[    1.441492] ima: No TPM chip found, activating TPM-bypass!
[    1.449013] evm: HMAC attrs: 0x1
[    1.452620]  xvda: xvda1
[    1.457338]   Magic number: 6:897:530
[    1.461691] rtc_cmos 00:02: setting system clock to 2018-06-02 12:32:51 UTC (1527942771)
[    1.471412] BIOS EDD facility v0.16 2004-Jun-25, 0 devices found
[    1.477918] EDD information not available.
[    1.484918] Freeing unused kernel memory: 1496K
[    1.489827] Write protecting the kernel read-only data: 14336k
[    1.495712] Freeing unused kernel memory: 1868K
[    1.501053] Freeing unused kernel memory: 212K
Loading, please wait...
starting version 229
[    1.518815] random: udevadm: uninitialized urandom read (16 bytes read, 9 bits of entropy available)
[    1.527500] random: systemd-udevd: uninitialized urandom read (16 bytes read, 9 bits of entropy available)
[    1.536189] random: systemd-udevd: uninitialized urandom read (16 bytes read, 9 bits of entropy available)
[    1.545494] random: udevadm: uninitialized urandom read (16 bytes read, 9 bits of entropy available)
[    1.554230] random: systemd-udevd: uninitialized urandom read (16 bytes read, 9 bits of entropy available)
[    1.570155] random: udevadm: uninitialized urandom read (16 bytes read, 9 bits of entropy available)
[    1.579548] random: systemd-udevd: uninitialized urandom read (16 bytes read, 9 bits of entropy available)
[    1.588739] random: systemd-udevd: uninitialized urandom read (16 bytes read, 9 bits of entropy available)
[    1.597124] random: udevadm: uninitialized urandom read (16 bytes read, 9 bits of entropy available)
[    1.605222] random: systemd-udevd: uninitialized urandom read (16 bytes read, 9 bits of entropy available)
[    1.726608] AVX2 version of gcm_enc/dec engaged.
[    1.730864] AES CTR mode by8 optimization enabled
[    1.908145] tsc: Refined TSC clocksource calibration: 2399.998 MHz
[    1.914005] clocksource: tsc: mask: 0xffffffffffffffff max_cycles: 0x229835b7123, max_idle_ns: 440795242976 ns
Begin: Loading essential drivers ... [    3.315716] md: linear personality registered for level -1
[    3.323985] md: multipath personality registered for level -4
[    3.332261] md: raid0 personality registered for level 0
[    3.341551] md: raid1 personality registered for level 1
[    3.396065] raid6: sse2x1   gen()  8249 MB/s
[    3.444061] raid6: sse2x1   xor()  6499 MB/s
[    3.496063] raid6: sse2x2   gen() 10524 MB/s
[    3.544062] raid6: sse2x2   xor()  7101 MB/s
[    3.596066] raid6: sse2x4   gen() 12114 MB/s
[    3.648067] raid6: sse2x4   xor()  8454 MB/s
[    3.700065] raid6: avx2x1   gen() 16200 MB/s
[    3.752062] raid6: avx2x2   gen() 18818 MB/s
[    3.800063] raid6: avx2x4   gen() 21799 MB/s
[    3.803282] raid6: using algorithm avx2x4 gen() 21799 MB/s
[    3.807042] raid6: using avx2x2 recovery algorithm
[    3.813084] xor: automatically using best checksumming function:
[    3.856064]    avx       : 24575.000 MB/sec
[    3.861133] async_tx: api initialized (async)
[    3.876536] md: raid6 personality registered for level 6
[    3.880117] md: raid5 personality registered for level 5
[    3.883524] md: raid4 personality registered for level 4
[    3.892227] md: raid10 personality registered for level 10
done.
Begin: Running /scripts/init-premount ... done.
Begin: Mounting root file system ... Begin: Running /scripts/local-top ... done.
Begin: Running /scripts/local-premount ... [    3.933876] Btrfs loaded
Scanning for Btrfs filesystems
done.
Warning: fsck not present, so skipping root file system
[    3.977996] EXT4-fs (xvda1): mounted filesystem with ordered data mode. Opts: (null)
done.
Begin: Running /scripts/local-bottom ... done.
Begin: Running /scripts/init-bottom ... done.
[    4.075845] systemd[1]: systemd 229 running in system mode. (+PAM +AUDIT +SELINUX +IMA +APPARMOR +SMACK +SYSVINIT +UTMP +LIBCRYPTSETUP +GCRYPT +GNUTLS +ACL +XZ -LZ4 +SECCOMP +BLKID +ELFUTILS +KMOD -IDN)
[    4.086661] systemd[1]: Detected virtualization xen.
[    4.089953] systemd[1]: Detected architecture x86-64.

Welcome to [1mUbuntu 16.04.4 LTS[0m!

[    4.099057] systemd[1]: Set hostname to <ubuntu>.
[    4.105198] systemd[1]: Initializing machine ID from random generator.
[    4.109548] systemd[1]: Installed transient /etc/machine-id file.
[    4.232180] systemd[1]: Created slice System Slice.
[[0;32m  OK  [0m] Created slice System Slice.
[    4.239732] systemd[1]: Created slice system-serial\x2dgetty.slice.
[[0;32m  OK  [0m] Created slice system-serial\x2dgetty.slice.
[    4.248010] systemd[1]: Listening on udev Kernel Socket.
[[0;32m  OK  [0m] Listening on udev Kernel Socket.
[    4.255238] systemd[1]: Listening on /dev/initctl Compatibility Named Pipe.
[[0;32m  OK  [0m] Listening on /dev/initctl Compatibility Named Pipe.
[    4.263794] systemd[1]: Listening on LVM2 metadata daemon socket.
[[0;32m  OK  [0m] Listening on LVM2 metadata daemon socket.
[    4.271707] systemd[1]: Listening on Journal Socket.
[[0;32m  OK  [0m] Listening on Journal Socket.
[    4.279835] systemd[1]: Starting Remount Root and Kernel File Systems...
         Starting Remount Root and Kernel File Systems...
[    4.290746] systemd[1]: Mounting Debug File System...
[    4.294318] EXT4-fs (xvda1): re-mounted. Opts: discard
         Mounting Debug File System...
[    4.303532] systemd[1]: Starting Create list of required static device nodes for the current kernel...
         Starting Create list of required st... nodes for the current kernel...
[    4.318209] systemd[1]: Starting Nameserver information manager...
         Starting Nameserver information manager...
[    4.329428] systemd[1]: Reached target Encrypted Volumes.
[[0;32m  OK  [0m] Reached target Encrypted Volumes.
[    4.337366] systemd[1]: Listening on LVM2 poll daemon socket.
[[0;32m  OK  [0m] Listening on LVM2 poll daemon socket.
[    4.346111] systemd[1]: Listening on udev Control Socket.
[[0;32m  OK  [0m] Listening on udev Control Socket.
[    4.354522] systemd[1]: Mounting POSIX Message Queue File System...
         Mounting POSIX Message Queue File System...
[    4.365130] systemd[1]: Starting Set console keymap...
         Starting Set console keymap...
[    4.374853] systemd[1]: Started Trigger resolvconf update for networkd DNS.
[[0;32m  OK  [0m] Started Trigger resolvconf update for networkd DNS.
[    4.392161] systemd[1]: Listening on Device-mapper event daemon FIFOs.
[[0;32m  OK  [0m] Listening on Device-mapper event daemon FIFOs.
[    4.408803] systemd[1]: Starting Monitoring of LVM2 mirrors, snapshots etc. using dmeventd or progress polling...
         Starting Monitoring of LVM2 mirrors... dmeventd or progress polling...
[    4.429076] systemd[1]: Started Forward Password Requests to Wall Directory Watch.
[[0;32m  OK  [0m] Started Forward Password Requests to Wall Directory Watch.
[    4.440829] systemd[1]: Reached target User and Group Name Lookups.
[[0;32m  OK  [0m] Reached target User and Group Name Lookups.
[    4.453357] systemd[1]: Starting Load Kernel Modules...
         Starting Load Kernel Modules...
[    4.466046] Loading iSCSI transport class v2.0-870.
[    4.469499] systemd[1]: Mounting Huge Pages File System...
         Mounting Huge Pages File System...
[    4.482862] iscsi: registered transport (tcp)
[    4.486211] systemd[1]: Set up automount Arbitrary Executable File Formats File System Automount Point.
[[0;32m  OK  [0m] Set up automount Arbitrary Executab...ats File System Automount Point.
[    4.503748] systemd[1]: Listening on Syslog Socket.
[[0;32m  OK  [0m] Listening on Syslog Socket.
[    4.512224] systemd[1]: Listening on Journal Audit Socket.
[[0;32m  OK  [0m] Listening on Journal Audit Socket.
[    4.523220] systemd[1]: Listening on Journal Socket (/dev/log).
[[0;32m  OK  [0m] Listening on Journal Socket (/dev/log).
[    4.535255] iscsi: registered transport (iser)
[    4.538514] systemd[1]: Starting Journal Service...
         Starting Journal Service...
[    4.548223] systemd[1]: Starting Uncomplicated firewall...
         Starting Uncomplicated firewall...
[    4.564387] systemd[1]: Created slice User and Session Slice.
[[0;32m  OK  [0m] Created slice User and Session Slice.
[    4.574984] systemd[1]: Reached target Slices.
[[0;32m  OK  [0m] Reached target Slices.
[    4.581572] systemd[1]: Reached target Swap.
[[0;32m  OK  [0m] Reached target Swap.
[    4.589759] systemd[1]: Mounted Huge Pages File System.
[[0;32m  OK  [0m] Mounted Huge Pages File System.
[    4.600259] systemd[1]: Mounted Debug File System.
[[0;32m  OK  [0m] Mounted Debug File System.
[    4.607237] systemd[1]: Mounted POSIX Message Queue File System.
[[0;32m  OK  [0m] Mounted POSIX Message Queue File System.
[    4.615102] systemd[1]: Started Journal Service.
[[0;32m  OK  [0m] Started Journal Service.
[[0;32m  OK  [0m] Started Remount Root and Kernel File Systems.
[[0;32m  OK  [0m] Started Create list of required sta...ce nodes for the current kernel.
[[0;32m  OK  [0m] Started Set console keymap.
[[0;32m  OK  [0m] Started Load Kernel Modules.
[[0;32m  OK  [0m] Started Uncomplicated firewall.
[[0;32m  OK  [0m] Started Nameserver information manager.
[[0;32m  OK  [0m] Started LVM2 metadata daemon.
         Mounting FUSE Control File System...
         Starting Apply Kernel Variables...
         Starting Create Static Device Nodes in /dev...
         Starting Load/Save Random Seed...
         Starting udev Coldplug all Devices...
         Starting Flush Journal to Persistent Storage...
[[0;32m  OK  [0m] Mounted FUSE Control File System.
[[0;32m  OK  [0m] Started Apply Kernel Variables.
[[0;32m  OK  [0m] Started Create Static Device Nodes in /dev.
[[0;32m  OK  [0m] Started Load/Save Random Seed.
[[0;32m  OK  [0m] Started Monitoring of LVM2 mirrors,...ng dmeventd or progress polling.
[[0;32m  OK  [0m] Started udev Coldplug all Devices.
[[0;32m  OK  [0m] Started Flush Journal to Persistent Storage.
         Starting udev Kernel Device Manager...
[[0;32m  OK  [0m] Started udev Kernel Device Manager.
[[0;32m  OK  [0m] Started Dispatch Password Requests to Console Directory Watch.
[[0;32m  OK  [0m] Reached target Local File Systems (Pre).
[[0;32m  OK  [0m] Reached target Local File Systems.
         Starting Commit a transient machine-id on disk...
         Starting Tell Plymouth To Write Out Runtime Data...
         Starting Set console font and keymap...
         Starting Initial cloud-init job (pre-networking)...
         Starting LSB: AppArmor initialization...
         Starting Create Volatile Files and Directories...
[[0;32m  OK  [0m] Started Commit a transient machine-id on disk.
[[0;32m  OK  [0m] Started Tell Plymouth To Write Out Runtime Data.
[[0;32m  OK  [0m] Started Create Volatile Files and Directories.
         Starting Update UTMP about System Boot/Shutdown...
         Starting Network Time Synchronization...
[[0;32m  OK  [0m] Started Update UTMP about System Boot/Shutdown.
[[0;32m  OK  [0m] Started Network Time Synchronization.
[[0;32m  OK  [0m] Reached target System Time Synchronized.
[[0;32m  OK  [0m] Found device /dev/ttyS0.
[[0;32m  OK  [0m] Listening on Load/Save RF Kill Switch Status /dev/rfkill Watch.
[[0;32m  OK  [0m] Started LSB: AppArmor initialization.
[    7.960804] cloud-init[[0;32m  OK  [0m] Started Initial cloud-init job (pre-networking).[482]: Cloud-init v. 18.2 running 'init-local' at Sat, 02 Jun 2018 12:32:56 +0000. Up 6.21 seconds.
[[0;32m  OK  [0m] Reached target Network (Pre).
         Starting Raise network interfaces...

[[0;32m  OK  [0m] Started Set console font and keymap.
[[0;32m  OK  [0m] Created slice system-getty.slice.
[[0;32m  OK  [0m] Started Raise network interfaces.
[[0;32m  OK  [0m] Reached target Network.
         Starting Initial cloud-init job (metadata service crawler)...
[   10.064463] cloud-init[1010]: Cloud-init v. 18.2 running 'init' at Sat, 02 Jun 2018 12:32:59 +0000. Up 9.42 seconds.
[   10.089732] cloud-init[1010]: ci-info: +++++++++++++++++++++++++++++++++++++Net device info++++++++++++++++++++++++++++++++++++++
[   10.112294] cloud-init[1010]: ci-info: +--------+------+----------------------------+---------------+-------+-------------------+
[   10.132274] cloud-init[1010]: ci-info: | Device |  Up  |          Address           |      Mask     | Scope |     Hw-Address    |[[0;32m  OK  [0m
[   10.145279] cloud-init] Started Initial cloud-init job (metadata service crawler).[1010]: ci-info: +--------+------+----------------------------+---------------+-------+-------------------+
[
[   10.174451] cloud-init[1010]: ci-info: |  eth0  | True |        172.31.7.163        | 255.255.240.0 |   .   | 02:e5:ad:4f:b2:74 |
[   10.182623] cloud-init[1010]: ci-info: |  eth0  | True | fe80::e5:adff:fe4f:b274/64 |       .       |  link | 02:e5:ad:4f:b2:74 |[0;32m  OK  [0m] Reached target System Initialization.
[[0;32m  OK  [0m] Started Daily apt download activities.
[   10.197212] cloud-init[1010]: ci-info: |   lo   | True |         127.0.0.1          |   255.0.0.0   |   .   |         .         |
[[0;32m  OK  [0m] Started Daily apt upgrade and clean activities.
[[0;32m  OK  [0m] 
[   10.209026] cloud-init[1010]: ci-info: |   lo   | True |          ::1/128           |       .       |  host |         .         |Started Daily Cleanup of Temporary Directories.
[[0;32m  OK  [0m] Reached target Timers.
         Starting Socket activation for snappy daemon.
[[0;32m  OK  [0m] 
[   10.224819] cloud-init[1010]: ci-info: +--------+------+----------------------------+---------------+-------+-------------------+Listening on D-Bus System Message Bus Socket.
[   10.233559] cloud-init[1010]: ci-info: ++++++++++++++++++++++++++++Route IPv4 info+++++++++++++++++++++++++++++

         Starting LXD - unix socket.
[   10.240425] cloud-init[1010]: ci-info: +-------+-------------+------------+---------------+-----------+-------+
[[0;32m  OK  [0m] Started ACPI Events Check.
[   10.255719] cloud-init[1010]: ci-info: | Route | Destination |  Gateway   |    Genmask    | Interface | Flags |[[0;32m  OK  [0m] Reached target Paths.
[[0;32m  OK  [0m] Listening on UUID daemon activation socket.
[
[   10.268745] cloud-init[1010]: ci-info: +-------+-------------+------------+---------------+-----------+-------+[0;32m  OK  [0m] Listening on ACPID Listen Socket.
[[0;32m  OK  [0m] Reached target Network is Online.
[   10.280628] cloud-init[1010]: ci-info: |   0   |   0.0.0.0   | 172.31.0.1 |    0.0.0.0    |    eth0   |   UG  |
         Starting iSCSI initiator daemon (iscsid)...
[   10.288971] cloud-init[1010]: ci-info: |   1   |  172.31.0.0 |  0.0.0.0   | 255.255.240.0 |    eth0   |   U   |
[[0;32m  OK  [0m] Reached target Cloud-config availability.
[[0;32m  OK  [0m] Listening on Socket activation for snappy daemon.
[   10.302974] cloud-init[1010]: 
[[0;32m  OK  [0mci-info: +-------+-------------+------------+---------------+-----------+-------+] Listening on LXD - unix socket.

[[0;32m  OK  [0m[   10.320770] cloud-init[1010]: Generating public/private rsa key pair.] Reached target Sockets.
[[0;32m  OK  [0m] Reached target Basic System.
[   10.330274] cloud-init[1010]: Your identification has been saved in /etc/ssh/ssh_host_rsa_key.
         Starting Apply the settings specified in cloud-config...
[   10.338214] cloud-init[1010]: Your public key has been saved in /etc/ssh/ssh_host_rsa_key.pub.
         Starting LSB: Record successful boot for GRUB...
[[0;32m  OK  [0m] Started Deferred execution scheduler.

         Starting Snappy daemon...
         Starting Login Service...[   10.368599] cloud-init[1010]: 
         Starting Pollinate to seed the pseudo random number generator...
The key fingerprint is:
[[0;32m  OK  [0m] Started Regular background program processing daemon.
         Starting Accounts Service...[   10.424874] 
[[0;32m  OK  [0m] cloud-initStarted FUSE filesystem for LXC.
[[0;32m  OK  [0m] Started ACPI event daemon.
[[0;32m  OK  [0m] Started D-Bus System Message Bus.[1010]: 
SHA256:+KU7fIidJmPsjKD7QW1CAL/5x9e6mHphXfHmtXrtUfs root@ip-172-31-7-163         Starting /etc/rc.local Compatibility...
[[0;32m  OK  [0m] Started Unattended Upgrades Shutdown.
         Starting LSB: MD monitoring daemon...
         Starting System Logging Service...

         Starting LXD - container startup/shutdown...
[[0;32m  OK  [0m] Started /etc/rc.local Compatibility.[   10.563323] cloud-init
[[0;32m  OK  [0m] Started iSCSI initiator daemon (iscsid).
[[0;32m  OK  [0m] Started System Logging Service.
[1010]: The key's randomart image is:
[[0;32m  OK  [0m] Started LSB: Record successful boot for GRUB.
[[0;32m  OK  [0m] Started Snappy daemon.
[   10.695803] cloud-init[1010]: +---[RSA 2048]----+[[0;32m  OK  [0m] Started Login Service.
[[0;32m  OK  [0m
] Started LSB: MD monitoring daemon.
         Starting Authenticate and Authorize Users to Run Privileged Tasks...[   10.785792] 
cloud-init         Starting Login to default iSCSI targets...
[1010]: |+                |[[0;32m  OK  [0m] Started LXD - container startup/shutdown.
[[0;32m  OK  [0m] Started Authenticate and Authorize Users to Run Privileged Tasks.
[[0;32m  OK  [0m] Started Accounts Service.
[[0;32m  OK  [0m] Started Login to default iSCSI targets.

[[0;32m  OK  [0m] Reached target Remote File Systems (Pre).[   10.929963] cloud-init
[[0;32m  OK  [0m] Reached target Remote File Systems.
         Starting LSB: Set the CPU Frequency Scaling governor to "ondemand"...[1010]: | o        .      |

         [   10.971504] Starting LSB: automatic crash report generation...
         Starting LSB: daemon to balance interrupts for SMP systems...cloud-init
         Starting Permit User Sessions...
[1010]: [[0;32m  OK  [0m] Started Permit User Sessions.|  o        o     |
[[0;32m  OK  [0m
] Started LSB: Set the CPU Frequency Scaling governor to "ondemand".[   11.043923] 
cloud-init[1010]:          Starting Terminate Plymouth Boot Screen...
         Starting Hold until boot process finishes up...
[[0;32m  OK  [0m] Started Terminate Plymouth Boot Screen.
[[0;32m  OK  [0m] Started LSB: automatic crash report generation.
[[0;32m  OK  [0m] Started LSB: daemon to balance interrupts for SMP systems.
[[0;32m  OK  [0m] Started Hold until boot process finishes up.| . +   .  . o .  |
[   11.158377] cloud-init[1010]: 
[[0;32m  OK  [0m] Started Getty on tty1.|  = o ..S..o . ..|
[   11.188249] cloud-init[1010]: | . + .o..+  . . o|
[[0;32m  OK  [0m] Started Serial Getty on ttyS0.
[[0;32m  OK  [0m] Reached target Login Prompts.
[   11.202606] 
         Starting Set console scheme...
cloud-init[1010]: |  o .oo=+o.  . + |
[[0;32m  OK  [0m] Started Set console scheme.
[   11.239621] cloud-init[1010]: | . o +B+Bo. . . +|
[   11.253051] cloud-init[1010]: |oo. o==+++   . .E|
[   11.262212] cloud-init[1010]: +----[SHA256]-----+
[   11.284354] cloud-init[1010]: Generating public/private dsa key pair.[[0;32m  OK  [0m] Started Pollinate to seed the pseudo random number generator.
         Starting OpenBSD Secure Shell server...
[   11.344081] cloud-init[1010]: Your identification has been saved in /etc/ssh/ssh_host_dsa_key.

[[0;32m  OK  [0m] Started OpenBSD Secure Shell server.
[   11.370268] [[0;32m  OK  [0mcloud-init[1010]: Your public key has been saved in /etc/ssh/ssh_host_dsa_key.pub.] Reached target Multi-User System.
[[0;32m  OK  [0m] Reached target Graphical Interface.

[   11.440866] cloud-init[1010]: The key fingerprint is:
         Starting Update UTMP about System Runlevel Changes...
[[0;32m  OK  [0m] Started Update UTMP about System Runlevel Changes.
[   11.480306] cloud-init[1010]: SHA256:MvEKu1neoavMtA0d2zwmx/AcaSIbxsbKaQbKTPqGL30 root@ip-172-31-7-163
[   11.494974] cloud-init[1010]: The key's randomart image is:
[   11.512714] cloud-init[1010]: +---[DSA 1024]----+
[   11.548036] cloud-init[1010]: |                 |
[   11.557896] cloud-init[1010]: |                 |
[   11.569881] cloud-init[1010]: |      .          |
[   11.580489] cloud-init[1010]: |   o   o .       |
[   11.608252] cloud-init[1010]: |..  O * S        |
[   11.622346] cloud-init[1010]: |*o = B / .       |
[   11.640255] cloud-init[1010]: |o=* = * @        |
[   11.648520] cloud-init[1010]: |o+o+EO * o       |
[   11.656830] cloud-init[1010]: | +o.B.=..        |
[   11.664893] cloud-init[1010]: +----[SHA256]-----+
[   11.676087] cloud-init[1010]: Generating public/private ecdsa key pair.
[   11.684979] cloud-init[1010]: Your identification has been saved in /etc/ssh/ssh_host_ecdsa_key.
[   11.700260] cloud-init[1010]: Your public key has been saved in /etc/ssh/ssh_host_ecdsa_key.pub.
[   11.713098] cloud-init[1010]: The key fingerprint is:
[   11.720972] cloud-init[1010]: SHA256:1EP9zWebSsaBPg7mgdYI2aRgpWrw54ktRhS9kUDwkoo root@ip-172-31-7-163
[   11.736203] cloud-init[1010]: The key's randomart image is:
[   11.744391] cloud-init[1010]: +---[ECDSA 256]---+
[   11.764273] cloud-init[1010]: |.o+o.o    ..     |
[   11.789069] cloud-init[1010]: | o +=  . o  .    |
[   11.797032] cloud-init[1010]: |+ +..o= . o .. o |
[   11.808252] cloud-init[1010]: |++. .+ o   o .. =|
[   11.815969] cloud-init[1010]: |Eoo . . S . . ..+|
[   11.830083] cloud-init[1010]: |.. = . + = o + o |
[   11.861064] cloud-init[1010]: |  + + . o + + .  |
[   11.872787] cloud-init[1010]: | . .     . . .   |
[   11.881016] cloud-init[1010]: |                 |
[   11.887251] cloud-init[1010]: +----[SHA256]-----+
[   11.891729] cloud-init[1010]: Generating public/private ed25519 key pair.
[   11.898247] cloud-init[1010]: Your identification has been saved in /etc/ssh/ssh_host_ed25519_key.
[   11.904676] cloud-init[1010]: Your public key has been saved in /etc/ssh/ssh_host_ed25519_key.pub.
[   11.910997] cloud-init[1010]: The key fingerprint is:
[   11.915234] cloud-init[1010]: SHA256:ZSf4Ry74KtsFjnQBn6XBC5j1iu4OUE6QhzKnjlwj5BQ root@ip-172-31-7-163
[   11.921819] cloud-init[1010]: The key's randomart image is:
[   11.927632] cloud-init[1010]: +--[ED25519 256]--+
[   11.938375] cloud-init[1010]: |.E.  +o.. .      |
[   11.946365] cloud-init[1010]: |=+o o .+.*       |
[   11.962876] cloud-init[1010]: |==o    .B.+ o    |
[   11.971258] cloud-init[1010]: |.* o . ..* =     |
[   11.984262] cloud-init[1010]: |= + o o S o o    |
[   12.010147] cloud-init[1010]: |.+ . . + o o     |
[   12.025130] cloud-init[1010]: |  . . . . o      |
[   12.033852] cloud-init[1010]: |   o  .. o       |
[   12.046706] cloud-init[1010]: |   .o .oo        |
[   12.066133] cloud-init[1010]: +----[SHA256]-----+
[   12.129173] cloud-init[1078]: Generating locales (this might take a while)...
[   12.835043] cloud-init[1078]:   en_US.UTF-8... done
[   12.860383] cloud-init[1078]: Generation complete.
[   13.166212] cloud-init[1078]: Cloud-init v. 18.2 running 'modules:config' at Sat, 02 Jun 2018 12:33:01 +0000. Up 11.76 seconds.
[[0;32m  OK  [0m] Started Apply the settings specified in cloud-config.
         Starting Execute cloud user/final scripts...
ci-info: no authorized ssh keys fingerprints found for user ubuntu.
<14>Jun  2 12:33:03 ec2: 
<14>Jun  2 12:33:03 ec2: #############################################################
<14>Jun  2 12:33:03 ec2: -----BEGIN SSH HOST KEY FINGERPRINTS-----
<14>Jun  2 12:33:03 ec2: 1024 SHA256:MvEKu1neoavMtA0d2zwmx/AcaSIbxsbKaQbKTPqGL30 root@ip-172-31-7-163 (DSA)
<14>Jun  2 12:33:03 ec2: 256 SHA256:1EP9zWebSsaBPg7mgdYI2aRgpWrw54ktRhS9kUDwkoo root@ip-172-31-7-163 (ECDSA)
<14>Jun  2 12:33:03 ec2: 256 SHA256:ZSf4Ry74KtsFjnQBn6XBC5j1iu4OUE6QhzKnjlwj5BQ root@ip-172-31-7-163 (ED25519)
<14>Jun  2 12:33:03 ec2: 2048 SHA256:+KU7fIidJmPsjKD7QW1CAL/5x9e6mHphXfHmtXrtUfs root@ip-172-31-7-163 (RSA)
<14>Jun  2 12:33:03 ec2: -----END SSH HOST KEY FINGERPRINTS-----
<14>Jun  2 12:33:03 ec2: #############################################################
-----BEGIN SSH HOST KEY KEYS-----
ecdsa-sha2-nistp256 AAAAE2VjZHNhLXNoYTItbmlzdHAyNTYAAAAIbmlzdHAyNTYAAABBBMt36RzIDq0HaaybUysMJBxuwz77lLQ6NtbiIItqpe8J7bbVyXzdKd8zPd1oEj/r88a0BGqIcc4ngPI6ZmwC/sk= root@ip-172-31-7-163
ssh-ed25519 AAAAC3NzaC1lZDI1NTE5AAAAIKj/l6Ha5jqJHjTijjNel1msYwRVesWYJJ8wcdUH04MW root@ip-172-31-7-163
ssh-rsa AAAAB3NzaC1yc2EAAAADAQABAAABAQDUGIvroO+/qQgD4yjhi/qMQo347LIhqTeN72YRAliA8vC/QT8JMMWvEMNAU1Se1vX9iv5gydXZYAZG/bfNzWdR+HXIo/HXxMlUo1AHbn88dw5ultXJ2bWCd+et87enxxhErWFSR45c/jwBCUjxEy86LNHUIo87FS7JRGLVvIl7m5MlVxeyPFuIxqYdKVVUSoANdJKR6dfVKcCPMPPj926BVZ3nvHM6cWAfsJv28w/1f7utuF91/Q9VQ2i/uOnbr8XXeQ5QD8Oq2Y310GrMgR33W8gEdKFIBk6+un1x3eMkRbNDmSrqahK51ZC+MMZ59+H1Zj+WUnxmLC9IqZ/1wIRj root@ip-172-31-7-163
-----END SSH HOST KEY KEYS-----
[   13.719328] cloud-init[1333]: Cloud-init v. 18.2 running 'modules:final' at Sat, 02 Jun 2018 12:33:03 +0000. Up 13.46 seconds.
[   13.737161] cloud-init[1333]: ci-info: no authorized ssh keys fingerprints found for user ubuntu.
[   13.756075] cloud-init[1333]: Cloud-init v. 18.2 finished at Sat, 02 Jun 2018 12:33:03 +0000. Datasource DataSourceEc2Local.  Up 13.71 seconds
[[0;32m  OK  [0m] Started Execute cloud user/final scripts.
[[0;32m  OK  [0m] Reached target Cloud-init target.

Ubuntu 16.04.4 LTS ip-172-31-7-163 ttyS0

ip-172-31-7-163 login: 

TestTerraformRedeployExample 2018-06-02T14:38:21+02:00 terraform_redeploy_example_test.go:156: Most recent syslog for Instance i-0f0fd3cbaaf8b695a:

[    0.127138] ftrace: allocating 31342 entries in 123 pages
[    0.172094] smpboot: APIC(0) Converting physical 0 to logical package 0
[    0.176005] smpboot: Max logical packages: 15
[    0.180803] x2apic: IRQ remapping doesn't support X2APIC mode
[    0.184003] Switched APIC routing to physical flat.
[    0.190569] ..TIMER: vector=0x30 apic1=0 pin1=2 apic2=0 pin2=0
[    0.196004] clocksource: xen: mask: 0xffffffffffffffff max_cycles: 0x1cd42e4dffb, max_idle_ns: 881590591483 ns
[    0.200018] installing Xen timer for CPU 0
[    0.204071] smpboot: CPU0: Intel(R) Xeon(R) CPU E5-2676 v3 @ 2.40GHz (family: 0x6, model: 0x3f, stepping: 0x2)
[    0.212040] cpu 0 spinlock event irq 53
[    0.215171] Performance Events: unsupported p6 CPU model 63 no PMU driver, software events only.
[    0.220705] x86: Booted up 1 node, 1 CPUs
[    0.223891] smpboot: Total of 1 processors activated (4800.06 BogoMIPS)
[    0.224010] NMI watchdog: disabled (cpu0): hardware events not enabled
[    0.228003] NMI watchdog: Shutting down hard lockup detector on all cpus
[    0.232397] devtmpfs: initialized
[    0.236613] evm: security.selinux
[    0.239572] evm: security.SMACK64
[    0.240006] evm: security.SMACK64EXEC
[    0.243087] evm: security.SMACK64TRANSMUTE
[    0.244004] evm: security.SMACK64MMAP
[    0.247395] evm: security.ima
[    0.248006] evm: security.capability
[    0.251101] clocksource: jiffies: mask: 0xffffffff max_cycles: 0xffffffff, max_idle_ns: 7645041785100000 ns
[    0.252034] futex hash table entries: 4096 (order: 6, 262144 bytes)
[    0.256248] RTC time: 12:32:42, date: 06/02/18
[    0.260060] NET: Registered protocol family 16
[    0.264143] cpuidle: using governor ladder
[    0.268010] cpuidle: using governor menu
[    0.272008] PCCT header not found.
[    0.276083] ACPI: bus type PCI registered
[    0.280005] acpiphp: ACPI Hot Plug PCI Controller Driver version: 0.5
[    0.284380] PCI: Using configuration type 1 for base access
[    0.289064] ACPI: Added _OSI(Module Device)
[    0.292005] ACPI: Added _OSI(Processor Device)
[    0.295463] ACPI: Added _OSI(3.0 _SCP Extensions)
[    0.296005] ACPI: Added _OSI(Processor Aggregator Device)
[    0.303838] ACPI: Interpreter enabled
[    0.304017] ACPI: (supports S0 S4 S5)
[    0.307003] ACPI: Using IOAPIC for interrupt routing
[    0.308037] PCI: Using host bridge windows from ACPI; if necessary, use "pci=nocrs" and report a bug
[    0.360535] ACPI: PCI Root Bridge [PCI0] (domain 0000 [bus 00-ff])
[    0.364015] acpi PNP0A03:00: _OSC: OS supports [ASPM ClockPM Segments MSI]
[    0.368016] acpi PNP0A03:00: _OSC failed (AE_NOT_FOUND); disabling ASPM
[    0.372015] acpi PNP0A03:00: fail to add MMCONFIG information, can't access extended PCI configuration space under this bridge.
[    0.376908] acpiphp: Slot [0] registered
[    0.380948] acpiphp: Slot [3] registered
[    0.384348] acpiphp: Slot [4] registered
[    0.388068] acpiphp: Slot [5] registered
[    0.391726] acpiphp: Slot [6] registered
[    0.392326] acpiphp: Slot [7] registered
[    0.396342] acpiphp: Slot [8] registered
[    0.399969] acpiphp: Slot [9] registered
[    0.400334] acpiphp: Slot [10] registered
[    0.404000] acpiphp: Slot [11] registered
[    0.404321] acpiphp: Slot [12] registered
[    0.407992] acpiphp: Slot [13] registered
[    0.408321] acpiphp: Slot [14] registered
[    0.412369] acpiphp: Slot [15] registered
[    0.416000] acpiphp: Slot [16] registered
[    0.416325] acpiphp: Slot [17] registered
[    0.420000] acpiphp: Slot [18] registered
[    0.420345] acpiphp: Slot [19] registered
[    0.424000] acpiphp: Slot [20] registered
[    0.424340] acpiphp: Slot [21] registered
[    0.428055] acpiphp: Slot [22] registered
[    0.431563] acpiphp: Slot [23] registered
[    0.432317] acpiphp: Slot [24] registered
[    0.435984] acpiphp: Slot [25] registered
[    0.436325] acpiphp: Slot [26] registered
[    0.440245] acpiphp: Slot [27] registered
[    0.444015] acpiphp: Slot [28] registered
[    0.447794] acpiphp: Slot [29] registered
[    0.448299] acpiphp: Slot [30] registered
[    0.451888] acpiphp: Slot [31] registered
[    0.452351] PCI host bridge to bus 0000:00
[    0.455746] pci_bus 0000:00: root bus resource [io  0x0000-0x0cf7 window]
[    0.456008] pci_bus 0000:00: root bus resource [io  0x0d00-0xffff window]
[    0.460005] pci_bus 0000:00: root bus resource [mem 0x000a0000-0x000bffff window]
[    0.464008] pci_bus 0000:00: root bus resource [mem 0xf0000000-0xfbffffff window]
[    0.468005] pci_bus 0000:00: root bus resource [bus 00-ff]
[    0.478182] pci 0000:00:01.1: legacy IDE quirk: reg 0x10: [io  0x01f0-0x01f7]
[    0.480007] pci 0000:00:01.1: legacy IDE quirk: reg 0x14: [io  0x03f6]
[    0.484005] pci 0000:00:01.1: legacy IDE quirk: reg 0x18: [io  0x0170-0x0177]
[    0.488004] pci 0000:00:01.1: legacy IDE quirk: reg 0x1c: [io  0x0376]
[    0.492987] * Found PM-Timer Bug on the chipset. Due to workarounds for a bug,
[    0.492987] * this clock source is slow. Consider trying other clock sources
[    0.497508] pci 0000:00:01.3: quirk: [io  0xb000-0xb03f] claimed by PIIX4 ACPI
[    0.507187] ACPI: PCI Interrupt Link [LNKA] (IRQs *5 10 11)
[    0.511753] ACPI: PCI Interrupt Link [LNKB] (IRQs 5 *10 11)
[    0.515661] ACPI: PCI Interrupt Link [LNKC] (IRQs 5 10 *11)
[    0.519712] ACPI: PCI Interrupt Link [LNKD] (IRQs *5 10 11)
[    0.542271] ACPI: Enabled 2 GPEs in block 00 to 0F
[    0.544073] xen:balloon: Initialising balloon driver
[    0.552299] vgaarb: setting as boot device: PCI:0000:00:02.0
[    0.556000] vgaarb: device added: PCI:0000:00:02.0,decodes=io+mem,owns=io+mem,locks=none
[    0.556009] vgaarb: loaded
[    0.560006] vgaarb: bridge control possible 0000:00:02.0
[    0.564218] SCSI subsystem initialized
[    0.567795] ACPI: bus type USB registered
[    0.568024] usbcore: registered new interface driver usbfs
[    0.572022] usbcore: registered new interface driver hub
[    0.576029] usbcore: registered new device driver usb
[    0.580044] PCI: Using ACPI for IRQ routing
[    0.583988] NetLabel: Initializing
[    0.584006] NetLabel:  domain hash size = 128
[    0.587459] NetLabel:  protocols = UNLABELED CIPSOv4
[    0.588024] NetLabel:  unlabeled traffic allowed by default
[    0.592100] HPET: 3 timers in total, 0 timers will be used for per-cpu timer
[    0.596021] hpet0: at MMIO 0xfed00000, IRQs 2, 8, 0
[    0.600921] hpet0: 3 comparators, 64-bit 62.500000 MHz counter
[    0.607081] amd_nb: Cannot enumerate AMD northbridges
[    0.608020] clocksource: Switched to clocksource xen
[    0.617181] AppArmor: AppArmor Filesystem Enabled
[    0.621319] pnp: PnP ACPI init
[    0.624124] system 00:00: [mem 0x00000000-0x0009ffff] could not be reserved
[    0.629346] system 00:01: [io  0x08a0-0x08a3] has been reserved
[    0.633968] system 00:01: [io  0x0cc0-0x0ccf] has been reserved
[    0.638486] system 00:01: [io  0x04d0-0x04d1] has been reserved
[    0.643231] system 00:07: [io  0x10c0-0x1141] has been reserved
[    0.647780] system 00:07: [io  0xb044-0xb047] has been reserved
[    0.671218] pnp: PnP ACPI: found 8 devices
[    0.680014] clocksource: acpi_pm: mask: 0xffffff max_cycles: 0xffffff, max_idle_ns: 2085701024 ns
[    0.686728] NET: Registered protocol family 2
[    0.690313] TCP established hash table entries: 8192 (order: 4, 65536 bytes)
[    0.695620] TCP bind hash table entries: 8192 (order: 5, 131072 bytes)
[    0.700206] TCP: Hash tables configured (established 8192 bind 8192)
[    0.704998] UDP hash table entries: 512 (order: 2, 16384 bytes)
[    0.710083] UDP-Lite hash table entries: 512 (order: 2, 16384 bytes)
[    0.714900] NET: Registered protocol family 1
[    0.718346] pci 0000:00:00.0: Limiting direct PCI/PCI transfers
[    0.722812] pci 0000:00:01.0: PIIX3: Enabling Passive Release
[    0.727186] pci 0000:00:01.0: Activating ISA DMA hang workarounds
[    0.732046] Trying to unpack rootfs image as initramfs...
[    0.915706] Freeing initrd memory: 12404K
[    0.919355] RAPL PMU detected, API unit is 2^-32 Joules, 3 fixed counters 655360 ms ovfl timer
[    0.926636] hw unit of domain pp0-core 2^-14 Joules
[    0.930669] hw unit of domain package 2^-14 Joules
[    0.934566] hw unit of domain dram 2^-16 Joules
[    0.938374] Scanning for low memory corruption every 60 seconds
[    0.943467] audit: initializing netlink subsys (disabled)
[    0.948106] audit: type=2000 audit(1527942762.829:1): initialized
[    0.952881] Initialise system trusted keyring
[    0.956847] HugeTLB registered 2 MB page size, pre-allocated 0 pages
[    0.962983] zbud: loaded
[    0.965660] VFS: Disk quotas dquot_6.6.0
[    0.968900] VFS: Dquot-cache hash table entries: 512 (order 0, 4096 bytes)
[    0.973971] squashfs: version 4.0 (2009/01/31) Phillip Lougher
[    0.978639] fuse init (API version 7.23)
[    0.981993] Key type big_key registered
[    0.985160] Allocating IMA MOK and blacklist keyrings.
[    0.989339] Key type asymmetric registered
[    0.992808] Asymmetric key parser 'x509' registered
[    0.996740] Block layer SCSI generic (bsg) driver version 0.4 loaded (major 249)
[    1.002674] io scheduler noop registered
[    1.005968] io scheduler deadline registered (default)
[    1.010006] io scheduler cfq registered
[    1.013378] pci_hotplug: PCI Hot Plug PCI Core version: 0.5
[    1.017628] pciehp: PCI Express Hot Plug Controller Driver version: 0.4
[    1.022620] input: Power Button as /devices/LNXSYSTM:00/LNXPWRBN:00/input/input0
[    1.028303] ACPI: Power Button [PWRF]
[    1.031386] input: Sleep Button as /devices/LNXSYSTM:00/LNXSLPBN:00/input/input1
[    1.037223] ACPI: Sleep Button [SLPF]
[    1.040809] xen:grant_table: Grant tables using version 1 layout
[    1.045519] Grant table initialized
[    1.048784] Cannot get hvm parameter CONSOLE_EVTCHN (18): -22!
[    1.053198] Serial: 8250/16550 driver, 4 ports, IRQ sharing enabled
[    1.086450] 00:06: ttyS0 at I/O 0x3f8 (irq = 4, base_baud = 115200) is a 16550A
[    1.093835] Linux agpgart interface v0.103
[    1.099117] brd: module loaded
[    1.102841] loop: module loaded
[    1.106208] Invalid max_queues (4), will use default max: 1.
[    1.115350] scsi host0: ata_piix
[    1.118616] scsi host1: ata_piix
[    1.123823] ata1: PATA max MWDMA2 cmd 0x1f0 ctl 0x3f6 bmdma 0xc100 irq 14
[    1.130841] ata2: PATA max MWDMA2 cmd 0x170 ctl 0x376 bmdma 0xc108 irq 15
[    1.138415] libphy: Fixed MDIO Bus: probed
[    1.147046] tun: Universal TUN/TAP device driver, 1.6
[    1.155018] tun: (C) 1999-2004 Max Krasnyansky <maxk@qualcomm.com>
[    1.159589] PPP generic driver version 2.4.2
[    1.163346] xen_netfront: Initialising Xen virtual ethernet driver
[    1.169473] blkfront: xvda: barrier or flush: disabled; persistent grants: disabled; indirect descriptors: enabled;
[    1.178702] ehci_hcd: USB 2.0 'Enhanced' Host Controller (EHCI) Driver
[    1.184400] ehci-pci: EHCI PCI platform driver
[    1.189353] ehci-platform: EHCI generic platform driver
[    1.193731] ohci_hcd: USB 1.1 'Open' Host Controller (OHCI) Driver
[    1.198579] ohci-pci: OHCI PCI platform driver
[    1.203684] ohci-platform: OHCI generic platform driver
[    1.207849]  xvda: xvda1
[    1.210363] uhci_hcd: USB Universal Host Controller Interface driver
[    1.215372] i8042: PNP: PS/2 Controller [PNP0303:PS2K,PNP0f13:PS2M] at 0x60,0x64 irq 1,12
[    1.226723] serio: i8042 KBD port at 0x60,0x64 irq 1
[    1.230584] serio: i8042 AUX port at 0x60,0x64 irq 12
[    1.235164] mousedev: PS/2 mouse device common for all mice
[    1.258657] input: AT Translated Set 2 keyboard as /devices/platform/i8042/serio0/input/input2
[    1.265716] rtc_cmos 00:02: rtc core: registered rtc_cmos as rtc0
[    1.271004] rtc_cmos 00:02: alarms up to one day, 114 bytes nvram, hpet irqs
[    1.278385] i2c /dev entries driver
[    1.285299] device-mapper: uevent: version 1.0.3
[    1.289435] device-mapper: ioctl: 4.34.0-ioctl (2015-10-28) initialised: dm-devel@redhat.com
[    1.297747] NET: Registered protocol family 10
[    1.301853] NET: Registered protocol family 17
[    1.307033] Key type dns_resolver registered
[    1.311059] registered taskstats version 1
[    1.318529] Loading compiled-in X.509 certificates
[    1.323644] Loaded X.509 cert 'Build time autogenerated kernel key: ae0d9fee363f3babb6e358452e6c0c8b65099724'
[    1.331225] zswap: loaded using pool lzo/zbud
[    1.336402] Key type trusted registered
[    1.341738] Key type encrypted registered
[    1.345008] AppArmor: AppArmor sha1 policy hashing enabled
[    1.349311] ima: No TPM chip found, activating TPM-bypass!
[    1.353477] evm: HMAC attrs: 0x1
[    1.356971]   Magic number: 6:897:530
[    1.360199] rtc_cmos 00:02: setting system clock to 2018-06-02 12:32:43 UTC (1527942763)
[    1.366500] BIOS EDD facility v0.16 2004-Jun-25, 0 devices found
[    1.370988] EDD information not available.
[    1.376256] Freeing unused kernel memory: 1496K
[    1.379963] Write protecting the kernel read-only data: 14336k
[    1.385004] Freeing unused kernel memory: 1868K
[    1.388963] Freeing unused kernel memory: 212K
Loading, please wait...
starting version 229
[    1.405455] random: udevadm: uninitialized urandom read (16 bytes read, 9 bits of entropy available)
[    1.412907] random: systemd-udevd: uninitialized urandom read (16 bytes read, 9 bits of entropy available)
[    1.420957] random: systemd-udevd: uninitialized urandom read (16 bytes read, 9 bits of entropy available)
[    1.436051] random: udevadm: uninitialized urandom read (16 bytes read, 9 bits of entropy available)
[    1.448714] random: systemd-udevd: uninitialized urandom read (16 bytes read, 9 bits of entropy available)
[    1.457425] random: udevadm: uninitialized urandom read (16 bytes read, 9 bits of entropy available)
[    1.464432] random: systemd-udevd: uninitialized urandom read (16 bytes read, 9 bits of entropy available)
[    1.471765] random: udevadm: uninitialized urandom read (16 bytes read, 9 bits of entropy available)
[    1.479281] random: systemd-udevd: uninitialized urandom read (16 bytes read, 9 bits of entropy available)
[    1.486949] random: udevadm: uninitialized urandom read (16 bytes read, 9 bits of entropy available)
[    1.614738] AVX2 version of gcm_enc/dec engaged.
[    1.618582] AES CTR mode by8 optimization enabled
[    1.936127] tsc: Refined TSC clocksource calibration: 2400.000 MHz
[    1.941065] clocksource: tsc: mask: 0xffffffffffffffff max_cycles: 0x22983777dd9, max_idle_ns: 440795300422 ns
Begin: Loading essential drivers ... [    3.199763] md: linear personality registered for level -1
[    3.208389] md: multipath personality registered for level -4
[    3.217392] md: raid0 personality registered for level 0
[    3.226095] md: raid1 personality registered for level 1
[    3.284068] raid6: sse2x1   gen()  8275 MB/s
[    3.336063] raid6: sse2x1   xor()  6467 MB/s
[    3.388059] raid6: sse2x2   gen() 10529 MB/s
[    3.436062] raid6: sse2x2   xor()  7049 MB/s
[    3.484062] raid6: sse2x4   gen() 12241 MB/s
[    3.532062] raid6: sse2x4   xor()  8497 MB/s
[    3.580061] raid6: avx2x1   gen() 16212 MB/s
[    3.628062] raid6: avx2x2   gen() 19166 MB/s
[    3.676062] raid6: avx2x4   gen() 22090 MB/s
[    3.679149] raid6: using algorithm avx2x4 gen() 22090 MB/s
[    3.682971] raid6: using avx2x2 recovery algorithm
[    3.688294] xor: automatically using best checksumming function:
[    3.732062]    avx       : 24953.000 MB/sec
[    3.737353] async_tx: api initialized (async)
[    3.751532] md: raid6 personality registered for level 6
[    3.755337] md: raid5 personality registered for level 5
[    3.759379] md: raid4 personality registered for level 4
[    3.767990] md: raid10 personality registered for level 10
done.
Begin: Running /scripts/init-premount ... done.
Begin: Mounting root file system ... Begin: Running /scripts/local-top ... done.
Begin: Running /scripts/local-premount ... [    3.811686] Btrfs loaded
Scanning for Btrfs filesystems
done.
Warning: fsck not present, so skipping root file system
[    3.857151] EXT4-fs (xvda1): mounted filesystem with ordered data mode. Opts: (null)
done.
Begin: Running /scripts/local-bottom ... done.
Begin: Running /scripts/init-bottom ... done.
[    3.951763] systemd[1]: systemd 229 running in system mode. (+PAM +AUDIT +SELINUX +IMA +APPARMOR +SMACK +SYSVINIT +UTMP +LIBCRYPTSETUP +GCRYPT +GNUTLS +ACL +XZ -LZ4 +SECCOMP +BLKID +ELFUTILS +KMOD -IDN)
[    3.963208] systemd[1]: Detected virtualization xen.
[    3.966693] systemd[1]: Detected architecture x86-64.

Welcome to [1mUbuntu 16.04.4 LTS[0m!

[    3.976071] systemd[1]: Set hostname to <ubuntu>.
[    3.982208] systemd[1]: Initializing machine ID from random generator.
[    3.986480] systemd[1]: Installed transient /etc/machine-id file.
[    4.102646] systemd[1]: Listening on LVM2 poll daemon socket.
[[0;32m  OK  [0m] Listening on LVM2 poll daemon socket.
[    4.111294] systemd[1]: Listening on udev Control Socket.
[[0;32m  OK  [0m] Listening on udev Control Socket.
[    4.118685] systemd[1]: Started Trigger resolvconf update for networkd DNS.
[[0;32m  OK  [0m] Started Trigger resolvconf update for networkd DNS.
[    4.127839] systemd[1]: Created slice User and Session Slice.
[[0;32m  OK  [0m] Created slice User and Session Slice.
[    4.135848] systemd[1]: Listening on /dev/initctl Compatibility Named Pipe.
[[0;32m  OK  [0m] Listening on /dev/initctl Compatibility Named Pipe.
[    4.144879] systemd[1]: Listening on Journal Socket.
[[0;32m  OK  [0m] Listening on Journal Socket.
[    4.152511] systemd[1]: Listening on LVM2 metadata daemon socket.
[[0;32m  OK  [0m] Listening on LVM2 metadata daemon socket.
[    4.160479] systemd[1]: Reached target Encrypted Volumes.
[[0;32m  OK  [0m] Reached target Encrypted Volumes.
[    4.168081] systemd[1]: Listening on udev Kernel Socket.
[[0;32m  OK  [0m] Listening on udev Kernel Socket.
[    4.175630] systemd[1]: Listening on Journal Socket (/dev/log).
[[0;32m  OK  [0m] Listening on Journal Socket (/dev/log).
[    4.183738] systemd[1]: Listening on Syslog Socket.
[[0;32m  OK  [0m] Listening on Syslog Socket.
[    4.190984] systemd[1]: Started Forward Password Requests to Wall Directory Watch.
[[0;32m  OK  [0m] Started Forward Password Requests to Wall Directory Watch.
[    4.200946] systemd[1]: Reached target User and Group Name Lookups.
[[0;32m  OK  [0m] Reached target User and Group Name Lookups.
[    4.209372] systemd[1]: Listening on Journal Audit Socket.
[[0;32m  OK  [0m] Listening on Journal Audit Socket.
[    4.216933] systemd[1]: Reached target Swap.
[[0;32m  OK  [0m] Reached target Swap.
[    4.223478] systemd[1]: Listening on Device-mapper event daemon FIFOs.
[[0;32m  OK  [0m] Listening on Device-mapper event daemon FIFOs.
[    4.232165] systemd[1]: Created slice System Slice.
[[0;32m  OK  [0m] Created slice System Slice.
[    4.239730] systemd[1]: Starting Remount Root and Kernel File Systems...
         Starting Remount Root and Kernel File Systems...
[    4.251718] systemd[1]: Starting Create list of required static device nodes for the current kernel...
[    4.257861] EXT4-fs (xvda1): re-mounted. Opts: discard
         Starting Create list of required st... nodes for the current kernel...
[    4.269047] systemd[1]: Mounting POSIX Message Queue File System...
         Mounting POSIX Message Queue File System...
[    4.280197] systemd[1]: Starting Monitoring of LVM2 mirrors, snapshots etc. using dmeventd or progress polling...
         Starting Monitoring of LVM2 mirrors... dmeventd or progress polling...
[    4.293456] systemd[1]: Starting Journal Service...
         Starting Journal Service...
[    4.303438] systemd[1]: Created slice system-serial\x2dgetty.slice.
[[0;32m  OK  [0m] Created slice system-serial\x2dgetty.slice.
[    4.321411] systemd[1]: Starting Set console keymap...
         Starting Set console keymap...
[    4.332163] systemd[1]: Starting Nameserver information manager...
         Starting Nameserver information manager...
[    4.348599] systemd[1]: Starting Uncomplicated firewall...
         Starting Uncomplicated firewall...
[    4.366482] systemd[1]: Starting Load Kernel Modules...
         Starting Load Kernel Modules...
[    4.380606] systemd[1]: Mounting Debug File System...
         Mounting Debug File System...
[    4.394402] Loading iSCSI transport class v2.0-870.
[    4.399114] systemd[1]: Mounting Huge Pages File System...
         Mounting Huge Pages File System...
[    4.417066] systemd[1]: Set up automount Arbitrary Executable File Formats File System Automount Point.
[    4.425586] iscsi: registered transport (tcp)
[[0;32m  OK  [0m] Set up automount Arbitrary Executab...ats File System Automount Point.
[    4.436918] systemd[1]: Reached target Slices.
[[0;32m  OK  [0m] Reached target Slices.
[    4.452240] systemd[1]: Mounted Huge Pages File System.
[[0;32m  OK  [0m] Mounted Huge Pages File System.
[    4.467307] systemd[1]: Mounted Debug File System.
[[0;32m  OK  [0m[    4.474999] iscsi: registered transport (iser)
] Mounted Debug File System.
[    4.481191] systemd[1]: Mounted POSIX Message Queue File System.
[[0;32m  OK  [0m] Mounted POSIX Message Queue File System.
[    4.494201] systemd[1]: Started Journal Service.
[[0;32m  OK  [0m] Started Journal Service.
[[0;32m  OK  [0m] Started Remount Root and Kernel File Systems.
[[0;32m  OK  [0m] Started Create list of required sta...ce nodes for the current kernel.
[[0;32m  OK  [0m] Started Set console keymap.
[[0;32m  OK  [0m] Started Uncomplicated firewall.
[[0;32m  OK  [0m] Started Load Kernel Modules.
[[0;32m  OK  [0m] Started Nameserver information manager.
[[0;32m  OK  [0m] Started LVM2 metadata daemon.
         Starting Apply Kernel Variables...
         Mounting FUSE Control File System...
         Starting Create Static Device Nodes in /dev...
         Starting Load/Save Random Seed...
         Starting udev Coldplug all Devices...
         Starting Flush Journal to Persistent Storage...
[[0;32m  OK  [0m] Mounted FUSE Control File System.
[[0;32m  OK  [0m] Started Apply Kernel Variables.
[[0;32m  OK  [0m] Started Create Static Device Nodes in /dev.
[[0;32m  OK  [0m] Started Load/Save Random Seed.
         Starting udev Kernel Device Manager...
[[0;32m  OK  [0m] Started Flush Journal to Persistent Storage.
[[0;32m  OK  [0m] Started udev Coldplug all Devices.
[[0;32m  OK  [0m] Started udev Kernel Device Manager.
[[0;32m  OK  [0m] Started Dispatch Password Requests to Console Directory Watch.
[[0;32m  OK  [0m] Found device /dev/ttyS0.
[[0;32m  OK  [0m] Started Monitoring of LVM2 mirrors,...ng dmeventd or progress polling.
[[0;32m  OK  [0m] Reached target Local File Systems (Pre).
[[0;32m  OK  [0m] Reached target Local File Systems.
         Starting Create Volatile Files and Directories...
         Starting Set console font and keymap...
         Starting LSB: AppArmor initialization...
         Starting Commit a transient machine-id on disk...
         Starting Tell Plymouth To Write Out Runtime Data...
         Starting Initial cloud-init job (pre-networking)...
[[0;32m  OK  [0m] Started Create Volatile Files and Directories.
[[0;32m  OK  [0m] Started Commit a transient machine-id on disk.
[[0;32m  OK  [0m] Started Tell Plymouth To Write Out Runtime Data.
         Starting Network Time Synchronization...
         Starting Update UTMP about System Boot/Shutdown...
[[0;32m  OK  [0m] Started Update UTMP about System Boot/Shutdown.
[[0;32m  OK  [0m] Started Network Time Synchronization.
[[0;32m  OK  [0m] Reached target System Time Synchronized.
[[0;32m  OK  [0m] Listening on Load/Save RF Kill Switch Status /dev/rfkill Watch.
[[0;32m  OK  [0m] Started LSB: AppArmor initialization.[    7.840702] cloud-init[521]: Cloud-init v. 18.2 running 'init-local' at Sat, 02 Jun 2018 12:32:48 +0000. Up 6.29 seconds.
[[0;32m  OK  [0m] Started Initial cloud-init job (pre-networking).

[[0;32m  OK  [0m] Reached target Network (Pre).
         Starting Raise network interfaces...
[[0;32m  OK  [0m] Started Set console font and keymap.
[[0;32m  OK  [0m] Created slice system-getty.slice.
[[0;32m  OK  [0m] Started Raise network interfaces.
         Starting Initial cloud-init job (metadata service crawler)...
[[0;32m  OK  [0m] Reached target Network.
[    9.736837] cloud-init[1016]: Cloud-init v. 18.2 running 'init' at Sat, 02 Jun 2018 12:32:51 +0000. Up 9.29 seconds.
[    9.748253] cloud-init[1016]: ci-info: ++++++++++++++++++++++++++++++++++++++Net device info++++++++++++++++++++++++++++++++++++++
[    9.760931] cloud-init[1016]: ci-info: +--------+------+-----------------------------+---------------+-------+-------------------+
[    9.772929] cloud-init[1016]: ci-info: | Device |  Up  |           Address           |      Mask     | Scope |     Hw-Address    |
[    9.789004] cloud-init[1016]: ci-info: +--------+------+-----------------------------+---------------+-------+-------------------+
[    9.800888] cloud-init[1016]: ci-info: |  eth0  | True |        172.31.29.206        | 255.255.240.0 |   .   | 06:62:ba:2a:83:c2 |
[    9.811547] cloud-init[1016]: ci-info: |  eth0  | True | fe80::462:baff:fe2a:83c2/64 |       .       |  link | 06:62:ba:2a:83:c2 |[[0;32m  OK  [0m] Started Initial cloud-init job (metadata service crawler).
[    9.821351] cloud-init[1016]: ci-info: |   lo   | True |          127.0.0.1          |   255.0.0.0   |   .   |         .         |
[[0;32m  OK  [0m] Reached target System Initialization.
         Starting Socket activation for snappy daemon.
[    9.833660] cloud-init[1016]: ci-info: |   lo   | True |           ::1/128           |       .       |  host |         .         |

         Starting LXD - unix socket.
[[0;32m  OK  [0m] Listening on UUID daemon activation socket.[    9.844322] cloud-init[1016]: ci-info: +--------+------+-----------------------------+---------------+-------+-------------------+
[[0;32m  OK  [0m] Listening on D-Bus System Message Bus Socket.
[    9.853403] cloud-init[1016]: ci-info: +++++++++++++++++++++++++++++Route IPv4 info+++++++++++++++++++++++++++++

[[0;32m  OK  [0m] Started ACPI Events Check.[    9.865486] cloud-init[1016]: ci-info: +-------+-------------+-------------+---------------+-----------+-------+
[    9.871610] 
[[0;32m  OK  [0m] Reached target Paths.
[cloud-init[1016]: ci-info: | Route | Destination |   Gateway   |    Genmask    | Interface | Flags |[0;32m  OK  [0m] Started Daily Cleanup of Temporary Directories.
[[0;32m  OK  [0m
[    9.884857] cloud-init[1016]: ci-info: +-------+-------------+-------------+---------------+-----------+-------+] Listening on ACPID Listen Socket.
[[0;32m  OK  [0m] Started Daily apt download activities.
[[0;32m  OK  [0m] Started Daily apt upgrade and clean activities.
[    9.897788] cloud-init[1016]: ci-info: |   0   |   0.0.0.0   | 172.31.16.1 |    0.0.0.0    |    eth0   |   UG  |
[[0;32m  OK  [0m] Reached target Timers.
[    9.904987] cloud-init[1016]: ci-info: |   1   | 172.31.16.0 |   0.0.0.0   | 255.255.240.0 |    eth0   |   U   |
[[0;32m  OK  [0m] Reached target Cloud-config availability.
[    9.913014] cloud-init[1016]: ci-info: +-------+-------------+-------------+---------------+-----------+-------+
[[0;32m  OK  [0m] Reached target Network is Online.
         Starting iSCSI initiator daemon (iscsid)...

[    9.924834] cloud-init[1016]: Generating public/private rsa key pair.[[0;32m  OK  [0m] Listening on Socket activation for snappy daemon.
[    9.933449] 
[[0;32m  OK  [0m] Listening on LXD - unix socket.
cloud-init[1016]: Your identification has been saved in /etc/ssh/ssh_host_rsa_key.
[[0;32m  OK  [0m] Reached target Sockets.
[    9.953227] cloud-init[1016]: Your public key has been saved in /etc/ssh/ssh_host_rsa_key.pub.[[0;32m  OK  [0m] Reached target Basic System.
[    9.960631] cloud-init[1016]: The key fingerprint is:
[    9.963532] 
[[0;32m  OK  [0m] Started Deferred execution scheduler.
cloud-init[1016]: SHA256:hlIwSf9v/fx9wrqwUuxd2TuK465B8sk1G8S+RgLo2os root@ip-172-31-29-206[[0;32m  OK  [0m] Started ACPI event daemon.
[    9.977555] cloud-init[1016]: The key's randomart image is:
[[0;32m  OK  [0m] Started D-Bus System Message Bus.
[    9.985462] 
cloud-init[1016]: +---[RSA 2048]----+
[    9.994610] cloud-init[1016]: |   .+.           |
[   10.000394] cloud-init[1016]: |    .+.   .      |
[   10.005612] cloud-init[1016]: |     .o.   o     |
[   10.010874] cloud-init[1016]: |    .. o. o      |
[   10.016571] cloud-init[1016]: |    ....S+ *   o |
[   10.021212] cloud-init[1016]: |    o. .=.B.= o .|
[   10.025683] cloud-init[[0;32m  OK  [0m] Started Unattended Upgrades Shutdown.
[1016]: |   . .   B+=.o  .|
         Starting System Logging Service...[   10.036871] cloud-init[1016]: |    . . ..++ooooo|
[   10.039627] 
         Starting Apply the settings specified in cloud-config...
         Starting LXD - container startup/shutdown...
cloud-init[1016]: |   E .   o=++++o=|         Starting Login Service...

[[0;32m  OK  [0m] Started FUSE filesystem for LXC.
[   10.069161]          Starting LSB: MD monitoring daemon...
cloud-init[[0;32m  OK  [0m] Started Regular background program processing daemon.
         Starting Accounts Service...
         Starting Snappy daemon...
         Starting /etc/rc.local Compatibility...
         Starting Pollinate to seed the pseudo random number generator...
[1016]: +----[SHA256]-----+         Starting LSB: Record successful boot for GRUB...
[[0;32m  OK  [0m] Started System Logging Service.
[[0;32m  OK  [0m] Started /etc/rc.local Compatibility.

[[0;32m  OK  [0m[   10.173454] ] Started iSCSI initiator daemon (iscsid).cloud-init
[1016]: Generating public/private dsa key pair.
[   10.224703] cloud-init[1016]: Your identification has been saved in /etc/ssh/ssh_host_dsa_key.[[0;32m  OK  [0m] Started LSB: MD monitoring daemon.

         Starting Authenticate and Authorize Users to Run Privileged Tasks...
         Starting Login to default iSCSI targets...
[   10.293138] [[0;32m  OK  [0m] Started Login Service.
cloud-init[1016]: Your public key has been saved in /etc/ssh/ssh_host_dsa_key.pub.[[0;32m  OK  [0m] Started LSB: Record successful boot for GRUB.
[[0;32m  OK  [0m] Started Login to default iSCSI targets.
[[0;32m  OK  [0m] Started LXD - container startup/shutdown.
[[0;32m  OK  [0m] Started Authenticate and Authorize Users to Run Privileged Tasks.

[[0;32m  OK  [0m] Started Accounts Service.
[   10.381295] [[0;32m  OK  [0m] Reached target Remote File Systems (Pre).cloud-init[1016]: 
[[0;32m  OK  [0m] Reached target Remote File Systems.The key fingerprint is:

         Starting LSB: daemon to balance interrupts for SMP systems...
         Starting Permit User Sessions...
         Starting LSB: Set the CPU Frequency Scaling governor to "ondemand"...
         [   10.419144] Starting LSB: automatic crash report generation...
[[0;32m  OK  [0m] Started Permit User Sessions.
cloud-init[1016]: SHA256:AINFz+A9QjSMMrdweZSTZ72UhcdZqWQ0vIuGTYlNmA8 root@ip-172-31-29-206
[[0;32m  OK  [0m] Started Snappy daemon.
[   10.481593] cloud-init         Starting Hold until boot process finishes up...
         Starting Terminate Plymouth Boot Screen...
[[0;32m  OK  [0m] Started LSB: Set the CPU Frequency Scaling governor to "ondemand".
[[0;32m  OK  [0m] Started Hold until boot process finishes up.
[[0;32m  OK  [0m] Started LSB: daemon to balance interrupts for SMP systems.
[1016]: The key's randomart image is:
[[0;32m  OK  [0m] Started Terminate Plymouth Boot Screen.
[   10.547485] [[0;32m  OK  [0m] Started Serial Getty on ttyS0.
[[0;32m  OK  [0m] Started Getty on tty1.
[cloud-init[1016]: +---[DSA 1024]----+[0;32m  OK  [0m] Reached target Login Prompts.
         Starting Set console scheme...
[[0;32m  OK  [0m
] Started LSB: automatic crash report generation.
[   10.599171] cloud-init[1016]: |   X@o + B+o..   |[[0;32m  OK  [0m] Started Set console scheme.

[   10.629026] cloud-init[1016]: |+ *o*OE * B..    |
[   10.644895] cloud-init[1016]: | * oo+*B * o     |
[   10.660500] cloud-init[1016]: |  .  ..o* o      |
[   10.673642] cloud-init[1016]: |       +S. .     |
[   10.686055] cloud-init[1016]: |      . + .      |
[   10.700274] cloud-init[1016]: |       .         |
[   10.718952] cloud-init[1016]: |                 |
[   10.728198] cloud-init[1016]: |                 |
[   10.736203] cloud-init[1016]: +----[SHA256]-----+
[   10.745608] cloud-init[1016]: Generating public/private ecdsa key pair.
[   10.754225] cloud-init[1016]: Your identification has been saved in /etc/ssh/ssh_host_ecdsa_key.
[   10.765158] cloud-init[1016]: Your public key has been saved in /etc/ssh/ssh_host_ecdsa_key.pub.
[   10.780194] cloud-init[1016]: The key fingerprint is:
[   10.788432] cloud-init[1016]: SHA256:ICrwms9d9Kcb+xOOF7O34XWZJxDJLYqYeejrUsIIqM0 root@ip-172-31-29-206
[   10.800956] cloud-init[1016]: The key's randomart image is:
[   10.808837] cloud-init[1016]: +---[ECDSA 256]---+
[   10.820078] cloud-init[1016]: |                 |
[   10.824193] cloud-init[1016]: |           . o   |
[   10.833016] cloud-init[1016]: |o   . .     = .  |
[   10.844938] cloud-init[1016]: |+. . . * . . o   |
[   10.850161] cloud-init[1016]: |o+oo  * S . .    |
[   10.867484] [[0;32m  OK  [0m] Started Pollinate to seed the pseudo random number generator.
cloud-init[1016]: |.+E oo.o  +  .  o|         Starting OpenBSD Secure Shell server...

[[0;32m  OK  [0m] Started OpenBSD Secure Shell server.
[[0;32m  OK  [0m[   10.903088] cloud-init[1016]: |o    oo oo.=. ooo|] Reached target Multi-User System.
[[0;32m  OK  [0m] Reached target Graphical Interface.
         Starting Update UTMP about System Runlevel Changes...
[   10.933005] cloud-init[1016]: | o ... ..==..o o.|

[[0;32m  OK  [0m] Started Update UTMP about System Runlevel Changes.[   10.961734] cloud-init[1016]: |  o .oo ++.oo.   |

[   10.976233] cloud-init[1016]: +----[SHA256]-----+
[   10.989023] cloud-init[1016]: Generating public/private ed25519 key pair.
[   11.003509] cloud-init[1016]: Your identification has been saved in /etc/ssh/ssh_host_ed25519_key.
[   11.023804] cloud-init[1016]: Your public key has been saved in /etc/ssh/ssh_host_ed25519_key.pub.
[   11.038601] cloud-init[1016]: The key fingerprint is:
[   11.048965] cloud-init[1016]: SHA256:VQeDWyt9XXVJR1W9WBTebWjrdgVZeFvH3akLZlck2nI root@ip-172-31-29-206
[   11.063215] cloud-init[1016]: The key's randomart image is:
[   11.074741] cloud-init[1016]: +--[ED25519 256]--+
[   11.085281] cloud-init[1016]: |           .+o=O^|
[   11.096934] cloud-init[1016]: |          ..+o+O#|
[   11.103880] cloud-init[1016]: |          .* EX+X|
[   11.116190] cloud-init[1016]: |         .o+==.*.|
[   11.124467] cloud-init[1016]: |        S o.o.o .|
[   11.132940] cloud-init[1016]: |             o  .|
[   11.139677] cloud-init[1016]: |              o .|
[   11.148197] cloud-init[1016]: |             . . |
[   11.160081] cloud-init[1016]: |                 |
[   11.168944] cloud-init[1016]: +----[SHA256]-----+
[   11.320044] cloud-init[1095]: Generating locales (this might take a while)...
[   12.006743] cloud-init[1095]:   en_US.UTF-8... done
[   12.013095] cloud-init[1095]: Generation complete.
[   12.315435] cloud-init[1095]: Cloud-init v. 18.2 running 'modules:config' at Sat, 02 Jun 2018 12:32:53 +0000. Up 11.21 seconds.
[[0;32m  OK  [0m] Started Apply the settings specified in cloud-config.
         Starting Execute cloud user/final scripts...
ci-info: no authorized ssh keys fingerprints found for user ubuntu.
<14>Jun  2 12:32:54 ec2: 
<14>Jun  2 12:32:54 ec2: #############################################################
<14>Jun  2 12:32:54 ec2: -----BEGIN SSH HOST KEY FINGERPRINTS-----
<14>Jun  2 12:32:54 ec2: 1024 SHA256:AINFz+A9QjSMMrdweZSTZ72UhcdZqWQ0vIuGTYlNmA8 root@ip-172-31-29-206 (DSA)
<14>Jun  2 12:32:54 ec2: 256 SHA256:ICrwms9d9Kcb+xOOF7O34XWZJxDJLYqYeejrUsIIqM0 root@ip-172-31-29-206 (ECDSA)
<14>Jun  2 12:32:54 ec2: 256 SHA256:VQeDWyt9XXVJR1W9WBTebWjrdgVZeFvH3akLZlck2nI root@ip-172-31-29-206 (ED25519)
<14>Jun  2 12:32:54 ec2: 2048 SHA256:hlIwSf9v/fx9wrqwUuxd2TuK465B8sk1G8S+RgLo2os root@ip-172-31-29-206 (RSA)
<14>Jun  2 12:32:54 ec2: -----END SSH HOST KEY FINGERPRINTS-----
<14>Jun  2 12:32:54 ec2: #############################################################
-----BEGIN SSH HOST KEY KEYS-----
ecdsa-sha2-nistp256 AAAAE2VjZHNhLXNoYTItbmlzdHAyNTYAAAAIbmlzdHAyNTYAAABBBELYH+cyKcsJdB535nz89pGCP9iMmgqeK3b3Tu+JgcePYgzO/nW4L9ptS7sI+zXqdxtE4q9m2rPe53dBlj00tP0= root@ip-172-31-29-206
ssh-ed25519 AAAAC3NzaC1lZDI1NTE5AAAAIITV6b6PSF2PN/cb1cVIcr7bZR9jwPNNuy6BGJKmGTnb root@ip-172-31-29-206
ssh-rsa AAAAB3NzaC1yc2EAAAADAQABAAABAQDok3FB3x9xsRroWKMKPh5gjYKxv0gmwS5grU3H/GOm4VVQFHvs2GN+nT2DR2THcJvz+Nr+0ijjrZ9awQ69j4/TXBzziEgJrBoXk89s64X+b842Ox5kw1V+7QzUNmBz2JPWhHKmtLOPwJqBpFyeNK2oTR/L+qyY9Mk8YV+HQQONJiv95EjkwAt4SZEwYy78pKsxuYZ72IYCNm7IDVCmfelvUXxz0ZLtMLTplnie86qvW+eDcLwHb/Sn3ZCyafZiBAeFdNIipNmqkNRmXX3jvxJxCwASK4c86FSjJWkGBM1J0cIqmGkCPgX7Wrm6JdhfVNQMWGxa8nV5L+o565/nbMml root@ip-172-31-29-206
-----END SSH HOST KEY KEYS-----
[   12.803670] cloud-init[1337]: Cloud-init v. 18.2 running 'modules:final' at Sat, 02 Jun 2018 12:32:54 +0000. Up 12.60 seconds.
[   12.812764] cloud-init[1337]: ci-info: no authorized ssh keys fingerprints found for user ubuntu.
[   12.824813] cloud-init[1337]: Cloud-init v. 18.2 finished at Sat, 02 Jun 2018 12:32:54 +0000. Datasource DataSourceEc2Local.  Up 12.79 seconds
[[0;32m  OK  [0m] Started Execute cloud user/final scripts.
[[0;32m  OK  [0m] Reached target Cloud-init target.

Ubuntu 16.04.4 LTS ip-172-31-29-206 ttyS0

ip-172-31-29-206 login: 

TestTerraformRedeployExample 2018-06-02T14:38:21+02:00 test_structure.go:23: The 'SKIP_teardown' environment variable is not set, so executing stage 'teardown'.
TestTerraformRedeployExample 2018-06-02T14:38:21+02:00 save_test_data.go:159: Loading test data from ../examples/terraform-redeploy-example/.test-data/TerraformOptions.json
TestTerraformRedeployExample 2018-06-02T14:38:21+02:00 retry.go:69: Running terraform [destroy -force -input=false -lock=false -var aws_region="eu-west-1" -var instance_name="redeploy-test-V7X9hL" -var instance_text="Hello, V7X9hL!-redeploy"]
TestTerraformRedeployExample 2018-06-02T14:38:21+02:00 command.go:52: Running command terraform with args [destroy -force -input=false -lock=false -var aws_region="eu-west-1" -var instance_name="redeploy-test-V7X9hL" -var instance_text="Hello, V7X9hL!-redeploy"]
TestTerraformRedeployExample 2018-06-02T14:38:21+02:00 command.go:96: [0m[1mdata.template_file.user_data: Refreshing state...[0m
TestTerraformRedeployExample 2018-06-02T14:38:24+02:00 command.go:96: [0m[1mdata.aws_vpc.default: Refreshing state...[0m
TestTerraformRedeployExample 2018-06-02T14:38:24+02:00 command.go:96: [0m[1mdata.aws_ami.ubuntu: Refreshing state...[0m
TestTerraformRedeployExample 2018-06-02T14:38:25+02:00 command.go:96: [0m[1maws_security_group.web_server: Refreshing state... (ID: sg-1a720967)[0m
TestTerraformRedeployExample 2018-06-02T14:38:25+02:00 command.go:96: [0m[1maws_security_group.alb: Refreshing state... (ID: sg-856f14f8)[0m
TestTerraformRedeployExample 2018-06-02T14:38:25+02:00 command.go:96: [0m[1mdata.aws_subnet_ids.default: Refreshing state...[0m
TestTerraformRedeployExample 2018-06-02T14:38:25+02:00 command.go:96: [0m[1maws_launch_configuration.web_servers: Refreshing state... (ID: terraform-20180602123219506500000001)[0m
TestTerraformRedeployExample 2018-06-02T14:38:25+02:00 command.go:96: [0m[1maws_security_group_rule.web_server_allow_http_inbound: Refreshing state... (ID: sgrule-1351009647)[0m
TestTerraformRedeployExample 2018-06-02T14:38:25+02:00 command.go:96: [0m[1maws_security_group_rule.web_server_allow_all_outbound: Refreshing state... (ID: sgrule-1996835548)[0m
TestTerraformRedeployExample 2018-06-02T14:38:25+02:00 command.go:96: [0m[1maws_security_group_rule.alb_allow_http_inbound: Refreshing state... (ID: sgrule-820523160)[0m
TestTerraformRedeployExample 2018-06-02T14:38:25+02:00 command.go:96: [0m[1maws_security_group_rule.allow_all_outbound: Refreshing state... (ID: sgrule-2805880206)[0m
TestTerraformRedeployExample 2018-06-02T14:38:25+02:00 command.go:96: [0m[1maws_alb.web_servers: Refreshing state... (ID: arn:aws:elasticloadbalancing:eu-west-1:.../redeploy-test-V7X9hL/54f89d7604a68165)[0m
TestTerraformRedeployExample 2018-06-02T14:38:27+02:00 command.go:96: [0m[1maws_alb_target_group.web_servers: Refreshing state... (ID: arn:aws:elasticloadbalancing:eu-west-1:.../redeploy-test-V7X9hL/431bd458f1687ba0)[0m
TestTerraformRedeployExample 2018-06-02T14:38:27+02:00 command.go:96: [0m[1maws_alb_listener.http: Refreshing state... (ID: arn:aws:elasticloadbalancing:eu-west-1:...X9hL/54f89d7604a68165/9c88499680beec4b)[0m
TestTerraformRedeployExample 2018-06-02T14:38:28+02:00 command.go:96: [0m[1maws_autoscaling_group.web_servers: Refreshing state... (ID: terraform-20180602123219506500000001)[0m
TestTerraformRedeployExample 2018-06-02T14:38:28+02:00 command.go:96: [0m[1maws_alb_listener_rule.send_all_to_web_servers: Refreshing state... (ID: arn:aws:elasticloadbalancing:eu-west-1:...8165/9c88499680beec4b/95103b258a48cadd)[0m
TestTerraformRedeployExample 2018-06-02T14:38:31+02:00 command.go:96: [0m[1maws_alb_listener_rule.send_all_to_web_servers: Destroying... (ID: arn:aws:elasticloadbalancing:eu-west-1:...8165/9c88499680beec4b/95103b258a48cadd)[0m[0m
TestTerraformRedeployExample 2018-06-02T14:38:31+02:00 command.go:96: [0m[1maws_security_group_rule.web_server_allow_http_inbound: Destroying... (ID: sgrule-1351009647)[0m[0m
TestTerraformRedeployExample 2018-06-02T14:38:31+02:00 command.go:96: [0m[1maws_security_group_rule.web_server_allow_all_outbound: Destroying... (ID: sgrule-1996835548)[0m[0m
TestTerraformRedeployExample 2018-06-02T14:38:31+02:00 command.go:96: [0m[1maws_autoscaling_group.web_servers: Destroying... (ID: terraform-20180602123219506500000001)[0m[0m
TestTerraformRedeployExample 2018-06-02T14:38:31+02:00 command.go:96: [0m[1maws_security_group_rule.allow_all_outbound: Destroying... (ID: sgrule-2805880206)[0m[0m
TestTerraformRedeployExample 2018-06-02T14:38:31+02:00 command.go:96: [0m[1maws_security_group_rule.alb_allow_http_inbound: Destroying... (ID: sgrule-820523160)[0m[0m
TestTerraformRedeployExample 2018-06-02T14:38:31+02:00 command.go:96: [0m[1maws_alb_listener_rule.send_all_to_web_servers: Destruction complete after 1s[0m[0m
TestTerraformRedeployExample 2018-06-02T14:38:31+02:00 command.go:96: [0m[1maws_security_group_rule.web_server_allow_http_inbound: Destruction complete after 1s[0m[0m
TestTerraformRedeployExample 2018-06-02T14:38:31+02:00 command.go:96: [0m[1maws_security_group_rule.alb_allow_http_inbound: Destruction complete after 1s[0m[0m
TestTerraformRedeployExample 2018-06-02T14:38:32+02:00 command.go:96: [0m[1maws_security_group_rule.allow_all_outbound: Destruction complete after 1s[0m[0m
TestTerraformRedeployExample 2018-06-02T14:38:32+02:00 command.go:96: [0m[1maws_security_group_rule.web_server_allow_all_outbound: Destruction complete after 1s[0m[0m
TestTerraformRedeployExample 2018-06-02T14:38:41+02:00 command.go:96: [0m[1maws_autoscaling_group.web_servers: Still destroying... (ID: terraform-20180602123219506500000001, 10s elapsed)[0m[0m
TestTerraformRedeployExample 2018-06-02T14:38:51+02:00 command.go:96: [0m[1maws_autoscaling_group.web_servers: Still destroying... (ID: terraform-20180602123219506500000001, 20s elapsed)[0m[0m
TestTerraformRedeployExample 2018-06-02T14:39:01+02:00 command.go:96: [0m[1maws_autoscaling_group.web_servers: Still destroying... (ID: terraform-20180602123219506500000001, 30s elapsed)[0m[0m
TestTerraformRedeployExample 2018-06-02T14:39:11+02:00 command.go:96: [0m[1maws_autoscaling_group.web_servers: Still destroying... (ID: terraform-20180602123219506500000001, 40s elapsed)[0m[0m
TestTerraformRedeployExample 2018-06-02T14:39:21+02:00 command.go:96: [0m[1maws_autoscaling_group.web_servers: Still destroying... (ID: terraform-20180602123219506500000001, 50s elapsed)[0m[0m
TestTerraformRedeployExample 2018-06-02T14:39:31+02:00 command.go:96: [0m[1maws_autoscaling_group.web_servers: Still destroying... (ID: terraform-20180602123219506500000001, 1m0s elapsed)[0m[0m
TestTerraformRedeployExample 2018-06-02T14:39:41+02:00 command.go:96: [0m[1maws_autoscaling_group.web_servers: Still destroying... (ID: terraform-20180602123219506500000001, 1m10s elapsed)[0m[0m
TestTerraformRedeployExample 2018-06-02T14:39:51+02:00 command.go:96: [0m[1maws_autoscaling_group.web_servers: Still destroying... (ID: terraform-20180602123219506500000001, 1m20s elapsed)[0m[0m
TestTerraformRedeployExample 2018-06-02T14:40:01+02:00 command.go:96: [0m[1maws_autoscaling_group.web_servers: Still destroying... (ID: terraform-20180602123219506500000001, 1m30s elapsed)[0m[0m
TestTerraformRedeployExample 2018-06-02T14:40:11+02:00 command.go:96: [0m[1maws_autoscaling_group.web_servers: Still destroying... (ID: terraform-20180602123219506500000001, 1m40s elapsed)[0m[0m
TestTerraformRedeployExample 2018-06-02T14:40:21+02:00 command.go:96: [0m[1maws_autoscaling_group.web_servers: Still destroying... (ID: terraform-20180602123219506500000001, 1m50s elapsed)[0m[0m
TestTerraformRedeployExample 2018-06-02T14:40:31+02:00 command.go:96: [0m[1maws_autoscaling_group.web_servers: Still destroying... (ID: terraform-20180602123219506500000001, 2m0s elapsed)[0m[0m
TestTerraformRedeployExample 2018-06-02T14:40:41+02:00 command.go:96: [0m[1maws_autoscaling_group.web_servers: Still destroying... (ID: terraform-20180602123219506500000001, 2m10s elapsed)[0m[0m
TestTerraformRedeployExample 2018-06-02T14:40:51+02:00 command.go:96: [0m[1maws_autoscaling_group.web_servers: Still destroying... (ID: terraform-20180602123219506500000001, 2m20s elapsed)[0m[0m
TestTerraformRedeployExample 2018-06-02T14:41:00+02:00 command.go:96: [0m[1maws_autoscaling_group.web_servers: Destruction complete after 2m30s[0m[0m
TestTerraformRedeployExample 2018-06-02T14:41:00+02:00 command.go:96: [0m[1maws_launch_configuration.web_servers: Destroying... (ID: terraform-20180602123219506500000001)[0m[0m
TestTerraformRedeployExample 2018-06-02T14:41:00+02:00 command.go:96: [0m[1maws_alb_listener.http: Destroying... (ID: arn:aws:elasticloadbalancing:eu-west-1:...X9hL/54f89d7604a68165/9c88499680beec4b)[0m[0m
TestTerraformRedeployExample 2018-06-02T14:41:00+02:00 command.go:96: [0m[1maws_launch_configuration.web_servers: Destruction complete after 0s[0m[0m
TestTerraformRedeployExample 2018-06-02T14:41:00+02:00 command.go:96: [0m[1maws_security_group.web_server: Destroying... (ID: sg-1a720967)[0m[0m
TestTerraformRedeployExample 2018-06-02T14:41:01+02:00 command.go:96: [0m[1maws_alb_listener.http: Destruction complete after 0s[0m[0m
TestTerraformRedeployExample 2018-06-02T14:41:01+02:00 command.go:96: [0m[1maws_alb_target_group.web_servers: Destroying... (ID: arn:aws:elasticloadbalancing:eu-west-1:.../redeploy-test-V7X9hL/431bd458f1687ba0)[0m[0m
TestTerraformRedeployExample 2018-06-02T14:41:01+02:00 command.go:96: [0m[1maws_alb_target_group.web_servers: Destruction complete after 0s[0m[0m
TestTerraformRedeployExample 2018-06-02T14:41:01+02:00 command.go:96: [0m[1maws_alb.web_servers: Destroying... (ID: arn:aws:elasticloadbalancing:eu-west-1:.../redeploy-test-V7X9hL/54f89d7604a68165)[0m[0m
TestTerraformRedeployExample 2018-06-02T14:41:01+02:00 command.go:96: [0m[1maws_security_group.web_server: Destruction complete after 1s[0m[0m
TestTerraformRedeployExample 2018-06-02T14:41:03+02:00 command.go:96: [0m[1maws_alb.web_servers: Destruction complete after 2s[0m[0m
TestTerraformRedeployExample 2018-06-02T14:41:03+02:00 command.go:96: [0m[1maws_security_group.alb: Destroying... (ID: sg-856f14f8)[0m[0m
TestTerraformRedeployExample 2018-06-02T14:41:13+02:00 command.go:96: [0m[1maws_security_group.alb: Still destroying... (ID: sg-856f14f8, 10s elapsed)[0m[0m
TestTerraformRedeployExample 2018-06-02T14:41:23+02:00 command.go:96: [0m[1maws_security_group.alb: Still destroying... (ID: sg-856f14f8, 20s elapsed)[0m[0m
TestTerraformRedeployExample 2018-06-02T14:41:33+02:00 command.go:96: [0m[1maws_security_group.alb: Still destroying... (ID: sg-856f14f8, 30s elapsed)[0m[0m
TestTerraformRedeployExample 2018-06-02T14:41:43+02:00 command.go:96: [0m[1maws_security_group.alb: Still destroying... (ID: sg-856f14f8, 40s elapsed)[0m[0m
TestTerraformRedeployExample 2018-06-02T14:41:52+02:00 command.go:96: [0m[1maws_security_group.alb: Destruction complete after 50s[0m[0m
TestTerraformRedeployExample 2018-06-02T14:41:52+02:00 command.go:96: [0m[1m[32m
TestTerraformRedeployExample 2018-06-02T14:41:52+02:00 command.go:96: Destroy complete! Resources: 12 destroyed.[0m
--- PASS: TestTerraformRedeployExample (827.41s)
	save_test_data.go:143: Marshalled JSON: {"TerraformDir":"../examples/terraform-redeploy-example","Vars":{"aws_region":"eu-west-1","instance_name":"redeploy-test-V7X9hL","instance_text":"Hello, V7X9hL!"},"EnvVars":null,"RetryableTerraformErrors":null,"MaxRetries":0,"TimeBetweenRetries":0}
	save_test_data.go:143: Marshalled JSON: {"TerraformDir":"../examples/terraform-redeploy-example","Vars":{"aws_region":"eu-west-1","instance_name":"redeploy-test-V7X9hL","instance_text":"Hello, V7X9hL!-redeploy"},"EnvVars":null,"RetryableTerraformErrors":null,"MaxRetries":0,"TimeBetweenRetries":0}
PASS
ok  	github.com/gruntwork-io/terratest/test	827.435s
